POST https://events.gndr.app/v2/rgstr net::ERR_NAME_NOT_RESOLVED
(anonymous) @ StatsigNetwork.js:270
step @ StatsigNetwork.js:44
(anonymous) @ StatsigNetwork.js:25
(anonymous) @ StatsigNetwork.js:19
__webpack_modules__../node_modules/statsig-js/dist/StatsigNetwork.js.__awaiter @ StatsigNetwork.js:15
__webpack_modules__../node_modules/statsig-js/dist/StatsigNetwork.js.StatsigNetwork.postToEndpoint @ StatsigNetwork.js:213
__webpack_modules__../node_modules/statsig-js/dist/StatsigLogger.js.StatsigLogger.flush @ StatsigLogger.js:381
(anonymous) @ StatsigLogger.js:123
setTimeout
__webpack_modules__../node_modules/statsig-js/dist/StatsigLogger.js.StatsigLogger.init @ StatsigLogger.js:123
StatsigLogger @ StatsigLogger.js:91
StatsigClient @ StatsigClient.js:102
(anonymous) @ Statsig.js:66
step @ Statsig.js:39
(anonymous) @ Statsig.js:20
(anonymous) @ Statsig.js:14
__webpack_modules__../node_modules/statsig-react/dist/Statsig.js.__awaiter @ Statsig.js:10
__webpack_modules__../node_modules/statsig-react/dist/Statsig.js.Statsig.initialize @ Statsig.js:59
(anonymous) @ Statsig.ts:34
step @ sha256.js:526
(anonymous) @ sha256.js:526
(anonymous) @ sha256.js:526
__webpack_modules__../node_modules/statsig-react-native-expo/dist/Statsig.js.__awaiter @ sha256.js:526
__webpack_modules__../node_modules/statsig-react-native-expo/dist/Statsig.js.Statsig.initialize @ Statsig.ts:13
initialize @ bundle.js:419182
./src/lib/statsig/statsig.tsx @ bundle.js:419001
options.factory @ react refresh:37
__webpack_require__ @ bootstrap:22
fn @ hot module replacement:61
hotRequire @ react refresh:20
./src/App.web.tsx @ types.js:3693
options.factory @ react refresh:37
__webpack_require__ @ bootstrap:22
fn @ hot module replacement:61
hotRequire @ react refresh:20
./index.web.js @ bundle.js:247
options.factory @ react refresh:37
__webpack_require__ @ bootstrap:22
(anonymous) @ startup:8
(anonymous) @ startup:8Understand this error
polyfills.web.ts:5  POST https://events.gndr.app/v2/initialize net::ERR_NAME_NOT_RESOLVED
(anonymous) @ StatsigNetwork.js:270
step @ StatsigNetwork.js:44
(anonymous) @ StatsigNetwork.js:25
(anonymous) @ StatsigNetwork.js:19
__webpack_modules__../node_modules/statsig-js/dist/StatsigNetwork.js.__awaiter @ StatsigNetwork.js:15
__webpack_modules__../node_modules/statsig-js/dist/StatsigNetwork.js.StatsigNetwork.postToEndpoint @ StatsigNetwork.js:213
__webpack_modules__../node_modules/statsig-js/dist/StatsigNetwork.js.StatsigNetwork.postWithTimeout @ StatsigNetwork.js:139
__webpack_modules__../node_modules/statsig-js/dist/StatsigNetwork.js.StatsigNetwork.fetchValues @ StatsigNetwork.js:107
(anonymous) @ StatsigClient.js:1095
step @ StatsigClient.js:44
(anonymous) @ StatsigClient.js:25
(anonymous) @ StatsigClient.js:19
__webpack_modules__../node_modules/statsig-js/dist/StatsigClient.js.__awaiter @ StatsigClient.js:15
__webpack_modules__../node_modules/statsig-js/dist/StatsigClient.js.StatsigClient.fetchAndSaveValues @ StatsigClient.js:1070
(anonymous) @ StatsigClient.js:677
step @ StatsigClient.js:44
(anonymous) @ StatsigClient.js:25
(anonymous) @ StatsigClient.js:19
__webpack_modules__../node_modules/statsig-js/dist/StatsigClient.js.__awaiter @ StatsigClient.js:15
(anonymous) @ StatsigClient.js:633
__webpack_modules__../node_modules/statsig-js/dist/ErrorBoundary.js.ErrorBoundary.capture @ ErrorBoundary.js:74
(anonymous) @ StatsigClient.js:633
step @ StatsigClient.js:44
(anonymous) @ StatsigClient.js:25
(anonymous) @ StatsigClient.js:19
__webpack_modules__../node_modules/statsig-js/dist/StatsigClient.js.__awaiter @ StatsigClient.js:15
__webpack_modules__../node_modules/statsig-js/dist/StatsigClient.js.StatsigClient.updateUser @ StatsigClient.js:629
(anonymous) @ Statsig.js:222
__webpack_modules__../node_modules/statsig-react/dist/Statsig.js.Statsig.capture @ Statsig.js:395
__webpack_modules__../node_modules/statsig-react/dist/Statsig.js.Statsig.updateUser @ Statsig.js:222
(anonymous) @ StatsigProvider.js:76
react-stack-bottom-frame @ react-dom-client.development.js:22509
runWithFiberInDEV @ react-dom-client.development.js:543
commitHookEffectListMount @ react-dom-client.development.js:10758
commitHookPassiveMountEffects @ react-dom-client.development.js:10878
commitPassiveMountOnFiber @ react-dom-client.development.js:12653
recursivelyTraversePassiveMountEffects @ react-dom-client.development.js:12627
commitPassiveMountOnFiber @ react-dom-client.development.js:12646
recursivelyTraversePassiveMountEffects @ react-dom-client.development.js:12627
commitPassiveMountOnFiber @ react-dom-client.development.js:12755
recursivelyTraversePassiveMountEffects @ react-dom-client.development.js:12627
commitPassiveMountOnFiber @ react-dom-client.development.js:12646
recursivelyTraversePassiveMountEffects @ react-dom-client.development.js:12627
commitPassiveMountOnFiber @ react-dom-client.development.js:12755
recursivelyTraversePassiveMountEffects @ react-dom-client.development.js:12627
commitPassiveMountOnFiber @ react-dom-client.development.js:12755
recursivelyTraversePassiveMountEffects @ react-dom-client.development.js:12627
commitPassiveMountOnFiber @ react-dom-client.development.js:12646
recursivelyTraversePassiveMountEffects @ react-dom-client.development.js:12627
commitPassiveMountOnFiber @ react-dom-client.development.js:12646
recursivelyTraversePassiveMountEffects @ react-dom-client.development.js:12627
commitPassiveMountOnFiber @ react-dom-client.development.js:12755
recursivelyTraversePassiveMountEffects @ react-dom-client.development.js:12627
commitPassiveMountOnFiber @ react-dom-client.development.js:12755
recursivelyTraversePassiveMountEffects @ react-dom-client.development.js:12627
commitPassiveMountOnFiber @ react-dom-client.development.js:12646
recursivelyTraversePassiveMountEffects @ react-dom-client.development.js:12627
commitPassiveMountOnFiber @ react-dom-client.development.js:12646
recursivelyTraversePassiveMountEffects @ react-dom-client.development.js:12627
commitPassiveMountOnFiber @ react-dom-client.development.js:12646
recursivelyTraversePassiveMountEffects @ react-dom-client.development.js:12627
commitPassiveMountOnFiber @ react-dom-client.development.js:12646
recursivelyTraversePassiveMountEffects @ react-dom-client.development.js:12627
commitPassiveMountOnFiber @ react-dom-client.development.js:12755
recursivelyTraversePassiveMountEffects @ react-dom-client.development.js:12627
commitPassiveMountOnFiber @ react-dom-client.development.js:12646
recursivelyTraversePassiveMountEffects @ react-dom-client.development.js:12627
commitPassiveMountOnFiber @ react-dom-client.development.js:12755
recursivelyTraversePassiveMountEffects @ react-dom-client.development.js:12627
commitPassiveMountOnFiber @ react-dom-client.development.js:12646
recursivelyTraversePassiveMountEffects @ react-dom-client.development.js:12627
commitPassiveMountOnFiber @ react-dom-client.development.js:12646
recursivelyTraversePassiveMountEffects @ react-dom-client.development.js:12627
commitPassiveMountOnFiber @ react-dom-client.development.js:12755
recursivelyTraversePassiveMountEffects @ react-dom-client.development.js:12627
commitPassiveMountOnFiber @ react-dom-client.development.js:12646
recursivelyTraversePassiveMountEffects @ react-dom-client.development.js:12627
commitPassiveMountOnFiber @ react-dom-client.development.js:12755
recursivelyTraversePassiveMountEffects @ react-dom-client.development.js:12627
commitPassiveMountOnFiber @ react-dom-client.development.js:12646
recursivelyTraversePassiveMountEffects @ react-dom-client.development.js:12627
commitPassiveMountOnFiber @ react-dom-client.development.js:12646
recursivelyTraversePassiveMountEffects @ react-dom-client.development.js:12627
commitPassiveMountOnFiber @ react-dom-client.development.js:12755
recursivelyTraversePassiveMountEffects @ react-dom-client.development.js:12627
commitPassiveMountOnFiber @ react-dom-client.development.js:12755
recursivelyTraversePassiveMountEffects @ react-dom-client.development.js:12627
commitPassiveMountOnFiber @ react-dom-client.development.js:12646
recursivelyTraversePassiveMountEffects @ react-dom-client.development.js:12627
commitPassiveMountOnFiber @ react-dom-client.development.js:12755
recursivelyTraversePassiveMountEffects @ react-dom-client.development.js:12627
commitPassiveMountOnFiber @ react-dom-client.development.js:12646
recursivelyTraversePassiveMountEffects @ react-dom-client.development.js:12627
commitPassiveMountOnFiber @ react-dom-client.development.js:12755
recursivelyTraversePassiveMountEffects @ react-dom-client.development.js:12627
commitPassiveMountOnFiber @ react-dom-client.development.js:12755
recursivelyTraversePassiveMountEffects @ react-dom-client.development.js:12627
commitPassiveMountOnFiber @ react-dom-client.development.js:12646
recursivelyTraversePassiveMountEffects @ react-dom-client.development.js:12627
commitPassiveMountOnFiber @ react-dom-client.development.js:12755
recursivelyTraversePassiveMountEffects @ react-dom-client.development.js:12627
commitPassiveMountOnFiber @ react-dom-client.development.js:12646
recursivelyTraversePassiveMountEffects @ react-dom-client.development.js:12627
commitPassiveMountOnFiber @ react-dom-client.development.js:12755
recursivelyTraversePassiveMountEffects @ react-dom-client.development.js:12627
commitPassiveMountOnFiber @ react-dom-client.development.js:12755
recursivelyTraversePassiveMountEffects @ react-dom-client.development.js:12627
commitPassiveMountOnFiber @ react-dom-client.development.js:12646
recursivelyTraversePassiveMountEffects @ react-dom-client.development.js:12627
commitPassiveMountOnFiber @ react-dom-client.development.js:12755
recursivelyTraversePassiveMountEffects @ react-dom-client.development.js:12627
commitPassiveMountOnFiber @ react-dom-client.development.js:12755
recursivelyTraversePassiveMountEffects @ react-dom-client.development.js:12627
commitPassiveMountOnFiber @ react-dom-client.development.js:12646
recursivelyTraversePassiveMountEffects @ react-dom-client.development.js:12627
commitPassiveMountOnFiber @ react-dom-client.development.js:12755
recursivelyTraversePassiveMountEffects @ react-dom-client.development.js:12627
commitPassiveMountOnFiber @ react-dom-client.development.js:12755
recursivelyTraversePassiveMountEffects @ react-dom-client.development.js:12627
commitPassiveMountOnFiber @ react-dom-client.development.js:12646
recursivelyTraversePassiveMountEffects @ react-dom-client.development.js:12627
commitPassiveMountOnFiber @ react-dom-client.development.js:12755
recursivelyTraversePassiveMountEffects @ react-dom-client.development.js:12627
commitPassiveMountOnFiber @ react-dom-client.development.js:12646
recursivelyTraversePassiveMountEffects @ react-dom-client.development.js:12627
commitPassiveMountOnFiber @ react-dom-client.development.js:12755
recursivelyTraversePassiveMountEffects @ react-dom-client.development.js:12627
commitPassiveMountOnFiber @ react-dom-client.development.js:12755
recursivelyTraversePassiveMountEffects @ react-dom-client.development.js:12627
commitPassiveMountOnFiber @ react-dom-client.development.js:12646
recursivelyTraversePassiveMountEffects @ react-dom-client.development.js:12627
commitPassiveMountOnFiber @ react-dom-client.development.js:12755
recursivelyTraversePassiveMountEffects @ react-dom-client.development.js:12627
commitPassiveMountOnFiber @ react-dom-client.development.js:12755
recursivelyTraversePassiveMountEffects @ react-dom-client.development.js:12627
commitPassiveMountOnFiber @ react-dom-client.development.js:12646
recursivelyTraversePassiveMountEffects @ react-dom-client.development.js:12627
commitPassiveMountOnFiber @ react-dom-client.development.js:12755
recursivelyTraversePassiveMountEffects @ react-dom-client.development.js:12627
commitPassiveMountOnFiber @ react-dom-client.development.js:12755
recursivelyTraversePassiveMountEffects @ react-dom-client.development.js:12627
commitPassiveMountOnFiber @ react-dom-client.development.js:12646
recursivelyTraversePassiveMountEffects @ react-dom-client.development.js:12627
commitPassiveMountOnFiber @ react-dom-client.development.js:12755
recursivelyTraversePassiveMountEffects @ react-dom-client.development.js:12627
commitPassiveMountOnFiber @ react-dom-client.development.js:12755
recursivelyTraversePassiveMountEffects @ react-dom-client.development.js:12627
commitPassiveMountOnFiber @ react-dom-client.development.js:12646
recursivelyTraversePassiveMountEffects @ react-dom-client.development.js:12627
commitPassiveMountOnFiber @ react-dom-client.development.js:12755
recursivelyTraversePassiveMountEffects @ react-dom-client.development.js:12627
commitPassiveMountOnFiber @ react-dom-client.development.js:12755
recursivelyTraversePassiveMountEffects @ react-dom-client.development.js:12627
commitPassiveMountOnFiber @ react-dom-client.development.js:12646
recursivelyTraversePassiveMountEffects @ react-dom-client.development.js:12627
commitPassiveMountOnFiber @ react-dom-client.development.js:12755
recursivelyTraversePassiveMountEffects @ react-dom-client.development.js:12627
commitPassiveMountOnFiber @ react-dom-client.development.js:12646
recursivelyTraversePassiveMountEffects @ react-dom-client.development.js:12627
commitPassiveMountOnFiber @ react-dom-client.development.js:12646
recursivelyTraversePassiveMountEffects @ react-dom-client.development.js:12627
commitPassiveMountOnFiber @ react-dom-client.development.js:12755
recursivelyTraversePassiveMountEffects @ react-dom-client.development.js:12627
commitPassiveMountOnFiber @ react-dom-client.development.js:12646
recursivelyTraversePassiveMountEffects @ react-dom-client.development.js:12627
commitPassiveMountOnFiber @ react-dom-client.development.js:12646
recursivelyTraversePassiveMountEffects @ react-dom-client.development.js:12627
commitPassiveMountOnFiber @ react-dom-client.development.js:12755
recursivelyTraversePassiveMountEffects @ react-dom-client.development.js:12627
commitPassiveMountOnFiber @ react-dom-client.development.js:12646
recursivelyTraversePassiveMountEffects @ react-dom-client.development.js:12627
commitPassiveMountOnFiber @ react-dom-client.development.js:12755
recursivelyTraversePassiveMountEffects @ react-dom-client.development.js:12627
commitPassiveMountOnFiber @ react-dom-client.development.js:12755
recursivelyTraversePassiveMountEffects @ react-dom-client.development.js:12627
commitPassiveMountOnFiber @ react-dom-client.development.js:12646
recursivelyTraversePassiveMountEffects @ react-dom-client.development.js:12627
commitPassiveMountOnFiber @ react-dom-client.development.js:12755
recursivelyTraversePassiveMountEffects @ react-dom-client.development.js:12627
commitPassiveMountOnFiber @ react-dom-client.development.js:12755
recursivelyTraversePassiveMountEffects @ react-dom-client.development.js:12627
commitPassiveMountOnFiber @ react-dom-client.development.js:12646
recursivelyTraversePassiveMountEffects @ react-dom-client.development.js:12627
commitPassiveMountOnFiber @ react-dom-client.development.js:12755
recursivelyTraversePassiveMountEffects @ react-dom-client.development.js:12627
commitPassiveMountOnFiber @ react-dom-client.development.js:12755
recursivelyTraversePassiveMountEffects @ react-dom-client.development.js:12627
commitPassiveMountOnFiber @ react-dom-client.development.js:12646
recursivelyTraversePassiveMountEffects @ react-dom-client.development.js:12627
commitPassiveMountOnFiber @ react-dom-client.development.js:12755
recursivelyTraversePassiveMountEffects @ react-dom-client.development.js:12627
commitPassiveMountOnFiber @ react-dom-client.development.js:12755
recursivelyTraversePassiveMountEffects @ react-dom-client.development.js:12627
commitPassiveMountOnFiber @ react-dom-client.development.js:12646
recursivelyTraversePassiveMountEffects @ react-dom-client.development.js:12627
commitPassiveMountOnFiber @ react-dom-client.development.js:12755
recursivelyTraversePassiveMountEffects @ react-dom-client.development.js:12627
commitPassiveMountOnFiber @ react-dom-client.development.js:12755
recursivelyTraversePassiveMountEffects @ react-dom-client.development.js:12627
commitPassiveMountOnFiber @ react-dom-client.development.js:12646
setTimeout
__webpack_modules__../src/platform/polyfills.web.ts.window.setImmediate @ polyfills.web.ts:5
schedulePerformWorkUntilDeadline @ scheduler.development.js:214
requestHostCallback @ scheduler.development.js:168
__webpack_modules__../node_modules/scheduler/cjs/scheduler.development.js.exports.unstable_scheduleCallback @ scheduler.development.js:344
scheduleTaskForRootDuringMicrotask @ react-dom-client.development.js:15909
processRootScheduleInMicrotask @ react-dom-client.development.js:15830
(anonymous) @ react-dom-client.development.js:15962
setTimeout
__webpack_modules__../src/platform/polyfills.web.ts.window.setImmediate @ polyfills.web.ts:5
schedulePerformWorkUntilDeadline @ scheduler.development.js:214
requestHostCallback @ scheduler.development.js:168
__webpack_modules__../node_modules/scheduler/cjs/scheduler.development.js.exports.unstable_scheduleCallback @ scheduler.development.js:344
scheduleTaskForRootDuringMicrotask @ react-dom-client.development.js:15909
processRootScheduleInMicrotask @ react-dom-client.development.js:15830
(anonymous) @ react-dom-client.development.js:15962Understand this error
StatsigNetwork.js:270  POST https://events.gndr.app/v2/rgstr net::ERR_NAME_NOT_RESOLVED
(anonymous) @ StatsigNetwork.js:270
step @ StatsigNetwork.js:44
(anonymous) @ StatsigNetwork.js:25
(anonymous) @ StatsigNetwork.js:19
__webpack_modules__../node_modules/statsig-js/dist/StatsigNetwork.js.__awaiter @ StatsigNetwork.js:15
__webpack_modules__../node_modules/statsig-js/dist/StatsigNetwork.js.StatsigNetwork.postToEndpoint @ StatsigNetwork.js:213
__webpack_modules__../node_modules/statsig-js/dist/StatsigLogger.js.StatsigLogger.flush @ StatsigLogger.js:381
(anonymous) @ StatsigLogger.js:100
setTimeout
(anonymous) @ StatsigLogger.js:100Understand this error
bundle.js:419182  POST https://events.gndr.app/v2/rgstr net::ERR_NAME_NOT_RESOLVED
(anonymous) @ StatsigNetwork.js:270
step @ StatsigNetwork.js:44
(anonymous) @ StatsigNetwork.js:25
(anonymous) @ StatsigNetwork.js:19
__webpack_modules__../node_modules/statsig-js/dist/StatsigNetwork.js.__awaiter @ StatsigNetwork.js:15
__webpack_modules__../node_modules/statsig-js/dist/StatsigNetwork.js.StatsigNetwork.postToEndpoint @ StatsigNetwork.js:213
_loop_1 @ StatsigLogger.js:462
(anonymous) @ StatsigLogger.js:484
step @ StatsigLogger.js:44
(anonymous) @ StatsigLogger.js:25
fulfilled @ StatsigLogger.js:16
Promise.then
step @ StatsigLogger.js:18
(anonymous) @ StatsigLogger.js:19
__webpack_modules__../node_modules/statsig-js/dist/StatsigLogger.js.__awaiter @ StatsigLogger.js:15
__webpack_modules__../node_modules/statsig-js/dist/StatsigLogger.js.StatsigLogger.sendSavedRequests @ StatsigLogger.js:431
(anonymous) @ StatsigClient.js:202
__webpack_modules__../node_modules/statsig-js/dist/ErrorBoundary.js.ErrorBoundary.capture @ ErrorBoundary.js:74
__webpack_modules__../node_modules/statsig-js/dist/ErrorBoundary.js.ErrorBoundary.swallow @ ErrorBoundary.js:64
__webpack_modules__../node_modules/statsig-js/dist/StatsigClient.js.StatsigClient.delayedSetup @ StatsigClient.js:196
(anonymous) @ StatsigClient.js:317
Promise.finally
(anonymous) @ StatsigClient.js:314
step @ StatsigClient.js:44
(anonymous) @ StatsigClient.js:25
fulfilled @ StatsigClient.js:16
Promise.then
step @ StatsigClient.js:18
fulfilled @ StatsigClient.js:16
Promise.then
step @ StatsigClient.js:18
(anonymous) @ StatsigClient.js:19
__webpack_modules__../node_modules/statsig-js/dist/StatsigClient.js.__awaiter @ StatsigClient.js:15
(anonymous) @ StatsigClient.js:246
__webpack_modules__../node_modules/statsig-js/dist/ErrorBoundary.js.ErrorBoundary.capture @ ErrorBoundary.js:74
(anonymous) @ StatsigClient.js:246
step @ StatsigClient.js:44
(anonymous) @ StatsigClient.js:25
(anonymous) @ StatsigClient.js:19
__webpack_modules__../node_modules/statsig-js/dist/StatsigClient.js.__awaiter @ StatsigClient.js:15
__webpack_modules__../node_modules/statsig-js/dist/StatsigClient.js.StatsigClient.initializeAsync @ StatsigClient.js:243
(anonymous) @ Statsig.js:76
step @ Statsig.js:39
(anonymous) @ Statsig.js:20
(anonymous) @ Statsig.js:14
__webpack_modules__../node_modules/statsig-react/dist/Statsig.js.__awaiter @ Statsig.js:10
__webpack_modules__../node_modules/statsig-react/dist/Statsig.js.Statsig.initialize @ Statsig.js:59
(anonymous) @ Statsig.ts:34
step @ sha256.js:526
(anonymous) @ sha256.js:526
(anonymous) @ sha256.js:526
__webpack_modules__../node_modules/statsig-react-native-expo/dist/Statsig.js.__awaiter @ sha256.js:526
__webpack_modules__../node_modules/statsig-react-native-expo/dist/Statsig.js.Statsig.initialize @ Statsig.ts:13
initialize @ bundle.js:419182
./src/lib/statsig/statsig.tsx @ bundle.js:419001
options.factory @ react refresh:37
__webpack_require__ @ bootstrap:22
fn @ hot module replacement:61
hotRequire @ react refresh:20
./src/App.web.tsx @ types.js:3693
options.factory @ react refresh:37
__webpack_require__ @ bootstrap:22
fn @ hot module replacement:61
hotRequire @ react refresh:20
./index.web.js @ bundle.js:247
options.factory @ react refresh:37
__webpack_require__ @ bootstrap:22
(anonymous) @ startup:8
(anonymous) @ startup:8Understand this error
bundle.js:419182  POST https://events.gndr.app/v2/rgstr net::ERR_NAME_NOT_RESOLVED
(anonymous) @ StatsigNetwork.js:270
step @ StatsigNetwork.js:44
(anonymous) @ StatsigNetwork.js:25
(anonymous) @ StatsigNetwork.js:19
__webpack_modules__../node_modules/statsig-js/dist/StatsigNetwork.js.__awaiter @ StatsigNetwork.js:15
__webpack_modules__../node_modules/statsig-js/dist/StatsigNetwork.js.StatsigNetwork.postToEndpoint @ StatsigNetwork.js:213
_loop_1 @ StatsigLogger.js:462
(anonymous) @ StatsigLogger.js:484
step @ StatsigLogger.js:44
(anonymous) @ StatsigLogger.js:25
fulfilled @ StatsigLogger.js:16
Promise.then
step @ StatsigLogger.js:18
(anonymous) @ StatsigLogger.js:19
__webpack_modules__../node_modules/statsig-js/dist/StatsigLogger.js.__awaiter @ StatsigLogger.js:15
__webpack_modules__../node_modules/statsig-js/dist/StatsigLogger.js.StatsigLogger.sendSavedRequests @ StatsigLogger.js:431
(anonymous) @ StatsigClient.js:202
__webpack_modules__../node_modules/statsig-js/dist/ErrorBoundary.js.ErrorBoundary.capture @ ErrorBoundary.js:74
__webpack_modules__../node_modules/statsig-js/dist/ErrorBoundary.js.ErrorBoundary.swallow @ ErrorBoundary.js:64
__webpack_modules__../node_modules/statsig-js/dist/StatsigClient.js.StatsigClient.delayedSetup @ StatsigClient.js:196
(anonymous) @ StatsigClient.js:317
Promise.finally
(anonymous) @ StatsigClient.js:314
step @ StatsigClient.js:44
(anonymous) @ StatsigClient.js:25
fulfilled @ StatsigClient.js:16
Promise.then
step @ StatsigClient.js:18
fulfilled @ StatsigClient.js:16
Promise.then
step @ StatsigClient.js:18
(anonymous) @ StatsigClient.js:19
__webpack_modules__../node_modules/statsig-js/dist/StatsigClient.js.__awaiter @ StatsigClient.js:15
(anonymous) @ StatsigClient.js:246
__webpack_modules__../node_modules/statsig-js/dist/ErrorBoundary.js.ErrorBoundary.capture @ ErrorBoundary.js:74
(anonymous) @ StatsigClient.js:246
step @ StatsigClient.js:44
(anonymous) @ StatsigClient.js:25
(anonymous) @ StatsigClient.js:19
__webpack_modules__../node_modules/statsig-js/dist/StatsigClient.js.__awaiter @ StatsigClient.js:15
__webpack_modules__../node_modules/statsig-js/dist/StatsigClient.js.StatsigClient.initializeAsync @ StatsigClient.js:243
(anonymous) @ Statsig.js:76
step @ Statsig.js:39
(anonymous) @ Statsig.js:20
(anonymous) @ Statsig.js:14
__webpack_modules__../node_modules/statsig-react/dist/Statsig.js.__awaiter @ Statsig.js:10
__webpack_modules__../node_modules/statsig-react/dist/Statsig.js.Statsig.initialize @ Statsig.js:59
(anonymous) @ Statsig.ts:34
step @ sha256.js:526
(anonymous) @ sha256.js:526
(anonymous) @ sha256.js:526
__webpack_modules__../node_modules/statsig-react-native-expo/dist/Statsig.js.__awaiter @ sha256.js:526
__webpack_modules__../node_modules/statsig-react-native-expo/dist/Statsig.js.Statsig.initialize @ Statsig.ts:13
initialize @ bundle.js:419182
./src/lib/statsig/statsig.tsx @ bundle.js:419001
options.factory @ react refresh:37
__webpack_require__ @ bootstrap:22
fn @ hot module replacement:61
hotRequire @ react refresh:20
./src/App.web.tsx @ types.js:3693
options.factory @ react refresh:37
__webpack_require__ @ bootstrap:22
fn @ hot module replacement:61
hotRequire @ react refresh:20
./index.web.js @ bundle.js:247
options.factory @ react refresh:37
__webpack_require__ @ bootstrap:22
(anonymous) @ startup:8
(anonymous) @ startup:8Understand this error
bundle.js:419182  POST https://events.gndr.app/v2/rgstr net::ERR_NAME_NOT_RESOLVED
(anonymous) @ StatsigNetwork.js:270
step @ StatsigNetwork.js:44
(anonymous) @ StatsigNetwork.js:25
(anonymous) @ StatsigNetwork.js:19
__webpack_modules__../node_modules/statsig-js/dist/StatsigNetwork.js.__awaiter @ StatsigNetwork.js:15
__webpack_modules__../node_modules/statsig-js/dist/StatsigNetwork.js.StatsigNetwork.postToEndpoint @ StatsigNetwork.js:213
_loop_1 @ StatsigLogger.js:462
(anonymous) @ StatsigLogger.js:484
step @ StatsigLogger.js:44
(anonymous) @ StatsigLogger.js:25
fulfilled @ StatsigLogger.js:16
Promise.then
step @ StatsigLogger.js:18
(anonymous) @ StatsigLogger.js:19
__webpack_modules__../node_modules/statsig-js/dist/StatsigLogger.js.__awaiter @ StatsigLogger.js:15
__webpack_modules__../node_modules/statsig-js/dist/StatsigLogger.js.StatsigLogger.sendSavedRequests @ StatsigLogger.js:431
(anonymous) @ StatsigClient.js:202
__webpack_modules__../node_modules/statsig-js/dist/ErrorBoundary.js.ErrorBoundary.capture @ ErrorBoundary.js:74
__webpack_modules__../node_modules/statsig-js/dist/ErrorBoundary.js.ErrorBoundary.swallow @ ErrorBoundary.js:64
__webpack_modules__../node_modules/statsig-js/dist/StatsigClient.js.StatsigClient.delayedSetup @ StatsigClient.js:196
(anonymous) @ StatsigClient.js:317
Promise.finally
(anonymous) @ StatsigClient.js:314
step @ StatsigClient.js:44
(anonymous) @ StatsigClient.js:25
fulfilled @ StatsigClient.js:16
Promise.then
step @ StatsigClient.js:18
fulfilled @ StatsigClient.js:16
Promise.then
step @ StatsigClient.js:18
(anonymous) @ StatsigClient.js:19
__webpack_modules__../node_modules/statsig-js/dist/StatsigClient.js.__awaiter @ StatsigClient.js:15
(anonymous) @ StatsigClient.js:246
__webpack_modules__../node_modules/statsig-js/dist/ErrorBoundary.js.ErrorBoundary.capture @ ErrorBoundary.js:74
(anonymous) @ StatsigClient.js:246
step @ StatsigClient.js:44
(anonymous) @ StatsigClient.js:25
(anonymous) @ StatsigClient.js:19
__webpack_modules__../node_modules/statsig-js/dist/StatsigClient.js.__awaiter @ StatsigClient.js:15
__webpack_modules__../node_modules/statsig-js/dist/StatsigClient.js.StatsigClient.initializeAsync @ StatsigClient.js:243
(anonymous) @ Statsig.js:76
step @ Statsig.js:39
(anonymous) @ Statsig.js:20
(anonymous) @ Statsig.js:14
__webpack_modules__../node_modules/statsig-react/dist/Statsig.js.__awaiter @ Statsig.js:10
__webpack_modules__../node_modules/statsig-react/dist/Statsig.js.Statsig.initialize @ Statsig.js:59
(anonymous) @ Statsig.ts:34
step @ sha256.js:526
(anonymous) @ sha256.js:526
(anonymous) @ sha256.js:526
__webpack_modules__../node_modules/statsig-react-native-expo/dist/Statsig.js.__awaiter @ sha256.js:526
__webpack_modules__../node_modules/statsig-react-native-expo/dist/Statsig.js.Statsig.initialize @ Statsig.ts:13
initialize @ bundle.js:419182
./src/lib/statsig/statsig.tsx @ bundle.js:419001
options.factory @ react refresh:37
__webpack_require__ @ bootstrap:22
fn @ hot module replacement:61
hotRequire @ react refresh:20
./src/App.web.tsx @ types.js:3693
options.factory @ react refresh:37
__webpack_require__ @ bootstrap:22
fn @ hot module replacement:61
hotRequire @ react refresh:20
./index.web.js @ bundle.js:247
options.factory @ react refresh:37
__webpack_require__ @ bootstrap:22
(anonymous) @ startup:8
(anonymous) @ startup:8Understand this error
bundle.js:419182  POST https://events.gndr.app/v2/rgstr net::ERR_NAME_NOT_RESOLVED
(anonymous) @ StatsigNetwork.js:270
step @ StatsigNetwork.js:44
(anonymous) @ StatsigNetwork.js:25
(anonymous) @ StatsigNetwork.js:19
__webpack_modules__../node_modules/statsig-js/dist/StatsigNetwork.js.__awaiter @ StatsigNetwork.js:15
__webpack_modules__../node_modules/statsig-js/dist/StatsigNetwork.js.StatsigNetwork.postToEndpoint @ StatsigNetwork.js:213
_loop_1 @ StatsigLogger.js:462
(anonymous) @ StatsigLogger.js:484
step @ StatsigLogger.js:44
(anonymous) @ StatsigLogger.js:25
fulfilled @ StatsigLogger.js:16
Promise.then
step @ StatsigLogger.js:18
(anonymous) @ StatsigLogger.js:19
__webpack_modules__../node_modules/statsig-js/dist/StatsigLogger.js.__awaiter @ StatsigLogger.js:15
__webpack_modules__../node_modules/statsig-js/dist/StatsigLogger.js.StatsigLogger.sendSavedRequests @ StatsigLogger.js:431
(anonymous) @ StatsigClient.js:202
__webpack_modules__../node_modules/statsig-js/dist/ErrorBoundary.js.ErrorBoundary.capture @ ErrorBoundary.js:74
__webpack_modules__../node_modules/statsig-js/dist/ErrorBoundary.js.ErrorBoundary.swallow @ ErrorBoundary.js:64
__webpack_modules__../node_modules/statsig-js/dist/StatsigClient.js.StatsigClient.delayedSetup @ StatsigClient.js:196
(anonymous) @ StatsigClient.js:317
Promise.finally
(anonymous) @ StatsigClient.js:314
step @ StatsigClient.js:44
(anonymous) @ StatsigClient.js:25
fulfilled @ StatsigClient.js:16
Promise.then
step @ StatsigClient.js:18
fulfilled @ StatsigClient.js:16
Promise.then
step @ StatsigClient.js:18
(anonymous) @ StatsigClient.js:19
__webpack_modules__../node_modules/statsig-js/dist/StatsigClient.js.__awaiter @ StatsigClient.js:15
(anonymous) @ StatsigClient.js:246
__webpack_modules__../node_modules/statsig-js/dist/ErrorBoundary.js.ErrorBoundary.capture @ ErrorBoundary.js:74
(anonymous) @ StatsigClient.js:246
step @ StatsigClient.js:44
(anonymous) @ StatsigClient.js:25
(anonymous) @ StatsigClient.js:19
__webpack_modules__../node_modules/statsig-js/dist/StatsigClient.js.__awaiter @ StatsigClient.js:15
__webpack_modules__../node_modules/statsig-js/dist/StatsigClient.js.StatsigClient.initializeAsync @ StatsigClient.js:243
(anonymous) @ Statsig.js:76
step @ Statsig.js:39
(anonymous) @ Statsig.js:20
(anonymous) @ Statsig.js:14
__webpack_modules__../node_modules/statsig-react/dist/Statsig.js.__awaiter @ Statsig.js:10
__webpack_modules__../node_modules/statsig-react/dist/Statsig.js.Statsig.initialize @ Statsig.js:59
(anonymous) @ Statsig.ts:34
step @ sha256.js:526
(anonymous) @ sha256.js:526
(anonymous) @ sha256.js:526
__webpack_modules__../node_modules/statsig-react-native-expo/dist/Statsig.js.__awaiter @ sha256.js:526
__webpack_modules__../node_modules/statsig-react-native-expo/dist/Statsig.js.Statsig.initialize @ Statsig.ts:13
initialize @ bundle.js:419182
./src/lib/statsig/statsig.tsx @ bundle.js:419001
options.factory @ react refresh:37
__webpack_require__ @ bootstrap:22
fn @ hot module replacement:61
hotRequire @ react refresh:20
./src/App.web.tsx @ types.js:3693
options.factory @ react refresh:37
__webpack_require__ @ bootstrap:22
fn @ hot module replacement:61
hotRequire @ react refresh:20
./index.web.js @ bundle.js:247
options.factory @ react refresh:37
__webpack_require__ @ bootstrap:22
(anonymous) @ startup:8
(anonymous) @ startup:8Understand this error
bundle.js:419182  POST https://events.gndr.app/v2/rgstr net::ERR_NAME_NOT_RESOLVED
(anonymous) @ StatsigNetwork.js:270
step @ StatsigNetwork.js:44
(anonymous) @ StatsigNetwork.js:25
(anonymous) @ StatsigNetwork.js:19
__webpack_modules__../node_modules/statsig-js/dist/StatsigNetwork.js.__awaiter @ StatsigNetwork.js:15
__webpack_modules__../node_modules/statsig-js/dist/StatsigNetwork.js.StatsigNetwork.postToEndpoint @ StatsigNetwork.js:213
_loop_1 @ StatsigLogger.js:462
(anonymous) @ StatsigLogger.js:484
step @ StatsigLogger.js:44
(anonymous) @ StatsigLogger.js:25
fulfilled @ StatsigLogger.js:16
Promise.then
step @ StatsigLogger.js:18
(anonymous) @ StatsigLogger.js:19
__webpack_modules__../node_modules/statsig-js/dist/StatsigLogger.js.__awaiter @ StatsigLogger.js:15
__webpack_modules__../node_modules/statsig-js/dist/StatsigLogger.js.StatsigLogger.sendSavedRequests @ StatsigLogger.js:431
(anonymous) @ StatsigClient.js:202
__webpack_modules__../node_modules/statsig-js/dist/ErrorBoundary.js.ErrorBoundary.capture @ ErrorBoundary.js:74
__webpack_modules__../node_modules/statsig-js/dist/ErrorBoundary.js.ErrorBoundary.swallow @ ErrorBoundary.js:64
__webpack_modules__../node_modules/statsig-js/dist/StatsigClient.js.StatsigClient.delayedSetup @ StatsigClient.js:196
(anonymous) @ StatsigClient.js:317
Promise.finally
(anonymous) @ StatsigClient.js:314
step @ StatsigClient.js:44
(anonymous) @ StatsigClient.js:25
fulfilled @ StatsigClient.js:16
Promise.then
step @ StatsigClient.js:18
fulfilled @ StatsigClient.js:16
Promise.then
step @ StatsigClient.js:18
(anonymous) @ StatsigClient.js:19
__webpack_modules__../node_modules/statsig-js/dist/StatsigClient.js.__awaiter @ StatsigClient.js:15
(anonymous) @ StatsigClient.js:246
__webpack_modules__../node_modules/statsig-js/dist/ErrorBoundary.js.ErrorBoundary.capture @ ErrorBoundary.js:74
(anonymous) @ StatsigClient.js:246
step @ StatsigClient.js:44
(anonymous) @ StatsigClient.js:25
(anonymous) @ StatsigClient.js:19
__webpack_modules__../node_modules/statsig-js/dist/StatsigClient.js.__awaiter @ StatsigClient.js:15
__webpack_modules__../node_modules/statsig-js/dist/StatsigClient.js.StatsigClient.initializeAsync @ StatsigClient.js:243
(anonymous) @ Statsig.js:76
step @ Statsig.js:39
(anonymous) @ Statsig.js:20
(anonymous) @ Statsig.js:14
__webpack_modules__../node_modules/statsig-react/dist/Statsig.js.__awaiter @ Statsig.js:10
__webpack_modules__../node_modules/statsig-react/dist/Statsig.js.Statsig.initialize @ Statsig.js:59
(anonymous) @ Statsig.ts:34
step @ sha256.js:526
(anonymous) @ sha256.js:526
(anonymous) @ sha256.js:526
__webpack_modules__../node_modules/statsig-react-native-expo/dist/Statsig.js.__awaiter @ sha256.js:526
__webpack_modules__../node_modules/statsig-react-native-expo/dist/Statsig.js.Statsig.initialize @ Statsig.ts:13
initialize @ bundle.js:419182
./src/lib/statsig/statsig.tsx @ bundle.js:419001
options.factory @ react refresh:37
__webpack_require__ @ bootstrap:22
fn @ hot module replacement:61
hotRequire @ react refresh:20
./src/App.web.tsx @ types.js:3693
options.factory @ react refresh:37
__webpack_require__ @ bootstrap:22
fn @ hot module replacement:61
hotRequire @ react refresh:20
./index.web.js @ bundle.js:247
options.factory @ react refresh:37
__webpack_require__ @ bootstrap:22
(anonymous) @ startup:8
(anonymous) @ startup:8Understand this error
bundle.js:419182  POST https://events.gndr.app/v2/rgstr net::ERR_NAME_NOT_RESOLVED
(anonymous) @ StatsigNetwork.js:270
step @ StatsigNetwork.js:44
(anonymous) @ StatsigNetwork.js:25
(anonymous) @ StatsigNetwork.js:19
__webpack_modules__../node_modules/statsig-js/dist/StatsigNetwork.js.__awaiter @ StatsigNetwork.js:15
__webpack_modules__../node_modules/statsig-js/dist/StatsigNetwork.js.StatsigNetwork.postToEndpoint @ StatsigNetwork.js:213
_loop_1 @ StatsigLogger.js:462
(anonymous) @ StatsigLogger.js:484
step @ StatsigLogger.js:44
(anonymous) @ StatsigLogger.js:25
fulfilled @ StatsigLogger.js:16
Promise.then
step @ StatsigLogger.js:18
(anonymous) @ StatsigLogger.js:19
__webpack_modules__../node_modules/statsig-js/dist/StatsigLogger.js.__awaiter @ StatsigLogger.js:15
__webpack_modules__../node_modules/statsig-js/dist/StatsigLogger.js.StatsigLogger.sendSavedRequests @ StatsigLogger.js:431
(anonymous) @ StatsigClient.js:202
__webpack_modules__../node_modules/statsig-js/dist/ErrorBoundary.js.ErrorBoundary.capture @ ErrorBoundary.js:74
__webpack_modules__../node_modules/statsig-js/dist/ErrorBoundary.js.ErrorBoundary.swallow @ ErrorBoundary.js:64
__webpack_modules__../node_modules/statsig-js/dist/StatsigClient.js.StatsigClient.delayedSetup @ StatsigClient.js:196
(anonymous) @ StatsigClient.js:317
Promise.finally
(anonymous) @ StatsigClient.js:314
step @ StatsigClient.js:44
(anonymous) @ StatsigClient.js:25
fulfilled @ StatsigClient.js:16
Promise.then
step @ StatsigClient.js:18
fulfilled @ StatsigClient.js:16
Promise.then
step @ StatsigClient.js:18
(anonymous) @ StatsigClient.js:19
__webpack_modules__../node_modules/statsig-js/dist/StatsigClient.js.__awaiter @ StatsigClient.js:15
(anonymous) @ StatsigClient.js:246
__webpack_modules__../node_modules/statsig-js/dist/ErrorBoundary.js.ErrorBoundary.capture @ ErrorBoundary.js:74
(anonymous) @ StatsigClient.js:246
step @ StatsigClient.js:44
(anonymous) @ StatsigClient.js:25
(anonymous) @ StatsigClient.js:19
__webpack_modules__../node_modules/statsig-js/dist/StatsigClient.js.__awaiter @ StatsigClient.js:15
__webpack_modules__../node_modules/statsig-js/dist/StatsigClient.js.StatsigClient.initializeAsync @ StatsigClient.js:243
(anonymous) @ Statsig.js:76
step @ Statsig.js:39
(anonymous) @ Statsig.js:20
(anonymous) @ Statsig.js:14
__webpack_modules__../node_modules/statsig-react/dist/Statsig.js.__awaiter @ Statsig.js:10
__webpack_modules__../node_modules/statsig-react/dist/Statsig.js.Statsig.initialize @ Statsig.js:59
(anonymous) @ Statsig.ts:34
step @ sha256.js:526
(anonymous) @ sha256.js:526
(anonymous) @ sha256.js:526
__webpack_modules__../node_modules/statsig-react-native-expo/dist/Statsig.js.__awaiter @ sha256.js:526
__webpack_modules__../node_modules/statsig-react-native-expo/dist/Statsig.js.Statsig.initialize @ Statsig.ts:13
initialize @ bundle.js:419182
./src/lib/statsig/statsig.tsx @ bundle.js:419001
options.factory @ react refresh:37
__webpack_require__ @ bootstrap:22
fn @ hot module replacement:61
hotRequire @ react refresh:20
./src/App.web.tsx @ types.js:3693
options.factory @ react refresh:37
__webpack_require__ @ bootstrap:22
fn @ hot module replacement:61
hotRequire @ react refresh:20
./index.web.js @ bundle.js:247
options.factory @ react refresh:37
__webpack_require__ @ bootstrap:22
(anonymous) @ startup:8
(anonymous) @ startup:8Understand this error
bundle.js:419182  POST https://events.gndr.app/v2/rgstr net::ERR_NAME_NOT_RESOLVED
(anonymous) @ StatsigNetwork.js:270
step @ StatsigNetwork.js:44
(anonymous) @ StatsigNetwork.js:25
(anonymous) @ StatsigNetwork.js:19
__webpack_modules__../node_modules/statsig-js/dist/StatsigNetwork.js.__awaiter @ StatsigNetwork.js:15
__webpack_modules__../node_modules/statsig-js/dist/StatsigNetwork.js.StatsigNetwork.postToEndpoint @ StatsigNetwork.js:213
_loop_1 @ StatsigLogger.js:462
(anonymous) @ StatsigLogger.js:484
step @ StatsigLogger.js:44
(anonymous) @ StatsigLogger.js:25
fulfilled @ StatsigLogger.js:16
Promise.then
step @ StatsigLogger.js:18
(anonymous) @ StatsigLogger.js:19
__webpack_modules__../node_modules/statsig-js/dist/StatsigLogger.js.__awaiter @ StatsigLogger.js:15
__webpack_modules__../node_modules/statsig-js/dist/StatsigLogger.js.StatsigLogger.sendSavedRequests @ StatsigLogger.js:431
(anonymous) @ StatsigClient.js:202
__webpack_modules__../node_modules/statsig-js/dist/ErrorBoundary.js.ErrorBoundary.capture @ ErrorBoundary.js:74
__webpack_modules__../node_modules/statsig-js/dist/ErrorBoundary.js.ErrorBoundary.swallow @ ErrorBoundary.js:64
__webpack_modules__../node_modules/statsig-js/dist/StatsigClient.js.StatsigClient.delayedSetup @ StatsigClient.js:196
(anonymous) @ StatsigClient.js:317
Promise.finally
(anonymous) @ StatsigClient.js:314
step @ StatsigClient.js:44
(anonymous) @ StatsigClient.js:25
fulfilled @ StatsigClient.js:16
Promise.then
step @ StatsigClient.js:18
fulfilled @ StatsigClient.js:16
Promise.then
step @ StatsigClient.js:18
(anonymous) @ StatsigClient.js:19
__webpack_modules__../node_modules/statsig-js/dist/StatsigClient.js.__awaiter @ StatsigClient.js:15
(anonymous) @ StatsigClient.js:246
__webpack_modules__../node_modules/statsig-js/dist/ErrorBoundary.js.ErrorBoundary.capture @ ErrorBoundary.js:74
(anonymous) @ StatsigClient.js:246
step @ StatsigClient.js:44
(anonymous) @ StatsigClient.js:25
(anonymous) @ StatsigClient.js:19
__webpack_modules__../node_modules/statsig-js/dist/StatsigClient.js.__awaiter @ StatsigClient.js:15
__webpack_modules__../node_modules/statsig-js/dist/StatsigClient.js.StatsigClient.initializeAsync @ StatsigClient.js:243
(anonymous) @ Statsig.js:76
step @ Statsig.js:39
(anonymous) @ Statsig.js:20
(anonymous) @ Statsig.js:14
__webpack_modules__../node_modules/statsig-react/dist/Statsig.js.__awaiter @ Statsig.js:10
__webpack_modules__../node_modules/statsig-react/dist/Statsig.js.Statsig.initialize @ Statsig.js:59
(anonymous) @ Statsig.ts:34
step @ sha256.js:526
(anonymous) @ sha256.js:526
(anonymous) @ sha256.js:526
__webpack_modules__../node_modules/statsig-react-native-expo/dist/Statsig.js.__awaiter @ sha256.js:526
__webpack_modules__../node_modules/statsig-react-native-expo/dist/Statsig.js.Statsig.initialize @ Statsig.ts:13
initialize @ bundle.js:419182
./src/lib/statsig/statsig.tsx @ bundle.js:419001
options.factory @ react refresh:37
__webpack_require__ @ bootstrap:22
fn @ hot module replacement:61
hotRequire @ react refresh:20
./src/App.web.tsx @ types.js:3693
options.factory @ react refresh:37
__webpack_require__ @ bootstrap:22
fn @ hot module replacement:61
hotRequire @ react refresh:20
./index.web.js @ bundle.js:247
options.factory @ react refresh:37
__webpack_require__ @ bootstrap:22
(anonymous) @ startup:8
(anonymous) @ startup:8Understand this error
bundle.js:419182  POST https://events.gndr.app/v2/initialize net::ERR_NAME_NOT_RESOLVED
(anonymous) @ StatsigNetwork.js:270
step @ StatsigNetwork.js:44
(anonymous) @ StatsigNetwork.js:25
(anonymous) @ StatsigNetwork.js:19
__webpack_modules__../node_modules/statsig-js/dist/StatsigNetwork.js.__awaiter @ StatsigNetwork.js:15
__webpack_modules__../node_modules/statsig-js/dist/StatsigNetwork.js.StatsigNetwork.postToEndpoint @ StatsigNetwork.js:213
__webpack_modules__../node_modules/statsig-js/dist/StatsigNetwork.js.StatsigNetwork.postWithTimeout @ StatsigNetwork.js:139
__webpack_modules__../node_modules/statsig-js/dist/StatsigNetwork.js.StatsigNetwork.fetchValues @ StatsigNetwork.js:107
(anonymous) @ StatsigClient.js:1095
step @ StatsigClient.js:44
(anonymous) @ StatsigClient.js:25
(anonymous) @ StatsigClient.js:19
__webpack_modules__../node_modules/statsig-js/dist/StatsigClient.js.__awaiter @ StatsigClient.js:15
__webpack_modules__../node_modules/statsig-js/dist/StatsigClient.js.StatsigClient.fetchAndSaveValues @ StatsigClient.js:1070
(anonymous) @ StatsigClient.js:284
step @ StatsigClient.js:44
(anonymous) @ StatsigClient.js:25
fulfilled @ StatsigClient.js:16
Promise.then
step @ StatsigClient.js:18
fulfilled @ StatsigClient.js:16
Promise.then
step @ StatsigClient.js:18
(anonymous) @ StatsigClient.js:19
__webpack_modules__../node_modules/statsig-js/dist/StatsigClient.js.__awaiter @ StatsigClient.js:15
(anonymous) @ StatsigClient.js:246
__webpack_modules__../node_modules/statsig-js/dist/ErrorBoundary.js.ErrorBoundary.capture @ ErrorBoundary.js:74
(anonymous) @ StatsigClient.js:246
step @ StatsigClient.js:44
(anonymous) @ StatsigClient.js:25
(anonymous) @ StatsigClient.js:19
__webpack_modules__../node_modules/statsig-js/dist/StatsigClient.js.__awaiter @ StatsigClient.js:15
__webpack_modules__../node_modules/statsig-js/dist/StatsigClient.js.StatsigClient.initializeAsync @ StatsigClient.js:243
(anonymous) @ Statsig.js:76
step @ Statsig.js:39
(anonymous) @ Statsig.js:20
(anonymous) @ Statsig.js:14
__webpack_modules__../node_modules/statsig-react/dist/Statsig.js.__awaiter @ Statsig.js:10
__webpack_modules__../node_modules/statsig-react/dist/Statsig.js.Statsig.initialize @ Statsig.js:59
(anonymous) @ Statsig.ts:34
step @ sha256.js:526
(anonymous) @ sha256.js:526
(anonymous) @ sha256.js:526
__webpack_modules__../node_modules/statsig-react-native-expo/dist/Statsig.js.__awaiter @ sha256.js:526
__webpack_modules__../node_modules/statsig-react-native-expo/dist/Statsig.js.Statsig.initialize @ Statsig.ts:13
initialize @ bundle.js:419182
./src/lib/statsig/statsig.tsx @ bundle.js:419001
options.factory @ react refresh:37
__webpack_require__ @ bootstrap:22
fn @ hot module replacement:61
hotRequire @ react refresh:20
./src/App.web.tsx @ types.js:3693
options.factory @ react refresh:37
__webpack_require__ @ bootstrap:22
fn @ hot module replacement:61
hotRequire @ react refresh:20
./index.web.js @ bundle.js:247
options.factory @ react refresh:37
__webpack_require__ @ bootstrap:22
(anonymous) @ startup:8
(anonymous) @ startup:8Understand this error
email-verification-required.ts:11  GET https://api.gndr.app/xrpc/app.bsky.unspecced.getConfig net::ERR_NAME_NOT_RESOLVED
_temp @ email-verification-required.ts:11
fetchFn @ query.ts:457
run @ retryer.ts:153
start @ retryer.ts:218
fetch @ query.ts:576
#executeFetch @ queryObserver.ts:333
onSubscribe @ queryObserver.ts:104
subscribe @ subscribable.ts:11
(anonymous) @ useBaseQuery.ts:99
subscribeToStore @ react-dom-client.development.js:6333
react-stack-bottom-frame @ react-dom-client.development.js:22509
runWithFiberInDEV @ react-dom-client.development.js:543
commitHookEffectListMount @ react-dom-client.development.js:10758
commitHookPassiveMountEffects @ react-dom-client.development.js:10878
commitPassiveMountOnFiber @ react-dom-client.development.js:12653
recursivelyTraversePassiveMountEffects @ react-dom-client.development.js:12627
commitPassiveMountOnFiber @ react-dom-client.development.js:12646
recursivelyTraversePassiveMountEffects @ react-dom-client.development.js:12627
commitPassiveMountOnFiber @ react-dom-client.development.js:12755
recursivelyTraversePassiveMountEffects @ react-dom-client.development.js:12627
commitPassiveMountOnFiber @ react-dom-client.development.js:12646
recursivelyTraversePassiveMountEffects @ react-dom-client.development.js:12627
commitPassiveMountOnFiber @ react-dom-client.development.js:12646
recursivelyTraversePassiveMountEffects @ react-dom-client.development.js:12627
commitPassiveMountOnFiber @ react-dom-client.development.js:12755
recursivelyTraversePassiveMountEffects @ react-dom-client.development.js:12627
commitPassiveMountOnFiber @ react-dom-client.development.js:12755
recursivelyTraversePassiveMountEffects @ react-dom-client.development.js:12627
commitPassiveMountOnFiber @ react-dom-client.development.js:12646
recursivelyTraversePassiveMountEffects @ react-dom-client.development.js:12627
commitPassiveMountOnFiber @ react-dom-client.development.js:12755
recursivelyTraversePassiveMountEffects @ react-dom-client.development.js:12627
commitPassiveMountOnFiber @ react-dom-client.development.js:12755
recursivelyTraversePassiveMountEffects @ react-dom-client.development.js:12627
commitPassiveMountOnFiber @ react-dom-client.development.js:12646
recursivelyTraversePassiveMountEffects @ react-dom-client.development.js:12627
commitPassiveMountOnFiber @ react-dom-client.development.js:12755
recursivelyTraversePassiveMountEffects @ react-dom-client.development.js:12627
commitPassiveMountOnFiber @ react-dom-client.development.js:12755
recursivelyTraversePassiveMountEffects @ react-dom-client.development.js:12627
commitPassiveMountOnFiber @ react-dom-client.development.js:12646
recursivelyTraversePassiveMountEffects @ react-dom-client.development.js:12627
commitPassiveMountOnFiber @ react-dom-client.development.js:12755
recursivelyTraversePassiveMountEffects @ react-dom-client.development.js:12627
commitPassiveMountOnFiber @ react-dom-client.development.js:12755
recursivelyTraversePassiveMountEffects @ react-dom-client.development.js:12627
commitPassiveMountOnFiber @ react-dom-client.development.js:12646
recursivelyTraversePassiveMountEffects @ react-dom-client.development.js:12627
commitPassiveMountOnFiber @ react-dom-client.development.js:12755
recursivelyTraversePassiveMountEffects @ react-dom-client.development.js:12627
commitPassiveMountOnFiber @ react-dom-client.development.js:12755
recursivelyTraversePassiveMountEffects @ react-dom-client.development.js:12627
commitPassiveMountOnFiber @ react-dom-client.development.js:12755
recursivelyTraversePassiveMountEffects @ react-dom-client.development.js:12627
commitPassiveMountOnFiber @ react-dom-client.development.js:12646
recursivelyTraversePassiveMountEffects @ react-dom-client.development.js:12627
commitPassiveMountOnFiber @ react-dom-client.development.js:12646
recursivelyTraversePassiveMountEffects @ react-dom-client.development.js:12627
commitPassiveMountOnFiber @ react-dom-client.development.js:12646
recursivelyTraversePassiveMountEffects @ react-dom-client.development.js:12627
commitPassiveMountOnFiber @ react-dom-client.development.js:12755
recursivelyTraversePassiveMountEffects @ react-dom-client.development.js:12627
commitPassiveMountOnFiber @ react-dom-client.development.js:12755
recursivelyTraversePassiveMountEffects @ react-dom-client.development.js:12627
commitPassiveMountOnFiber @ react-dom-client.development.js:12646
recursivelyTraversePassiveMountEffects @ react-dom-client.development.js:12627
commitPassiveMountOnFiber @ react-dom-client.development.js:12755
recursivelyTraversePassiveMountEffects @ react-dom-client.development.js:12627
commitPassiveMountOnFiber @ react-dom-client.development.js:12646
recursivelyTraversePassiveMountEffects @ react-dom-client.development.js:12627
commitPassiveMountOnFiber @ react-dom-client.development.js:12755
recursivelyTraversePassiveMountEffects @ react-dom-client.development.js:12627
commitPassiveMountOnFiber @ react-dom-client.development.js:12755
recursivelyTraversePassiveMountEffects @ react-dom-client.development.js:12627
commitPassiveMountOnFiber @ react-dom-client.development.js:12646
recursivelyTraversePassiveMountEffects @ react-dom-client.development.js:12627
commitPassiveMountOnFiber @ react-dom-client.development.js:12755
recursivelyTraversePassiveMountEffects @ react-dom-client.development.js:12627
commitPassiveMountOnFiber @ react-dom-client.development.js:12755
recursivelyTraversePassiveMountEffects @ react-dom-client.development.js:12627
commitPassiveMountOnFiber @ react-dom-client.development.js:12646
recursivelyTraversePassiveMountEffects @ react-dom-client.development.js:12627
commitPassiveMountOnFiber @ react-dom-client.development.js:12755
recursivelyTraversePassiveMountEffects @ react-dom-client.development.js:12627
commitPassiveMountOnFiber @ react-dom-client.development.js:12755
recursivelyTraversePassiveMountEffects @ react-dom-client.development.js:12627
commitPassiveMountOnFiber @ react-dom-client.development.js:12646
recursivelyTraversePassiveMountEffects @ react-dom-client.development.js:12627
commitPassiveMountOnFiber @ react-dom-client.development.js:12755
recursivelyTraversePassiveMountEffects @ react-dom-client.development.js:12627
commitPassiveMountOnFiber @ react-dom-client.development.js:12755
recursivelyTraversePassiveMountEffects @ react-dom-client.development.js:12627
commitPassiveMountOnFiber @ react-dom-client.development.js:12646
recursivelyTraversePassiveMountEffects @ react-dom-client.development.js:12627
commitPassiveMountOnFiber @ react-dom-client.development.js:12755
recursivelyTraversePassiveMountEffects @ react-dom-client.development.js:12627
commitPassiveMountOnFiber @ react-dom-client.development.js:12755
recursivelyTraversePassiveMountEffects @ react-dom-client.development.js:12627
commitPassiveMountOnFiber @ react-dom-client.development.js:12646
recursivelyTraversePassiveMountEffects @ react-dom-client.development.js:12627
commitPassiveMountOnFiber @ react-dom-client.development.js:12755
recursivelyTraversePassiveMountEffects @ react-dom-client.development.js:12627
commitPassiveMountOnFiber @ react-dom-client.development.js:12646
recursivelyTraversePassiveMountEffects @ react-dom-client.development.js:12627
commitPassiveMountOnFiber @ react-dom-client.development.js:12755
recursivelyTraversePassiveMountEffects @ react-dom-client.development.js:12627
commitPassiveMountOnFiber @ react-dom-client.development.js:12646
recursivelyTraversePassiveMountEffects @ react-dom-client.development.js:12627
commitPassiveMountOnFiber @ react-dom-client.development.js:12755
recursivelyTraversePassiveMountEffects @ react-dom-client.development.js:12627
commitPassiveMountOnFiber @ react-dom-client.development.js:12646
recursivelyTraversePassiveMountEffects @ react-dom-client.development.js:12627
commitPassiveMountOnFiber @ react-dom-client.development.js:12755
recursivelyTraversePassiveMountEffects @ react-dom-client.development.js:12627
commitPassiveMountOnFiber @ react-dom-client.development.js:12646
recursivelyTraversePassiveMountEffects @ react-dom-client.development.js:12627
commitPassiveMountOnFiber @ react-dom-client.development.js:12755
recursivelyTraversePassiveMountEffects @ react-dom-client.development.js:12627
commitPassiveMountOnFiber @ react-dom-client.development.js:12646
recursivelyTraversePassiveMountEffects @ react-dom-client.development.js:12627
commitPassiveMountOnFiber @ react-dom-client.development.js:12755
recursivelyTraversePassiveMountEffects @ react-dom-client.development.js:12627
commitPassiveMountOnFiber @ react-dom-client.development.js:12646
recursivelyTraversePassiveMountEffects @ react-dom-client.development.js:12627
commitPassiveMountOnFiber @ react-dom-client.development.js:12646
recursivelyTraversePassiveMountEffects @ react-dom-client.development.js:12627
commitPassiveMountOnFiber @ react-dom-client.development.js:12755
recursivelyTraversePassiveMountEffects @ react-dom-client.development.js:12627
commitPassiveMountOnFiber @ react-dom-client.development.js:12755
recursivelyTraversePassiveMountEffects @ react-dom-client.development.js:12627
commitPassiveMountOnFiber @ react-dom-client.development.js:12646
recursivelyTraversePassiveMountEffects @ react-dom-client.development.js:12627
commitPassiveMountOnFiber @ react-dom-client.development.js:12755
recursivelyTraversePassiveMountEffects @ react-dom-client.development.js:12627
commitPassiveMountOnFiber @ react-dom-client.development.js:12755
recursivelyTraversePassiveMountEffects @ react-dom-client.development.js:12627
commitPassiveMountOnFiber @ react-dom-client.development.js:12646
recursivelyTraversePassiveMountEffects @ react-dom-client.development.js:12627
commitPassiveMountOnFiber @ react-dom-client.development.js:12755
recursivelyTraversePassiveMountEffects @ react-dom-client.development.js:12627
commitPassiveMountOnFiber @ react-dom-client.development.js:12646
recursivelyTraversePassiveMountEffects @ react-dom-client.development.js:12627
commitPassiveMountOnFiber @ react-dom-client.development.js:12646
recursivelyTraversePassiveMountEffects @ react-dom-client.development.js:12627
commitPassiveMountOnFiber @ react-dom-client.development.js:12755
recursivelyTraversePassiveMountEffects @ react-dom-client.development.js:12627
commitPassiveMountOnFiber @ react-dom-client.development.js:12646
recursivelyTraversePassiveMountEffects @ react-dom-client.development.js:12627
commitPassiveMountOnFiber @ react-dom-client.development.js:12755
recursivelyTraversePassiveMountEffects @ react-dom-client.development.js:12627
commitPassiveMountOnFiber @ react-dom-client.development.js:12755
recursivelyTraversePassiveMountEffects @ react-dom-client.development.js:12627
commitPassiveMountOnFiber @ react-dom-client.development.js:12646
recursivelyTraversePassiveMountEffects @ react-dom-client.development.js:12627
commitPassiveMountOnFiber @ react-dom-client.development.js:12646
recursivelyTraversePassiveMountEffects @ react-dom-client.development.js:12627
commitPassiveMountOnFiber @ react-dom-client.development.js:12755
recursivelyTraversePassiveMountEffects @ react-dom-client.development.js:12627
commitPassiveMountOnFiber @ react-dom-client.development.js:12755
recursivelyTraversePassiveMountEffects @ react-dom-client.development.js:12627
commitPassiveMountOnFiber @ react-dom-client.development.js:12646
recursivelyTraversePassiveMountEffects @ react-dom-client.development.js:12627
commitPassiveMountOnFiber @ react-dom-client.development.js:12646
recursivelyTraversePassiveMountEffects @ react-dom-client.development.js:12627
commitPassiveMountOnFiber @ react-dom-client.development.js:12646
recursivelyTraversePassiveMountEffects @ react-dom-client.development.js:12627
commitPassiveMountOnFiber @ react-dom-client.development.js:12646
recursivelyTraversePassiveMountEffects @ react-dom-client.development.js:12627
commitPassiveMountOnFiber @ react-dom-client.development.js:12755
recursivelyTraversePassiveMountEffects @ react-dom-client.development.js:12627
commitPassiveMountOnFiber @ react-dom-client.development.js:12646
recursivelyTraversePassiveMountEffects @ react-dom-client.development.js:12627
commitPassiveMountOnFiber @ react-dom-client.development.js:12755
recursivelyTraversePassiveMountEffects @ react-dom-client.development.js:12627
commitPassiveMountOnFiber @ react-dom-client.development.js:12646
recursivelyTraversePassiveMountEffects @ react-dom-client.development.js:12627
commitPassiveMountOnFiber @ react-dom-client.development.js:12646
recursivelyTraversePassiveMountEffects @ react-dom-client.development.js:12627
commitPassiveMountOnFiber @ react-dom-client.development.js:12755
recursivelyTraversePassiveMountEffects @ react-dom-client.development.js:12627
commitPassiveMountOnFiber @ react-dom-client.development.js:12646
recursivelyTraversePassiveMountEffects @ react-dom-client.development.js:12627
commitPassiveMountOnFiber @ react-dom-client.development.js:12755
recursivelyTraversePassiveMountEffects @ react-dom-client.development.js:12627
commitPassiveMountOnFiber @ react-dom-client.development.js:12646
recursivelyTraversePassiveMountEffects @ react-dom-client.development.js:12627
commitPassiveMountOnFiber @ react-dom-client.development.js:12646
recursivelyTraversePassiveMountEffects @ react-dom-client.development.js:12627
commitPassiveMountOnFiber @ react-dom-client.development.js:12755
recursivelyTraversePassiveMountEffects @ react-dom-client.development.js:12627
commitPassiveMountOnFiber @ react-dom-client.development.js:12755
recursivelyTraversePassiveMountEffects @ react-dom-client.development.js:12627
commitPassiveMountOnFiber @ react-dom-client.development.js:12646
recursivelyTraversePassiveMountEffects @ react-dom-client.development.js:12627
commitPassiveMountOnFiber @ react-dom-client.development.js:12755
recursivelyTraversePassiveMountEffects @ react-dom-client.development.js:12627
commitPassiveMountOnFiber @ react-dom-client.development.js:12646
recursivelyTraversePassiveMountEffects @ react-dom-client.development.js:12627
commitPassiveMountOnFiber @ react-dom-client.development.js:12755
recursivelyTraversePassiveMountEffects @ react-dom-client.development.js:12627
setTimeout
__webpack_modules__../src/platform/polyfills.web.ts.window.setImmediate @ polyfills.web.ts:5
schedulePerformWorkUntilDeadline @ scheduler.development.js:214
performWorkUntilDeadline @ scheduler.development.js:80
setTimeout
__webpack_modules__../src/platform/polyfills.web.ts.window.setImmediate @ polyfills.web.ts:5
schedulePerformWorkUntilDeadline @ scheduler.development.js:214
requestHostCallback @ scheduler.development.js:168
__webpack_modules__../node_modules/scheduler/cjs/scheduler.development.js.exports.unstable_scheduleCallback @ scheduler.development.js:344
scheduleTaskForRootDuringMicrotask @ react-dom-client.development.js:15909
processRootScheduleInMicrotask @ react-dom-client.development.js:15830
(anonymous) @ react-dom-client.development.js:15962
setTimeout
(anonymous) @ StatsigNetwork.js:132
__webpack_modules__../node_modules/statsig-js/dist/StatsigNetwork.js.StatsigNetwork.postWithTimeout @ StatsigNetwork.js:131
__webpack_modules__../node_modules/statsig-js/dist/StatsigNetwork.js.StatsigNetwork.fetchValues @ StatsigNetwork.js:107
(anonymous) @ StatsigClient.js:1095
step @ StatsigClient.js:44
(anonymous) @ StatsigClient.js:25
(anonymous) @ StatsigClient.js:19
__webpack_modules__../node_modules/statsig-js/dist/StatsigClient.js.__awaiter @ StatsigClient.js:15
__webpack_modules__../node_modules/statsig-js/dist/StatsigClient.js.StatsigClient.fetchAndSaveValues @ StatsigClient.js:1070
(anonymous) @ StatsigClient.js:677
step @ StatsigClient.js:44
(anonymous) @ StatsigClient.js:25
(anonymous) @ StatsigClient.js:19
__webpack_modules__../node_modules/statsig-js/dist/StatsigClient.js.__awaiter @ StatsigClient.js:15
(anonymous) @ StatsigClient.js:633
__webpack_modules__../node_modules/statsig-js/dist/ErrorBoundary.js.ErrorBoundary.capture @ ErrorBoundary.js:74
(anonymous) @ StatsigClient.js:633
step @ StatsigClient.js:44
(anonymous) @ StatsigClient.js:25
(anonymous) @ StatsigClient.js:19
__webpack_modules__../node_modules/statsig-js/dist/StatsigClient.js.__awaiter @ StatsigClient.js:15
__webpack_modules__../node_modules/statsig-js/dist/StatsigClient.js.StatsigClient.updateUser @ StatsigClient.js:629
(anonymous) @ Statsig.js:222
__webpack_modules__../node_modules/statsig-react/dist/Statsig.js.Statsig.capture @ Statsig.js:395
__webpack_modules__../node_modules/statsig-react/dist/Statsig.js.Statsig.updateUser @ Statsig.js:222
(anonymous) @ StatsigProvider.js:76
react-stack-bottom-frame @ react-dom-client.development.js:22509
runWithFiberInDEV @ react-dom-client.development.js:543
commitHookEffectListMount @ react-dom-client.development.js:10758
commitHookPassiveMountEffects @ react-dom-client.development.js:10878
commitPassiveMountOnFiber @ react-dom-client.development.js:12653
recursivelyTraversePassiveMountEffects @ react-dom-client.development.js:12627
commitPassiveMountOnFiber @ react-dom-client.development.js:12646
recursivelyTraversePassiveMountEffects @ react-dom-client.development.js:12627
commitPassiveMountOnFiber @ react-dom-client.development.js:12755
recursivelyTraversePassiveMountEffects @ react-dom-client.development.js:12627
commitPassiveMountOnFiber @ react-dom-client.development.js:12646
recursivelyTraversePassiveMountEffects @ react-dom-client.development.js:12627
commitPassiveMountOnFiber @ react-dom-client.development.js:12755
recursivelyTraversePassiveMountEffects @ react-dom-client.development.js:12627
commitPassiveMountOnFiber @ react-dom-client.development.js:12755
recursivelyTraversePassiveMountEffects @ react-dom-client.development.js:12627
commitPassiveMountOnFiber @ react-dom-client.development.js:12646
recursivelyTraversePassiveMountEffects @ react-dom-client.development.js:12627
commitPassiveMountOnFiber @ react-dom-client.development.js:12646
recursivelyTraversePassiveMountEffects @ react-dom-client.development.js:12627
commitPassiveMountOnFiber @ react-dom-client.development.js:12755
recursivelyTraversePassiveMountEffects @ react-dom-client.development.js:12627
commitPassiveMountOnFiber @ react-dom-client.development.js:12755
recursivelyTraversePassiveMountEffects @ react-dom-client.development.js:12627
commitPassiveMountOnFiber @ react-dom-client.development.js:12646
recursivelyTraversePassiveMountEffects @ react-dom-client.development.js:12627
commitPassiveMountOnFiber @ react-dom-client.development.js:12646
recursivelyTraversePassiveMountEffects @ react-dom-client.development.js:12627
commitPassiveMountOnFiber @ react-dom-client.development.js:12646
recursivelyTraversePassiveMountEffects @ react-dom-client.development.js:12627
commitPassiveMountOnFiber @ react-dom-client.development.js:12646
recursivelyTraversePassiveMountEffects @ react-dom-client.development.js:12627
commitPassiveMountOnFiber @ react-dom-client.development.js:12755
recursivelyTraversePassiveMountEffects @ react-dom-client.development.js:12627
commitPassiveMountOnFiber @ react-dom-client.development.js:12646
recursivelyTraversePassiveMountEffects @ react-dom-client.development.js:12627
commitPassiveMountOnFiber @ react-dom-client.development.js:12755
recursivelyTraversePassiveMountEffects @ react-dom-client.development.js:12627
commitPassiveMountOnFiber @ react-dom-client.development.js:12646
recursivelyTraversePassiveMountEffects @ react-dom-client.development.js:12627
commitPassiveMountOnFiber @ react-dom-client.development.js:12646
recursivelyTraversePassiveMountEffects @ react-dom-client.development.js:12627
commitPassiveMountOnFiber @ react-dom-client.development.js:12755
recursivelyTraversePassiveMountEffects @ react-dom-client.development.js:12627
commitPassiveMountOnFiber @ react-dom-client.development.js:12646
recursivelyTraversePassiveMountEffects @ react-dom-client.development.js:12627
commitPassiveMountOnFiber @ react-dom-client.development.js:12755
recursivelyTraversePassiveMountEffects @ react-dom-client.development.js:12627
commitPassiveMountOnFiber @ react-dom-client.development.js:12646
recursivelyTraversePassiveMountEffects @ react-dom-client.development.js:12627
commitPassiveMountOnFiber @ react-dom-client.development.js:12646
recursivelyTraversePassiveMountEffects @ react-dom-client.development.js:12627
commitPassiveMountOnFiber @ react-dom-client.development.js:12755
recursivelyTraversePassiveMountEffects @ react-dom-client.development.js:12627
commitPassiveMountOnFiber @ react-dom-client.development.js:12755
recursivelyTraversePassiveMountEffects @ react-dom-client.development.js:12627
commitPassiveMountOnFiber @ react-dom-client.development.js:12646
recursivelyTraversePassiveMountEffects @ react-dom-client.development.js:12627
commitPassiveMountOnFiber @ react-dom-client.development.js:12755
recursivelyTraversePassiveMountEffects @ react-dom-client.development.js:12627
commitPassiveMountOnFiber @ react-dom-client.development.js:12646
recursivelyTraversePassiveMountEffects @ react-dom-client.development.js:12627
commitPassiveMountOnFiber @ react-dom-client.development.js:12755
recursivelyTraversePassiveMountEffects @ react-dom-client.development.js:12627
commitPassiveMountOnFiber @ react-dom-client.development.js:12755
recursivelyTraversePassiveMountEffects @ react-dom-client.development.js:12627
commitPassiveMountOnFiber @ react-dom-client.development.js:12646
recursivelyTraversePassiveMountEffects @ react-dom-client.development.js:12627
commitPassiveMountOnFiber @ react-dom-client.development.js:12755
recursivelyTraversePassiveMountEffects @ react-dom-client.development.js:12627
commitPassiveMountOnFiber @ react-dom-client.development.js:12646
recursivelyTraversePassiveMountEffects @ react-dom-client.development.js:12627
commitPassiveMountOnFiber @ react-dom-client.development.js:12755
recursivelyTraversePassiveMountEffects @ react-dom-client.development.js:12627
commitPassiveMountOnFiber @ react-dom-client.development.js:12755
recursivelyTraversePassiveMountEffects @ react-dom-client.development.js:12627
commitPassiveMountOnFiber @ react-dom-client.development.js:12646
recursivelyTraversePassiveMountEffects @ react-dom-client.development.js:12627
commitPassiveMountOnFiber @ react-dom-client.development.js:12755
recursivelyTraversePassiveMountEffects @ react-dom-client.development.js:12627
commitPassiveMountOnFiber @ react-dom-client.development.js:12755
recursivelyTraversePassiveMountEffects @ react-dom-client.development.js:12627
commitPassiveMountOnFiber @ react-dom-client.development.js:12646
recursivelyTraversePassiveMountEffects @ react-dom-client.development.js:12627
commitPassiveMountOnFiber @ react-dom-client.development.js:12755
recursivelyTraversePassiveMountEffects @ react-dom-client.development.js:12627
commitPassiveMountOnFiber @ react-dom-client.development.js:12755
recursivelyTraversePassiveMountEffects @ react-dom-client.development.js:12627
commitPassiveMountOnFiber @ react-dom-client.development.js:12646
recursivelyTraversePassiveMountEffects @ react-dom-client.development.js:12627
commitPassiveMountOnFiber @ react-dom-client.development.js:12755
recursivelyTraversePassiveMountEffects @ react-dom-client.development.js:12627
commitPassiveMountOnFiber @ react-dom-client.development.js:12646
recursivelyTraversePassiveMountEffects @ react-dom-client.development.js:12627
commitPassiveMountOnFiber @ react-dom-client.development.js:12755
recursivelyTraversePassiveMountEffects @ react-dom-client.development.js:12627
commitPassiveMountOnFiber @ react-dom-client.development.js:12755
recursivelyTraversePassiveMountEffects @ react-dom-client.development.js:12627
commitPassiveMountOnFiber @ react-dom-client.development.js:12646
recursivelyTraversePassiveMountEffects @ react-dom-client.development.js:12627
commitPassiveMountOnFiber @ react-dom-client.development.js:12755
recursivelyTraversePassiveMountEffects @ react-dom-client.development.js:12627
commitPassiveMountOnFiber @ react-dom-client.development.js:12755
recursivelyTraversePassiveMountEffects @ react-dom-client.development.js:12627
commitPassiveMountOnFiber @ react-dom-client.development.js:12646
recursivelyTraversePassiveMountEffects @ react-dom-client.development.js:12627
commitPassiveMountOnFiber @ react-dom-client.development.js:12755
recursivelyTraversePassiveMountEffects @ react-dom-client.development.js:12627
commitPassiveMountOnFiber @ react-dom-client.development.js:12755
recursivelyTraversePassiveMountEffects @ react-dom-client.development.js:12627
commitPassiveMountOnFiber @ react-dom-client.development.js:12646
recursivelyTraversePassiveMountEffects @ react-dom-client.development.js:12627
commitPassiveMountOnFiber @ react-dom-client.development.js:12755
recursivelyTraversePassiveMountEffects @ react-dom-client.development.js:12627
commitPassiveMountOnFiber @ react-dom-client.development.js:12755
recursivelyTraversePassiveMountEffects @ react-dom-client.development.js:12627
commitPassiveMountOnFiber @ react-dom-client.development.js:12646
recursivelyTraversePassiveMountEffects @ react-dom-client.development.js:12627
commitPassiveMountOnFiber @ react-dom-client.development.js:12755
recursivelyTraversePassiveMountEffects @ react-dom-client.development.js:12627
commitPassiveMountOnFiber @ react-dom-client.development.js:12755
recursivelyTraversePassiveMountEffects @ react-dom-client.development.js:12627
commitPassiveMountOnFiber @ react-dom-client.development.js:12646
recursivelyTraversePassiveMountEffects @ react-dom-client.development.js:12627
commitPassiveMountOnFiber @ react-dom-client.development.js:12755
recursivelyTraversePassiveMountEffects @ react-dom-client.development.js:12627
commitPassiveMountOnFiber @ react-dom-client.development.js:12646
recursivelyTraversePassiveMountEffects @ react-dom-client.development.js:12627
commitPassiveMountOnFiber @ react-dom-client.development.js:12646
recursivelyTraversePassiveMountEffects @ react-dom-client.development.js:12627
commitPassiveMountOnFiber @ react-dom-client.development.js:12755
recursivelyTraversePassiveMountEffects @ react-dom-client.development.js:12627
commitPassiveMountOnFiber @ react-dom-client.development.js:12646
recursivelyTraversePassiveMountEffects @ react-dom-client.development.js:12627
commitPassiveMountOnFiber @ react-dom-client.development.js:12646
recursivelyTraversePassiveMountEffects @ react-dom-client.development.js:12627
commitPassiveMountOnFiber @ react-dom-client.development.js:12755
recursivelyTraversePassiveMountEffects @ react-dom-client.development.js:12627
commitPassiveMountOnFiber @ react-dom-client.development.js:12646
recursivelyTraversePassiveMountEffects @ react-dom-client.development.js:12627
commitPassiveMountOnFiber @ react-dom-client.development.js:12755
recursivelyTraversePassiveMountEffects @ react-dom-client.development.js:12627
commitPassiveMountOnFiber @ react-dom-client.development.js:12755
recursivelyTraversePassiveMountEffects @ react-dom-client.development.js:12627
commitPassiveMountOnFiber @ react-dom-client.development.js:12646
recursivelyTraversePassiveMountEffects @ react-dom-client.development.js:12627
commitPassiveMountOnFiber @ react-dom-client.development.js:12755
recursivelyTraversePassiveMountEffects @ react-dom-client.development.js:12627
commitPassiveMountOnFiber @ react-dom-client.development.js:12755
recursivelyTraversePassiveMountEffects @ react-dom-client.development.js:12627
commitPassiveMountOnFiber @ react-dom-client.development.js:12646
recursivelyTraversePassiveMountEffects @ react-dom-client.development.js:12627
commitPassiveMountOnFiber @ react-dom-client.development.js:12755
recursivelyTraversePassiveMountEffects @ react-dom-client.development.js:12627
commitPassiveMountOnFiber @ react-dom-client.development.js:12755
recursivelyTraversePassiveMountEffects @ react-dom-client.development.js:12627
commitPassiveMountOnFiber @ react-dom-client.development.js:12646
recursivelyTraversePassiveMountEffects @ react-dom-client.development.js:12627
commitPassiveMountOnFiber @ react-dom-client.development.js:12755
recursivelyTraversePassiveMountEffects @ react-dom-client.development.js:12627
commitPassiveMountOnFiber @ react-dom-client.development.js:12755
recursivelyTraversePassiveMountEffects @ react-dom-client.development.js:12627
commitPassiveMountOnFiber @ react-dom-client.development.js:12646
recursivelyTraversePassiveMountEffects @ react-dom-client.development.js:12627
commitPassiveMountOnFiber @ react-dom-client.development.js:12755
recursivelyTraversePassiveMountEffects @ react-dom-client.development.js:12627
commitPassiveMountOnFiber @ react-dom-client.development.js:12755
recursivelyTraversePassiveMountEffects @ react-dom-client.development.js:12627
commitPassiveMountOnFiber @ react-dom-client.development.js:12646
recursivelyTraversePassiveMountEffects @ react-dom-client.development.js:12627
commitPassiveMountOnFiber @ react-dom-client.development.js:12755
recursivelyTraversePassiveMountEffects @ react-dom-client.development.js:12627
commitPassiveMountOnFiber @ react-dom-client.development.js:12755
recursivelyTraversePassiveMountEffects @ react-dom-client.development.js:12627
setTimeout
__webpack_modules__../src/platform/polyfills.web.ts.window.setImmediate @ polyfills.web.ts:5
schedulePerformWorkUntilDeadline @ scheduler.development.js:214
requestHostCallback @ scheduler.development.js:168
__webpack_modules__../node_modules/scheduler/cjs/scheduler.development.js.exports.unstable_scheduleCallback @ scheduler.development.js:344
scheduleTaskForRootDuringMicrotask @ react-dom-client.development.js:15909
processRootScheduleInMicrotask @ react-dom-client.development.js:15830
(anonymous) @ react-dom-client.development.js:15962
setTimeout
__webpack_modules__../src/platform/polyfills.web.ts.window.setImmediate @ polyfills.web.ts:5
schedulePerformWorkUntilDeadline @ scheduler.development.js:214
requestHostCallback @ scheduler.development.js:168
__webpack_modules__../node_modules/scheduler/cjs/scheduler.development.js.exports.unstable_scheduleCallback @ scheduler.development.js:344
scheduleTaskForRootDuringMicrotask @ react-dom-client.development.js:15909
processRootScheduleInMicrotask @ react-dom-client.development.js:15830
(anonymous) @ react-dom-client.development.js:15962Understand this error
bundle.js:419182  POST https://events.gndr.app/v2/initialize net::ERR_NAME_NOT_RESOLVED
(anonymous) @ StatsigNetwork.js:270
step @ StatsigNetwork.js:44
(anonymous) @ StatsigNetwork.js:25
(anonymous) @ StatsigNetwork.js:19
__webpack_modules__../node_modules/statsig-js/dist/StatsigNetwork.js.__awaiter @ StatsigNetwork.js:15
__webpack_modules__../node_modules/statsig-js/dist/StatsigNetwork.js.StatsigNetwork.postToEndpoint @ StatsigNetwork.js:213
(anonymous) @ StatsigNetwork.js:314
setTimeout
(anonymous) @ StatsigNetwork.js:312
(anonymous) @ StatsigNetwork.js:311
Promise.catch
(anonymous) @ StatsigNetwork.js:301
step @ StatsigNetwork.js:44
(anonymous) @ StatsigNetwork.js:25
(anonymous) @ StatsigNetwork.js:19
__webpack_modules__../node_modules/statsig-js/dist/StatsigNetwork.js.__awaiter @ StatsigNetwork.js:15
__webpack_modules__../node_modules/statsig-js/dist/StatsigNetwork.js.StatsigNetwork.postToEndpoint @ StatsigNetwork.js:213
__webpack_modules__../node_modules/statsig-js/dist/StatsigNetwork.js.StatsigNetwork.postWithTimeout @ StatsigNetwork.js:139
__webpack_modules__../node_modules/statsig-js/dist/StatsigNetwork.js.StatsigNetwork.fetchValues @ StatsigNetwork.js:107
(anonymous) @ StatsigClient.js:1095
step @ StatsigClient.js:44
(anonymous) @ StatsigClient.js:25
(anonymous) @ StatsigClient.js:19
__webpack_modules__../node_modules/statsig-js/dist/StatsigClient.js.__awaiter @ StatsigClient.js:15
__webpack_modules__../node_modules/statsig-js/dist/StatsigClient.js.StatsigClient.fetchAndSaveValues @ StatsigClient.js:1070
(anonymous) @ StatsigClient.js:284
step @ StatsigClient.js:44
(anonymous) @ StatsigClient.js:25
fulfilled @ StatsigClient.js:16
Promise.then
step @ StatsigClient.js:18
fulfilled @ StatsigClient.js:16
Promise.then
step @ StatsigClient.js:18
(anonymous) @ StatsigClient.js:19
__webpack_modules__../node_modules/statsig-js/dist/StatsigClient.js.__awaiter @ StatsigClient.js:15
(anonymous) @ StatsigClient.js:246
__webpack_modules__../node_modules/statsig-js/dist/ErrorBoundary.js.ErrorBoundary.capture @ ErrorBoundary.js:74
(anonymous) @ StatsigClient.js:246
step @ StatsigClient.js:44
(anonymous) @ StatsigClient.js:25
(anonymous) @ StatsigClient.js:19
__webpack_modules__../node_modules/statsig-js/dist/StatsigClient.js.__awaiter @ StatsigClient.js:15
__webpack_modules__../node_modules/statsig-js/dist/StatsigClient.js.StatsigClient.initializeAsync @ StatsigClient.js:243
(anonymous) @ Statsig.js:76
step @ Statsig.js:39
(anonymous) @ Statsig.js:20
(anonymous) @ Statsig.js:14
__webpack_modules__../node_modules/statsig-react/dist/Statsig.js.__awaiter @ Statsig.js:10
__webpack_modules__../node_modules/statsig-react/dist/Statsig.js.Statsig.initialize @ Statsig.js:59
(anonymous) @ Statsig.ts:34
step @ sha256.js:526
(anonymous) @ sha256.js:526
(anonymous) @ sha256.js:526
__webpack_modules__../node_modules/statsig-react-native-expo/dist/Statsig.js.__awaiter @ sha256.js:526
__webpack_modules__../node_modules/statsig-react-native-expo/dist/Statsig.js.Statsig.initialize @ Statsig.ts:13
initialize @ bundle.js:419182
./src/lib/statsig/statsig.tsx @ bundle.js:419001
options.factory @ react refresh:37
__webpack_require__ @ bootstrap:22
fn @ hot module replacement:61
hotRequire @ react refresh:20
./src/App.web.tsx @ types.js:3693
options.factory @ react refresh:37
__webpack_require__ @ bootstrap:22
fn @ hot module replacement:61
hotRequire @ react refresh:20
./index.web.js @ bundle.js:247
options.factory @ react refresh:37
__webpack_require__ @ bootstrap:22
(anonymous) @ startup:8
(anonymous) @ startup:8Understand this error
bundle.js:419182  POST https://events.gndr.app/v2/rgstr net::ERR_NAME_NOT_RESOLVED
(anonymous) @ StatsigNetwork.js:270
step @ StatsigNetwork.js:44
(anonymous) @ StatsigNetwork.js:25
(anonymous) @ StatsigNetwork.js:19
__webpack_modules__../node_modules/statsig-js/dist/StatsigNetwork.js.__awaiter @ StatsigNetwork.js:15
__webpack_modules__../node_modules/statsig-js/dist/StatsigNetwork.js.StatsigNetwork.postToEndpoint @ StatsigNetwork.js:213
(anonymous) @ StatsigNetwork.js:314
setTimeout
(anonymous) @ StatsigNetwork.js:312
(anonymous) @ StatsigNetwork.js:311
Promise.catch
(anonymous) @ StatsigNetwork.js:301
step @ StatsigNetwork.js:44
(anonymous) @ StatsigNetwork.js:25
(anonymous) @ StatsigNetwork.js:19
__webpack_modules__../node_modules/statsig-js/dist/StatsigNetwork.js.__awaiter @ StatsigNetwork.js:15
__webpack_modules__../node_modules/statsig-js/dist/StatsigNetwork.js.StatsigNetwork.postToEndpoint @ StatsigNetwork.js:213
__webpack_modules__../node_modules/statsig-js/dist/StatsigLogger.js.StatsigLogger.flush @ StatsigLogger.js:381
(anonymous) @ StatsigLogger.js:123
setTimeout
__webpack_modules__../node_modules/statsig-js/dist/StatsigLogger.js.StatsigLogger.init @ StatsigLogger.js:123
StatsigLogger @ StatsigLogger.js:91
StatsigClient @ StatsigClient.js:102
(anonymous) @ Statsig.js:66
step @ Statsig.js:39
(anonymous) @ Statsig.js:20
(anonymous) @ Statsig.js:14
__webpack_modules__../node_modules/statsig-react/dist/Statsig.js.__awaiter @ Statsig.js:10
__webpack_modules__../node_modules/statsig-react/dist/Statsig.js.Statsig.initialize @ Statsig.js:59
(anonymous) @ Statsig.ts:34
step @ sha256.js:526
(anonymous) @ sha256.js:526
(anonymous) @ sha256.js:526
__webpack_modules__../node_modules/statsig-react-native-expo/dist/Statsig.js.__awaiter @ sha256.js:526
__webpack_modules__../node_modules/statsig-react-native-expo/dist/Statsig.js.Statsig.initialize @ Statsig.ts:13
initialize @ bundle.js:419182
./src/lib/statsig/statsig.tsx @ bundle.js:419001
options.factory @ react refresh:37
__webpack_require__ @ bootstrap:22
fn @ hot module replacement:61
hotRequire @ react refresh:20
./src/App.web.tsx @ types.js:3693
options.factory @ react refresh:37
__webpack_require__ @ bootstrap:22
fn @ hot module replacement:61
hotRequire @ react refresh:20
./index.web.js @ bundle.js:247
options.factory @ react refresh:37
__webpack_require__ @ bootstrap:22
(anonymous) @ startup:8
(anonymous) @ startup:8Understand this error
StatsigNetwork.js:270  POST https://events.gndr.app/v2/rgstr net::ERR_NAME_NOT_RESOLVED
(anonymous) @ StatsigNetwork.js:270
step @ StatsigNetwork.js:44
(anonymous) @ StatsigNetwork.js:25
(anonymous) @ StatsigNetwork.js:19
__webpack_modules__../node_modules/statsig-js/dist/StatsigNetwork.js.__awaiter @ StatsigNetwork.js:15
__webpack_modules__../node_modules/statsig-js/dist/StatsigNetwork.js.StatsigNetwork.postToEndpoint @ StatsigNetwork.js:213
(anonymous) @ StatsigNetwork.js:314
setTimeout
(anonymous) @ StatsigNetwork.js:312
(anonymous) @ StatsigNetwork.js:311
Promise.catch
(anonymous) @ StatsigNetwork.js:301
step @ StatsigNetwork.js:44
(anonymous) @ StatsigNetwork.js:25
(anonymous) @ StatsigNetwork.js:19
__webpack_modules__../node_modules/statsig-js/dist/StatsigNetwork.js.__awaiter @ StatsigNetwork.js:15
__webpack_modules__../node_modules/statsig-js/dist/StatsigNetwork.js.StatsigNetwork.postToEndpoint @ StatsigNetwork.js:213
__webpack_modules__../node_modules/statsig-js/dist/StatsigLogger.js.StatsigLogger.flush @ StatsigLogger.js:381
(anonymous) @ StatsigLogger.js:100
setTimeout
(anonymous) @ StatsigLogger.js:100Understand this error
polyfills.web.ts:5  POST https://events.gndr.app/v2/initialize net::ERR_NAME_NOT_RESOLVED
(anonymous) @ StatsigNetwork.js:270
step @ StatsigNetwork.js:44
(anonymous) @ StatsigNetwork.js:25
(anonymous) @ StatsigNetwork.js:19
__webpack_modules__../node_modules/statsig-js/dist/StatsigNetwork.js.__awaiter @ StatsigNetwork.js:15
__webpack_modules__../node_modules/statsig-js/dist/StatsigNetwork.js.StatsigNetwork.postToEndpoint @ StatsigNetwork.js:213
(anonymous) @ StatsigNetwork.js:314
setTimeout
(anonymous) @ StatsigNetwork.js:312
(anonymous) @ StatsigNetwork.js:311
Promise.catch
(anonymous) @ StatsigNetwork.js:301
step @ StatsigNetwork.js:44
(anonymous) @ StatsigNetwork.js:25
(anonymous) @ StatsigNetwork.js:19
__webpack_modules__../node_modules/statsig-js/dist/StatsigNetwork.js.__awaiter @ StatsigNetwork.js:15
__webpack_modules__../node_modules/statsig-js/dist/StatsigNetwork.js.StatsigNetwork.postToEndpoint @ StatsigNetwork.js:213
__webpack_modules__../node_modules/statsig-js/dist/StatsigNetwork.js.StatsigNetwork.postWithTimeout @ StatsigNetwork.js:139
__webpack_modules__../node_modules/statsig-js/dist/StatsigNetwork.js.StatsigNetwork.fetchValues @ StatsigNetwork.js:107
(anonymous) @ StatsigClient.js:1095
step @ StatsigClient.js:44
(anonymous) @ StatsigClient.js:25
(anonymous) @ StatsigClient.js:19
__webpack_modules__../node_modules/statsig-js/dist/StatsigClient.js.__awaiter @ StatsigClient.js:15
__webpack_modules__../node_modules/statsig-js/dist/StatsigClient.js.StatsigClient.fetchAndSaveValues @ StatsigClient.js:1070
(anonymous) @ StatsigClient.js:677
step @ StatsigClient.js:44
(anonymous) @ StatsigClient.js:25
(anonymous) @ StatsigClient.js:19
__webpack_modules__../node_modules/statsig-js/dist/StatsigClient.js.__awaiter @ StatsigClient.js:15
(anonymous) @ StatsigClient.js:633
__webpack_modules__../node_modules/statsig-js/dist/ErrorBoundary.js.ErrorBoundary.capture @ ErrorBoundary.js:74
(anonymous) @ StatsigClient.js:633
step @ StatsigClient.js:44
(anonymous) @ StatsigClient.js:25
(anonymous) @ StatsigClient.js:19
__webpack_modules__../node_modules/statsig-js/dist/StatsigClient.js.__awaiter @ StatsigClient.js:15
__webpack_modules__../node_modules/statsig-js/dist/StatsigClient.js.StatsigClient.updateUser @ StatsigClient.js:629
(anonymous) @ Statsig.js:222
__webpack_modules__../node_modules/statsig-react/dist/Statsig.js.Statsig.capture @ Statsig.js:395
__webpack_modules__../node_modules/statsig-react/dist/Statsig.js.Statsig.updateUser @ Statsig.js:222
(anonymous) @ StatsigProvider.js:76
react-stack-bottom-frame @ react-dom-client.development.js:22509
runWithFiberInDEV @ react-dom-client.development.js:543
commitHookEffectListMount @ react-dom-client.development.js:10758
commitHookPassiveMountEffects @ react-dom-client.development.js:10878
commitPassiveMountOnFiber @ react-dom-client.development.js:12653
recursivelyTraversePassiveMountEffects @ react-dom-client.development.js:12627
commitPassiveMountOnFiber @ react-dom-client.development.js:12646
recursivelyTraversePassiveMountEffects @ react-dom-client.development.js:12627
commitPassiveMountOnFiber @ react-dom-client.development.js:12755
recursivelyTraversePassiveMountEffects @ react-dom-client.development.js:12627
commitPassiveMountOnFiber @ react-dom-client.development.js:12646
recursivelyTraversePassiveMountEffects @ react-dom-client.development.js:12627
commitPassiveMountOnFiber @ react-dom-client.development.js:12755
recursivelyTraversePassiveMountEffects @ react-dom-client.development.js:12627
commitPassiveMountOnFiber @ react-dom-client.development.js:12755
recursivelyTraversePassiveMountEffects @ react-dom-client.development.js:12627
commitPassiveMountOnFiber @ react-dom-client.development.js:12646
recursivelyTraversePassiveMountEffects @ react-dom-client.development.js:12627
commitPassiveMountOnFiber @ react-dom-client.development.js:12646
recursivelyTraversePassiveMountEffects @ react-dom-client.development.js:12627
commitPassiveMountOnFiber @ react-dom-client.development.js:12755
recursivelyTraversePassiveMountEffects @ react-dom-client.development.js:12627
commitPassiveMountOnFiber @ react-dom-client.development.js:12755
recursivelyTraversePassiveMountEffects @ react-dom-client.development.js:12627
commitPassiveMountOnFiber @ react-dom-client.development.js:12646
recursivelyTraversePassiveMountEffects @ react-dom-client.development.js:12627
commitPassiveMountOnFiber @ react-dom-client.development.js:12646
recursivelyTraversePassiveMountEffects @ react-dom-client.development.js:12627
commitPassiveMountOnFiber @ react-dom-client.development.js:12646
recursivelyTraversePassiveMountEffects @ react-dom-client.development.js:12627
commitPassiveMountOnFiber @ react-dom-client.development.js:12646
recursivelyTraversePassiveMountEffects @ react-dom-client.development.js:12627
commitPassiveMountOnFiber @ react-dom-client.development.js:12755
recursivelyTraversePassiveMountEffects @ react-dom-client.development.js:12627
commitPassiveMountOnFiber @ react-dom-client.development.js:12646
recursivelyTraversePassiveMountEffects @ react-dom-client.development.js:12627
commitPassiveMountOnFiber @ react-dom-client.development.js:12755
recursivelyTraversePassiveMountEffects @ react-dom-client.development.js:12627
commitPassiveMountOnFiber @ react-dom-client.development.js:12646
recursivelyTraversePassiveMountEffects @ react-dom-client.development.js:12627
commitPassiveMountOnFiber @ react-dom-client.development.js:12646
recursivelyTraversePassiveMountEffects @ react-dom-client.development.js:12627
commitPassiveMountOnFiber @ react-dom-client.development.js:12755
recursivelyTraversePassiveMountEffects @ react-dom-client.development.js:12627
commitPassiveMountOnFiber @ react-dom-client.development.js:12646
recursivelyTraversePassiveMountEffects @ react-dom-client.development.js:12627
commitPassiveMountOnFiber @ react-dom-client.development.js:12755
recursivelyTraversePassiveMountEffects @ react-dom-client.development.js:12627
commitPassiveMountOnFiber @ react-dom-client.development.js:12646
recursivelyTraversePassiveMountEffects @ react-dom-client.development.js:12627
commitPassiveMountOnFiber @ react-dom-client.development.js:12646
recursivelyTraversePassiveMountEffects @ react-dom-client.development.js:12627
commitPassiveMountOnFiber @ react-dom-client.development.js:12755
recursivelyTraversePassiveMountEffects @ react-dom-client.development.js:12627
commitPassiveMountOnFiber @ react-dom-client.development.js:12755
recursivelyTraversePassiveMountEffects @ react-dom-client.development.js:12627
commitPassiveMountOnFiber @ react-dom-client.development.js:12646
recursivelyTraversePassiveMountEffects @ react-dom-client.development.js:12627
commitPassiveMountOnFiber @ react-dom-client.development.js:12755
recursivelyTraversePassiveMountEffects @ react-dom-client.development.js:12627
commitPassiveMountOnFiber @ react-dom-client.development.js:12646
recursivelyTraversePassiveMountEffects @ react-dom-client.development.js:12627
commitPassiveMountOnFiber @ react-dom-client.development.js:12755
recursivelyTraversePassiveMountEffects @ react-dom-client.development.js:12627
commitPassiveMountOnFiber @ react-dom-client.development.js:12755
recursivelyTraversePassiveMountEffects @ react-dom-client.development.js:12627
commitPassiveMountOnFiber @ react-dom-client.development.js:12646
recursivelyTraversePassiveMountEffects @ react-dom-client.development.js:12627
commitPassiveMountOnFiber @ react-dom-client.development.js:12755
recursivelyTraversePassiveMountEffects @ react-dom-client.development.js:12627
commitPassiveMountOnFiber @ react-dom-client.development.js:12646
recursivelyTraversePassiveMountEffects @ react-dom-client.development.js:12627
commitPassiveMountOnFiber @ react-dom-client.development.js:12755
recursivelyTraversePassiveMountEffects @ react-dom-client.development.js:12627
commitPassiveMountOnFiber @ react-dom-client.development.js:12755
recursivelyTraversePassiveMountEffects @ react-dom-client.development.js:12627
commitPassiveMountOnFiber @ react-dom-client.development.js:12646
recursivelyTraversePassiveMountEffects @ react-dom-client.development.js:12627
commitPassiveMountOnFiber @ react-dom-client.development.js:12755
recursivelyTraversePassiveMountEffects @ react-dom-client.development.js:12627
commitPassiveMountOnFiber @ react-dom-client.development.js:12755
recursivelyTraversePassiveMountEffects @ react-dom-client.development.js:12627
commitPassiveMountOnFiber @ react-dom-client.development.js:12646
recursivelyTraversePassiveMountEffects @ react-dom-client.development.js:12627
commitPassiveMountOnFiber @ react-dom-client.development.js:12755
recursivelyTraversePassiveMountEffects @ react-dom-client.development.js:12627
commitPassiveMountOnFiber @ react-dom-client.development.js:12755
recursivelyTraversePassiveMountEffects @ react-dom-client.development.js:12627
commitPassiveMountOnFiber @ react-dom-client.development.js:12646
recursivelyTraversePassiveMountEffects @ react-dom-client.development.js:12627
commitPassiveMountOnFiber @ react-dom-client.development.js:12755
recursivelyTraversePassiveMountEffects @ react-dom-client.development.js:12627
commitPassiveMountOnFiber @ react-dom-client.development.js:12646
recursivelyTraversePassiveMountEffects @ react-dom-client.development.js:12627
commitPassiveMountOnFiber @ react-dom-client.development.js:12755
recursivelyTraversePassiveMountEffects @ react-dom-client.development.js:12627
commitPassiveMountOnFiber @ react-dom-client.development.js:12755
recursivelyTraversePassiveMountEffects @ react-dom-client.development.js:12627
commitPassiveMountOnFiber @ react-dom-client.development.js:12646
recursivelyTraversePassiveMountEffects @ react-dom-client.development.js:12627
commitPassiveMountOnFiber @ react-dom-client.development.js:12755
recursivelyTraversePassiveMountEffects @ react-dom-client.development.js:12627
commitPassiveMountOnFiber @ react-dom-client.development.js:12755
recursivelyTraversePassiveMountEffects @ react-dom-client.development.js:12627
commitPassiveMountOnFiber @ react-dom-client.development.js:12646
recursivelyTraversePassiveMountEffects @ react-dom-client.development.js:12627
commitPassiveMountOnFiber @ react-dom-client.development.js:12755
recursivelyTraversePassiveMountEffects @ react-dom-client.development.js:12627
commitPassiveMountOnFiber @ react-dom-client.development.js:12755
recursivelyTraversePassiveMountEffects @ react-dom-client.development.js:12627
commitPassiveMountOnFiber @ react-dom-client.development.js:12646
recursivelyTraversePassiveMountEffects @ react-dom-client.development.js:12627
commitPassiveMountOnFiber @ react-dom-client.development.js:12755
recursivelyTraversePassiveMountEffects @ react-dom-client.development.js:12627
commitPassiveMountOnFiber @ react-dom-client.development.js:12755
recursivelyTraversePassiveMountEffects @ react-dom-client.development.js:12627
commitPassiveMountOnFiber @ react-dom-client.development.js:12646
recursivelyTraversePassiveMountEffects @ react-dom-client.development.js:12627
commitPassiveMountOnFiber @ react-dom-client.development.js:12755
recursivelyTraversePassiveMountEffects @ react-dom-client.development.js:12627
commitPassiveMountOnFiber @ react-dom-client.development.js:12755
recursivelyTraversePassiveMountEffects @ react-dom-client.development.js:12627
commitPassiveMountOnFiber @ react-dom-client.development.js:12646
recursivelyTraversePassiveMountEffects @ react-dom-client.development.js:12627
commitPassiveMountOnFiber @ react-dom-client.development.js:12755
recursivelyTraversePassiveMountEffects @ react-dom-client.development.js:12627
commitPassiveMountOnFiber @ react-dom-client.development.js:12646
recursivelyTraversePassiveMountEffects @ react-dom-client.development.js:12627
commitPassiveMountOnFiber @ react-dom-client.development.js:12646
recursivelyTraversePassiveMountEffects @ react-dom-client.development.js:12627
commitPassiveMountOnFiber @ react-dom-client.development.js:12755
recursivelyTraversePassiveMountEffects @ react-dom-client.development.js:12627
commitPassiveMountOnFiber @ react-dom-client.development.js:12646
recursivelyTraversePassiveMountEffects @ react-dom-client.development.js:12627
commitPassiveMountOnFiber @ react-dom-client.development.js:12646
recursivelyTraversePassiveMountEffects @ react-dom-client.development.js:12627
commitPassiveMountOnFiber @ react-dom-client.development.js:12755
recursivelyTraversePassiveMountEffects @ react-dom-client.development.js:12627
commitPassiveMountOnFiber @ react-dom-client.development.js:12646
recursivelyTraversePassiveMountEffects @ react-dom-client.development.js:12627
commitPassiveMountOnFiber @ react-dom-client.development.js:12755
recursivelyTraversePassiveMountEffects @ react-dom-client.development.js:12627
commitPassiveMountOnFiber @ react-dom-client.development.js:12755
recursivelyTraversePassiveMountEffects @ react-dom-client.development.js:12627
commitPassiveMountOnFiber @ react-dom-client.development.js:12646
recursivelyTraversePassiveMountEffects @ react-dom-client.development.js:12627
commitPassiveMountOnFiber @ react-dom-client.development.js:12755
recursivelyTraversePassiveMountEffects @ react-dom-client.development.js:12627
commitPassiveMountOnFiber @ react-dom-client.development.js:12755
recursivelyTraversePassiveMountEffects @ react-dom-client.development.js:12627
commitPassiveMountOnFiber @ react-dom-client.development.js:12646
recursivelyTraversePassiveMountEffects @ react-dom-client.development.js:12627
commitPassiveMountOnFiber @ react-dom-client.development.js:12755
recursivelyTraversePassiveMountEffects @ react-dom-client.development.js:12627
commitPassiveMountOnFiber @ react-dom-client.development.js:12755
recursivelyTraversePassiveMountEffects @ react-dom-client.development.js:12627
commitPassiveMountOnFiber @ react-dom-client.development.js:12646
recursivelyTraversePassiveMountEffects @ react-dom-client.development.js:12627
commitPassiveMountOnFiber @ react-dom-client.development.js:12755
recursivelyTraversePassiveMountEffects @ react-dom-client.development.js:12627
commitPassiveMountOnFiber @ react-dom-client.development.js:12755
recursivelyTraversePassiveMountEffects @ react-dom-client.development.js:12627
commitPassiveMountOnFiber @ react-dom-client.development.js:12646
recursivelyTraversePassiveMountEffects @ react-dom-client.development.js:12627
commitPassiveMountOnFiber @ react-dom-client.development.js:12755
recursivelyTraversePassiveMountEffects @ react-dom-client.development.js:12627
commitPassiveMountOnFiber @ react-dom-client.development.js:12755
recursivelyTraversePassiveMountEffects @ react-dom-client.development.js:12627
commitPassiveMountOnFiber @ react-dom-client.development.js:12646
setTimeout
__webpack_modules__../src/platform/polyfills.web.ts.window.setImmediate @ polyfills.web.ts:5
schedulePerformWorkUntilDeadline @ scheduler.development.js:214
requestHostCallback @ scheduler.development.js:168
__webpack_modules__../node_modules/scheduler/cjs/scheduler.development.js.exports.unstable_scheduleCallback @ scheduler.development.js:344
scheduleTaskForRootDuringMicrotask @ react-dom-client.development.js:15909
processRootScheduleInMicrotask @ react-dom-client.development.js:15830
(anonymous) @ react-dom-client.development.js:15962
setTimeout
__webpack_modules__../src/platform/polyfills.web.ts.window.setImmediate @ polyfills.web.ts:5
schedulePerformWorkUntilDeadline @ scheduler.development.js:214
requestHostCallback @ scheduler.development.js:168
__webpack_modules__../node_modules/scheduler/cjs/scheduler.development.js.exports.unstable_scheduleCallback @ scheduler.development.js:344
scheduleTaskForRootDuringMicrotask @ react-dom-client.development.js:15909
processRootScheduleInMicrotask @ react-dom-client.development.js:15830
(anonymous) @ react-dom-client.development.js:15962Understand this error
polyfills.web.ts:5  POST https://events.gndr.app/v2/initialize net::ERR_NAME_NOT_RESOLVED
(anonymous) @ StatsigNetwork.js:270
step @ StatsigNetwork.js:44
(anonymous) @ StatsigNetwork.js:25
(anonymous) @ StatsigNetwork.js:19
__webpack_modules__../node_modules/statsig-js/dist/StatsigNetwork.js.__awaiter @ StatsigNetwork.js:15
__webpack_modules__../node_modules/statsig-js/dist/StatsigNetwork.js.StatsigNetwork.postToEndpoint @ StatsigNetwork.js:213
(anonymous) @ StatsigNetwork.js:314
setTimeout
(anonymous) @ StatsigNetwork.js:312
(anonymous) @ StatsigNetwork.js:311
Promise.catch
(anonymous) @ StatsigNetwork.js:301
step @ StatsigNetwork.js:44
(anonymous) @ StatsigNetwork.js:25
(anonymous) @ StatsigNetwork.js:19
__webpack_modules__../node_modules/statsig-js/dist/StatsigNetwork.js.__awaiter @ StatsigNetwork.js:15
__webpack_modules__../node_modules/statsig-js/dist/StatsigNetwork.js.StatsigNetwork.postToEndpoint @ StatsigNetwork.js:213
(anonymous) @ StatsigNetwork.js:314
setTimeout
(anonymous) @ StatsigNetwork.js:312
(anonymous) @ StatsigNetwork.js:311
Promise.catch
(anonymous) @ StatsigNetwork.js:301
step @ StatsigNetwork.js:44
(anonymous) @ StatsigNetwork.js:25
(anonymous) @ StatsigNetwork.js:19
__webpack_modules__../node_modules/statsig-js/dist/StatsigNetwork.js.__awaiter @ StatsigNetwork.js:15
__webpack_modules__../node_modules/statsig-js/dist/StatsigNetwork.js.StatsigNetwork.postToEndpoint @ StatsigNetwork.js:213
__webpack_modules__../node_modules/statsig-js/dist/StatsigNetwork.js.StatsigNetwork.postWithTimeout @ StatsigNetwork.js:139
__webpack_modules__../node_modules/statsig-js/dist/StatsigNetwork.js.StatsigNetwork.fetchValues @ StatsigNetwork.js:107
(anonymous) @ StatsigClient.js:1095
step @ StatsigClient.js:44
(anonymous) @ StatsigClient.js:25
(anonymous) @ StatsigClient.js:19
__webpack_modules__../node_modules/statsig-js/dist/StatsigClient.js.__awaiter @ StatsigClient.js:15
__webpack_modules__../node_modules/statsig-js/dist/StatsigClient.js.StatsigClient.fetchAndSaveValues @ StatsigClient.js:1070
(anonymous) @ StatsigClient.js:677
step @ StatsigClient.js:44
(anonymous) @ StatsigClient.js:25
(anonymous) @ StatsigClient.js:19
__webpack_modules__../node_modules/statsig-js/dist/StatsigClient.js.__awaiter @ StatsigClient.js:15
(anonymous) @ StatsigClient.js:633
__webpack_modules__../node_modules/statsig-js/dist/ErrorBoundary.js.ErrorBoundary.capture @ ErrorBoundary.js:74
(anonymous) @ StatsigClient.js:633
step @ StatsigClient.js:44
(anonymous) @ StatsigClient.js:25
(anonymous) @ StatsigClient.js:19
__webpack_modules__../node_modules/statsig-js/dist/StatsigClient.js.__awaiter @ StatsigClient.js:15
__webpack_modules__../node_modules/statsig-js/dist/StatsigClient.js.StatsigClient.updateUser @ StatsigClient.js:629
(anonymous) @ Statsig.js:222
__webpack_modules__../node_modules/statsig-react/dist/Statsig.js.Statsig.capture @ Statsig.js:395
__webpack_modules__../node_modules/statsig-react/dist/Statsig.js.Statsig.updateUser @ Statsig.js:222
(anonymous) @ StatsigProvider.js:76
react-stack-bottom-frame @ react-dom-client.development.js:22509
runWithFiberInDEV @ react-dom-client.development.js:543
commitHookEffectListMount @ react-dom-client.development.js:10758
commitHookPassiveMountEffects @ react-dom-client.development.js:10878
commitPassiveMountOnFiber @ react-dom-client.development.js:12653
recursivelyTraversePassiveMountEffects @ react-dom-client.development.js:12627
commitPassiveMountOnFiber @ react-dom-client.development.js:12646
recursivelyTraversePassiveMountEffects @ react-dom-client.development.js:12627
commitPassiveMountOnFiber @ react-dom-client.development.js:12755
recursivelyTraversePassiveMountEffects @ react-dom-client.development.js:12627
commitPassiveMountOnFiber @ react-dom-client.development.js:12646
recursivelyTraversePassiveMountEffects @ react-dom-client.development.js:12627
commitPassiveMountOnFiber @ react-dom-client.development.js:12755
recursivelyTraversePassiveMountEffects @ react-dom-client.development.js:12627
commitPassiveMountOnFiber @ react-dom-client.development.js:12755
recursivelyTraversePassiveMountEffects @ react-dom-client.development.js:12627
commitPassiveMountOnFiber @ react-dom-client.development.js:12646
recursivelyTraversePassiveMountEffects @ react-dom-client.development.js:12627
commitPassiveMountOnFiber @ react-dom-client.development.js:12646
recursivelyTraversePassiveMountEffects @ react-dom-client.development.js:12627
commitPassiveMountOnFiber @ react-dom-client.development.js:12755
recursivelyTraversePassiveMountEffects @ react-dom-client.development.js:12627
commitPassiveMountOnFiber @ react-dom-client.development.js:12755
recursivelyTraversePassiveMountEffects @ react-dom-client.development.js:12627
commitPassiveMountOnFiber @ react-dom-client.development.js:12646
recursivelyTraversePassiveMountEffects @ react-dom-client.development.js:12627
commitPassiveMountOnFiber @ react-dom-client.development.js:12646
recursivelyTraversePassiveMountEffects @ react-dom-client.development.js:12627
commitPassiveMountOnFiber @ react-dom-client.development.js:12646
recursivelyTraversePassiveMountEffects @ react-dom-client.development.js:12627
commitPassiveMountOnFiber @ react-dom-client.development.js:12646
recursivelyTraversePassiveMountEffects @ react-dom-client.development.js:12627
commitPassiveMountOnFiber @ react-dom-client.development.js:12755
recursivelyTraversePassiveMountEffects @ react-dom-client.development.js:12627
commitPassiveMountOnFiber @ react-dom-client.development.js:12646
recursivelyTraversePassiveMountEffects @ react-dom-client.development.js:12627
commitPassiveMountOnFiber @ react-dom-client.development.js:12755
recursivelyTraversePassiveMountEffects @ react-dom-client.development.js:12627
commitPassiveMountOnFiber @ react-dom-client.development.js:12646
recursivelyTraversePassiveMountEffects @ react-dom-client.development.js:12627
commitPassiveMountOnFiber @ react-dom-client.development.js:12646
recursivelyTraversePassiveMountEffects @ react-dom-client.development.js:12627
commitPassiveMountOnFiber @ react-dom-client.development.js:12755
recursivelyTraversePassiveMountEffects @ react-dom-client.development.js:12627
commitPassiveMountOnFiber @ react-dom-client.development.js:12646
recursivelyTraversePassiveMountEffects @ react-dom-client.development.js:12627
commitPassiveMountOnFiber @ react-dom-client.development.js:12755
recursivelyTraversePassiveMountEffects @ react-dom-client.development.js:12627
commitPassiveMountOnFiber @ react-dom-client.development.js:12646
recursivelyTraversePassiveMountEffects @ react-dom-client.development.js:12627
commitPassiveMountOnFiber @ react-dom-client.development.js:12646
recursivelyTraversePassiveMountEffects @ react-dom-client.development.js:12627
commitPassiveMountOnFiber @ react-dom-client.development.js:12755
recursivelyTraversePassiveMountEffects @ react-dom-client.development.js:12627
commitPassiveMountOnFiber @ react-dom-client.development.js:12755
recursivelyTraversePassiveMountEffects @ react-dom-client.development.js:12627
commitPassiveMountOnFiber @ react-dom-client.development.js:12646
recursivelyTraversePassiveMountEffects @ react-dom-client.development.js:12627
commitPassiveMountOnFiber @ react-dom-client.development.js:12755
recursivelyTraversePassiveMountEffects @ react-dom-client.development.js:12627
commitPassiveMountOnFiber @ react-dom-client.development.js:12646
recursivelyTraversePassiveMountEffects @ react-dom-client.development.js:12627
commitPassiveMountOnFiber @ react-dom-client.development.js:12755
recursivelyTraversePassiveMountEffects @ react-dom-client.development.js:12627
commitPassiveMountOnFiber @ react-dom-client.development.js:12755
recursivelyTraversePassiveMountEffects @ react-dom-client.development.js:12627
commitPassiveMountOnFiber @ react-dom-client.development.js:12646
recursivelyTraversePassiveMountEffects @ react-dom-client.development.js:12627
commitPassiveMountOnFiber @ react-dom-client.development.js:12755
recursivelyTraversePassiveMountEffects @ react-dom-client.development.js:12627
commitPassiveMountOnFiber @ react-dom-client.development.js:12646
recursivelyTraversePassiveMountEffects @ react-dom-client.development.js:12627
commitPassiveMountOnFiber @ react-dom-client.development.js:12755
recursivelyTraversePassiveMountEffects @ react-dom-client.development.js:12627
commitPassiveMountOnFiber @ react-dom-client.development.js:12755
recursivelyTraversePassiveMountEffects @ react-dom-client.development.js:12627
commitPassiveMountOnFiber @ react-dom-client.development.js:12646
recursivelyTraversePassiveMountEffects @ react-dom-client.development.js:12627
commitPassiveMountOnFiber @ react-dom-client.development.js:12755
recursivelyTraversePassiveMountEffects @ react-dom-client.development.js:12627
commitPassiveMountOnFiber @ react-dom-client.development.js:12755
recursivelyTraversePassiveMountEffects @ react-dom-client.development.js:12627
commitPassiveMountOnFiber @ react-dom-client.development.js:12646
recursivelyTraversePassiveMountEffects @ react-dom-client.development.js:12627
commitPassiveMountOnFiber @ react-dom-client.development.js:12755
recursivelyTraversePassiveMountEffects @ react-dom-client.development.js:12627
commitPassiveMountOnFiber @ react-dom-client.development.js:12755
recursivelyTraversePassiveMountEffects @ react-dom-client.development.js:12627
commitPassiveMountOnFiber @ react-dom-client.development.js:12646
recursivelyTraversePassiveMountEffects @ react-dom-client.development.js:12627
commitPassiveMountOnFiber @ react-dom-client.development.js:12755
recursivelyTraversePassiveMountEffects @ react-dom-client.development.js:12627
commitPassiveMountOnFiber @ react-dom-client.development.js:12646
recursivelyTraversePassiveMountEffects @ react-dom-client.development.js:12627
commitPassiveMountOnFiber @ react-dom-client.development.js:12755
recursivelyTraversePassiveMountEffects @ react-dom-client.development.js:12627
commitPassiveMountOnFiber @ react-dom-client.development.js:12755
recursivelyTraversePassiveMountEffects @ react-dom-client.development.js:12627
commitPassiveMountOnFiber @ react-dom-client.development.js:12646
recursivelyTraversePassiveMountEffects @ react-dom-client.development.js:12627
commitPassiveMountOnFiber @ react-dom-client.development.js:12755
recursivelyTraversePassiveMountEffects @ react-dom-client.development.js:12627
commitPassiveMountOnFiber @ react-dom-client.development.js:12755
recursivelyTraversePassiveMountEffects @ react-dom-client.development.js:12627
commitPassiveMountOnFiber @ react-dom-client.development.js:12646
recursivelyTraversePassiveMountEffects @ react-dom-client.development.js:12627
commitPassiveMountOnFiber @ react-dom-client.development.js:12755
recursivelyTraversePassiveMountEffects @ react-dom-client.development.js:12627
commitPassiveMountOnFiber @ react-dom-client.development.js:12755
recursivelyTraversePassiveMountEffects @ react-dom-client.development.js:12627
commitPassiveMountOnFiber @ react-dom-client.development.js:12646
recursivelyTraversePassiveMountEffects @ react-dom-client.development.js:12627
commitPassiveMountOnFiber @ react-dom-client.development.js:12755
recursivelyTraversePassiveMountEffects @ react-dom-client.development.js:12627
commitPassiveMountOnFiber @ react-dom-client.development.js:12755
recursivelyTraversePassiveMountEffects @ react-dom-client.development.js:12627
commitPassiveMountOnFiber @ react-dom-client.development.js:12646
recursivelyTraversePassiveMountEffects @ react-dom-client.development.js:12627
commitPassiveMountOnFiber @ react-dom-client.development.js:12755
recursivelyTraversePassiveMountEffects @ react-dom-client.development.js:12627
commitPassiveMountOnFiber @ react-dom-client.development.js:12755
recursivelyTraversePassiveMountEffects @ react-dom-client.development.js:12627
commitPassiveMountOnFiber @ react-dom-client.development.js:12646
recursivelyTraversePassiveMountEffects @ react-dom-client.development.js:12627
commitPassiveMountOnFiber @ react-dom-client.development.js:12755
recursivelyTraversePassiveMountEffects @ react-dom-client.development.js:12627
commitPassiveMountOnFiber @ react-dom-client.development.js:12646
recursivelyTraversePassiveMountEffects @ react-dom-client.development.js:12627
commitPassiveMountOnFiber @ react-dom-client.development.js:12646
recursivelyTraversePassiveMountEffects @ react-dom-client.development.js:12627
commitPassiveMountOnFiber @ react-dom-client.development.js:12755
recursivelyTraversePassiveMountEffects @ react-dom-client.development.js:12627
commitPassiveMountOnFiber @ react-dom-client.development.js:12646
recursivelyTraversePassiveMountEffects @ react-dom-client.development.js:12627
commitPassiveMountOnFiber @ react-dom-client.development.js:12646
recursivelyTraversePassiveMountEffects @ react-dom-client.development.js:12627
commitPassiveMountOnFiber @ react-dom-client.development.js:12755
recursivelyTraversePassiveMountEffects @ react-dom-client.development.js:12627
commitPassiveMountOnFiber @ react-dom-client.development.js:12646
recursivelyTraversePassiveMountEffects @ react-dom-client.development.js:12627
commitPassiveMountOnFiber @ react-dom-client.development.js:12755
recursivelyTraversePassiveMountEffects @ react-dom-client.development.js:12627
commitPassiveMountOnFiber @ react-dom-client.development.js:12755
recursivelyTraversePassiveMountEffects @ react-dom-client.development.js:12627
commitPassiveMountOnFiber @ react-dom-client.development.js:12646
recursivelyTraversePassiveMountEffects @ react-dom-client.development.js:12627
commitPassiveMountOnFiber @ react-dom-client.development.js:12755
recursivelyTraversePassiveMountEffects @ react-dom-client.development.js:12627
commitPassiveMountOnFiber @ react-dom-client.development.js:12755
recursivelyTraversePassiveMountEffects @ react-dom-client.development.js:12627
commitPassiveMountOnFiber @ react-dom-client.development.js:12646
recursivelyTraversePassiveMountEffects @ react-dom-client.development.js:12627
commitPassiveMountOnFiber @ react-dom-client.development.js:12755
recursivelyTraversePassiveMountEffects @ react-dom-client.development.js:12627
commitPassiveMountOnFiber @ react-dom-client.development.js:12755
recursivelyTraversePassiveMountEffects @ react-dom-client.development.js:12627
commitPassiveMountOnFiber @ react-dom-client.development.js:12646
recursivelyTraversePassiveMountEffects @ react-dom-client.development.js:12627
commitPassiveMountOnFiber @ react-dom-client.development.js:12755
recursivelyTraversePassiveMountEffects @ react-dom-client.development.js:12627
commitPassiveMountOnFiber @ react-dom-client.development.js:12755
recursivelyTraversePassiveMountEffects @ react-dom-client.development.js:12627
commitPassiveMountOnFiber @ react-dom-client.development.js:12646
recursivelyTraversePassiveMountEffects @ react-dom-client.development.js:12627
commitPassiveMountOnFiber @ react-dom-client.development.js:12755
recursivelyTraversePassiveMountEffects @ react-dom-client.development.js:12627
commitPassiveMountOnFiber @ react-dom-client.development.js:12755
recursivelyTraversePassiveMountEffects @ react-dom-client.development.js:12627
commitPassiveMountOnFiber @ react-dom-client.development.js:12646
setTimeout
__webpack_modules__../src/platform/polyfills.web.ts.window.setImmediate @ polyfills.web.ts:5
schedulePerformWorkUntilDeadline @ scheduler.development.js:214
requestHostCallback @ scheduler.development.js:168
__webpack_modules__../node_modules/scheduler/cjs/scheduler.development.js.exports.unstable_scheduleCallback @ scheduler.development.js:344
scheduleTaskForRootDuringMicrotask @ react-dom-client.development.js:15909
processRootScheduleInMicrotask @ react-dom-client.development.js:15830
(anonymous) @ react-dom-client.development.js:15962
setTimeout
__webpack_modules__../src/platform/polyfills.web.ts.window.setImmediate @ polyfills.web.ts:5
schedulePerformWorkUntilDeadline @ scheduler.development.js:214
requestHostCallback @ scheduler.development.js:168
__webpack_modules__../node_modules/scheduler/cjs/scheduler.development.js.exports.unstable_scheduleCallback @ scheduler.development.js:344
scheduleTaskForRootDuringMicrotask @ react-dom-client.development.js:15909
processRootScheduleInMicrotask @ react-dom-client.development.js:15830
(anonymous) @ react-dom-client.development.js:15962Understand this error
bundle.js:419182  POST https://events.gndr.app/v2/initialize net::ERR_NAME_NOT_RESOLVED
(anonymous) @ StatsigNetwork.js:270
step @ StatsigNetwork.js:44
(anonymous) @ StatsigNetwork.js:25
(anonymous) @ StatsigNetwork.js:19
__webpack_modules__../node_modules/statsig-js/dist/StatsigNetwork.js.__awaiter @ StatsigNetwork.js:15
__webpack_modules__../node_modules/statsig-js/dist/StatsigNetwork.js.StatsigNetwork.postToEndpoint @ StatsigNetwork.js:213
(anonymous) @ StatsigNetwork.js:314
setTimeout
(anonymous) @ StatsigNetwork.js:312
(anonymous) @ StatsigNetwork.js:311
Promise.catch
(anonymous) @ StatsigNetwork.js:301
step @ StatsigNetwork.js:44
(anonymous) @ StatsigNetwork.js:25
(anonymous) @ StatsigNetwork.js:19
__webpack_modules__../node_modules/statsig-js/dist/StatsigNetwork.js.__awaiter @ StatsigNetwork.js:15
__webpack_modules__../node_modules/statsig-js/dist/StatsigNetwork.js.StatsigNetwork.postToEndpoint @ StatsigNetwork.js:213
(anonymous) @ StatsigNetwork.js:314
setTimeout
(anonymous) @ StatsigNetwork.js:312
(anonymous) @ StatsigNetwork.js:311
Promise.catch
(anonymous) @ StatsigNetwork.js:301
step @ StatsigNetwork.js:44
(anonymous) @ StatsigNetwork.js:25
(anonymous) @ StatsigNetwork.js:19
__webpack_modules__../node_modules/statsig-js/dist/StatsigNetwork.js.__awaiter @ StatsigNetwork.js:15
__webpack_modules__../node_modules/statsig-js/dist/StatsigNetwork.js.StatsigNetwork.postToEndpoint @ StatsigNetwork.js:213
__webpack_modules__../node_modules/statsig-js/dist/StatsigNetwork.js.StatsigNetwork.postWithTimeout @ StatsigNetwork.js:139
__webpack_modules__../node_modules/statsig-js/dist/StatsigNetwork.js.StatsigNetwork.fetchValues @ StatsigNetwork.js:107
(anonymous) @ StatsigClient.js:1095
step @ StatsigClient.js:44
(anonymous) @ StatsigClient.js:25
(anonymous) @ StatsigClient.js:19
__webpack_modules__../node_modules/statsig-js/dist/StatsigClient.js.__awaiter @ StatsigClient.js:15
__webpack_modules__../node_modules/statsig-js/dist/StatsigClient.js.StatsigClient.fetchAndSaveValues @ StatsigClient.js:1070
(anonymous) @ StatsigClient.js:284
step @ StatsigClient.js:44
(anonymous) @ StatsigClient.js:25
fulfilled @ StatsigClient.js:16
Promise.then
step @ StatsigClient.js:18
fulfilled @ StatsigClient.js:16
Promise.then
step @ StatsigClient.js:18
(anonymous) @ StatsigClient.js:19
__webpack_modules__../node_modules/statsig-js/dist/StatsigClient.js.__awaiter @ StatsigClient.js:15
(anonymous) @ StatsigClient.js:246
__webpack_modules__../node_modules/statsig-js/dist/ErrorBoundary.js.ErrorBoundary.capture @ ErrorBoundary.js:74
(anonymous) @ StatsigClient.js:246
step @ StatsigClient.js:44
(anonymous) @ StatsigClient.js:25
(anonymous) @ StatsigClient.js:19
__webpack_modules__../node_modules/statsig-js/dist/StatsigClient.js.__awaiter @ StatsigClient.js:15
__webpack_modules__../node_modules/statsig-js/dist/StatsigClient.js.StatsigClient.initializeAsync @ StatsigClient.js:243
(anonymous) @ Statsig.js:76
step @ Statsig.js:39
(anonymous) @ Statsig.js:20
(anonymous) @ Statsig.js:14
__webpack_modules__../node_modules/statsig-react/dist/Statsig.js.__awaiter @ Statsig.js:10
__webpack_modules__../node_modules/statsig-react/dist/Statsig.js.Statsig.initialize @ Statsig.js:59
(anonymous) @ Statsig.ts:34
step @ sha256.js:526
(anonymous) @ sha256.js:526
(anonymous) @ sha256.js:526
__webpack_modules__../node_modules/statsig-react-native-expo/dist/Statsig.js.__awaiter @ sha256.js:526
__webpack_modules__../node_modules/statsig-react-native-expo/dist/Statsig.js.Statsig.initialize @ Statsig.ts:13
initialize @ bundle.js:419182
./src/lib/statsig/statsig.tsx @ bundle.js:419001
options.factory @ react refresh:37
__webpack_require__ @ bootstrap:22
fn @ hot module replacement:61
hotRequire @ react refresh:20
./src/App.web.tsx @ types.js:3693
options.factory @ react refresh:37
__webpack_require__ @ bootstrap:22
fn @ hot module replacement:61
hotRequire @ react refresh:20
./index.web.js @ bundle.js:247
options.factory @ react refresh:37
__webpack_require__ @ bootstrap:22
(anonymous) @ startup:8
(anonymous) @ startup:8Understand this error
StatsigNetwork.js:270  POST https://events.gndr.app/v2/rgstr net::ERR_NAME_NOT_RESOLVED
(anonymous) @ StatsigNetwork.js:270
step @ StatsigNetwork.js:44
(anonymous) @ StatsigNetwork.js:25
(anonymous) @ StatsigNetwork.js:19
__webpack_modules__../node_modules/statsig-js/dist/StatsigNetwork.js.__awaiter @ StatsigNetwork.js:15
__webpack_modules__../node_modules/statsig-js/dist/StatsigNetwork.js.StatsigNetwork.postToEndpoint @ StatsigNetwork.js:213
(anonymous) @ StatsigNetwork.js:314
setTimeout
(anonymous) @ StatsigNetwork.js:312
(anonymous) @ StatsigNetwork.js:311
Promise.catch
(anonymous) @ StatsigNetwork.js:301
step @ StatsigNetwork.js:44
(anonymous) @ StatsigNetwork.js:25
(anonymous) @ StatsigNetwork.js:19
__webpack_modules__../node_modules/statsig-js/dist/StatsigNetwork.js.__awaiter @ StatsigNetwork.js:15
__webpack_modules__../node_modules/statsig-js/dist/StatsigNetwork.js.StatsigNetwork.postToEndpoint @ StatsigNetwork.js:213
(anonymous) @ StatsigNetwork.js:314
setTimeout
(anonymous) @ StatsigNetwork.js:312
(anonymous) @ StatsigNetwork.js:311
Promise.catch
(anonymous) @ StatsigNetwork.js:301
step @ StatsigNetwork.js:44
(anonymous) @ StatsigNetwork.js:25
(anonymous) @ StatsigNetwork.js:19
__webpack_modules__../node_modules/statsig-js/dist/StatsigNetwork.js.__awaiter @ StatsigNetwork.js:15
__webpack_modules__../node_modules/statsig-js/dist/StatsigNetwork.js.StatsigNetwork.postToEndpoint @ StatsigNetwork.js:213
__webpack_modules__../node_modules/statsig-js/dist/StatsigLogger.js.StatsigLogger.flush @ StatsigLogger.js:381
(anonymous) @ StatsigLogger.js:100
setTimeout
(anonymous) @ StatsigLogger.js:100Understand this error
bundle.js:419182  POST https://events.gndr.app/v2/rgstr net::ERR_NAME_NOT_RESOLVED
(anonymous) @ StatsigNetwork.js:270
step @ StatsigNetwork.js:44
(anonymous) @ StatsigNetwork.js:25
(anonymous) @ StatsigNetwork.js:19
__webpack_modules__../node_modules/statsig-js/dist/StatsigNetwork.js.__awaiter @ StatsigNetwork.js:15
__webpack_modules__../node_modules/statsig-js/dist/StatsigNetwork.js.StatsigNetwork.postToEndpoint @ StatsigNetwork.js:213
(anonymous) @ StatsigNetwork.js:314
setTimeout
(anonymous) @ StatsigNetwork.js:312
(anonymous) @ StatsigNetwork.js:311
Promise.catch
(anonymous) @ StatsigNetwork.js:301
step @ StatsigNetwork.js:44
(anonymous) @ StatsigNetwork.js:25
(anonymous) @ StatsigNetwork.js:19
__webpack_modules__../node_modules/statsig-js/dist/StatsigNetwork.js.__awaiter @ StatsigNetwork.js:15
__webpack_modules__../node_modules/statsig-js/dist/StatsigNetwork.js.StatsigNetwork.postToEndpoint @ StatsigNetwork.js:213
(anonymous) @ StatsigNetwork.js:314
setTimeout
(anonymous) @ StatsigNetwork.js:312
(anonymous) @ StatsigNetwork.js:311
Promise.catch
(anonymous) @ StatsigNetwork.js:301
step @ StatsigNetwork.js:44
(anonymous) @ StatsigNetwork.js:25
(anonymous) @ StatsigNetwork.js:19
__webpack_modules__../node_modules/statsig-js/dist/StatsigNetwork.js.__awaiter @ StatsigNetwork.js:15
__webpack_modules__../node_modules/statsig-js/dist/StatsigNetwork.js.StatsigNetwork.postToEndpoint @ StatsigNetwork.js:213
__webpack_modules__../node_modules/statsig-js/dist/StatsigLogger.js.StatsigLogger.flush @ StatsigLogger.js:381
(anonymous) @ StatsigLogger.js:123
setTimeout
__webpack_modules__../node_modules/statsig-js/dist/StatsigLogger.js.StatsigLogger.init @ StatsigLogger.js:123
StatsigLogger @ StatsigLogger.js:91
StatsigClient @ StatsigClient.js:102
(anonymous) @ Statsig.js:66
step @ Statsig.js:39
(anonymous) @ Statsig.js:20
(anonymous) @ Statsig.js:14
__webpack_modules__../node_modules/statsig-react/dist/Statsig.js.__awaiter @ Statsig.js:10
__webpack_modules__../node_modules/statsig-react/dist/Statsig.js.Statsig.initialize @ Statsig.js:59
(anonymous) @ Statsig.ts:34
step @ sha256.js:526
(anonymous) @ sha256.js:526
(anonymous) @ sha256.js:526
__webpack_modules__../node_modules/statsig-react-native-expo/dist/Statsig.js.__awaiter @ sha256.js:526
__webpack_modules__../node_modules/statsig-react-native-expo/dist/Statsig.js.Statsig.initialize @ Statsig.ts:13
initialize @ bundle.js:419182
./src/lib/statsig/statsig.tsx @ bundle.js:419001
options.factory @ react refresh:37
__webpack_require__ @ bootstrap:22
fn @ hot module replacement:61
hotRequire @ react refresh:20
./src/App.web.tsx @ types.js:3693
options.factory @ react refresh:37
__webpack_require__ @ bootstrap:22
fn @ hot module replacement:61
hotRequire @ react refresh:20
./index.web.js @ bundle.js:247
options.factory @ react refresh:37
__webpack_require__ @ bootstrap:22
(anonymous) @ startup:8
(anonymous) @ startup:8Understand this error
bundle.js:419182  POST https://events.gndr.app/v2/rgstr net::ERR_NAME_NOT_RESOLVED
(anonymous) @ StatsigNetwork.js:270
step @ StatsigNetwork.js:44
(anonymous) @ StatsigNetwork.js:25
(anonymous) @ StatsigNetwork.js:19
__webpack_modules__../node_modules/statsig-js/dist/StatsigNetwork.js.__awaiter @ StatsigNetwork.js:15
__webpack_modules__../node_modules/statsig-js/dist/StatsigNetwork.js.StatsigNetwork.postToEndpoint @ StatsigNetwork.js:213
__webpack_modules__../node_modules/statsig-js/dist/StatsigLogger.js.StatsigLogger.flush @ StatsigLogger.js:381
(anonymous) @ StatsigLogger.js:120
setInterval
__webpack_modules__../node_modules/statsig-js/dist/StatsigLogger.js.StatsigLogger.init @ StatsigLogger.js:119
StatsigLogger @ StatsigLogger.js:91
StatsigClient @ StatsigClient.js:102
(anonymous) @ Statsig.js:66
step @ Statsig.js:39
(anonymous) @ Statsig.js:20
(anonymous) @ Statsig.js:14
__webpack_modules__../node_modules/statsig-react/dist/Statsig.js.__awaiter @ Statsig.js:10
__webpack_modules__../node_modules/statsig-react/dist/Statsig.js.Statsig.initialize @ Statsig.js:59
(anonymous) @ Statsig.ts:34
step @ sha256.js:526
(anonymous) @ sha256.js:526
(anonymous) @ sha256.js:526
__webpack_modules__../node_modules/statsig-react-native-expo/dist/Statsig.js.__awaiter @ sha256.js:526
__webpack_modules__../node_modules/statsig-react-native-expo/dist/Statsig.js.Statsig.initialize @ Statsig.ts:13
initialize @ bundle.js:419182
./src/lib/statsig/statsig.tsx @ bundle.js:419001
options.factory @ react refresh:37
__webpack_require__ @ bootstrap:22
fn @ hot module replacement:61
hotRequire @ react refresh:20
./src/App.web.tsx @ types.js:3693
options.factory @ react refresh:37
__webpack_require__ @ bootstrap:22
fn @ hot module replacement:61
hotRequire @ react refresh:20
./index.web.js @ bundle.js:247
options.factory @ react refresh:37
__webpack_require__ @ bootstrap:22
(anonymous) @ startup:8
(anonymous) @ startup:8Understand this error
bundle.js:419182  POST https://events.gndr.app/v2/rgstr net::ERR_NAME_NOT_RESOLVED
(anonymous) @ StatsigNetwork.js:270
step @ StatsigNetwork.js:44
(anonymous) @ StatsigNetwork.js:25
(anonymous) @ StatsigNetwork.js:19
__webpack_modules__../node_modules/statsig-js/dist/StatsigNetwork.js.__awaiter @ StatsigNetwork.js:15
__webpack_modules__../node_modules/statsig-js/dist/StatsigNetwork.js.StatsigNetwork.postToEndpoint @ StatsigNetwork.js:213
(anonymous) @ StatsigNetwork.js:314
setTimeout
(anonymous) @ StatsigNetwork.js:312
(anonymous) @ StatsigNetwork.js:311
Promise.catch
(anonymous) @ StatsigNetwork.js:301
step @ StatsigNetwork.js:44
(anonymous) @ StatsigNetwork.js:25
(anonymous) @ StatsigNetwork.js:19
__webpack_modules__../node_modules/statsig-js/dist/StatsigNetwork.js.__awaiter @ StatsigNetwork.js:15
__webpack_modules__../node_modules/statsig-js/dist/StatsigNetwork.js.StatsigNetwork.postToEndpoint @ StatsigNetwork.js:213
__webpack_modules__../node_modules/statsig-js/dist/StatsigLogger.js.StatsigLogger.flush @ StatsigLogger.js:381
(anonymous) @ StatsigLogger.js:120
setInterval
__webpack_modules__../node_modules/statsig-js/dist/StatsigLogger.js.StatsigLogger.init @ StatsigLogger.js:119
StatsigLogger @ StatsigLogger.js:91
StatsigClient @ StatsigClient.js:102
(anonymous) @ Statsig.js:66
step @ Statsig.js:39
(anonymous) @ Statsig.js:20
(anonymous) @ Statsig.js:14
__webpack_modules__../node_modules/statsig-react/dist/Statsig.js.__awaiter @ Statsig.js:10
__webpack_modules__../node_modules/statsig-react/dist/Statsig.js.Statsig.initialize @ Statsig.js:59
(anonymous) @ Statsig.ts:34
step @ sha256.js:526
(anonymous) @ sha256.js:526
(anonymous) @ sha256.js:526
__webpack_modules__../node_modules/statsig-react-native-expo/dist/Statsig.js.__awaiter @ sha256.js:526
__webpack_modules__../node_modules/statsig-react-native-expo/dist/Statsig.js.Statsig.initialize @ Statsig.ts:13
initialize @ bundle.js:419182
./src/lib/statsig/statsig.tsx @ bundle.js:419001
options.factory @ react refresh:37
__webpack_require__ @ bootstrap:22
fn @ hot module replacement:61
hotRequire @ react refresh:20
./src/App.web.tsx @ types.js:3693
options.factory @ react refresh:37
__webpack_require__ @ bootstrap:22
fn @ hot module replacement:61
hotRequire @ react refresh:20
./index.web.js @ bundle.js:247
options.factory @ react refresh:37
__webpack_require__ @ bootstrap:22
(anonymous) @ startup:8
(anonymous) @ startup:8Understand this error
bundle.js:419182  POST https://events.gndr.app/v2/rgstr net::ERR_NAME_NOT_RESOLVED
(anonymous) @ StatsigNetwork.js:270
step @ StatsigNetwork.js:44
(anonymous) @ StatsigNetwork.js:25
(anonymous) @ StatsigNetwork.js:19
__webpack_modules__../node_modules/statsig-js/dist/StatsigNetwork.js.__awaiter @ StatsigNetwork.js:15
__webpack_modules__../node_modules/statsig-js/dist/StatsigNetwork.js.StatsigNetwork.postToEndpoint @ StatsigNetwork.js:213
(anonymous) @ StatsigNetwork.js:314
setTimeout
(anonymous) @ StatsigNetwork.js:312
(anonymous) @ StatsigNetwork.js:311
Promise.catch
(anonymous) @ StatsigNetwork.js:301
step @ StatsigNetwork.js:44
(anonymous) @ StatsigNetwork.js:25
(anonymous) @ StatsigNetwork.js:19
__webpack_modules__../node_modules/statsig-js/dist/StatsigNetwork.js.__awaiter @ StatsigNetwork.js:15
__webpack_modules__../node_modules/statsig-js/dist/StatsigNetwork.js.StatsigNetwork.postToEndpoint @ StatsigNetwork.js:213
(anonymous) @ StatsigNetwork.js:314
setTimeout
(anonymous) @ StatsigNetwork.js:312
(anonymous) @ StatsigNetwork.js:311
Promise.catch
(anonymous) @ StatsigNetwork.js:301
step @ StatsigNetwork.js:44
(anonymous) @ StatsigNetwork.js:25
(anonymous) @ StatsigNetwork.js:19
__webpack_modules__../node_modules/statsig-js/dist/StatsigNetwork.js.__awaiter @ StatsigNetwork.js:15
__webpack_modules__../node_modules/statsig-js/dist/StatsigNetwork.js.StatsigNetwork.postToEndpoint @ StatsigNetwork.js:213
__webpack_modules__../node_modules/statsig-js/dist/StatsigLogger.js.StatsigLogger.flush @ StatsigLogger.js:381
(anonymous) @ StatsigLogger.js:120
setInterval
__webpack_modules__../node_modules/statsig-js/dist/StatsigLogger.js.StatsigLogger.init @ StatsigLogger.js:119
StatsigLogger @ StatsigLogger.js:91
StatsigClient @ StatsigClient.js:102
(anonymous) @ Statsig.js:66
step @ Statsig.js:39
(anonymous) @ Statsig.js:20
(anonymous) @ Statsig.js:14
__webpack_modules__../node_modules/statsig-react/dist/Statsig.js.__awaiter @ Statsig.js:10
__webpack_modules__../node_modules/statsig-react/dist/Statsig.js.Statsig.initialize @ Statsig.js:59
(anonymous) @ Statsig.ts:34
step @ sha256.js:526
(anonymous) @ sha256.js:526
(anonymous) @ sha256.js:526
__webpack_modules__../node_modules/statsig-react-native-expo/dist/Statsig.js.__awaiter @ sha256.js:526
__webpack_modules__../node_modules/statsig-react-native-expo/dist/Statsig.js.Statsig.initialize @ Statsig.ts:13
initialize @ bundle.js:419182
./src/lib/statsig/statsig.tsx @ bundle.js:419001
options.factory @ react refresh:37
__webpack_require__ @ bootstrap:22
fn @ hot module replacement:61
hotRequire @ react refresh:20
./src/App.web.tsx @ types.js:3693
options.factory @ react refresh:37
__webpack_require__ @ bootstrap:22
fn @ hot module replacement:61
hotRequire @ react refresh:20
./index.web.js @ bundle.js:247
options.factory @ react refresh:37
__webpack_require__ @ bootstrap:22
(anonymous) @ startup:8
(anonymous) @ startup:8Understand this error
bundle.js:419204  POST https://events.gndr.app/v2/initialize net::ERR_NAME_NOT_RESOLVED
(anonymous) @ StatsigNetwork.js:270
step @ StatsigNetwork.js:44
(anonymous) @ StatsigNetwork.js:25
(anonymous) @ StatsigNetwork.js:19
__webpack_modules__../node_modules/statsig-js/dist/StatsigNetwork.js.__awaiter @ StatsigNetwork.js:15
__webpack_modules__../node_modules/statsig-js/dist/StatsigNetwork.js.StatsigNetwork.postToEndpoint @ StatsigNetwork.js:213
__webpack_modules__../node_modules/statsig-js/dist/StatsigNetwork.js.StatsigNetwork.postWithTimeout @ StatsigNetwork.js:139
__webpack_modules__../node_modules/statsig-js/dist/StatsigNetwork.js.StatsigNetwork.fetchValues @ StatsigNetwork.js:107
(anonymous) @ StatsigClient.js:1095
step @ StatsigClient.js:44
(anonymous) @ StatsigClient.js:25
(anonymous) @ StatsigClient.js:19
__webpack_modules__../node_modules/statsig-js/dist/StatsigClient.js.__awaiter @ StatsigClient.js:15
__webpack_modules__../node_modules/statsig-js/dist/StatsigClient.js.StatsigClient.fetchAndSaveValues @ StatsigClient.js:1070
(anonymous) @ StatsigClient.js:340
__webpack_modules__../node_modules/statsig-js/dist/ErrorBoundary.js.ErrorBoundary.capture @ ErrorBoundary.js:74
(anonymous) @ StatsigClient.js:336
step @ StatsigClient.js:44
(anonymous) @ StatsigClient.js:25
(anonymous) @ StatsigClient.js:19
__webpack_modules__../node_modules/statsig-js/dist/StatsigClient.js.__awaiter @ StatsigClient.js:15
__webpack_modules__../node_modules/statsig-js/dist/StatsigClient.js.StatsigClient.prefetchUsers @ StatsigClient.js:333
(anonymous) @ Statsig.js:116
__webpack_modules__../node_modules/statsig-react/dist/Statsig.js.Statsig.capture @ Statsig.js:395
(anonymous) @ Statsig.js:116
step @ Statsig.js:39
(anonymous) @ Statsig.js:20
(anonymous) @ Statsig.js:14
__webpack_modules__../node_modules/statsig-react/dist/Statsig.js.__awaiter @ Statsig.js:10
__webpack_modules__../node_modules/statsig-react/dist/Statsig.js.Statsig.prefetchUsers @ Statsig.js:114
(anonymous) @ bundle.js:419204
t2 @ useNonReactiveCallback.ts:18
setInterval
(anonymous) @ bundle.js:419208
react-stack-bottom-frame @ react-dom-client.development.js:22509
runWithFiberInDEV @ react-dom-client.development.js:543
commitHookEffectListMount @ react-dom-client.development.js:10758
commitHookPassiveMountEffects @ react-dom-client.development.js:10878
commitPassiveMountOnFiber @ react-dom-client.development.js:12653
recursivelyTraversePassiveMountEffects @ react-dom-client.development.js:12627
commitPassiveMountOnFiber @ react-dom-client.development.js:12755
recursivelyTraversePassiveMountEffects @ react-dom-client.development.js:12627
commitPassiveMountOnFiber @ react-dom-client.development.js:12755
recursivelyTraversePassiveMountEffects @ react-dom-client.development.js:12627
commitPassiveMountOnFiber @ react-dom-client.development.js:12646
recursivelyTraversePassiveMountEffects @ react-dom-client.development.js:12627
commitPassiveMountOnFiber @ react-dom-client.development.js:12646
recursivelyTraversePassiveMountEffects @ react-dom-client.development.js:12627
commitPassiveMountOnFiber @ react-dom-client.development.js:12755
recursivelyTraversePassiveMountEffects @ react-dom-client.development.js:12627
commitPassiveMountOnFiber @ react-dom-client.development.js:12755
recursivelyTraversePassiveMountEffects @ react-dom-client.development.js:12627
commitPassiveMountOnFiber @ react-dom-client.development.js:12646
recursivelyTraversePassiveMountEffects @ react-dom-client.development.js:12627
commitPassiveMountOnFiber @ react-dom-client.development.js:12646
recursivelyTraversePassiveMountEffects @ react-dom-client.development.js:12627
commitPassiveMountOnFiber @ react-dom-client.development.js:12646
recursivelyTraversePassiveMountEffects @ react-dom-client.development.js:12627
commitPassiveMountOnFiber @ react-dom-client.development.js:12646
recursivelyTraversePassiveMountEffects @ react-dom-client.development.js:12627
commitPassiveMountOnFiber @ react-dom-client.development.js:12755
recursivelyTraversePassiveMountEffects @ react-dom-client.development.js:12627
commitPassiveMountOnFiber @ react-dom-client.development.js:12646
recursivelyTraversePassiveMountEffects @ react-dom-client.development.js:12627
commitPassiveMountOnFiber @ react-dom-client.development.js:12755
recursivelyTraversePassiveMountEffects @ react-dom-client.development.js:12627
commitPassiveMountOnFiber @ react-dom-client.development.js:12646
recursivelyTraversePassiveMountEffects @ react-dom-client.development.js:12627
commitPassiveMountOnFiber @ react-dom-client.development.js:12646
recursivelyTraversePassiveMountEffects @ react-dom-client.development.js:12627
commitPassiveMountOnFiber @ react-dom-client.development.js:12755
recursivelyTraversePassiveMountEffects @ react-dom-client.development.js:12627
commitPassiveMountOnFiber @ react-dom-client.development.js:12646
recursivelyTraversePassiveMountEffects @ react-dom-client.development.js:12627
commitPassiveMountOnFiber @ react-dom-client.development.js:12755
recursivelyTraversePassiveMountEffects @ react-dom-client.development.js:12627
commitPassiveMountOnFiber @ react-dom-client.development.js:12646
recursivelyTraversePassiveMountEffects @ react-dom-client.development.js:12627
commitPassiveMountOnFiber @ react-dom-client.development.js:12646
recursivelyTraversePassiveMountEffects @ react-dom-client.development.js:12627
commitPassiveMountOnFiber @ react-dom-client.development.js:12755
recursivelyTraversePassiveMountEffects @ react-dom-client.development.js:12627
commitPassiveMountOnFiber @ react-dom-client.development.js:12755
recursivelyTraversePassiveMountEffects @ react-dom-client.development.js:12627
commitPassiveMountOnFiber @ react-dom-client.development.js:12646
recursivelyTraversePassiveMountEffects @ react-dom-client.development.js:12627
commitPassiveMountOnFiber @ react-dom-client.development.js:12755
recursivelyTraversePassiveMountEffects @ react-dom-client.development.js:12627
commitPassiveMountOnFiber @ react-dom-client.development.js:12646
recursivelyTraversePassiveMountEffects @ react-dom-client.development.js:12627
commitPassiveMountOnFiber @ react-dom-client.development.js:12755
recursivelyTraversePassiveMountEffects @ react-dom-client.development.js:12627
commitPassiveMountOnFiber @ react-dom-client.development.js:12755
recursivelyTraversePassiveMountEffects @ react-dom-client.development.js:12627
commitPassiveMountOnFiber @ react-dom-client.development.js:12646
recursivelyTraversePassiveMountEffects @ react-dom-client.development.js:12627
commitPassiveMountOnFiber @ react-dom-client.development.js:12755
recursivelyTraversePassiveMountEffects @ react-dom-client.development.js:12627
commitPassiveMountOnFiber @ react-dom-client.development.js:12646
recursivelyTraversePassiveMountEffects @ react-dom-client.development.js:12627
commitPassiveMountOnFiber @ react-dom-client.development.js:12755
recursivelyTraversePassiveMountEffects @ react-dom-client.development.js:12627
commitPassiveMountOnFiber @ react-dom-client.development.js:12755
recursivelyTraversePassiveMountEffects @ react-dom-client.development.js:12627
commitPassiveMountOnFiber @ react-dom-client.development.js:12646
recursivelyTraversePassiveMountEffects @ react-dom-client.development.js:12627
commitPassiveMountOnFiber @ react-dom-client.development.js:12755
recursivelyTraversePassiveMountEffects @ react-dom-client.development.js:12627
commitPassiveMountOnFiber @ react-dom-client.development.js:12755
recursivelyTraversePassiveMountEffects @ react-dom-client.development.js:12627
commitPassiveMountOnFiber @ react-dom-client.development.js:12646
recursivelyTraversePassiveMountEffects @ react-dom-client.development.js:12627
commitPassiveMountOnFiber @ react-dom-client.development.js:12755
recursivelyTraversePassiveMountEffects @ react-dom-client.development.js:12627
commitPassiveMountOnFiber @ react-dom-client.development.js:12755
recursivelyTraversePassiveMountEffects @ react-dom-client.development.js:12627
commitPassiveMountOnFiber @ react-dom-client.development.js:12646
recursivelyTraversePassiveMountEffects @ react-dom-client.development.js:12627
commitPassiveMountOnFiber @ react-dom-client.development.js:12755
recursivelyTraversePassiveMountEffects @ react-dom-client.development.js:12627
commitPassiveMountOnFiber @ react-dom-client.development.js:12646
recursivelyTraversePassiveMountEffects @ react-dom-client.development.js:12627
commitPassiveMountOnFiber @ react-dom-client.development.js:12755
recursivelyTraversePassiveMountEffects @ react-dom-client.development.js:12627
commitPassiveMountOnFiber @ react-dom-client.development.js:12755
recursivelyTraversePassiveMountEffects @ react-dom-client.development.js:12627
commitPassiveMountOnFiber @ react-dom-client.development.js:12646
recursivelyTraversePassiveMountEffects @ react-dom-client.development.js:12627
commitPassiveMountOnFiber @ react-dom-client.development.js:12755
recursivelyTraversePassiveMountEffects @ react-dom-client.development.js:12627
commitPassiveMountOnFiber @ react-dom-client.development.js:12755
recursivelyTraversePassiveMountEffects @ react-dom-client.development.js:12627
commitPassiveMountOnFiber @ react-dom-client.development.js:12646
recursivelyTraversePassiveMountEffects @ react-dom-client.development.js:12627
commitPassiveMountOnFiber @ react-dom-client.development.js:12755
recursivelyTraversePassiveMountEffects @ react-dom-client.development.js:12627
commitPassiveMountOnFiber @ react-dom-client.development.js:12755
recursivelyTraversePassiveMountEffects @ react-dom-client.development.js:12627
commitPassiveMountOnFiber @ react-dom-client.development.js:12646
recursivelyTraversePassiveMountEffects @ react-dom-client.development.js:12627
commitPassiveMountOnFiber @ react-dom-client.development.js:12755
recursivelyTraversePassiveMountEffects @ react-dom-client.development.js:12627
commitPassiveMountOnFiber @ react-dom-client.development.js:12755
recursivelyTraversePassiveMountEffects @ react-dom-client.development.js:12627
commitPassiveMountOnFiber @ react-dom-client.development.js:12646
recursivelyTraversePassiveMountEffects @ react-dom-client.development.js:12627
commitPassiveMountOnFiber @ react-dom-client.development.js:12755
recursivelyTraversePassiveMountEffects @ react-dom-client.development.js:12627
commitPassiveMountOnFiber @ react-dom-client.development.js:12755
recursivelyTraversePassiveMountEffects @ react-dom-client.development.js:12627
commitPassiveMountOnFiber @ react-dom-client.development.js:12646
recursivelyTraversePassiveMountEffects @ react-dom-client.development.js:12627
commitPassiveMountOnFiber @ react-dom-client.development.js:12755
recursivelyTraversePassiveMountEffects @ react-dom-client.development.js:12627
commitPassiveMountOnFiber @ react-dom-client.development.js:12646
recursivelyTraversePassiveMountEffects @ react-dom-client.development.js:12627
commitPassiveMountOnFiber @ react-dom-client.development.js:12646
recursivelyTraversePassiveMountEffects @ react-dom-client.development.js:12627
commitPassiveMountOnFiber @ react-dom-client.development.js:12755
recursivelyTraversePassiveMountEffects @ react-dom-client.development.js:12627
commitPassiveMountOnFiber @ react-dom-client.development.js:12646
recursivelyTraversePassiveMountEffects @ react-dom-client.development.js:12627
commitPassiveMountOnFiber @ react-dom-client.development.js:12646
recursivelyTraversePassiveMountEffects @ react-dom-client.development.js:12627
commitPassiveMountOnFiber @ react-dom-client.development.js:12755
recursivelyTraversePassiveMountEffects @ react-dom-client.development.js:12627
commitPassiveMountOnFiber @ react-dom-client.development.js:12646
recursivelyTraversePassiveMountEffects @ react-dom-client.development.js:12627
commitPassiveMountOnFiber @ react-dom-client.development.js:12755
recursivelyTraversePassiveMountEffects @ react-dom-client.development.js:12627
commitPassiveMountOnFiber @ react-dom-client.development.js:12755
recursivelyTraversePassiveMountEffects @ react-dom-client.development.js:12627
commitPassiveMountOnFiber @ react-dom-client.development.js:12646
recursivelyTraversePassiveMountEffects @ react-dom-client.development.js:12627
commitPassiveMountOnFiber @ react-dom-client.development.js:12755
recursivelyTraversePassiveMountEffects @ react-dom-client.development.js:12627
commitPassiveMountOnFiber @ react-dom-client.development.js:12755
recursivelyTraversePassiveMountEffects @ react-dom-client.development.js:12627
commitPassiveMountOnFiber @ react-dom-client.development.js:12646
recursivelyTraversePassiveMountEffects @ react-dom-client.development.js:12627
commitPassiveMountOnFiber @ react-dom-client.development.js:12755
recursivelyTraversePassiveMountEffects @ react-dom-client.development.js:12627
commitPassiveMountOnFiber @ react-dom-client.development.js:12755
recursivelyTraversePassiveMountEffects @ react-dom-client.development.js:12627
commitPassiveMountOnFiber @ react-dom-client.development.js:12646
recursivelyTraversePassiveMountEffects @ react-dom-client.development.js:12627
commitPassiveMountOnFiber @ react-dom-client.development.js:12755
recursivelyTraversePassiveMountEffects @ react-dom-client.development.js:12627
commitPassiveMountOnFiber @ react-dom-client.development.js:12755
recursivelyTraversePassiveMountEffects @ react-dom-client.development.js:12627
commitPassiveMountOnFiber @ react-dom-client.development.js:12646
recursivelyTraversePassiveMountEffects @ react-dom-client.development.js:12627
commitPassiveMountOnFiber @ react-dom-client.development.js:12755
recursivelyTraversePassiveMountEffects @ react-dom-client.development.js:12627
commitPassiveMountOnFiber @ react-dom-client.development.js:12755
recursivelyTraversePassiveMountEffects @ react-dom-client.development.js:12627
commitPassiveMountOnFiber @ react-dom-client.development.js:12646
recursivelyTraversePassiveMountEffects @ react-dom-client.development.js:12627
commitPassiveMountOnFiber @ react-dom-client.development.js:12755
recursivelyTraversePassiveMountEffects @ react-dom-client.development.js:12627
commitPassiveMountOnFiber @ react-dom-client.development.js:12755
recursivelyTraversePassiveMountEffects @ react-dom-client.development.js:12627
commitPassiveMountOnFiber @ react-dom-client.development.js:12646
recursivelyTraversePassiveMountEffects @ react-dom-client.development.js:12627
commitPassiveMountOnFiber @ react-dom-client.development.js:12755
recursivelyTraversePassiveMountEffects @ react-dom-client.development.js:12627
commitPassiveMountOnFiber @ react-dom-client.development.js:12755
recursivelyTraversePassiveMountEffects @ react-dom-client.development.js:12627
commitPassiveMountOnFiber @ react-dom-client.development.js:12646
recursivelyTraversePassiveMountEffects @ react-dom-client.development.js:12627
commitPassiveMountOnFiber @ react-dom-client.development.js:12755
recursivelyTraversePassiveMountEffects @ react-dom-client.development.js:12627
commitPassiveMountOnFiber @ react-dom-client.development.js:12755
recursivelyTraversePassiveMountEffects @ react-dom-client.development.js:12627
commitPassiveMountOnFiber @ react-dom-client.development.js:12646
recursivelyTraversePassiveMountEffects @ react-dom-client.development.js:12627
commitPassiveMountOnFiber @ react-dom-client.development.js:12755
recursivelyTraversePassiveMountEffects @ react-dom-client.development.js:12627
commitPassiveMountOnFiber @ react-dom-client.development.js:12755
recursivelyTraversePassiveMountEffects @ react-dom-client.development.js:12627
commitPassiveMountOnFiber @ react-dom-client.development.js:12646
recursivelyTraversePassiveMountEffects @ react-dom-client.development.js:12627
commitPassiveMountOnFiber @ react-dom-client.development.js:12755
recursivelyTraversePassiveMountEffects @ react-dom-client.development.js:12627
commitPassiveMountOnFiber @ react-dom-client.development.js:12755
recursivelyTraversePassiveMountEffects @ react-dom-client.development.js:12627
commitPassiveMountOnFiber @ react-dom-client.development.js:12646
recursivelyTraversePassiveMountEffects @ react-dom-client.development.js:12627
commitPassiveMountOnFiber @ react-dom-client.development.js:12755
recursivelyTraversePassiveMountEffects @ react-dom-client.development.js:12627
commitPassiveMountOnFiber @ react-dom-client.development.js:12755
recursivelyTraversePassiveMountEffects @ react-dom-client.development.js:12627
commitPassiveMountOnFiber @ react-dom-client.development.js:12646
setTimeout
__webpack_modules__../src/platform/polyfills.web.ts.window.setImmediate @ polyfills.web.ts:5
schedulePerformWorkUntilDeadline @ scheduler.development.js:214
requestHostCallback @ scheduler.development.js:168
__webpack_modules__../node_modules/scheduler/cjs/scheduler.development.js.exports.unstable_scheduleCallback @ scheduler.development.js:344
scheduleTaskForRootDuringMicrotask @ react-dom-client.development.js:15909
processRootScheduleInMicrotask @ react-dom-client.development.js:15830
(anonymous) @ react-dom-client.development.js:15962
setTimeout
__webpack_modules__../src/platform/polyfills.web.ts.window.setImmediate @ polyfills.web.ts:5
schedulePerformWorkUntilDeadline @ scheduler.development.js:214
requestHostCallback @ scheduler.development.js:168
__webpack_modules__../node_modules/scheduler/cjs/scheduler.development.js.exports.unstable_scheduleCallback @ scheduler.development.js:344
scheduleTaskForRootDuringMicrotask @ react-dom-client.development.js:15909
processRootScheduleInMicrotask @ react-dom-client.development.js:15830
(anonymous) @ react-dom-client.development.js:15962Understand this error
bundle.js:419204  POST https://events.gndr.app/v2/initialize net::ERR_NAME_NOT_RESOLVED
(anonymous) @ StatsigNetwork.js:270
step @ StatsigNetwork.js:44
(anonymous) @ StatsigNetwork.js:25
(anonymous) @ StatsigNetwork.js:19
__webpack_modules__../node_modules/statsig-js/dist/StatsigNetwork.js.__awaiter @ StatsigNetwork.js:15
__webpack_modules__../node_modules/statsig-js/dist/StatsigNetwork.js.StatsigNetwork.postToEndpoint @ StatsigNetwork.js:213
(anonymous) @ StatsigNetwork.js:314
setTimeout
(anonymous) @ StatsigNetwork.js:312
(anonymous) @ StatsigNetwork.js:311
Promise.catch
(anonymous) @ StatsigNetwork.js:301
step @ StatsigNetwork.js:44
(anonymous) @ StatsigNetwork.js:25
(anonymous) @ StatsigNetwork.js:19
__webpack_modules__../node_modules/statsig-js/dist/StatsigNetwork.js.__awaiter @ StatsigNetwork.js:15
__webpack_modules__../node_modules/statsig-js/dist/StatsigNetwork.js.StatsigNetwork.postToEndpoint @ StatsigNetwork.js:213
__webpack_modules__../node_modules/statsig-js/dist/StatsigNetwork.js.StatsigNetwork.postWithTimeout @ StatsigNetwork.js:139
__webpack_modules__../node_modules/statsig-js/dist/StatsigNetwork.js.StatsigNetwork.fetchValues @ StatsigNetwork.js:107
(anonymous) @ StatsigClient.js:1095
step @ StatsigClient.js:44
(anonymous) @ StatsigClient.js:25
(anonymous) @ StatsigClient.js:19
__webpack_modules__../node_modules/statsig-js/dist/StatsigClient.js.__awaiter @ StatsigClient.js:15
__webpack_modules__../node_modules/statsig-js/dist/StatsigClient.js.StatsigClient.fetchAndSaveValues @ StatsigClient.js:1070
(anonymous) @ StatsigClient.js:340
__webpack_modules__../node_modules/statsig-js/dist/ErrorBoundary.js.ErrorBoundary.capture @ ErrorBoundary.js:74
(anonymous) @ StatsigClient.js:336
step @ StatsigClient.js:44
(anonymous) @ StatsigClient.js:25
(anonymous) @ StatsigClient.js:19
__webpack_modules__../node_modules/statsig-js/dist/StatsigClient.js.__awaiter @ StatsigClient.js:15
__webpack_modules__../node_modules/statsig-js/dist/StatsigClient.js.StatsigClient.prefetchUsers @ StatsigClient.js:333
(anonymous) @ Statsig.js:116
__webpack_modules__../node_modules/statsig-react/dist/Statsig.js.Statsig.capture @ Statsig.js:395
(anonymous) @ Statsig.js:116
step @ Statsig.js:39
(anonymous) @ Statsig.js:20
(anonymous) @ Statsig.js:14
__webpack_modules__../node_modules/statsig-react/dist/Statsig.js.__awaiter @ Statsig.js:10
__webpack_modules__../node_modules/statsig-react/dist/Statsig.js.Statsig.prefetchUsers @ Statsig.js:114
(anonymous) @ bundle.js:419204
t2 @ useNonReactiveCallback.ts:18
setInterval
(anonymous) @ bundle.js:419208
react-stack-bottom-frame @ react-dom-client.development.js:22509
runWithFiberInDEV @ react-dom-client.development.js:543
commitHookEffectListMount @ react-dom-client.development.js:10758
commitHookPassiveMountEffects @ react-dom-client.development.js:10878
commitPassiveMountOnFiber @ react-dom-client.development.js:12653
recursivelyTraversePassiveMountEffects @ react-dom-client.development.js:12627
commitPassiveMountOnFiber @ react-dom-client.development.js:12755
recursivelyTraversePassiveMountEffects @ react-dom-client.development.js:12627
commitPassiveMountOnFiber @ react-dom-client.development.js:12755
recursivelyTraversePassiveMountEffects @ react-dom-client.development.js:12627
commitPassiveMountOnFiber @ react-dom-client.development.js:12646
recursivelyTraversePassiveMountEffects @ react-dom-client.development.js:12627
commitPassiveMountOnFiber @ react-dom-client.development.js:12646
recursivelyTraversePassiveMountEffects @ react-dom-client.development.js:12627
commitPassiveMountOnFiber @ react-dom-client.development.js:12755
recursivelyTraversePassiveMountEffects @ react-dom-client.development.js:12627
commitPassiveMountOnFiber @ react-dom-client.development.js:12755
recursivelyTraversePassiveMountEffects @ react-dom-client.development.js:12627
commitPassiveMountOnFiber @ react-dom-client.development.js:12646
recursivelyTraversePassiveMountEffects @ react-dom-client.development.js:12627
commitPassiveMountOnFiber @ react-dom-client.development.js:12646
recursivelyTraversePassiveMountEffects @ react-dom-client.development.js:12627
commitPassiveMountOnFiber @ react-dom-client.development.js:12646
recursivelyTraversePassiveMountEffects @ react-dom-client.development.js:12627
commitPassiveMountOnFiber @ react-dom-client.development.js:12646
recursivelyTraversePassiveMountEffects @ react-dom-client.development.js:12627
commitPassiveMountOnFiber @ react-dom-client.development.js:12755
recursivelyTraversePassiveMountEffects @ react-dom-client.development.js:12627
commitPassiveMountOnFiber @ react-dom-client.development.js:12646
recursivelyTraversePassiveMountEffects @ react-dom-client.development.js:12627
commitPassiveMountOnFiber @ react-dom-client.development.js:12755
recursivelyTraversePassiveMountEffects @ react-dom-client.development.js:12627
commitPassiveMountOnFiber @ react-dom-client.development.js:12646
recursivelyTraversePassiveMountEffects @ react-dom-client.development.js:12627
commitPassiveMountOnFiber @ react-dom-client.development.js:12646
recursivelyTraversePassiveMountEffects @ react-dom-client.development.js:12627
commitPassiveMountOnFiber @ react-dom-client.development.js:12755
recursivelyTraversePassiveMountEffects @ react-dom-client.development.js:12627
commitPassiveMountOnFiber @ react-dom-client.development.js:12646
recursivelyTraversePassiveMountEffects @ react-dom-client.development.js:12627
commitPassiveMountOnFiber @ react-dom-client.development.js:12755
recursivelyTraversePassiveMountEffects @ react-dom-client.development.js:12627
commitPassiveMountOnFiber @ react-dom-client.development.js:12646
recursivelyTraversePassiveMountEffects @ react-dom-client.development.js:12627
commitPassiveMountOnFiber @ react-dom-client.development.js:12646
recursivelyTraversePassiveMountEffects @ react-dom-client.development.js:12627
commitPassiveMountOnFiber @ react-dom-client.development.js:12755
recursivelyTraversePassiveMountEffects @ react-dom-client.development.js:12627
commitPassiveMountOnFiber @ react-dom-client.development.js:12755
recursivelyTraversePassiveMountEffects @ react-dom-client.development.js:12627
commitPassiveMountOnFiber @ react-dom-client.development.js:12646
recursivelyTraversePassiveMountEffects @ react-dom-client.development.js:12627
commitPassiveMountOnFiber @ react-dom-client.development.js:12755
recursivelyTraversePassiveMountEffects @ react-dom-client.development.js:12627
commitPassiveMountOnFiber @ react-dom-client.development.js:12646
recursivelyTraversePassiveMountEffects @ react-dom-client.development.js:12627
commitPassiveMountOnFiber @ react-dom-client.development.js:12755
recursivelyTraversePassiveMountEffects @ react-dom-client.development.js:12627
commitPassiveMountOnFiber @ react-dom-client.development.js:12755
recursivelyTraversePassiveMountEffects @ react-dom-client.development.js:12627
commitPassiveMountOnFiber @ react-dom-client.development.js:12646
recursivelyTraversePassiveMountEffects @ react-dom-client.development.js:12627
commitPassiveMountOnFiber @ react-dom-client.development.js:12755
recursivelyTraversePassiveMountEffects @ react-dom-client.development.js:12627
commitPassiveMountOnFiber @ react-dom-client.development.js:12646
recursivelyTraversePassiveMountEffects @ react-dom-client.development.js:12627
commitPassiveMountOnFiber @ react-dom-client.development.js:12755
recursivelyTraversePassiveMountEffects @ react-dom-client.development.js:12627
commitPassiveMountOnFiber @ react-dom-client.development.js:12755
recursivelyTraversePassiveMountEffects @ react-dom-client.development.js:12627
commitPassiveMountOnFiber @ react-dom-client.development.js:12646
recursivelyTraversePassiveMountEffects @ react-dom-client.development.js:12627
commitPassiveMountOnFiber @ react-dom-client.development.js:12755
recursivelyTraversePassiveMountEffects @ react-dom-client.development.js:12627
commitPassiveMountOnFiber @ react-dom-client.development.js:12755
recursivelyTraversePassiveMountEffects @ react-dom-client.development.js:12627
commitPassiveMountOnFiber @ react-dom-client.development.js:12646
recursivelyTraversePassiveMountEffects @ react-dom-client.development.js:12627
commitPassiveMountOnFiber @ react-dom-client.development.js:12755
recursivelyTraversePassiveMountEffects @ react-dom-client.development.js:12627
commitPassiveMountOnFiber @ react-dom-client.development.js:12755
recursivelyTraversePassiveMountEffects @ react-dom-client.development.js:12627
commitPassiveMountOnFiber @ react-dom-client.development.js:12646
recursivelyTraversePassiveMountEffects @ react-dom-client.development.js:12627
commitPassiveMountOnFiber @ react-dom-client.development.js:12755
recursivelyTraversePassiveMountEffects @ react-dom-client.development.js:12627
commitPassiveMountOnFiber @ react-dom-client.development.js:12646
recursivelyTraversePassiveMountEffects @ react-dom-client.development.js:12627
commitPassiveMountOnFiber @ react-dom-client.development.js:12755
recursivelyTraversePassiveMountEffects @ react-dom-client.development.js:12627
commitPassiveMountOnFiber @ react-dom-client.development.js:12755
recursivelyTraversePassiveMountEffects @ react-dom-client.development.js:12627
commitPassiveMountOnFiber @ react-dom-client.development.js:12646
recursivelyTraversePassiveMountEffects @ react-dom-client.development.js:12627
commitPassiveMountOnFiber @ react-dom-client.development.js:12755
recursivelyTraversePassiveMountEffects @ react-dom-client.development.js:12627
commitPassiveMountOnFiber @ react-dom-client.development.js:12755
recursivelyTraversePassiveMountEffects @ react-dom-client.development.js:12627
commitPassiveMountOnFiber @ react-dom-client.development.js:12646
recursivelyTraversePassiveMountEffects @ react-dom-client.development.js:12627
commitPassiveMountOnFiber @ react-dom-client.development.js:12755
recursivelyTraversePassiveMountEffects @ react-dom-client.development.js:12627
commitPassiveMountOnFiber @ react-dom-client.development.js:12755
recursivelyTraversePassiveMountEffects @ react-dom-client.development.js:12627
commitPassiveMountOnFiber @ react-dom-client.development.js:12646
recursivelyTraversePassiveMountEffects @ react-dom-client.development.js:12627
commitPassiveMountOnFiber @ react-dom-client.development.js:12755
recursivelyTraversePassiveMountEffects @ react-dom-client.development.js:12627
commitPassiveMountOnFiber @ react-dom-client.development.js:12755
recursivelyTraversePassiveMountEffects @ react-dom-client.development.js:12627
commitPassiveMountOnFiber @ react-dom-client.development.js:12646
recursivelyTraversePassiveMountEffects @ react-dom-client.development.js:12627
commitPassiveMountOnFiber @ react-dom-client.development.js:12755
recursivelyTraversePassiveMountEffects @ react-dom-client.development.js:12627
commitPassiveMountOnFiber @ react-dom-client.development.js:12755
recursivelyTraversePassiveMountEffects @ react-dom-client.development.js:12627
commitPassiveMountOnFiber @ react-dom-client.development.js:12646
recursivelyTraversePassiveMountEffects @ react-dom-client.development.js:12627
commitPassiveMountOnFiber @ react-dom-client.development.js:12755
recursivelyTraversePassiveMountEffects @ react-dom-client.development.js:12627
commitPassiveMountOnFiber @ react-dom-client.development.js:12646
recursivelyTraversePassiveMountEffects @ react-dom-client.development.js:12627
commitPassiveMountOnFiber @ react-dom-client.development.js:12646
recursivelyTraversePassiveMountEffects @ react-dom-client.development.js:12627
commitPassiveMountOnFiber @ react-dom-client.development.js:12755
recursivelyTraversePassiveMountEffects @ react-dom-client.development.js:12627
commitPassiveMountOnFiber @ react-dom-client.development.js:12646
recursivelyTraversePassiveMountEffects @ react-dom-client.development.js:12627
commitPassiveMountOnFiber @ react-dom-client.development.js:12646
recursivelyTraversePassiveMountEffects @ react-dom-client.development.js:12627
commitPassiveMountOnFiber @ react-dom-client.development.js:12755
recursivelyTraversePassiveMountEffects @ react-dom-client.development.js:12627
commitPassiveMountOnFiber @ react-dom-client.development.js:12646
recursivelyTraversePassiveMountEffects @ react-dom-client.development.js:12627
commitPassiveMountOnFiber @ react-dom-client.development.js:12755
recursivelyTraversePassiveMountEffects @ react-dom-client.development.js:12627
commitPassiveMountOnFiber @ react-dom-client.development.js:12755
recursivelyTraversePassiveMountEffects @ react-dom-client.development.js:12627
commitPassiveMountOnFiber @ react-dom-client.development.js:12646
recursivelyTraversePassiveMountEffects @ react-dom-client.development.js:12627
commitPassiveMountOnFiber @ react-dom-client.development.js:12755
recursivelyTraversePassiveMountEffects @ react-dom-client.development.js:12627
commitPassiveMountOnFiber @ react-dom-client.development.js:12755
recursivelyTraversePassiveMountEffects @ react-dom-client.development.js:12627
commitPassiveMountOnFiber @ react-dom-client.development.js:12646
recursivelyTraversePassiveMountEffects @ react-dom-client.development.js:12627
commitPassiveMountOnFiber @ react-dom-client.development.js:12755
recursivelyTraversePassiveMountEffects @ react-dom-client.development.js:12627
commitPassiveMountOnFiber @ react-dom-client.development.js:12755
recursivelyTraversePassiveMountEffects @ react-dom-client.development.js:12627
commitPassiveMountOnFiber @ react-dom-client.development.js:12646
recursivelyTraversePassiveMountEffects @ react-dom-client.development.js:12627
commitPassiveMountOnFiber @ react-dom-client.development.js:12755
recursivelyTraversePassiveMountEffects @ react-dom-client.development.js:12627
commitPassiveMountOnFiber @ react-dom-client.development.js:12755
recursivelyTraversePassiveMountEffects @ react-dom-client.development.js:12627
commitPassiveMountOnFiber @ react-dom-client.development.js:12646
recursivelyTraversePassiveMountEffects @ react-dom-client.development.js:12627
commitPassiveMountOnFiber @ react-dom-client.development.js:12755
recursivelyTraversePassiveMountEffects @ react-dom-client.development.js:12627
commitPassiveMountOnFiber @ react-dom-client.development.js:12755
recursivelyTraversePassiveMountEffects @ react-dom-client.development.js:12627
commitPassiveMountOnFiber @ react-dom-client.development.js:12646
recursivelyTraversePassiveMountEffects @ react-dom-client.development.js:12627
commitPassiveMountOnFiber @ react-dom-client.development.js:12755
recursivelyTraversePassiveMountEffects @ react-dom-client.development.js:12627
commitPassiveMountOnFiber @ react-dom-client.development.js:12755
recursivelyTraversePassiveMountEffects @ react-dom-client.development.js:12627
commitPassiveMountOnFiber @ react-dom-client.development.js:12646
recursivelyTraversePassiveMountEffects @ react-dom-client.development.js:12627
commitPassiveMountOnFiber @ react-dom-client.development.js:12755
recursivelyTraversePassiveMountEffects @ react-dom-client.development.js:12627
commitPassiveMountOnFiber @ react-dom-client.development.js:12755
recursivelyTraversePassiveMountEffects @ react-dom-client.development.js:12627
commitPassiveMountOnFiber @ react-dom-client.development.js:12646
recursivelyTraversePassiveMountEffects @ react-dom-client.development.js:12627
commitPassiveMountOnFiber @ react-dom-client.development.js:12755
recursivelyTraversePassiveMountEffects @ react-dom-client.development.js:12627
commitPassiveMountOnFiber @ react-dom-client.development.js:12755
recursivelyTraversePassiveMountEffects @ react-dom-client.development.js:12627
commitPassiveMountOnFiber @ react-dom-client.development.js:12646
recursivelyTraversePassiveMountEffects @ react-dom-client.development.js:12627
commitPassiveMountOnFiber @ react-dom-client.development.js:12755
recursivelyTraversePassiveMountEffects @ react-dom-client.development.js:12627
commitPassiveMountOnFiber @ react-dom-client.development.js:12755
recursivelyTraversePassiveMountEffects @ react-dom-client.development.js:12627
commitPassiveMountOnFiber @ react-dom-client.development.js:12646
recursivelyTraversePassiveMountEffects @ react-dom-client.development.js:12627
commitPassiveMountOnFiber @ react-dom-client.development.js:12755
recursivelyTraversePassiveMountEffects @ react-dom-client.development.js:12627
commitPassiveMountOnFiber @ react-dom-client.development.js:12755
recursivelyTraversePassiveMountEffects @ react-dom-client.development.js:12627
commitPassiveMountOnFiber @ react-dom-client.development.js:12646
recursivelyTraversePassiveMountEffects @ react-dom-client.development.js:12627
commitPassiveMountOnFiber @ react-dom-client.development.js:12755
recursivelyTraversePassiveMountEffects @ react-dom-client.development.js:12627
commitPassiveMountOnFiber @ react-dom-client.development.js:12755
recursivelyTraversePassiveMountEffects @ react-dom-client.development.js:12627
commitPassiveMountOnFiber @ react-dom-client.development.js:12646
setTimeout
__webpack_modules__../src/platform/polyfills.web.ts.window.setImmediate @ polyfills.web.ts:5
schedulePerformWorkUntilDeadline @ scheduler.development.js:214
requestHostCallback @ scheduler.development.js:168
__webpack_modules__../node_modules/scheduler/cjs/scheduler.development.js.exports.unstable_scheduleCallback @ scheduler.development.js:344
scheduleTaskForRootDuringMicrotask @ react-dom-client.development.js:15909
processRootScheduleInMicrotask @ react-dom-client.development.js:15830
(anonymous) @ react-dom-client.development.js:15962
setTimeout
__webpack_modules__../src/platform/polyfills.web.ts.window.setImmediate @ polyfills.web.ts:5
schedulePerformWorkUntilDeadline @ scheduler.development.js:214
requestHostCallback @ scheduler.development.js:168
__webpack_modules__../node_modules/scheduler/cjs/scheduler.development.js.exports.unstable_scheduleCallback @ scheduler.development.js:344
scheduleTaskForRootDuringMicrotask @ react-dom-client.development.js:15909
processRootScheduleInMicrotask @ react-dom-client.development.js:15830
(anonymous) @ react-dom-client.development.js:15962Understand this error
bundle.js:419204  POST https://events.gndr.app/v2/initialize net::ERR_NAME_NOT_RESOLVED
(anonymous) @ StatsigNetwork.js:270
step @ StatsigNetwork.js:44
(anonymous) @ StatsigNetwork.js:25
(anonymous) @ StatsigNetwork.js:19
__webpack_modules__../node_modules/statsig-js/dist/StatsigNetwork.js.__awaiter @ StatsigNetwork.js:15
__webpack_modules__../node_modules/statsig-js/dist/StatsigNetwork.js.StatsigNetwork.postToEndpoint @ StatsigNetwork.js:213
(anonymous) @ StatsigNetwork.js:314
setTimeout
(anonymous) @ StatsigNetwork.js:312
(anonymous) @ StatsigNetwork.js:311
Promise.catch
(anonymous) @ StatsigNetwork.js:301
step @ StatsigNetwork.js:44
(anonymous) @ StatsigNetwork.js:25
(anonymous) @ StatsigNetwork.js:19
__webpack_modules__../node_modules/statsig-js/dist/StatsigNetwork.js.__awaiter @ StatsigNetwork.js:15
__webpack_modules__../node_modules/statsig-js/dist/StatsigNetwork.js.StatsigNetwork.postToEndpoint @ StatsigNetwork.js:213
(anonymous) @ StatsigNetwork.js:314
setTimeout
(anonymous) @ StatsigNetwork.js:312
(anonymous) @ StatsigNetwork.js:311
Promise.catch
(anonymous) @ StatsigNetwork.js:301
step @ StatsigNetwork.js:44
(anonymous) @ StatsigNetwork.js:25
(anonymous) @ StatsigNetwork.js:19
__webpack_modules__../node_modules/statsig-js/dist/StatsigNetwork.js.__awaiter @ StatsigNetwork.js:15
__webpack_modules__../node_modules/statsig-js/dist/StatsigNetwork.js.StatsigNetwork.postToEndpoint @ StatsigNetwork.js:213
__webpack_modules__../node_modules/statsig-js/dist/StatsigNetwork.js.StatsigNetwork.postWithTimeout @ StatsigNetwork.js:139
__webpack_modules__../node_modules/statsig-js/dist/StatsigNetwork.js.StatsigNetwork.fetchValues @ StatsigNetwork.js:107
(anonymous) @ StatsigClient.js:1095
step @ StatsigClient.js:44
(anonymous) @ StatsigClient.js:25
(anonymous) @ StatsigClient.js:19
__webpack_modules__../node_modules/statsig-js/dist/StatsigClient.js.__awaiter @ StatsigClient.js:15
__webpack_modules__../node_modules/statsig-js/dist/StatsigClient.js.StatsigClient.fetchAndSaveValues @ StatsigClient.js:1070
(anonymous) @ StatsigClient.js:340
__webpack_modules__../node_modules/statsig-js/dist/ErrorBoundary.js.ErrorBoundary.capture @ ErrorBoundary.js:74
(anonymous) @ StatsigClient.js:336
step @ StatsigClient.js:44
(anonymous) @ StatsigClient.js:25
(anonymous) @ StatsigClient.js:19
__webpack_modules__../node_modules/statsig-js/dist/StatsigClient.js.__awaiter @ StatsigClient.js:15
__webpack_modules__../node_modules/statsig-js/dist/StatsigClient.js.StatsigClient.prefetchUsers @ StatsigClient.js:333
(anonymous) @ Statsig.js:116
__webpack_modules__../node_modules/statsig-react/dist/Statsig.js.Statsig.capture @ Statsig.js:395
(anonymous) @ Statsig.js:116
step @ Statsig.js:39
(anonymous) @ Statsig.js:20
(anonymous) @ Statsig.js:14
__webpack_modules__../node_modules/statsig-react/dist/Statsig.js.__awaiter @ Statsig.js:10
__webpack_modules__../node_modules/statsig-react/dist/Statsig.js.Statsig.prefetchUsers @ Statsig.js:114
(anonymous) @ bundle.js:419204
t2 @ useNonReactiveCallback.ts:18
setInterval
(anonymous) @ bundle.js:419208
react-stack-bottom-frame @ react-dom-client.development.js:22509
runWithFiberInDEV @ react-dom-client.development.js:543
commitHookEffectListMount @ react-dom-client.development.js:10758
commitHookPassiveMountEffects @ react-dom-client.development.js:10878
commitPassiveMountOnFiber @ react-dom-client.development.js:12653
recursivelyTraversePassiveMountEffects @ react-dom-client.development.js:12627
commitPassiveMountOnFiber @ react-dom-client.development.js:12755
recursivelyTraversePassiveMountEffects @ react-dom-client.development.js:12627
commitPassiveMountOnFiber @ react-dom-client.development.js:12755
recursivelyTraversePassiveMountEffects @ react-dom-client.development.js:12627
commitPassiveMountOnFiber @ react-dom-client.development.js:12646
recursivelyTraversePassiveMountEffects @ react-dom-client.development.js:12627
commitPassiveMountOnFiber @ react-dom-client.development.js:12646
recursivelyTraversePassiveMountEffects @ react-dom-client.development.js:12627
commitPassiveMountOnFiber @ react-dom-client.development.js:12755
recursivelyTraversePassiveMountEffects @ react-dom-client.development.js:12627
commitPassiveMountOnFiber @ react-dom-client.development.js:12755
recursivelyTraversePassiveMountEffects @ react-dom-client.development.js:12627
commitPassiveMountOnFiber @ react-dom-client.development.js:12646
recursivelyTraversePassiveMountEffects @ react-dom-client.development.js:12627
commitPassiveMountOnFiber @ react-dom-client.development.js:12646
recursivelyTraversePassiveMountEffects @ react-dom-client.development.js:12627
commitPassiveMountOnFiber @ react-dom-client.development.js:12646
recursivelyTraversePassiveMountEffects @ react-dom-client.development.js:12627
commitPassiveMountOnFiber @ react-dom-client.development.js:12646
recursivelyTraversePassiveMountEffects @ react-dom-client.development.js:12627
commitPassiveMountOnFiber @ react-dom-client.development.js:12755
recursivelyTraversePassiveMountEffects @ react-dom-client.development.js:12627
commitPassiveMountOnFiber @ react-dom-client.development.js:12646
recursivelyTraversePassiveMountEffects @ react-dom-client.development.js:12627
commitPassiveMountOnFiber @ react-dom-client.development.js:12755
recursivelyTraversePassiveMountEffects @ react-dom-client.development.js:12627
commitPassiveMountOnFiber @ react-dom-client.development.js:12646
recursivelyTraversePassiveMountEffects @ react-dom-client.development.js:12627
commitPassiveMountOnFiber @ react-dom-client.development.js:12646
recursivelyTraversePassiveMountEffects @ react-dom-client.development.js:12627
commitPassiveMountOnFiber @ react-dom-client.development.js:12755
recursivelyTraversePassiveMountEffects @ react-dom-client.development.js:12627
commitPassiveMountOnFiber @ react-dom-client.development.js:12646
recursivelyTraversePassiveMountEffects @ react-dom-client.development.js:12627
commitPassiveMountOnFiber @ react-dom-client.development.js:12755
recursivelyTraversePassiveMountEffects @ react-dom-client.development.js:12627
commitPassiveMountOnFiber @ react-dom-client.development.js:12646
recursivelyTraversePassiveMountEffects @ react-dom-client.development.js:12627
commitPassiveMountOnFiber @ react-dom-client.development.js:12646
recursivelyTraversePassiveMountEffects @ react-dom-client.development.js:12627
commitPassiveMountOnFiber @ react-dom-client.development.js:12755
recursivelyTraversePassiveMountEffects @ react-dom-client.development.js:12627
commitPassiveMountOnFiber @ react-dom-client.development.js:12755
recursivelyTraversePassiveMountEffects @ react-dom-client.development.js:12627
commitPassiveMountOnFiber @ react-dom-client.development.js:12646
recursivelyTraversePassiveMountEffects @ react-dom-client.development.js:12627
commitPassiveMountOnFiber @ react-dom-client.development.js:12755
recursivelyTraversePassiveMountEffects @ react-dom-client.development.js:12627
commitPassiveMountOnFiber @ react-dom-client.development.js:12646
recursivelyTraversePassiveMountEffects @ react-dom-client.development.js:12627
commitPassiveMountOnFiber @ react-dom-client.development.js:12755
recursivelyTraversePassiveMountEffects @ react-dom-client.development.js:12627
commitPassiveMountOnFiber @ react-dom-client.development.js:12755
recursivelyTraversePassiveMountEffects @ react-dom-client.development.js:12627
commitPassiveMountOnFiber @ react-dom-client.development.js:12646
recursivelyTraversePassiveMountEffects @ react-dom-client.development.js:12627
commitPassiveMountOnFiber @ react-dom-client.development.js:12755
recursivelyTraversePassiveMountEffects @ react-dom-client.development.js:12627
commitPassiveMountOnFiber @ react-dom-client.development.js:12646
recursivelyTraversePassiveMountEffects @ react-dom-client.development.js:12627
commitPassiveMountOnFiber @ react-dom-client.development.js:12755
recursivelyTraversePassiveMountEffects @ react-dom-client.development.js:12627
commitPassiveMountOnFiber @ react-dom-client.development.js:12755
recursivelyTraversePassiveMountEffects @ react-dom-client.development.js:12627
commitPassiveMountOnFiber @ react-dom-client.development.js:12646
recursivelyTraversePassiveMountEffects @ react-dom-client.development.js:12627
commitPassiveMountOnFiber @ react-dom-client.development.js:12755
recursivelyTraversePassiveMountEffects @ react-dom-client.development.js:12627
commitPassiveMountOnFiber @ react-dom-client.development.js:12755
recursivelyTraversePassiveMountEffects @ react-dom-client.development.js:12627
commitPassiveMountOnFiber @ react-dom-client.development.js:12646
recursivelyTraversePassiveMountEffects @ react-dom-client.development.js:12627
commitPassiveMountOnFiber @ react-dom-client.development.js:12755
recursivelyTraversePassiveMountEffects @ react-dom-client.development.js:12627
commitPassiveMountOnFiber @ react-dom-client.development.js:12755
recursivelyTraversePassiveMountEffects @ react-dom-client.development.js:12627
commitPassiveMountOnFiber @ react-dom-client.development.js:12646
recursivelyTraversePassiveMountEffects @ react-dom-client.development.js:12627
commitPassiveMountOnFiber @ react-dom-client.development.js:12755
recursivelyTraversePassiveMountEffects @ react-dom-client.development.js:12627
commitPassiveMountOnFiber @ react-dom-client.development.js:12646
recursivelyTraversePassiveMountEffects @ react-dom-client.development.js:12627
commitPassiveMountOnFiber @ react-dom-client.development.js:12755
recursivelyTraversePassiveMountEffects @ react-dom-client.development.js:12627
commitPassiveMountOnFiber @ react-dom-client.development.js:12755
recursivelyTraversePassiveMountEffects @ react-dom-client.development.js:12627
commitPassiveMountOnFiber @ react-dom-client.development.js:12646
recursivelyTraversePassiveMountEffects @ react-dom-client.development.js:12627
commitPassiveMountOnFiber @ react-dom-client.development.js:12755
recursivelyTraversePassiveMountEffects @ react-dom-client.development.js:12627
commitPassiveMountOnFiber @ react-dom-client.development.js:12755
recursivelyTraversePassiveMountEffects @ react-dom-client.development.js:12627
commitPassiveMountOnFiber @ react-dom-client.development.js:12646
recursivelyTraversePassiveMountEffects @ react-dom-client.development.js:12627
commitPassiveMountOnFiber @ react-dom-client.development.js:12755
recursivelyTraversePassiveMountEffects @ react-dom-client.development.js:12627
commitPassiveMountOnFiber @ react-dom-client.development.js:12755
recursivelyTraversePassiveMountEffects @ react-dom-client.development.js:12627
commitPassiveMountOnFiber @ react-dom-client.development.js:12646
recursivelyTraversePassiveMountEffects @ react-dom-client.development.js:12627
commitPassiveMountOnFiber @ react-dom-client.development.js:12755
recursivelyTraversePassiveMountEffects @ react-dom-client.development.js:12627
commitPassiveMountOnFiber @ react-dom-client.development.js:12755
recursivelyTraversePassiveMountEffects @ react-dom-client.development.js:12627
commitPassiveMountOnFiber @ react-dom-client.development.js:12646
recursivelyTraversePassiveMountEffects @ react-dom-client.development.js:12627
commitPassiveMountOnFiber @ react-dom-client.development.js:12755
recursivelyTraversePassiveMountEffects @ react-dom-client.development.js:12627
commitPassiveMountOnFiber @ react-dom-client.development.js:12755
recursivelyTraversePassiveMountEffects @ react-dom-client.development.js:12627
commitPassiveMountOnFiber @ react-dom-client.development.js:12646
recursivelyTraversePassiveMountEffects @ react-dom-client.development.js:12627
commitPassiveMountOnFiber @ react-dom-client.development.js:12755
recursivelyTraversePassiveMountEffects @ react-dom-client.development.js:12627
commitPassiveMountOnFiber @ react-dom-client.development.js:12646
recursivelyTraversePassiveMountEffects @ react-dom-client.development.js:12627
commitPassiveMountOnFiber @ react-dom-client.development.js:12646
recursivelyTraversePassiveMountEffects @ react-dom-client.development.js:12627
commitPassiveMountOnFiber @ react-dom-client.development.js:12755
recursivelyTraversePassiveMountEffects @ react-dom-client.development.js:12627
commitPassiveMountOnFiber @ react-dom-client.development.js:12646
recursivelyTraversePassiveMountEffects @ react-dom-client.development.js:12627
commitPassiveMountOnFiber @ react-dom-client.development.js:12646
recursivelyTraversePassiveMountEffects @ react-dom-client.development.js:12627
commitPassiveMountOnFiber @ react-dom-client.development.js:12755
recursivelyTraversePassiveMountEffects @ react-dom-client.development.js:12627
commitPassiveMountOnFiber @ react-dom-client.development.js:12646
recursivelyTraversePassiveMountEffects @ react-dom-client.development.js:12627
commitPassiveMountOnFiber @ react-dom-client.development.js:12755
recursivelyTraversePassiveMountEffects @ react-dom-client.development.js:12627
commitPassiveMountOnFiber @ react-dom-client.development.js:12755
recursivelyTraversePassiveMountEffects @ react-dom-client.development.js:12627
commitPassiveMountOnFiber @ react-dom-client.development.js:12646
recursivelyTraversePassiveMountEffects @ react-dom-client.development.js:12627
commitPassiveMountOnFiber @ react-dom-client.development.js:12755
recursivelyTraversePassiveMountEffects @ react-dom-client.development.js:12627
commitPassiveMountOnFiber @ react-dom-client.development.js:12755
recursivelyTraversePassiveMountEffects @ react-dom-client.development.js:12627
commitPassiveMountOnFiber @ react-dom-client.development.js:12646
recursivelyTraversePassiveMountEffects @ react-dom-client.development.js:12627
commitPassiveMountOnFiber @ react-dom-client.development.js:12755
recursivelyTraversePassiveMountEffects @ react-dom-client.development.js:12627
commitPassiveMountOnFiber @ react-dom-client.development.js:12755
recursivelyTraversePassiveMountEffects @ react-dom-client.development.js:12627
commitPassiveMountOnFiber @ react-dom-client.development.js:12646
recursivelyTraversePassiveMountEffects @ react-dom-client.development.js:12627
commitPassiveMountOnFiber @ react-dom-client.development.js:12755
recursivelyTraversePassiveMountEffects @ react-dom-client.development.js:12627
commitPassiveMountOnFiber @ react-dom-client.development.js:12755
recursivelyTraversePassiveMountEffects @ react-dom-client.development.js:12627
commitPassiveMountOnFiber @ react-dom-client.development.js:12646
recursivelyTraversePassiveMountEffects @ react-dom-client.development.js:12627
commitPassiveMountOnFiber @ react-dom-client.development.js:12755
recursivelyTraversePassiveMountEffects @ react-dom-client.development.js:12627
commitPassiveMountOnFiber @ react-dom-client.development.js:12755
recursivelyTraversePassiveMountEffects @ react-dom-client.development.js:12627
commitPassiveMountOnFiber @ react-dom-client.development.js:12646
recursivelyTraversePassiveMountEffects @ react-dom-client.development.js:12627
commitPassiveMountOnFiber @ react-dom-client.development.js:12755
recursivelyTraversePassiveMountEffects @ react-dom-client.development.js:12627
commitPassiveMountOnFiber @ react-dom-client.development.js:12755
recursivelyTraversePassiveMountEffects @ react-dom-client.development.js:12627
commitPassiveMountOnFiber @ react-dom-client.development.js:12646
recursivelyTraversePassiveMountEffects @ react-dom-client.development.js:12627
commitPassiveMountOnFiber @ react-dom-client.development.js:12755
recursivelyTraversePassiveMountEffects @ react-dom-client.development.js:12627
commitPassiveMountOnFiber @ react-dom-client.development.js:12755
recursivelyTraversePassiveMountEffects @ react-dom-client.development.js:12627
commitPassiveMountOnFiber @ react-dom-client.development.js:12646
recursivelyTraversePassiveMountEffects @ react-dom-client.development.js:12627
commitPassiveMountOnFiber @ react-dom-client.development.js:12755
recursivelyTraversePassiveMountEffects @ react-dom-client.development.js:12627
commitPassiveMountOnFiber @ react-dom-client.development.js:12755
recursivelyTraversePassiveMountEffects @ react-dom-client.development.js:12627
commitPassiveMountOnFiber @ react-dom-client.development.js:12646
recursivelyTraversePassiveMountEffects @ react-dom-client.development.js:12627
commitPassiveMountOnFiber @ react-dom-client.development.js:12755
recursivelyTraversePassiveMountEffects @ react-dom-client.development.js:12627
commitPassiveMountOnFiber @ react-dom-client.development.js:12755
recursivelyTraversePassiveMountEffects @ react-dom-client.development.js:12627
commitPassiveMountOnFiber @ react-dom-client.development.js:12646
recursivelyTraversePassiveMountEffects @ react-dom-client.development.js:12627
commitPassiveMountOnFiber @ react-dom-client.development.js:12755
recursivelyTraversePassiveMountEffects @ react-dom-client.development.js:12627
commitPassiveMountOnFiber @ react-dom-client.development.js:12755
recursivelyTraversePassiveMountEffects @ react-dom-client.development.js:12627
commitPassiveMountOnFiber @ react-dom-client.development.js:12646
recursivelyTraversePassiveMountEffects @ react-dom-client.development.js:12627
commitPassiveMountOnFiber @ react-dom-client.development.js:12755
recursivelyTraversePassiveMountEffects @ react-dom-client.development.js:12627
commitPassiveMountOnFiber @ react-dom-client.development.js:12755
recursivelyTraversePassiveMountEffects @ react-dom-client.development.js:12627
commitPassiveMountOnFiber @ react-dom-client.development.js:12646
setTimeout
__webpack_modules__../src/platform/polyfills.web.ts.window.setImmediate @ polyfills.web.ts:5
schedulePerformWorkUntilDeadline @ scheduler.development.js:214
requestHostCallback @ scheduler.development.js:168
__webpack_modules__../node_modules/scheduler/cjs/scheduler.development.js.exports.unstable_scheduleCallback @ scheduler.development.js:344
scheduleTaskForRootDuringMicrotask @ react-dom-client.development.js:15909
processRootScheduleInMicrotask @ react-dom-client.development.js:15830
(anonymous) @ react-dom-client.development.js:15962
setTimeout
__webpack_modules__../src/platform/polyfills.web.ts.window.setImmediate @ polyfills.web.ts:5
schedulePerformWorkUntilDeadline @ scheduler.development.js:214
requestHostCallback @ scheduler.development.js:168
__webpack_modules__../node_modules/scheduler/cjs/scheduler.development.js.exports.unstable_scheduleCallback @ scheduler.development.js:344
scheduleTaskForRootDuringMicrotask @ react-dom-client.development.js:15909
processRootScheduleInMicrotask @ react-dom-client.development.js:15830
(anonymous) @ react-dom-client.development.js:15962Understand this error
bundle.js:419204  POST https://events.gndr.app/v2/initialize net::ERR_NAME_NOT_RESOLVED
(anonymous) @ StatsigNetwork.js:270
step @ StatsigNetwork.js:44
(anonymous) @ StatsigNetwork.js:25
(anonymous) @ StatsigNetwork.js:19
__webpack_modules__../node_modules/statsig-js/dist/StatsigNetwork.js.__awaiter @ StatsigNetwork.js:15
__webpack_modules__../node_modules/statsig-js/dist/StatsigNetwork.js.StatsigNetwork.postToEndpoint @ StatsigNetwork.js:213
__webpack_modules__../node_modules/statsig-js/dist/StatsigNetwork.js.StatsigNetwork.postWithTimeout @ StatsigNetwork.js:139
__webpack_modules__../node_modules/statsig-js/dist/StatsigNetwork.js.StatsigNetwork.fetchValues @ StatsigNetwork.js:107
(anonymous) @ StatsigClient.js:1095
step @ StatsigClient.js:44
(anonymous) @ StatsigClient.js:25
(anonymous) @ StatsigClient.js:19
__webpack_modules__../node_modules/statsig-js/dist/StatsigClient.js.__awaiter @ StatsigClient.js:15
__webpack_modules__../node_modules/statsig-js/dist/StatsigClient.js.StatsigClient.fetchAndSaveValues @ StatsigClient.js:1070
(anonymous) @ StatsigClient.js:340
__webpack_modules__../node_modules/statsig-js/dist/ErrorBoundary.js.ErrorBoundary.capture @ ErrorBoundary.js:74
(anonymous) @ StatsigClient.js:336
step @ StatsigClient.js:44
(anonymous) @ StatsigClient.js:25
(anonymous) @ StatsigClient.js:19
__webpack_modules__../node_modules/statsig-js/dist/StatsigClient.js.__awaiter @ StatsigClient.js:15
__webpack_modules__../node_modules/statsig-js/dist/StatsigClient.js.StatsigClient.prefetchUsers @ StatsigClient.js:333
(anonymous) @ Statsig.js:116
__webpack_modules__../node_modules/statsig-react/dist/Statsig.js.Statsig.capture @ Statsig.js:395
(anonymous) @ Statsig.js:116
step @ Statsig.js:39
(anonymous) @ Statsig.js:20
(anonymous) @ Statsig.js:14
__webpack_modules__../node_modules/statsig-react/dist/Statsig.js.__awaiter @ Statsig.js:10
__webpack_modules__../node_modules/statsig-react/dist/Statsig.js.Statsig.prefetchUsers @ Statsig.js:114
(anonymous) @ bundle.js:419204
t2 @ useNonReactiveCallback.ts:18
setInterval
(anonymous) @ bundle.js:419208
react-stack-bottom-frame @ react-dom-client.development.js:22509
runWithFiberInDEV @ react-dom-client.development.js:543
commitHookEffectListMount @ react-dom-client.development.js:10758
commitHookPassiveMountEffects @ react-dom-client.development.js:10878
commitPassiveMountOnFiber @ react-dom-client.development.js:12653
recursivelyTraversePassiveMountEffects @ react-dom-client.development.js:12627
commitPassiveMountOnFiber @ react-dom-client.development.js:12755
recursivelyTraversePassiveMountEffects @ react-dom-client.development.js:12627
commitPassiveMountOnFiber @ react-dom-client.development.js:12755
recursivelyTraversePassiveMountEffects @ react-dom-client.development.js:12627
commitPassiveMountOnFiber @ react-dom-client.development.js:12646
recursivelyTraversePassiveMountEffects @ react-dom-client.development.js:12627
commitPassiveMountOnFiber @ react-dom-client.development.js:12646
recursivelyTraversePassiveMountEffects @ react-dom-client.development.js:12627
commitPassiveMountOnFiber @ react-dom-client.development.js:12755
recursivelyTraversePassiveMountEffects @ react-dom-client.development.js:12627
commitPassiveMountOnFiber @ react-dom-client.development.js:12755
recursivelyTraversePassiveMountEffects @ react-dom-client.development.js:12627
commitPassiveMountOnFiber @ react-dom-client.development.js:12646
recursivelyTraversePassiveMountEffects @ react-dom-client.development.js:12627
commitPassiveMountOnFiber @ react-dom-client.development.js:12646
recursivelyTraversePassiveMountEffects @ react-dom-client.development.js:12627
commitPassiveMountOnFiber @ react-dom-client.development.js:12646
recursivelyTraversePassiveMountEffects @ react-dom-client.development.js:12627
commitPassiveMountOnFiber @ react-dom-client.development.js:12646
recursivelyTraversePassiveMountEffects @ react-dom-client.development.js:12627
commitPassiveMountOnFiber @ react-dom-client.development.js:12755
recursivelyTraversePassiveMountEffects @ react-dom-client.development.js:12627
commitPassiveMountOnFiber @ react-dom-client.development.js:12646
recursivelyTraversePassiveMountEffects @ react-dom-client.development.js:12627
commitPassiveMountOnFiber @ react-dom-client.development.js:12755
recursivelyTraversePassiveMountEffects @ react-dom-client.development.js:12627
commitPassiveMountOnFiber @ react-dom-client.development.js:12646
recursivelyTraversePassiveMountEffects @ react-dom-client.development.js:12627
commitPassiveMountOnFiber @ react-dom-client.development.js:12646
recursivelyTraversePassiveMountEffects @ react-dom-client.development.js:12627
commitPassiveMountOnFiber @ react-dom-client.development.js:12755
recursivelyTraversePassiveMountEffects @ react-dom-client.development.js:12627
commitPassiveMountOnFiber @ react-dom-client.development.js:12646
recursivelyTraversePassiveMountEffects @ react-dom-client.development.js:12627
commitPassiveMountOnFiber @ react-dom-client.development.js:12755
recursivelyTraversePassiveMountEffects @ react-dom-client.development.js:12627
commitPassiveMountOnFiber @ react-dom-client.development.js:12646
recursivelyTraversePassiveMountEffects @ react-dom-client.development.js:12627
commitPassiveMountOnFiber @ react-dom-client.development.js:12646
recursivelyTraversePassiveMountEffects @ react-dom-client.development.js:12627
commitPassiveMountOnFiber @ react-dom-client.development.js:12755
recursivelyTraversePassiveMountEffects @ react-dom-client.development.js:12627
commitPassiveMountOnFiber @ react-dom-client.development.js:12755
recursivelyTraversePassiveMountEffects @ react-dom-client.development.js:12627
commitPassiveMountOnFiber @ react-dom-client.development.js:12646
recursivelyTraversePassiveMountEffects @ react-dom-client.development.js:12627
commitPassiveMountOnFiber @ react-dom-client.development.js:12755
recursivelyTraversePassiveMountEffects @ react-dom-client.development.js:12627
commitPassiveMountOnFiber @ react-dom-client.development.js:12646
recursivelyTraversePassiveMountEffects @ react-dom-client.development.js:12627
commitPassiveMountOnFiber @ react-dom-client.development.js:12755
recursivelyTraversePassiveMountEffects @ react-dom-client.development.js:12627
commitPassiveMountOnFiber @ react-dom-client.development.js:12755
recursivelyTraversePassiveMountEffects @ react-dom-client.development.js:12627
commitPassiveMountOnFiber @ react-dom-client.development.js:12646
recursivelyTraversePassiveMountEffects @ react-dom-client.development.js:12627
commitPassiveMountOnFiber @ react-dom-client.development.js:12755
recursivelyTraversePassiveMountEffects @ react-dom-client.development.js:12627
commitPassiveMountOnFiber @ react-dom-client.development.js:12646
recursivelyTraversePassiveMountEffects @ react-dom-client.development.js:12627
commitPassiveMountOnFiber @ react-dom-client.development.js:12755
recursivelyTraversePassiveMountEffects @ react-dom-client.development.js:12627
commitPassiveMountOnFiber @ react-dom-client.development.js:12755
recursivelyTraversePassiveMountEffects @ react-dom-client.development.js:12627
commitPassiveMountOnFiber @ react-dom-client.development.js:12646
recursivelyTraversePassiveMountEffects @ react-dom-client.development.js:12627
commitPassiveMountOnFiber @ react-dom-client.development.js:12755
recursivelyTraversePassiveMountEffects @ react-dom-client.development.js:12627
commitPassiveMountOnFiber @ react-dom-client.development.js:12755
recursivelyTraversePassiveMountEffects @ react-dom-client.development.js:12627
commitPassiveMountOnFiber @ react-dom-client.development.js:12646
recursivelyTraversePassiveMountEffects @ react-dom-client.development.js:12627
commitPassiveMountOnFiber @ react-dom-client.development.js:12755
recursivelyTraversePassiveMountEffects @ react-dom-client.development.js:12627
commitPassiveMountOnFiber @ react-dom-client.development.js:12755
recursivelyTraversePassiveMountEffects @ react-dom-client.development.js:12627
commitPassiveMountOnFiber @ react-dom-client.development.js:12646
recursivelyTraversePassiveMountEffects @ react-dom-client.development.js:12627
commitPassiveMountOnFiber @ react-dom-client.development.js:12755
recursivelyTraversePassiveMountEffects @ react-dom-client.development.js:12627
commitPassiveMountOnFiber @ react-dom-client.development.js:12646
recursivelyTraversePassiveMountEffects @ react-dom-client.development.js:12627
commitPassiveMountOnFiber @ react-dom-client.development.js:12755
recursivelyTraversePassiveMountEffects @ react-dom-client.development.js:12627
commitPassiveMountOnFiber @ react-dom-client.development.js:12755
recursivelyTraversePassiveMountEffects @ react-dom-client.development.js:12627
commitPassiveMountOnFiber @ react-dom-client.development.js:12646
recursivelyTraversePassiveMountEffects @ react-dom-client.development.js:12627
commitPassiveMountOnFiber @ react-dom-client.development.js:12755
recursivelyTraversePassiveMountEffects @ react-dom-client.development.js:12627
commitPassiveMountOnFiber @ react-dom-client.development.js:12755
recursivelyTraversePassiveMountEffects @ react-dom-client.development.js:12627
commitPassiveMountOnFiber @ react-dom-client.development.js:12646
recursivelyTraversePassiveMountEffects @ react-dom-client.development.js:12627
commitPassiveMountOnFiber @ react-dom-client.development.js:12755
recursivelyTraversePassiveMountEffects @ react-dom-client.development.js:12627
commitPassiveMountOnFiber @ react-dom-client.development.js:12755
recursivelyTraversePassiveMountEffects @ react-dom-client.development.js:12627
commitPassiveMountOnFiber @ react-dom-client.development.js:12646
recursivelyTraversePassiveMountEffects @ react-dom-client.development.js:12627
commitPassiveMountOnFiber @ react-dom-client.development.js:12755
recursivelyTraversePassiveMountEffects @ react-dom-client.development.js:12627
commitPassiveMountOnFiber @ react-dom-client.development.js:12755
recursivelyTraversePassiveMountEffects @ react-dom-client.development.js:12627
commitPassiveMountOnFiber @ react-dom-client.development.js:12646
recursivelyTraversePassiveMountEffects @ react-dom-client.development.js:12627
commitPassiveMountOnFiber @ react-dom-client.development.js:12755
recursivelyTraversePassiveMountEffects @ react-dom-client.development.js:12627
commitPassiveMountOnFiber @ react-dom-client.development.js:12755
recursivelyTraversePassiveMountEffects @ react-dom-client.development.js:12627
commitPassiveMountOnFiber @ react-dom-client.development.js:12646
recursivelyTraversePassiveMountEffects @ react-dom-client.development.js:12627
commitPassiveMountOnFiber @ react-dom-client.development.js:12755
recursivelyTraversePassiveMountEffects @ react-dom-client.development.js:12627
commitPassiveMountOnFiber @ react-dom-client.development.js:12646
recursivelyTraversePassiveMountEffects @ react-dom-client.development.js:12627
commitPassiveMountOnFiber @ react-dom-client.development.js:12646
recursivelyTraversePassiveMountEffects @ react-dom-client.development.js:12627
commitPassiveMountOnFiber @ react-dom-client.development.js:12755
recursivelyTraversePassiveMountEffects @ react-dom-client.development.js:12627
commitPassiveMountOnFiber @ react-dom-client.development.js:12646
recursivelyTraversePassiveMountEffects @ react-dom-client.development.js:12627
commitPassiveMountOnFiber @ react-dom-client.development.js:12646
recursivelyTraversePassiveMountEffects @ react-dom-client.development.js:12627
commitPassiveMountOnFiber @ react-dom-client.development.js:12755
recursivelyTraversePassiveMountEffects @ react-dom-client.development.js:12627
commitPassiveMountOnFiber @ react-dom-client.development.js:12646
recursivelyTraversePassiveMountEffects @ react-dom-client.development.js:12627
commitPassiveMountOnFiber @ react-dom-client.development.js:12755
recursivelyTraversePassiveMountEffects @ react-dom-client.development.js:12627
commitPassiveMountOnFiber @ react-dom-client.development.js:12755
recursivelyTraversePassiveMountEffects @ react-dom-client.development.js:12627
commitPassiveMountOnFiber @ react-dom-client.development.js:12646
recursivelyTraversePassiveMountEffects @ react-dom-client.development.js:12627
commitPassiveMountOnFiber @ react-dom-client.development.js:12755
recursivelyTraversePassiveMountEffects @ react-dom-client.development.js:12627
commitPassiveMountOnFiber @ react-dom-client.development.js:12755
recursivelyTraversePassiveMountEffects @ react-dom-client.development.js:12627
commitPassiveMountOnFiber @ react-dom-client.development.js:12646
recursivelyTraversePassiveMountEffects @ react-dom-client.development.js:12627
commitPassiveMountOnFiber @ react-dom-client.development.js:12755
recursivelyTraversePassiveMountEffects @ react-dom-client.development.js:12627
commitPassiveMountOnFiber @ react-dom-client.development.js:12755
recursivelyTraversePassiveMountEffects @ react-dom-client.development.js:12627
commitPassiveMountOnFiber @ react-dom-client.development.js:12646
recursivelyTraversePassiveMountEffects @ react-dom-client.development.js:12627
commitPassiveMountOnFiber @ react-dom-client.development.js:12755
recursivelyTraversePassiveMountEffects @ react-dom-client.development.js:12627
commitPassiveMountOnFiber @ react-dom-client.development.js:12755
recursivelyTraversePassiveMountEffects @ react-dom-client.development.js:12627
commitPassiveMountOnFiber @ react-dom-client.development.js:12646
recursivelyTraversePassiveMountEffects @ react-dom-client.development.js:12627
commitPassiveMountOnFiber @ react-dom-client.development.js:12755
recursivelyTraversePassiveMountEffects @ react-dom-client.development.js:12627
commitPassiveMountOnFiber @ react-dom-client.development.js:12755
recursivelyTraversePassiveMountEffects @ react-dom-client.development.js:12627
commitPassiveMountOnFiber @ react-dom-client.development.js:12646
recursivelyTraversePassiveMountEffects @ react-dom-client.development.js:12627
commitPassiveMountOnFiber @ react-dom-client.development.js:12755
recursivelyTraversePassiveMountEffects @ react-dom-client.development.js:12627
commitPassiveMountOnFiber @ react-dom-client.development.js:12755
recursivelyTraversePassiveMountEffects @ react-dom-client.development.js:12627
commitPassiveMountOnFiber @ react-dom-client.development.js:12646
recursivelyTraversePassiveMountEffects @ react-dom-client.development.js:12627
commitPassiveMountOnFiber @ react-dom-client.development.js:12755
recursivelyTraversePassiveMountEffects @ react-dom-client.development.js:12627
commitPassiveMountOnFiber @ react-dom-client.development.js:12755
recursivelyTraversePassiveMountEffects @ react-dom-client.development.js:12627
commitPassiveMountOnFiber @ react-dom-client.development.js:12646
recursivelyTraversePassiveMountEffects @ react-dom-client.development.js:12627
commitPassiveMountOnFiber @ react-dom-client.development.js:12755
recursivelyTraversePassiveMountEffects @ react-dom-client.development.js:12627
commitPassiveMountOnFiber @ react-dom-client.development.js:12755
recursivelyTraversePassiveMountEffects @ react-dom-client.development.js:12627
commitPassiveMountOnFiber @ react-dom-client.development.js:12646
recursivelyTraversePassiveMountEffects @ react-dom-client.development.js:12627
commitPassiveMountOnFiber @ react-dom-client.development.js:12755
recursivelyTraversePassiveMountEffects @ react-dom-client.development.js:12627
commitPassiveMountOnFiber @ react-dom-client.development.js:12755
recursivelyTraversePassiveMountEffects @ react-dom-client.development.js:12627
commitPassiveMountOnFiber @ react-dom-client.development.js:12646
recursivelyTraversePassiveMountEffects @ react-dom-client.development.js:12627
commitPassiveMountOnFiber @ react-dom-client.development.js:12755
recursivelyTraversePassiveMountEffects @ react-dom-client.development.js:12627
commitPassiveMountOnFiber @ react-dom-client.development.js:12755
recursivelyTraversePassiveMountEffects @ react-dom-client.development.js:12627
commitPassiveMountOnFiber @ react-dom-client.development.js:12646
recursivelyTraversePassiveMountEffects @ react-dom-client.development.js:12627
commitPassiveMountOnFiber @ react-dom-client.development.js:12755
recursivelyTraversePassiveMountEffects @ react-dom-client.development.js:12627
commitPassiveMountOnFiber @ react-dom-client.development.js:12755
recursivelyTraversePassiveMountEffects @ react-dom-client.development.js:12627
commitPassiveMountOnFiber @ react-dom-client.development.js:12646
setTimeout
__webpack_modules__../src/platform/polyfills.web.ts.window.setImmediate @ polyfills.web.ts:5
schedulePerformWorkUntilDeadline @ scheduler.development.js:214
requestHostCallback @ scheduler.development.js:168
__webpack_modules__../node_modules/scheduler/cjs/scheduler.development.js.exports.unstable_scheduleCallback @ scheduler.development.js:344
scheduleTaskForRootDuringMicrotask @ react-dom-client.development.js:15909
processRootScheduleInMicrotask @ react-dom-client.development.js:15830
(anonymous) @ react-dom-client.development.js:15962
setTimeout
__webpack_modules__../src/platform/polyfills.web.ts.window.setImmediate @ polyfills.web.ts:5
schedulePerformWorkUntilDeadline @ scheduler.development.js:214
requestHostCallback @ scheduler.development.js:168
__webpack_modules__../node_modules/scheduler/cjs/scheduler.development.js.exports.unstable_scheduleCallback @ scheduler.development.js:344
scheduleTaskForRootDuringMicrotask @ react-dom-client.development.js:15909
processRootScheduleInMicrotask @ react-dom-client.development.js:15830
(anonymous) @ react-dom-client.development.js:15962Understand this error
bundle.js:419204  POST https://events.gndr.app/v2/initialize net::ERR_NAME_NOT_RESOLVED
(anonymous) @ StatsigNetwork.js:270
step @ StatsigNetwork.js:44
(anonymous) @ StatsigNetwork.js:25
(anonymous) @ StatsigNetwork.js:19
__webpack_modules__../node_modules/statsig-js/dist/StatsigNetwork.js.__awaiter @ StatsigNetwork.js:15
__webpack_modules__../node_modules/statsig-js/dist/StatsigNetwork.js.StatsigNetwork.postToEndpoint @ StatsigNetwork.js:213
(anonymous) @ StatsigNetwork.js:314
setTimeout
(anonymous) @ StatsigNetwork.js:312
(anonymous) @ StatsigNetwork.js:311
Promise.catch
(anonymous) @ StatsigNetwork.js:301
step @ StatsigNetwork.js:44
(anonymous) @ StatsigNetwork.js:25
(anonymous) @ StatsigNetwork.js:19
__webpack_modules__../node_modules/statsig-js/dist/StatsigNetwork.js.__awaiter @ StatsigNetwork.js:15
__webpack_modules__../node_modules/statsig-js/dist/StatsigNetwork.js.StatsigNetwork.postToEndpoint @ StatsigNetwork.js:213
__webpack_modules__../node_modules/statsig-js/dist/StatsigNetwork.js.StatsigNetwork.postWithTimeout @ StatsigNetwork.js:139
__webpack_modules__../node_modules/statsig-js/dist/StatsigNetwork.js.StatsigNetwork.fetchValues @ StatsigNetwork.js:107
(anonymous) @ StatsigClient.js:1095
step @ StatsigClient.js:44
(anonymous) @ StatsigClient.js:25
(anonymous) @ StatsigClient.js:19
__webpack_modules__../node_modules/statsig-js/dist/StatsigClient.js.__awaiter @ StatsigClient.js:15
__webpack_modules__../node_modules/statsig-js/dist/StatsigClient.js.StatsigClient.fetchAndSaveValues @ StatsigClient.js:1070
(anonymous) @ StatsigClient.js:340
__webpack_modules__../node_modules/statsig-js/dist/ErrorBoundary.js.ErrorBoundary.capture @ ErrorBoundary.js:74
(anonymous) @ StatsigClient.js:336
step @ StatsigClient.js:44
(anonymous) @ StatsigClient.js:25
(anonymous) @ StatsigClient.js:19
__webpack_modules__../node_modules/statsig-js/dist/StatsigClient.js.__awaiter @ StatsigClient.js:15
__webpack_modules__../node_modules/statsig-js/dist/StatsigClient.js.StatsigClient.prefetchUsers @ StatsigClient.js:333
(anonymous) @ Statsig.js:116
__webpack_modules__../node_modules/statsig-react/dist/Statsig.js.Statsig.capture @ Statsig.js:395
(anonymous) @ Statsig.js:116
step @ Statsig.js:39
(anonymous) @ Statsig.js:20
(anonymous) @ Statsig.js:14
__webpack_modules__../node_modules/statsig-react/dist/Statsig.js.__awaiter @ Statsig.js:10
__webpack_modules__../node_modules/statsig-react/dist/Statsig.js.Statsig.prefetchUsers @ Statsig.js:114
(anonymous) @ bundle.js:419204
t2 @ useNonReactiveCallback.ts:18
setInterval
(anonymous) @ bundle.js:419208
react-stack-bottom-frame @ react-dom-client.development.js:22509
runWithFiberInDEV @ react-dom-client.development.js:543
commitHookEffectListMount @ react-dom-client.development.js:10758
commitHookPassiveMountEffects @ react-dom-client.development.js:10878
commitPassiveMountOnFiber @ react-dom-client.development.js:12653
recursivelyTraversePassiveMountEffects @ react-dom-client.development.js:12627
commitPassiveMountOnFiber @ react-dom-client.development.js:12755
recursivelyTraversePassiveMountEffects @ react-dom-client.development.js:12627
commitPassiveMountOnFiber @ react-dom-client.development.js:12755
recursivelyTraversePassiveMountEffects @ react-dom-client.development.js:12627
commitPassiveMountOnFiber @ react-dom-client.development.js:12646
recursivelyTraversePassiveMountEffects @ react-dom-client.development.js:12627
commitPassiveMountOnFiber @ react-dom-client.development.js:12646
recursivelyTraversePassiveMountEffects @ react-dom-client.development.js:12627
commitPassiveMountOnFiber @ react-dom-client.development.js:12755
recursivelyTraversePassiveMountEffects @ react-dom-client.development.js:12627
commitPassiveMountOnFiber @ react-dom-client.development.js:12755
recursivelyTraversePassiveMountEffects @ react-dom-client.development.js:12627
commitPassiveMountOnFiber @ react-dom-client.development.js:12646
recursivelyTraversePassiveMountEffects @ react-dom-client.development.js:12627
commitPassiveMountOnFiber @ react-dom-client.development.js:12646
recursivelyTraversePassiveMountEffects @ react-dom-client.development.js:12627
commitPassiveMountOnFiber @ react-dom-client.development.js:12646
recursivelyTraversePassiveMountEffects @ react-dom-client.development.js:12627
commitPassiveMountOnFiber @ react-dom-client.development.js:12646
recursivelyTraversePassiveMountEffects @ react-dom-client.development.js:12627
commitPassiveMountOnFiber @ react-dom-client.development.js:12755
recursivelyTraversePassiveMountEffects @ react-dom-client.development.js:12627
commitPassiveMountOnFiber @ react-dom-client.development.js:12646
recursivelyTraversePassiveMountEffects @ react-dom-client.development.js:12627
commitPassiveMountOnFiber @ react-dom-client.development.js:12755
recursivelyTraversePassiveMountEffects @ react-dom-client.development.js:12627
commitPassiveMountOnFiber @ react-dom-client.development.js:12646
recursivelyTraversePassiveMountEffects @ react-dom-client.development.js:12627
commitPassiveMountOnFiber @ react-dom-client.development.js:12646
recursivelyTraversePassiveMountEffects @ react-dom-client.development.js:12627
commitPassiveMountOnFiber @ react-dom-client.development.js:12755
recursivelyTraversePassiveMountEffects @ react-dom-client.development.js:12627
commitPassiveMountOnFiber @ react-dom-client.development.js:12646
recursivelyTraversePassiveMountEffects @ react-dom-client.development.js:12627
commitPassiveMountOnFiber @ react-dom-client.development.js:12755
recursivelyTraversePassiveMountEffects @ react-dom-client.development.js:12627
commitPassiveMountOnFiber @ react-dom-client.development.js:12646
recursivelyTraversePassiveMountEffects @ react-dom-client.development.js:12627
commitPassiveMountOnFiber @ react-dom-client.development.js:12646
recursivelyTraversePassiveMountEffects @ react-dom-client.development.js:12627
commitPassiveMountOnFiber @ react-dom-client.development.js:12755
recursivelyTraversePassiveMountEffects @ react-dom-client.development.js:12627
commitPassiveMountOnFiber @ react-dom-client.development.js:12755
recursivelyTraversePassiveMountEffects @ react-dom-client.development.js:12627
commitPassiveMountOnFiber @ react-dom-client.development.js:12646
recursivelyTraversePassiveMountEffects @ react-dom-client.development.js:12627
commitPassiveMountOnFiber @ react-dom-client.development.js:12755
recursivelyTraversePassiveMountEffects @ react-dom-client.development.js:12627
commitPassiveMountOnFiber @ react-dom-client.development.js:12646
recursivelyTraversePassiveMountEffects @ react-dom-client.development.js:12627
commitPassiveMountOnFiber @ react-dom-client.development.js:12755
recursivelyTraversePassiveMountEffects @ react-dom-client.development.js:12627
commitPassiveMountOnFiber @ react-dom-client.development.js:12755
recursivelyTraversePassiveMountEffects @ react-dom-client.development.js:12627
commitPassiveMountOnFiber @ react-dom-client.development.js:12646
recursivelyTraversePassiveMountEffects @ react-dom-client.development.js:12627
commitPassiveMountOnFiber @ react-dom-client.development.js:12755
recursivelyTraversePassiveMountEffects @ react-dom-client.development.js:12627
commitPassiveMountOnFiber @ react-dom-client.development.js:12646
recursivelyTraversePassiveMountEffects @ react-dom-client.development.js:12627
commitPassiveMountOnFiber @ react-dom-client.development.js:12755
recursivelyTraversePassiveMountEffects @ react-dom-client.development.js:12627
commitPassiveMountOnFiber @ react-dom-client.development.js:12755
recursivelyTraversePassiveMountEffects @ react-dom-client.development.js:12627
commitPassiveMountOnFiber @ react-dom-client.development.js:12646
recursivelyTraversePassiveMountEffects @ react-dom-client.development.js:12627
commitPassiveMountOnFiber @ react-dom-client.development.js:12755
recursivelyTraversePassiveMountEffects @ react-dom-client.development.js:12627
commitPassiveMountOnFiber @ react-dom-client.development.js:12755
recursivelyTraversePassiveMountEffects @ react-dom-client.development.js:12627
commitPassiveMountOnFiber @ react-dom-client.development.js:12646
recursivelyTraversePassiveMountEffects @ react-dom-client.development.js:12627
commitPassiveMountOnFiber @ react-dom-client.development.js:12755
recursivelyTraversePassiveMountEffects @ react-dom-client.development.js:12627
commitPassiveMountOnFiber @ react-dom-client.development.js:12755
recursivelyTraversePassiveMountEffects @ react-dom-client.development.js:12627
commitPassiveMountOnFiber @ react-dom-client.development.js:12646
recursivelyTraversePassiveMountEffects @ react-dom-client.development.js:12627
commitPassiveMountOnFiber @ react-dom-client.development.js:12755
recursivelyTraversePassiveMountEffects @ react-dom-client.development.js:12627
commitPassiveMountOnFiber @ react-dom-client.development.js:12646
recursivelyTraversePassiveMountEffects @ react-dom-client.development.js:12627
commitPassiveMountOnFiber @ react-dom-client.development.js:12755
recursivelyTraversePassiveMountEffects @ react-dom-client.development.js:12627
commitPassiveMountOnFiber @ react-dom-client.development.js:12755
recursivelyTraversePassiveMountEffects @ react-dom-client.development.js:12627
commitPassiveMountOnFiber @ react-dom-client.development.js:12646
recursivelyTraversePassiveMountEffects @ react-dom-client.development.js:12627
commitPassiveMountOnFiber @ react-dom-client.development.js:12755
recursivelyTraversePassiveMountEffects @ react-dom-client.development.js:12627
commitPassiveMountOnFiber @ react-dom-client.development.js:12755
recursivelyTraversePassiveMountEffects @ react-dom-client.development.js:12627
commitPassiveMountOnFiber @ react-dom-client.development.js:12646
recursivelyTraversePassiveMountEffects @ react-dom-client.development.js:12627
commitPassiveMountOnFiber @ react-dom-client.development.js:12755
recursivelyTraversePassiveMountEffects @ react-dom-client.development.js:12627
commitPassiveMountOnFiber @ react-dom-client.development.js:12755
recursivelyTraversePassiveMountEffects @ react-dom-client.development.js:12627
commitPassiveMountOnFiber @ react-dom-client.development.js:12646
recursivelyTraversePassiveMountEffects @ react-dom-client.development.js:12627
commitPassiveMountOnFiber @ react-dom-client.development.js:12755
recursivelyTraversePassiveMountEffects @ react-dom-client.development.js:12627
commitPassiveMountOnFiber @ react-dom-client.development.js:12755
recursivelyTraversePassiveMountEffects @ react-dom-client.development.js:12627
commitPassiveMountOnFiber @ react-dom-client.development.js:12646
recursivelyTraversePassiveMountEffects @ react-dom-client.development.js:12627
commitPassiveMountOnFiber @ react-dom-client.development.js:12755
recursivelyTraversePassiveMountEffects @ react-dom-client.development.js:12627
commitPassiveMountOnFiber @ react-dom-client.development.js:12755
recursivelyTraversePassiveMountEffects @ react-dom-client.development.js:12627
commitPassiveMountOnFiber @ react-dom-client.development.js:12646
recursivelyTraversePassiveMountEffects @ react-dom-client.development.js:12627
commitPassiveMountOnFiber @ react-dom-client.development.js:12755
recursivelyTraversePassiveMountEffects @ react-dom-client.development.js:12627
commitPassiveMountOnFiber @ react-dom-client.development.js:12646
recursivelyTraversePassiveMountEffects @ react-dom-client.development.js:12627
commitPassiveMountOnFiber @ react-dom-client.development.js:12646
recursivelyTraversePassiveMountEffects @ react-dom-client.development.js:12627
commitPassiveMountOnFiber @ react-dom-client.development.js:12755
recursivelyTraversePassiveMountEffects @ react-dom-client.development.js:12627
commitPassiveMountOnFiber @ react-dom-client.development.js:12646
recursivelyTraversePassiveMountEffects @ react-dom-client.development.js:12627
commitPassiveMountOnFiber @ react-dom-client.development.js:12646
recursivelyTraversePassiveMountEffects @ react-dom-client.development.js:12627
commitPassiveMountOnFiber @ react-dom-client.development.js:12755
recursivelyTraversePassiveMountEffects @ react-dom-client.development.js:12627
commitPassiveMountOnFiber @ react-dom-client.development.js:12646
recursivelyTraversePassiveMountEffects @ react-dom-client.development.js:12627
commitPassiveMountOnFiber @ react-dom-client.development.js:12755
recursivelyTraversePassiveMountEffects @ react-dom-client.development.js:12627
commitPassiveMountOnFiber @ react-dom-client.development.js:12755
recursivelyTraversePassiveMountEffects @ react-dom-client.development.js:12627
commitPassiveMountOnFiber @ react-dom-client.development.js:12646
recursivelyTraversePassiveMountEffects @ react-dom-client.development.js:12627
commitPassiveMountOnFiber @ react-dom-client.development.js:12755
recursivelyTraversePassiveMountEffects @ react-dom-client.development.js:12627
commitPassiveMountOnFiber @ react-dom-client.development.js:12755
recursivelyTraversePassiveMountEffects @ react-dom-client.development.js:12627
commitPassiveMountOnFiber @ react-dom-client.development.js:12646
recursivelyTraversePassiveMountEffects @ react-dom-client.development.js:12627
commitPassiveMountOnFiber @ react-dom-client.development.js:12755
recursivelyTraversePassiveMountEffects @ react-dom-client.development.js:12627
commitPassiveMountOnFiber @ react-dom-client.development.js:12755
recursivelyTraversePassiveMountEffects @ react-dom-client.development.js:12627
commitPassiveMountOnFiber @ react-dom-client.development.js:12646
recursivelyTraversePassiveMountEffects @ react-dom-client.development.js:12627
commitPassiveMountOnFiber @ react-dom-client.development.js:12755
recursivelyTraversePassiveMountEffects @ react-dom-client.development.js:12627
commitPassiveMountOnFiber @ react-dom-client.development.js:12755
recursivelyTraversePassiveMountEffects @ react-dom-client.development.js:12627
commitPassiveMountOnFiber @ react-dom-client.development.js:12646
recursivelyTraversePassiveMountEffects @ react-dom-client.development.js:12627
commitPassiveMountOnFiber @ react-dom-client.development.js:12755
recursivelyTraversePassiveMountEffects @ react-dom-client.development.js:12627
commitPassiveMountOnFiber @ react-dom-client.development.js:12755
recursivelyTraversePassiveMountEffects @ react-dom-client.development.js:12627
commitPassiveMountOnFiber @ react-dom-client.development.js:12646
recursivelyTraversePassiveMountEffects @ react-dom-client.development.js:12627
commitPassiveMountOnFiber @ react-dom-client.development.js:12755
recursivelyTraversePassiveMountEffects @ react-dom-client.development.js:12627
commitPassiveMountOnFiber @ react-dom-client.development.js:12755
recursivelyTraversePassiveMountEffects @ react-dom-client.development.js:12627
commitPassiveMountOnFiber @ react-dom-client.development.js:12646
recursivelyTraversePassiveMountEffects @ react-dom-client.development.js:12627
commitPassiveMountOnFiber @ react-dom-client.development.js:12755
recursivelyTraversePassiveMountEffects @ react-dom-client.development.js:12627
commitPassiveMountOnFiber @ react-dom-client.development.js:12755
recursivelyTraversePassiveMountEffects @ react-dom-client.development.js:12627
commitPassiveMountOnFiber @ react-dom-client.development.js:12646
recursivelyTraversePassiveMountEffects @ react-dom-client.development.js:12627
commitPassiveMountOnFiber @ react-dom-client.development.js:12755
recursivelyTraversePassiveMountEffects @ react-dom-client.development.js:12627
commitPassiveMountOnFiber @ react-dom-client.development.js:12755
recursivelyTraversePassiveMountEffects @ react-dom-client.development.js:12627
commitPassiveMountOnFiber @ react-dom-client.development.js:12646
recursivelyTraversePassiveMountEffects @ react-dom-client.development.js:12627
commitPassiveMountOnFiber @ react-dom-client.development.js:12755
recursivelyTraversePassiveMountEffects @ react-dom-client.development.js:12627
commitPassiveMountOnFiber @ react-dom-client.development.js:12755
recursivelyTraversePassiveMountEffects @ react-dom-client.development.js:12627
commitPassiveMountOnFiber @ react-dom-client.development.js:12646
recursivelyTraversePassiveMountEffects @ react-dom-client.development.js:12627
commitPassiveMountOnFiber @ react-dom-client.development.js:12755
recursivelyTraversePassiveMountEffects @ react-dom-client.development.js:12627
commitPassiveMountOnFiber @ react-dom-client.development.js:12755
recursivelyTraversePassiveMountEffects @ react-dom-client.development.js:12627
commitPassiveMountOnFiber @ react-dom-client.development.js:12646
recursivelyTraversePassiveMountEffects @ react-dom-client.development.js:12627
commitPassiveMountOnFiber @ react-dom-client.development.js:12755
recursivelyTraversePassiveMountEffects @ react-dom-client.development.js:12627
commitPassiveMountOnFiber @ react-dom-client.development.js:12755
recursivelyTraversePassiveMountEffects @ react-dom-client.development.js:12627
commitPassiveMountOnFiber @ react-dom-client.development.js:12646
setTimeout
__webpack_modules__../src/platform/polyfills.web.ts.window.setImmediate @ polyfills.web.ts:5
schedulePerformWorkUntilDeadline @ scheduler.development.js:214
requestHostCallback @ scheduler.development.js:168
__webpack_modules__../node_modules/scheduler/cjs/scheduler.development.js.exports.unstable_scheduleCallback @ scheduler.development.js:344
scheduleTaskForRootDuringMicrotask @ react-dom-client.development.js:15909
processRootScheduleInMicrotask @ react-dom-client.development.js:15830
(anonymous) @ react-dom-client.development.js:15962
setTimeout
__webpack_modules__../src/platform/polyfills.web.ts.window.setImmediate @ polyfills.web.ts:5
schedulePerformWorkUntilDeadline @ scheduler.development.js:214
requestHostCallback @ scheduler.development.js:168
__webpack_modules__../node_modules/scheduler/cjs/scheduler.development.js.exports.unstable_scheduleCallback @ scheduler.development.js:344
scheduleTaskForRootDuringMicrotask @ react-dom-client.development.js:15909
processRootScheduleInMicrotask @ react-dom-client.development.js:15830
(anonymous) @ react-dom-client.development.js:15962Understand this error
bundle.js:419204  POST https://events.gndr.app/v2/initialize net::ERR_NAME_NOT_RESOLVED
(anonymous) @ StatsigNetwork.js:270
step @ StatsigNetwork.js:44
(anonymous) @ StatsigNetwork.js:25
(anonymous) @ StatsigNetwork.js:19
__webpack_modules__../node_modules/statsig-js/dist/StatsigNetwork.js.__awaiter @ StatsigNetwork.js:15
__webpack_modules__../node_modules/statsig-js/dist/StatsigNetwork.js.StatsigNetwork.postToEndpoint @ StatsigNetwork.js:213
(anonymous) @ StatsigNetwork.js:314
setTimeout
(anonymous) @ StatsigNetwork.js:312
(anonymous) @ StatsigNetwork.js:311
Promise.catch
(anonymous) @ StatsigNetwork.js:301
step @ StatsigNetwork.js:44
(anonymous) @ StatsigNetwork.js:25
(anonymous) @ StatsigNetwork.js:19
__webpack_modules__../node_modules/statsig-js/dist/StatsigNetwork.js.__awaiter @ StatsigNetwork.js:15
__webpack_modules__../node_modules/statsig-js/dist/StatsigNetwork.js.StatsigNetwork.postToEndpoint @ StatsigNetwork.js:213
(anonymous) @ StatsigNetwork.js:314
setTimeout
(anonymous) @ StatsigNetwork.js:312
(anonymous) @ StatsigNetwork.js:311
Promise.catch
(anonymous) @ StatsigNetwork.js:301
step @ StatsigNetwork.js:44
(anonymous) @ StatsigNetwork.js:25
(anonymous) @ StatsigNetwork.js:19
__webpack_modules__../node_modules/statsig-js/dist/StatsigNetwork.js.__awaiter @ StatsigNetwork.js:15
__webpack_modules__../node_modules/statsig-js/dist/StatsigNetwork.js.StatsigNetwork.postToEndpoint @ StatsigNetwork.js:213
__webpack_modules__../node_modules/statsig-js/dist/StatsigNetwork.js.StatsigNetwork.postWithTimeout @ StatsigNetwork.js:139
__webpack_modules__../node_modules/statsig-js/dist/StatsigNetwork.js.StatsigNetwork.fetchValues @ StatsigNetwork.js:107
(anonymous) @ StatsigClient.js:1095
step @ StatsigClient.js:44
(anonymous) @ StatsigClient.js:25
(anonymous) @ StatsigClient.js:19
__webpack_modules__../node_modules/statsig-js/dist/StatsigClient.js.__awaiter @ StatsigClient.js:15
__webpack_modules__../node_modules/statsig-js/dist/StatsigClient.js.StatsigClient.fetchAndSaveValues @ StatsigClient.js:1070
(anonymous) @ StatsigClient.js:340
__webpack_modules__../node_modules/statsig-js/dist/ErrorBoundary.js.ErrorBoundary.capture @ ErrorBoundary.js:74
(anonymous) @ StatsigClient.js:336
step @ StatsigClient.js:44
(anonymous) @ StatsigClient.js:25
(anonymous) @ StatsigClient.js:19
__webpack_modules__../node_modules/statsig-js/dist/StatsigClient.js.__awaiter @ StatsigClient.js:15
__webpack_modules__../node_modules/statsig-js/dist/StatsigClient.js.StatsigClient.prefetchUsers @ StatsigClient.js:333
(anonymous) @ Statsig.js:116
__webpack_modules__../node_modules/statsig-react/dist/Statsig.js.Statsig.capture @ Statsig.js:395
(anonymous) @ Statsig.js:116
step @ Statsig.js:39
(anonymous) @ Statsig.js:20
(anonymous) @ Statsig.js:14
__webpack_modules__../node_modules/statsig-react/dist/Statsig.js.__awaiter @ Statsig.js:10
__webpack_modules__../node_modules/statsig-react/dist/Statsig.js.Statsig.prefetchUsers @ Statsig.js:114
(anonymous) @ bundle.js:419204
t2 @ useNonReactiveCallback.ts:18
setInterval
(anonymous) @ bundle.js:419208
react-stack-bottom-frame @ react-dom-client.development.js:22509
runWithFiberInDEV @ react-dom-client.development.js:543
commitHookEffectListMount @ react-dom-client.development.js:10758
commitHookPassiveMountEffects @ react-dom-client.development.js:10878
commitPassiveMountOnFiber @ react-dom-client.development.js:12653
recursivelyTraversePassiveMountEffects @ react-dom-client.development.js:12627
commitPassiveMountOnFiber @ react-dom-client.development.js:12755
recursivelyTraversePassiveMountEffects @ react-dom-client.development.js:12627
commitPassiveMountOnFiber @ react-dom-client.development.js:12755
recursivelyTraversePassiveMountEffects @ react-dom-client.development.js:12627
commitPassiveMountOnFiber @ react-dom-client.development.js:12646
recursivelyTraversePassiveMountEffects @ react-dom-client.development.js:12627
commitPassiveMountOnFiber @ react-dom-client.development.js:12646
recursivelyTraversePassiveMountEffects @ react-dom-client.development.js:12627
commitPassiveMountOnFiber @ react-dom-client.development.js:12755
recursivelyTraversePassiveMountEffects @ react-dom-client.development.js:12627
commitPassiveMountOnFiber @ react-dom-client.development.js:12755
recursivelyTraversePassiveMountEffects @ react-dom-client.development.js:12627
commitPassiveMountOnFiber @ react-dom-client.development.js:12646
recursivelyTraversePassiveMountEffects @ react-dom-client.development.js:12627
commitPassiveMountOnFiber @ react-dom-client.development.js:12646
recursivelyTraversePassiveMountEffects @ react-dom-client.development.js:12627
commitPassiveMountOnFiber @ react-dom-client.development.js:12646
recursivelyTraversePassiveMountEffects @ react-dom-client.development.js:12627
commitPassiveMountOnFiber @ react-dom-client.development.js:12646
recursivelyTraversePassiveMountEffects @ react-dom-client.development.js:12627
commitPassiveMountOnFiber @ react-dom-client.development.js:12755
recursivelyTraversePassiveMountEffects @ react-dom-client.development.js:12627
commitPassiveMountOnFiber @ react-dom-client.development.js:12646
recursivelyTraversePassiveMountEffects @ react-dom-client.development.js:12627
commitPassiveMountOnFiber @ react-dom-client.development.js:12755
recursivelyTraversePassiveMountEffects @ react-dom-client.development.js:12627
commitPassiveMountOnFiber @ react-dom-client.development.js:12646
recursivelyTraversePassiveMountEffects @ react-dom-client.development.js:12627
commitPassiveMountOnFiber @ react-dom-client.development.js:12646
recursivelyTraversePassiveMountEffects @ react-dom-client.development.js:12627
commitPassiveMountOnFiber @ react-dom-client.development.js:12755
recursivelyTraversePassiveMountEffects @ react-dom-client.development.js:12627
commitPassiveMountOnFiber @ react-dom-client.development.js:12646
recursivelyTraversePassiveMountEffects @ react-dom-client.development.js:12627
commitPassiveMountOnFiber @ react-dom-client.development.js:12755
recursivelyTraversePassiveMountEffects @ react-dom-client.development.js:12627
commitPassiveMountOnFiber @ react-dom-client.development.js:12646
recursivelyTraversePassiveMountEffects @ react-dom-client.development.js:12627
commitPassiveMountOnFiber @ react-dom-client.development.js:12646
recursivelyTraversePassiveMountEffects @ react-dom-client.development.js:12627
commitPassiveMountOnFiber @ react-dom-client.development.js:12755
recursivelyTraversePassiveMountEffects @ react-dom-client.development.js:12627
commitPassiveMountOnFiber @ react-dom-client.development.js:12755
recursivelyTraversePassiveMountEffects @ react-dom-client.development.js:12627
commitPassiveMountOnFiber @ react-dom-client.development.js:12646
recursivelyTraversePassiveMountEffects @ react-dom-client.development.js:12627
commitPassiveMountOnFiber @ react-dom-client.development.js:12755
recursivelyTraversePassiveMountEffects @ react-dom-client.development.js:12627
commitPassiveMountOnFiber @ react-dom-client.development.js:12646
recursivelyTraversePassiveMountEffects @ react-dom-client.development.js:12627
commitPassiveMountOnFiber @ react-dom-client.development.js:12755
recursivelyTraversePassiveMountEffects @ react-dom-client.development.js:12627
commitPassiveMountOnFiber @ react-dom-client.development.js:12755
recursivelyTraversePassiveMountEffects @ react-dom-client.development.js:12627
commitPassiveMountOnFiber @ react-dom-client.development.js:12646
recursivelyTraversePassiveMountEffects @ react-dom-client.development.js:12627
commitPassiveMountOnFiber @ react-dom-client.development.js:12755
recursivelyTraversePassiveMountEffects @ react-dom-client.development.js:12627
commitPassiveMountOnFiber @ react-dom-client.development.js:12646
recursivelyTraversePassiveMountEffects @ react-dom-client.development.js:12627
commitPassiveMountOnFiber @ react-dom-client.development.js:12755
recursivelyTraversePassiveMountEffects @ react-dom-client.development.js:12627
commitPassiveMountOnFiber @ react-dom-client.development.js:12755
recursivelyTraversePassiveMountEffects @ react-dom-client.development.js:12627
commitPassiveMountOnFiber @ react-dom-client.development.js:12646
recursivelyTraversePassiveMountEffects @ react-dom-client.development.js:12627
commitPassiveMountOnFiber @ react-dom-client.development.js:12755
recursivelyTraversePassiveMountEffects @ react-dom-client.development.js:12627
commitPassiveMountOnFiber @ react-dom-client.development.js:12755
recursivelyTraversePassiveMountEffects @ react-dom-client.development.js:12627
commitPassiveMountOnFiber @ react-dom-client.development.js:12646
recursivelyTraversePassiveMountEffects @ react-dom-client.development.js:12627
commitPassiveMountOnFiber @ react-dom-client.development.js:12755
recursivelyTraversePassiveMountEffects @ react-dom-client.development.js:12627
commitPassiveMountOnFiber @ react-dom-client.development.js:12755
recursivelyTraversePassiveMountEffects @ react-dom-client.development.js:12627
commitPassiveMountOnFiber @ react-dom-client.development.js:12646
recursivelyTraversePassiveMountEffects @ react-dom-client.development.js:12627
commitPassiveMountOnFiber @ react-dom-client.development.js:12755
recursivelyTraversePassiveMountEffects @ react-dom-client.development.js:12627
commitPassiveMountOnFiber @ react-dom-client.development.js:12646
recursivelyTraversePassiveMountEffects @ react-dom-client.development.js:12627
commitPassiveMountOnFiber @ react-dom-client.development.js:12755
recursivelyTraversePassiveMountEffects @ react-dom-client.development.js:12627
commitPassiveMountOnFiber @ react-dom-client.development.js:12755
recursivelyTraversePassiveMountEffects @ react-dom-client.development.js:12627
commitPassiveMountOnFiber @ react-dom-client.development.js:12646
recursivelyTraversePassiveMountEffects @ react-dom-client.development.js:12627
commitPassiveMountOnFiber @ react-dom-client.development.js:12755
recursivelyTraversePassiveMountEffects @ react-dom-client.development.js:12627
commitPassiveMountOnFiber @ react-dom-client.development.js:12755
recursivelyTraversePassiveMountEffects @ react-dom-client.development.js:12627
commitPassiveMountOnFiber @ react-dom-client.development.js:12646
recursivelyTraversePassiveMountEffects @ react-dom-client.development.js:12627
commitPassiveMountOnFiber @ react-dom-client.development.js:12755
recursivelyTraversePassiveMountEffects @ react-dom-client.development.js:12627
commitPassiveMountOnFiber @ react-dom-client.development.js:12755
recursivelyTraversePassiveMountEffects @ react-dom-client.development.js:12627
commitPassiveMountOnFiber @ react-dom-client.development.js:12646
recursivelyTraversePassiveMountEffects @ react-dom-client.development.js:12627
commitPassiveMountOnFiber @ react-dom-client.development.js:12755
recursivelyTraversePassiveMountEffects @ react-dom-client.development.js:12627
commitPassiveMountOnFiber @ react-dom-client.development.js:12755
recursivelyTraversePassiveMountEffects @ react-dom-client.development.js:12627
commitPassiveMountOnFiber @ react-dom-client.development.js:12646
recursivelyTraversePassiveMountEffects @ react-dom-client.development.js:12627
commitPassiveMountOnFiber @ react-dom-client.development.js:12755
recursivelyTraversePassiveMountEffects @ react-dom-client.development.js:12627
commitPassiveMountOnFiber @ react-dom-client.development.js:12755
recursivelyTraversePassiveMountEffects @ react-dom-client.development.js:12627
commitPassiveMountOnFiber @ react-dom-client.development.js:12646
recursivelyTraversePassiveMountEffects @ react-dom-client.development.js:12627
commitPassiveMountOnFiber @ react-dom-client.development.js:12755
recursivelyTraversePassiveMountEffects @ react-dom-client.development.js:12627
commitPassiveMountOnFiber @ react-dom-client.development.js:12646
recursivelyTraversePassiveMountEffects @ react-dom-client.development.js:12627
commitPassiveMountOnFiber @ react-dom-client.development.js:12646
recursivelyTraversePassiveMountEffects @ react-dom-client.development.js:12627
commitPassiveMountOnFiber @ react-dom-client.development.js:12755
recursivelyTraversePassiveMountEffects @ react-dom-client.development.js:12627
commitPassiveMountOnFiber @ react-dom-client.development.js:12646
recursivelyTraversePassiveMountEffects @ react-dom-client.development.js:12627
commitPassiveMountOnFiber @ react-dom-client.development.js:12646
recursivelyTraversePassiveMountEffects @ react-dom-client.development.js:12627
commitPassiveMountOnFiber @ react-dom-client.development.js:12755
recursivelyTraversePassiveMountEffects @ react-dom-client.development.js:12627
commitPassiveMountOnFiber @ react-dom-client.development.js:12646
recursivelyTraversePassiveMountEffects @ react-dom-client.development.js:12627
commitPassiveMountOnFiber @ react-dom-client.development.js:12755
recursivelyTraversePassiveMountEffects @ react-dom-client.development.js:12627
commitPassiveMountOnFiber @ react-dom-client.development.js:12755
recursivelyTraversePassiveMountEffects @ react-dom-client.development.js:12627
commitPassiveMountOnFiber @ react-dom-client.development.js:12646
recursivelyTraversePassiveMountEffects @ react-dom-client.development.js:12627
commitPassiveMountOnFiber @ react-dom-client.development.js:12755
recursivelyTraversePassiveMountEffects @ react-dom-client.development.js:12627
commitPassiveMountOnFiber @ react-dom-client.development.js:12755
recursivelyTraversePassiveMountEffects @ react-dom-client.development.js:12627
commitPassiveMountOnFiber @ react-dom-client.development.js:12646
recursivelyTraversePassiveMountEffects @ react-dom-client.development.js:12627
commitPassiveMountOnFiber @ react-dom-client.development.js:12755
recursivelyTraversePassiveMountEffects @ react-dom-client.development.js:12627
commitPassiveMountOnFiber @ react-dom-client.development.js:12755
recursivelyTraversePassiveMountEffects @ react-dom-client.development.js:12627
commitPassiveMountOnFiber @ react-dom-client.development.js:12646
recursivelyTraversePassiveMountEffects @ react-dom-client.development.js:12627
commitPassiveMountOnFiber @ react-dom-client.development.js:12755
recursivelyTraversePassiveMountEffects @ react-dom-client.development.js:12627
commitPassiveMountOnFiber @ react-dom-client.development.js:12755
recursivelyTraversePassiveMountEffects @ react-dom-client.development.js:12627
commitPassiveMountOnFiber @ react-dom-client.development.js:12646
recursivelyTraversePassiveMountEffects @ react-dom-client.development.js:12627
commitPassiveMountOnFiber @ react-dom-client.development.js:12755
recursivelyTraversePassiveMountEffects @ react-dom-client.development.js:12627
commitPassiveMountOnFiber @ react-dom-client.development.js:12755
recursivelyTraversePassiveMountEffects @ react-dom-client.development.js:12627
commitPassiveMountOnFiber @ react-dom-client.development.js:12646
recursivelyTraversePassiveMountEffects @ react-dom-client.development.js:12627
commitPassiveMountOnFiber @ react-dom-client.development.js:12755
recursivelyTraversePassiveMountEffects @ react-dom-client.development.js:12627
commitPassiveMountOnFiber @ react-dom-client.development.js:12755
recursivelyTraversePassiveMountEffects @ react-dom-client.development.js:12627
commitPassiveMountOnFiber @ react-dom-client.development.js:12646
recursivelyTraversePassiveMountEffects @ react-dom-client.development.js:12627
commitPassiveMountOnFiber @ react-dom-client.development.js:12755
recursivelyTraversePassiveMountEffects @ react-dom-client.development.js:12627
commitPassiveMountOnFiber @ react-dom-client.development.js:12755
recursivelyTraversePassiveMountEffects @ react-dom-client.development.js:12627
commitPassiveMountOnFiber @ react-dom-client.development.js:12646
recursivelyTraversePassiveMountEffects @ react-dom-client.development.js:12627
commitPassiveMountOnFiber @ react-dom-client.development.js:12755
recursivelyTraversePassiveMountEffects @ react-dom-client.development.js:12627
commitPassiveMountOnFiber @ react-dom-client.development.js:12755
recursivelyTraversePassiveMountEffects @ react-dom-client.development.js:12627
commitPassiveMountOnFiber @ react-dom-client.development.js:12646
recursivelyTraversePassiveMountEffects @ react-dom-client.development.js:12627
commitPassiveMountOnFiber @ react-dom-client.development.js:12755
recursivelyTraversePassiveMountEffects @ react-dom-client.development.js:12627
commitPassiveMountOnFiber @ react-dom-client.development.js:12755
recursivelyTraversePassiveMountEffects @ react-dom-client.development.js:12627
commitPassiveMountOnFiber @ react-dom-client.development.js:12646
recursivelyTraversePassiveMountEffects @ react-dom-client.development.js:12627
commitPassiveMountOnFiber @ react-dom-client.development.js:12755
recursivelyTraversePassiveMountEffects @ react-dom-client.development.js:12627
commitPassiveMountOnFiber @ react-dom-client.development.js:12755
recursivelyTraversePassiveMountEffects @ react-dom-client.development.js:12627
commitPassiveMountOnFiber @ react-dom-client.development.js:12646
recursivelyTraversePassiveMountEffects @ react-dom-client.development.js:12627
commitPassiveMountOnFiber @ react-dom-client.development.js:12755
recursivelyTraversePassiveMountEffects @ react-dom-client.development.js:12627
commitPassiveMountOnFiber @ react-dom-client.development.js:12755
recursivelyTraversePassiveMountEffects @ react-dom-client.development.js:12627
commitPassiveMountOnFiber @ react-dom-client.development.js:12646
setTimeout
__webpack_modules__../src/platform/polyfills.web.ts.window.setImmediate @ polyfills.web.ts:5
schedulePerformWorkUntilDeadline @ scheduler.development.js:214
requestHostCallback @ scheduler.development.js:168
__webpack_modules__../node_modules/scheduler/cjs/scheduler.development.js.exports.unstable_scheduleCallback @ scheduler.development.js:344
scheduleTaskForRootDuringMicrotask @ react-dom-client.development.js:15909
processRootScheduleInMicrotask @ react-dom-client.development.js:15830
(anonymous) @ react-dom-client.development.js:15962
setTimeout
__webpack_modules__../src/platform/polyfills.web.ts.window.setImmediate @ polyfills.web.ts:5
schedulePerformWorkUntilDeadline @ scheduler.development.js:214
requestHostCallback @ scheduler.development.js:168
__webpack_modules__../node_modules/scheduler/cjs/scheduler.development.js.exports.unstable_scheduleCallback @ scheduler.development.js:344
scheduleTaskForRootDuringMicrotask @ react-dom-client.development.js:15909
processRootScheduleInMicrotask @ react-dom-client.development.js:15830
(anonymous) @ react-dom-client.development.js:15962Understand this error
bundle.js:419204  POST https://events.gndr.app/v2/initialize net::ERR_NAME_NOT_RESOLVED
(anonymous) @ StatsigNetwork.js:270
step @ StatsigNetwork.js:44
(anonymous) @ StatsigNetwork.js:25
(anonymous) @ StatsigNetwork.js:19
__webpack_modules__../node_modules/statsig-js/dist/StatsigNetwork.js.__awaiter @ StatsigNetwork.js:15
__webpack_modules__../node_modules/statsig-js/dist/StatsigNetwork.js.StatsigNetwork.postToEndpoint @ StatsigNetwork.js:213
__webpack_modules__../node_modules/statsig-js/dist/StatsigNetwork.js.StatsigNetwork.postWithTimeout @ StatsigNetwork.js:139
__webpack_modules__../node_modules/statsig-js/dist/StatsigNetwork.js.StatsigNetwork.fetchValues @ StatsigNetwork.js:107
(anonymous) @ StatsigClient.js:1095
step @ StatsigClient.js:44
(anonymous) @ StatsigClient.js:25
(anonymous) @ StatsigClient.js:19
__webpack_modules__../node_modules/statsig-js/dist/StatsigClient.js.__awaiter @ StatsigClient.js:15
__webpack_modules__../node_modules/statsig-js/dist/StatsigClient.js.StatsigClient.fetchAndSaveValues @ StatsigClient.js:1070
(anonymous) @ StatsigClient.js:340
__webpack_modules__../node_modules/statsig-js/dist/ErrorBoundary.js.ErrorBoundary.capture @ ErrorBoundary.js:74
(anonymous) @ StatsigClient.js:336
step @ StatsigClient.js:44
(anonymous) @ StatsigClient.js:25
(anonymous) @ StatsigClient.js:19
__webpack_modules__../node_modules/statsig-js/dist/StatsigClient.js.__awaiter @ StatsigClient.js:15
__webpack_modules__../node_modules/statsig-js/dist/StatsigClient.js.StatsigClient.prefetchUsers @ StatsigClient.js:333
(anonymous) @ Statsig.js:116
__webpack_modules__../node_modules/statsig-react/dist/Statsig.js.Statsig.capture @ Statsig.js:395
(anonymous) @ Statsig.js:116
step @ Statsig.js:39
(anonymous) @ Statsig.js:20
(anonymous) @ Statsig.js:14
__webpack_modules__../node_modules/statsig-react/dist/Statsig.js.__awaiter @ Statsig.js:10
__webpack_modules__../node_modules/statsig-react/dist/Statsig.js.Statsig.prefetchUsers @ Statsig.js:114
(anonymous) @ bundle.js:419204
t2 @ useNonReactiveCallback.ts:18
setInterval
(anonymous) @ bundle.js:419208
react-stack-bottom-frame @ react-dom-client.development.js:22509
runWithFiberInDEV @ react-dom-client.development.js:543
commitHookEffectListMount @ react-dom-client.development.js:10758
commitHookPassiveMountEffects @ react-dom-client.development.js:10878
commitPassiveMountOnFiber @ react-dom-client.development.js:12653
recursivelyTraversePassiveMountEffects @ react-dom-client.development.js:12627
commitPassiveMountOnFiber @ react-dom-client.development.js:12755
recursivelyTraversePassiveMountEffects @ react-dom-client.development.js:12627
commitPassiveMountOnFiber @ react-dom-client.development.js:12755
recursivelyTraversePassiveMountEffects @ react-dom-client.development.js:12627
commitPassiveMountOnFiber @ react-dom-client.development.js:12646
recursivelyTraversePassiveMountEffects @ react-dom-client.development.js:12627
commitPassiveMountOnFiber @ react-dom-client.development.js:12646
recursivelyTraversePassiveMountEffects @ react-dom-client.development.js:12627
commitPassiveMountOnFiber @ react-dom-client.development.js:12755
recursivelyTraversePassiveMountEffects @ react-dom-client.development.js:12627
commitPassiveMountOnFiber @ react-dom-client.development.js:12755
recursivelyTraversePassiveMountEffects @ react-dom-client.development.js:12627
commitPassiveMountOnFiber @ react-dom-client.development.js:12646
recursivelyTraversePassiveMountEffects @ react-dom-client.development.js:12627
commitPassiveMountOnFiber @ react-dom-client.development.js:12646
recursivelyTraversePassiveMountEffects @ react-dom-client.development.js:12627
commitPassiveMountOnFiber @ react-dom-client.development.js:12646
recursivelyTraversePassiveMountEffects @ react-dom-client.development.js:12627
commitPassiveMountOnFiber @ react-dom-client.development.js:12646
recursivelyTraversePassiveMountEffects @ react-dom-client.development.js:12627
commitPassiveMountOnFiber @ react-dom-client.development.js:12755
recursivelyTraversePassiveMountEffects @ react-dom-client.development.js:12627
commitPassiveMountOnFiber @ react-dom-client.development.js:12646
recursivelyTraversePassiveMountEffects @ react-dom-client.development.js:12627
commitPassiveMountOnFiber @ react-dom-client.development.js:12755
recursivelyTraversePassiveMountEffects @ react-dom-client.development.js:12627
commitPassiveMountOnFiber @ react-dom-client.development.js:12646
recursivelyTraversePassiveMountEffects @ react-dom-client.development.js:12627
commitPassiveMountOnFiber @ react-dom-client.development.js:12646
recursivelyTraversePassiveMountEffects @ react-dom-client.development.js:12627
commitPassiveMountOnFiber @ react-dom-client.development.js:12755
recursivelyTraversePassiveMountEffects @ react-dom-client.development.js:12627
commitPassiveMountOnFiber @ react-dom-client.development.js:12646
recursivelyTraversePassiveMountEffects @ react-dom-client.development.js:12627
commitPassiveMountOnFiber @ react-dom-client.development.js:12755
recursivelyTraversePassiveMountEffects @ react-dom-client.development.js:12627
commitPassiveMountOnFiber @ react-dom-client.development.js:12646
recursivelyTraversePassiveMountEffects @ react-dom-client.development.js:12627
commitPassiveMountOnFiber @ react-dom-client.development.js:12646
recursivelyTraversePassiveMountEffects @ react-dom-client.development.js:12627
commitPassiveMountOnFiber @ react-dom-client.development.js:12755
recursivelyTraversePassiveMountEffects @ react-dom-client.development.js:12627
commitPassiveMountOnFiber @ react-dom-client.development.js:12755
recursivelyTraversePassiveMountEffects @ react-dom-client.development.js:12627
commitPassiveMountOnFiber @ react-dom-client.development.js:12646
recursivelyTraversePassiveMountEffects @ react-dom-client.development.js:12627
commitPassiveMountOnFiber @ react-dom-client.development.js:12755
recursivelyTraversePassiveMountEffects @ react-dom-client.development.js:12627
commitPassiveMountOnFiber @ react-dom-client.development.js:12646
recursivelyTraversePassiveMountEffects @ react-dom-client.development.js:12627
commitPassiveMountOnFiber @ react-dom-client.development.js:12755
recursivelyTraversePassiveMountEffects @ react-dom-client.development.js:12627
commitPassiveMountOnFiber @ react-dom-client.development.js:12755
recursivelyTraversePassiveMountEffects @ react-dom-client.development.js:12627
commitPassiveMountOnFiber @ react-dom-client.development.js:12646
recursivelyTraversePassiveMountEffects @ react-dom-client.development.js:12627
commitPassiveMountOnFiber @ react-dom-client.development.js:12755
recursivelyTraversePassiveMountEffects @ react-dom-client.development.js:12627
commitPassiveMountOnFiber @ react-dom-client.development.js:12646
recursivelyTraversePassiveMountEffects @ react-dom-client.development.js:12627
commitPassiveMountOnFiber @ react-dom-client.development.js:12755
recursivelyTraversePassiveMountEffects @ react-dom-client.development.js:12627
commitPassiveMountOnFiber @ react-dom-client.development.js:12755
recursivelyTraversePassiveMountEffects @ react-dom-client.development.js:12627
commitPassiveMountOnFiber @ react-dom-client.development.js:12646
recursivelyTraversePassiveMountEffects @ react-dom-client.development.js:12627
commitPassiveMountOnFiber @ react-dom-client.development.js:12755
recursivelyTraversePassiveMountEffects @ react-dom-client.development.js:12627
commitPassiveMountOnFiber @ react-dom-client.development.js:12755
recursivelyTraversePassiveMountEffects @ react-dom-client.development.js:12627
commitPassiveMountOnFiber @ react-dom-client.development.js:12646
recursivelyTraversePassiveMountEffects @ react-dom-client.development.js:12627
commitPassiveMountOnFiber @ react-dom-client.development.js:12755
recursivelyTraversePassiveMountEffects @ react-dom-client.development.js:12627
commitPassiveMountOnFiber @ react-dom-client.development.js:12755
recursivelyTraversePassiveMountEffects @ react-dom-client.development.js:12627
commitPassiveMountOnFiber @ react-dom-client.development.js:12646
recursivelyTraversePassiveMountEffects @ react-dom-client.development.js:12627
commitPassiveMountOnFiber @ react-dom-client.development.js:12755
recursivelyTraversePassiveMountEffects @ react-dom-client.development.js:12627
commitPassiveMountOnFiber @ react-dom-client.development.js:12646
recursivelyTraversePassiveMountEffects @ react-dom-client.development.js:12627
commitPassiveMountOnFiber @ react-dom-client.development.js:12755
recursivelyTraversePassiveMountEffects @ react-dom-client.development.js:12627
commitPassiveMountOnFiber @ react-dom-client.development.js:12755
recursivelyTraversePassiveMountEffects @ react-dom-client.development.js:12627
commitPassiveMountOnFiber @ react-dom-client.development.js:12646
recursivelyTraversePassiveMountEffects @ react-dom-client.development.js:12627
commitPassiveMountOnFiber @ react-dom-client.development.js:12755
recursivelyTraversePassiveMountEffects @ react-dom-client.development.js:12627
commitPassiveMountOnFiber @ react-dom-client.development.js:12755
recursivelyTraversePassiveMountEffects @ react-dom-client.development.js:12627
commitPassiveMountOnFiber @ react-dom-client.development.js:12646
recursivelyTraversePassiveMountEffects @ react-dom-client.development.js:12627
commitPassiveMountOnFiber @ react-dom-client.development.js:12755
recursivelyTraversePassiveMountEffects @ react-dom-client.development.js:12627
commitPassiveMountOnFiber @ react-dom-client.development.js:12755
recursivelyTraversePassiveMountEffects @ react-dom-client.development.js:12627
commitPassiveMountOnFiber @ react-dom-client.development.js:12646
recursivelyTraversePassiveMountEffects @ react-dom-client.development.js:12627
commitPassiveMountOnFiber @ react-dom-client.development.js:12755
recursivelyTraversePassiveMountEffects @ react-dom-client.development.js:12627
commitPassiveMountOnFiber @ react-dom-client.development.js:12755
recursivelyTraversePassiveMountEffects @ react-dom-client.development.js:12627
commitPassiveMountOnFiber @ react-dom-client.development.js:12646
recursivelyTraversePassiveMountEffects @ react-dom-client.development.js:12627
commitPassiveMountOnFiber @ react-dom-client.development.js:12755
recursivelyTraversePassiveMountEffects @ react-dom-client.development.js:12627
commitPassiveMountOnFiber @ react-dom-client.development.js:12755
recursivelyTraversePassiveMountEffects @ react-dom-client.development.js:12627
commitPassiveMountOnFiber @ react-dom-client.development.js:12646
recursivelyTraversePassiveMountEffects @ react-dom-client.development.js:12627
commitPassiveMountOnFiber @ react-dom-client.development.js:12755
recursivelyTraversePassiveMountEffects @ react-dom-client.development.js:12627
commitPassiveMountOnFiber @ react-dom-client.development.js:12646
recursivelyTraversePassiveMountEffects @ react-dom-client.development.js:12627
commitPassiveMountOnFiber @ react-dom-client.development.js:12646
recursivelyTraversePassiveMountEffects @ react-dom-client.development.js:12627
commitPassiveMountOnFiber @ react-dom-client.development.js:12755
recursivelyTraversePassiveMountEffects @ react-dom-client.development.js:12627
commitPassiveMountOnFiber @ react-dom-client.development.js:12646
recursivelyTraversePassiveMountEffects @ react-dom-client.development.js:12627
commitPassiveMountOnFiber @ react-dom-client.development.js:12646
recursivelyTraversePassiveMountEffects @ react-dom-client.development.js:12627
commitPassiveMountOnFiber @ react-dom-client.development.js:12755
recursivelyTraversePassiveMountEffects @ react-dom-client.development.js:12627
commitPassiveMountOnFiber @ react-dom-client.development.js:12646
recursivelyTraversePassiveMountEffects @ react-dom-client.development.js:12627
commitPassiveMountOnFiber @ react-dom-client.development.js:12755
recursivelyTraversePassiveMountEffects @ react-dom-client.development.js:12627
commitPassiveMountOnFiber @ react-dom-client.development.js:12755
recursivelyTraversePassiveMountEffects @ react-dom-client.development.js:12627
commitPassiveMountOnFiber @ react-dom-client.development.js:12646
recursivelyTraversePassiveMountEffects @ react-dom-client.development.js:12627
commitPassiveMountOnFiber @ react-dom-client.development.js:12755
recursivelyTraversePassiveMountEffects @ react-dom-client.development.js:12627
commitPassiveMountOnFiber @ react-dom-client.development.js:12755
recursivelyTraversePassiveMountEffects @ react-dom-client.development.js:12627
commitPassiveMountOnFiber @ react-dom-client.development.js:12646
recursivelyTraversePassiveMountEffects @ react-dom-client.development.js:12627
commitPassiveMountOnFiber @ react-dom-client.development.js:12755
recursivelyTraversePassiveMountEffects @ react-dom-client.development.js:12627
commitPassiveMountOnFiber @ react-dom-client.development.js:12755
recursivelyTraversePassiveMountEffects @ react-dom-client.development.js:12627
commitPassiveMountOnFiber @ react-dom-client.development.js:12646
recursivelyTraversePassiveMountEffects @ react-dom-client.development.js:12627
commitPassiveMountOnFiber @ react-dom-client.development.js:12755
recursivelyTraversePassiveMountEffects @ react-dom-client.development.js:12627
commitPassiveMountOnFiber @ react-dom-client.development.js:12755
recursivelyTraversePassiveMountEffects @ react-dom-client.development.js:12627
commitPassiveMountOnFiber @ react-dom-client.development.js:12646
recursivelyTraversePassiveMountEffects @ react-dom-client.development.js:12627
commitPassiveMountOnFiber @ react-dom-client.development.js:12755
recursivelyTraversePassiveMountEffects @ react-dom-client.development.js:12627
commitPassiveMountOnFiber @ react-dom-client.development.js:12755
recursivelyTraversePassiveMountEffects @ react-dom-client.development.js:12627
commitPassiveMountOnFiber @ react-dom-client.development.js:12646
recursivelyTraversePassiveMountEffects @ react-dom-client.development.js:12627
commitPassiveMountOnFiber @ react-dom-client.development.js:12755
recursivelyTraversePassiveMountEffects @ react-dom-client.development.js:12627
commitPassiveMountOnFiber @ react-dom-client.development.js:12755
recursivelyTraversePassiveMountEffects @ react-dom-client.development.js:12627
commitPassiveMountOnFiber @ react-dom-client.development.js:12646
recursivelyTraversePassiveMountEffects @ react-dom-client.development.js:12627
commitPassiveMountOnFiber @ react-dom-client.development.js:12755
recursivelyTraversePassiveMountEffects @ react-dom-client.development.js:12627
commitPassiveMountOnFiber @ react-dom-client.development.js:12755
recursivelyTraversePassiveMountEffects @ react-dom-client.development.js:12627
commitPassiveMountOnFiber @ react-dom-client.development.js:12646
recursivelyTraversePassiveMountEffects @ react-dom-client.development.js:12627
commitPassiveMountOnFiber @ react-dom-client.development.js:12755
recursivelyTraversePassiveMountEffects @ react-dom-client.development.js:12627
commitPassiveMountOnFiber @ react-dom-client.development.js:12755
recursivelyTraversePassiveMountEffects @ react-dom-client.development.js:12627
commitPassiveMountOnFiber @ react-dom-client.development.js:12646
recursivelyTraversePassiveMountEffects @ react-dom-client.development.js:12627
commitPassiveMountOnFiber @ react-dom-client.development.js:12755
recursivelyTraversePassiveMountEffects @ react-dom-client.development.js:12627
commitPassiveMountOnFiber @ react-dom-client.development.js:12755
recursivelyTraversePassiveMountEffects @ react-dom-client.development.js:12627
commitPassiveMountOnFiber @ react-dom-client.development.js:12646
recursivelyTraversePassiveMountEffects @ react-dom-client.development.js:12627
commitPassiveMountOnFiber @ react-dom-client.development.js:12755
recursivelyTraversePassiveMountEffects @ react-dom-client.development.js:12627
commitPassiveMountOnFiber @ react-dom-client.development.js:12755
recursivelyTraversePassiveMountEffects @ react-dom-client.development.js:12627
commitPassiveMountOnFiber @ react-dom-client.development.js:12646
recursivelyTraversePassiveMountEffects @ react-dom-client.development.js:12627
commitPassiveMountOnFiber @ react-dom-client.development.js:12755
recursivelyTraversePassiveMountEffects @ react-dom-client.development.js:12627
commitPassiveMountOnFiber @ react-dom-client.development.js:12755
recursivelyTraversePassiveMountEffects @ react-dom-client.development.js:12627
commitPassiveMountOnFiber @ react-dom-client.development.js:12646
setTimeout
__webpack_modules__../src/platform/polyfills.web.ts.window.setImmediate @ polyfills.web.ts:5
schedulePerformWorkUntilDeadline @ scheduler.development.js:214
requestHostCallback @ scheduler.development.js:168
__webpack_modules__../node_modules/scheduler/cjs/scheduler.development.js.exports.unstable_scheduleCallback @ scheduler.development.js:344
scheduleTaskForRootDuringMicrotask @ react-dom-client.development.js:15909
processRootScheduleInMicrotask @ react-dom-client.development.js:15830
(anonymous) @ react-dom-client.development.js:15962
setTimeout
__webpack_modules__../src/platform/polyfills.web.ts.window.setImmediate @ polyfills.web.ts:5
schedulePerformWorkUntilDeadline @ scheduler.development.js:214
requestHostCallback @ scheduler.development.js:168
__webpack_modules__../node_modules/scheduler/cjs/scheduler.development.js.exports.unstable_scheduleCallback @ scheduler.development.js:344
scheduleTaskForRootDuringMicrotask @ react-dom-client.development.js:15909
processRootScheduleInMicrotask @ react-dom-client.development.js:15830
(anonymous) @ react-dom-client.development.js:15962Understand this error
bundle.js:419204  POST https://events.gndr.app/v2/initialize net::ERR_NAME_NOT_RESOLVED
(anonymous) @ StatsigNetwork.js:270
step @ StatsigNetwork.js:44
(anonymous) @ StatsigNetwork.js:25
(anonymous) @ StatsigNetwork.js:19
__webpack_modules__../node_modules/statsig-js/dist/StatsigNetwork.js.__awaiter @ StatsigNetwork.js:15
__webpack_modules__../node_modules/statsig-js/dist/StatsigNetwork.js.StatsigNetwork.postToEndpoint @ StatsigNetwork.js:213
(anonymous) @ StatsigNetwork.js:314
setTimeout
(anonymous) @ StatsigNetwork.js:312
(anonymous) @ StatsigNetwork.js:311
Promise.catch
(anonymous) @ StatsigNetwork.js:301
step @ StatsigNetwork.js:44
(anonymous) @ StatsigNetwork.js:25
(anonymous) @ StatsigNetwork.js:19
__webpack_modules__../node_modules/statsig-js/dist/StatsigNetwork.js.__awaiter @ StatsigNetwork.js:15
__webpack_modules__../node_modules/statsig-js/dist/StatsigNetwork.js.StatsigNetwork.postToEndpoint @ StatsigNetwork.js:213
__webpack_modules__../node_modules/statsig-js/dist/StatsigNetwork.js.StatsigNetwork.postWithTimeout @ StatsigNetwork.js:139
__webpack_modules__../node_modules/statsig-js/dist/StatsigNetwork.js.StatsigNetwork.fetchValues @ StatsigNetwork.js:107
(anonymous) @ StatsigClient.js:1095
step @ StatsigClient.js:44
(anonymous) @ StatsigClient.js:25
(anonymous) @ StatsigClient.js:19
__webpack_modules__../node_modules/statsig-js/dist/StatsigClient.js.__awaiter @ StatsigClient.js:15
__webpack_modules__../node_modules/statsig-js/dist/StatsigClient.js.StatsigClient.fetchAndSaveValues @ StatsigClient.js:1070
(anonymous) @ StatsigClient.js:340
__webpack_modules__../node_modules/statsig-js/dist/ErrorBoundary.js.ErrorBoundary.capture @ ErrorBoundary.js:74
(anonymous) @ StatsigClient.js:336
step @ StatsigClient.js:44
(anonymous) @ StatsigClient.js:25
(anonymous) @ StatsigClient.js:19
__webpack_modules__../node_modules/statsig-js/dist/StatsigClient.js.__awaiter @ StatsigClient.js:15
__webpack_modules__../node_modules/statsig-js/dist/StatsigClient.js.StatsigClient.prefetchUsers @ StatsigClient.js:333
(anonymous) @ Statsig.js:116
__webpack_modules__../node_modules/statsig-react/dist/Statsig.js.Statsig.capture @ Statsig.js:395
(anonymous) @ Statsig.js:116
step @ Statsig.js:39
(anonymous) @ Statsig.js:20
(anonymous) @ Statsig.js:14
__webpack_modules__../node_modules/statsig-react/dist/Statsig.js.__awaiter @ Statsig.js:10
__webpack_modules__../node_modules/statsig-react/dist/Statsig.js.Statsig.prefetchUsers @ Statsig.js:114
(anonymous) @ bundle.js:419204
t2 @ useNonReactiveCallback.ts:18
setInterval
(anonymous) @ bundle.js:419208
react-stack-bottom-frame @ react-dom-client.development.js:22509
runWithFiberInDEV @ react-dom-client.development.js:543
commitHookEffectListMount @ react-dom-client.development.js:10758
commitHookPassiveMountEffects @ react-dom-client.development.js:10878
commitPassiveMountOnFiber @ react-dom-client.development.js:12653
recursivelyTraversePassiveMountEffects @ react-dom-client.development.js:12627
commitPassiveMountOnFiber @ react-dom-client.development.js:12755
recursivelyTraversePassiveMountEffects @ react-dom-client.development.js:12627
commitPassiveMountOnFiber @ react-dom-client.development.js:12755
recursivelyTraversePassiveMountEffects @ react-dom-client.development.js:12627
commitPassiveMountOnFiber @ react-dom-client.development.js:12646
recursivelyTraversePassiveMountEffects @ react-dom-client.development.js:12627
commitPassiveMountOnFiber @ react-dom-client.development.js:12646
recursivelyTraversePassiveMountEffects @ react-dom-client.development.js:12627
commitPassiveMountOnFiber @ react-dom-client.development.js:12755
recursivelyTraversePassiveMountEffects @ react-dom-client.development.js:12627
commitPassiveMountOnFiber @ react-dom-client.development.js:12755
recursivelyTraversePassiveMountEffects @ react-dom-client.development.js:12627
commitPassiveMountOnFiber @ react-dom-client.development.js:12646
recursivelyTraversePassiveMountEffects @ react-dom-client.development.js:12627
commitPassiveMountOnFiber @ react-dom-client.development.js:12646
recursivelyTraversePassiveMountEffects @ react-dom-client.development.js:12627
commitPassiveMountOnFiber @ react-dom-client.development.js:12646
recursivelyTraversePassiveMountEffects @ react-dom-client.development.js:12627
commitPassiveMountOnFiber @ react-dom-client.development.js:12646
recursivelyTraversePassiveMountEffects @ react-dom-client.development.js:12627
commitPassiveMountOnFiber @ react-dom-client.development.js:12755
recursivelyTraversePassiveMountEffects @ react-dom-client.development.js:12627
commitPassiveMountOnFiber @ react-dom-client.development.js:12646
recursivelyTraversePassiveMountEffects @ react-dom-client.development.js:12627
commitPassiveMountOnFiber @ react-dom-client.development.js:12755
recursivelyTraversePassiveMountEffects @ react-dom-client.development.js:12627
commitPassiveMountOnFiber @ react-dom-client.development.js:12646
recursivelyTraversePassiveMountEffects @ react-dom-client.development.js:12627
commitPassiveMountOnFiber @ react-dom-client.development.js:12646
recursivelyTraversePassiveMountEffects @ react-dom-client.development.js:12627
commitPassiveMountOnFiber @ react-dom-client.development.js:12755
recursivelyTraversePassiveMountEffects @ react-dom-client.development.js:12627
commitPassiveMountOnFiber @ react-dom-client.development.js:12646
recursivelyTraversePassiveMountEffects @ react-dom-client.development.js:12627
commitPassiveMountOnFiber @ react-dom-client.development.js:12755
recursivelyTraversePassiveMountEffects @ react-dom-client.development.js:12627
commitPassiveMountOnFiber @ react-dom-client.development.js:12646
recursivelyTraversePassiveMountEffects @ react-dom-client.development.js:12627
commitPassiveMountOnFiber @ react-dom-client.development.js:12646
recursivelyTraversePassiveMountEffects @ react-dom-client.development.js:12627
commitPassiveMountOnFiber @ react-dom-client.development.js:12755
recursivelyTraversePassiveMountEffects @ react-dom-client.development.js:12627
commitPassiveMountOnFiber @ react-dom-client.development.js:12755
recursivelyTraversePassiveMountEffects @ react-dom-client.development.js:12627
commitPassiveMountOnFiber @ react-dom-client.development.js:12646
recursivelyTraversePassiveMountEffects @ react-dom-client.development.js:12627
commitPassiveMountOnFiber @ react-dom-client.development.js:12755
recursivelyTraversePassiveMountEffects @ react-dom-client.development.js:12627
commitPassiveMountOnFiber @ react-dom-client.development.js:12646
recursivelyTraversePassiveMountEffects @ react-dom-client.development.js:12627
commitPassiveMountOnFiber @ react-dom-client.development.js:12755
recursivelyTraversePassiveMountEffects @ react-dom-client.development.js:12627
commitPassiveMountOnFiber @ react-dom-client.development.js:12755
recursivelyTraversePassiveMountEffects @ react-dom-client.development.js:12627
commitPassiveMountOnFiber @ react-dom-client.development.js:12646
recursivelyTraversePassiveMountEffects @ react-dom-client.development.js:12627
commitPassiveMountOnFiber @ react-dom-client.development.js:12755
recursivelyTraversePassiveMountEffects @ react-dom-client.development.js:12627
commitPassiveMountOnFiber @ react-dom-client.development.js:12646
recursivelyTraversePassiveMountEffects @ react-dom-client.development.js:12627
commitPassiveMountOnFiber @ react-dom-client.development.js:12755
recursivelyTraversePassiveMountEffects @ react-dom-client.development.js:12627
commitPassiveMountOnFiber @ react-dom-client.development.js:12755
recursivelyTraversePassiveMountEffects @ react-dom-client.development.js:12627
commitPassiveMountOnFiber @ react-dom-client.development.js:12646
recursivelyTraversePassiveMountEffects @ react-dom-client.development.js:12627
commitPassiveMountOnFiber @ react-dom-client.development.js:12755
recursivelyTraversePassiveMountEffects @ react-dom-client.development.js:12627
commitPassiveMountOnFiber @ react-dom-client.development.js:12755
recursivelyTraversePassiveMountEffects @ react-dom-client.development.js:12627
commitPassiveMountOnFiber @ react-dom-client.development.js:12646
recursivelyTraversePassiveMountEffects @ react-dom-client.development.js:12627
commitPassiveMountOnFiber @ react-dom-client.development.js:12755
recursivelyTraversePassiveMountEffects @ react-dom-client.development.js:12627
commitPassiveMountOnFiber @ react-dom-client.development.js:12755
recursivelyTraversePassiveMountEffects @ react-dom-client.development.js:12627
commitPassiveMountOnFiber @ react-dom-client.development.js:12646
recursivelyTraversePassiveMountEffects @ react-dom-client.development.js:12627
commitPassiveMountOnFiber @ react-dom-client.development.js:12755
recursivelyTraversePassiveMountEffects @ react-dom-client.development.js:12627
commitPassiveMountOnFiber @ react-dom-client.development.js:12646
recursivelyTraversePassiveMountEffects @ react-dom-client.development.js:12627
commitPassiveMountOnFiber @ react-dom-client.development.js:12755
recursivelyTraversePassiveMountEffects @ react-dom-client.development.js:12627
commitPassiveMountOnFiber @ react-dom-client.development.js:12755
recursivelyTraversePassiveMountEffects @ react-dom-client.development.js:12627
commitPassiveMountOnFiber @ react-dom-client.development.js:12646
recursivelyTraversePassiveMountEffects @ react-dom-client.development.js:12627
commitPassiveMountOnFiber @ react-dom-client.development.js:12755
recursivelyTraversePassiveMountEffects @ react-dom-client.development.js:12627
commitPassiveMountOnFiber @ react-dom-client.development.js:12755
recursivelyTraversePassiveMountEffects @ react-dom-client.development.js:12627
commitPassiveMountOnFiber @ react-dom-client.development.js:12646
recursivelyTraversePassiveMountEffects @ react-dom-client.development.js:12627
commitPassiveMountOnFiber @ react-dom-client.development.js:12755
recursivelyTraversePassiveMountEffects @ react-dom-client.development.js:12627
commitPassiveMountOnFiber @ react-dom-client.development.js:12755
recursivelyTraversePassiveMountEffects @ react-dom-client.development.js:12627
commitPassiveMountOnFiber @ react-dom-client.development.js:12646
recursivelyTraversePassiveMountEffects @ react-dom-client.development.js:12627
commitPassiveMountOnFiber @ react-dom-client.development.js:12755
recursivelyTraversePassiveMountEffects @ react-dom-client.development.js:12627
commitPassiveMountOnFiber @ react-dom-client.development.js:12755
recursivelyTraversePassiveMountEffects @ react-dom-client.development.js:12627
commitPassiveMountOnFiber @ react-dom-client.development.js:12646
recursivelyTraversePassiveMountEffects @ react-dom-client.development.js:12627
commitPassiveMountOnFiber @ react-dom-client.development.js:12755
recursivelyTraversePassiveMountEffects @ react-dom-client.development.js:12627
commitPassiveMountOnFiber @ react-dom-client.development.js:12755
recursivelyTraversePassiveMountEffects @ react-dom-client.development.js:12627
commitPassiveMountOnFiber @ react-dom-client.development.js:12646
recursivelyTraversePassiveMountEffects @ react-dom-client.development.js:12627
commitPassiveMountOnFiber @ react-dom-client.development.js:12755
recursivelyTraversePassiveMountEffects @ react-dom-client.development.js:12627
commitPassiveMountOnFiber @ react-dom-client.development.js:12646
recursivelyTraversePassiveMountEffects @ react-dom-client.development.js:12627
commitPassiveMountOnFiber @ react-dom-client.development.js:12646
recursivelyTraversePassiveMountEffects @ react-dom-client.development.js:12627
commitPassiveMountOnFiber @ react-dom-client.development.js:12755
recursivelyTraversePassiveMountEffects @ react-dom-client.development.js:12627
commitPassiveMountOnFiber @ react-dom-client.development.js:12646
recursivelyTraversePassiveMountEffects @ react-dom-client.development.js:12627
commitPassiveMountOnFiber @ react-dom-client.development.js:12646
recursivelyTraversePassiveMountEffects @ react-dom-client.development.js:12627
commitPassiveMountOnFiber @ react-dom-client.development.js:12755
recursivelyTraversePassiveMountEffects @ react-dom-client.development.js:12627
commitPassiveMountOnFiber @ react-dom-client.development.js:12646
recursivelyTraversePassiveMountEffects @ react-dom-client.development.js:12627
commitPassiveMountOnFiber @ react-dom-client.development.js:12755
recursivelyTraversePassiveMountEffects @ react-dom-client.development.js:12627
commitPassiveMountOnFiber @ react-dom-client.development.js:12755
recursivelyTraversePassiveMountEffects @ react-dom-client.development.js:12627
commitPassiveMountOnFiber @ react-dom-client.development.js:12646
recursivelyTraversePassiveMountEffects @ react-dom-client.development.js:12627
commitPassiveMountOnFiber @ react-dom-client.development.js:12755
recursivelyTraversePassiveMountEffects @ react-dom-client.development.js:12627
commitPassiveMountOnFiber @ react-dom-client.development.js:12755
recursivelyTraversePassiveMountEffects @ react-dom-client.development.js:12627
commitPassiveMountOnFiber @ react-dom-client.development.js:12646
recursivelyTraversePassiveMountEffects @ react-dom-client.development.js:12627
commitPassiveMountOnFiber @ react-dom-client.development.js:12755
recursivelyTraversePassiveMountEffects @ react-dom-client.development.js:12627
commitPassiveMountOnFiber @ react-dom-client.development.js:12755
recursivelyTraversePassiveMountEffects @ react-dom-client.development.js:12627
commitPassiveMountOnFiber @ react-dom-client.development.js:12646
recursivelyTraversePassiveMountEffects @ react-dom-client.development.js:12627
commitPassiveMountOnFiber @ react-dom-client.development.js:12755
recursivelyTraversePassiveMountEffects @ react-dom-client.development.js:12627
commitPassiveMountOnFiber @ react-dom-client.development.js:12755
recursivelyTraversePassiveMountEffects @ react-dom-client.development.js:12627
commitPassiveMountOnFiber @ react-dom-client.development.js:12646
recursivelyTraversePassiveMountEffects @ react-dom-client.development.js:12627
commitPassiveMountOnFiber @ react-dom-client.development.js:12755
recursivelyTraversePassiveMountEffects @ react-dom-client.development.js:12627
commitPassiveMountOnFiber @ react-dom-client.development.js:12755
recursivelyTraversePassiveMountEffects @ react-dom-client.development.js:12627
commitPassiveMountOnFiber @ react-dom-client.development.js:12646
recursivelyTraversePassiveMountEffects @ react-dom-client.development.js:12627
commitPassiveMountOnFiber @ react-dom-client.development.js:12755
recursivelyTraversePassiveMountEffects @ react-dom-client.development.js:12627
commitPassiveMountOnFiber @ react-dom-client.development.js:12755
recursivelyTraversePassiveMountEffects @ react-dom-client.development.js:12627
commitPassiveMountOnFiber @ react-dom-client.development.js:12646
recursivelyTraversePassiveMountEffects @ react-dom-client.development.js:12627
commitPassiveMountOnFiber @ react-dom-client.development.js:12755
recursivelyTraversePassiveMountEffects @ react-dom-client.development.js:12627
commitPassiveMountOnFiber @ react-dom-client.development.js:12755
recursivelyTraversePassiveMountEffects @ react-dom-client.development.js:12627
commitPassiveMountOnFiber @ react-dom-client.development.js:12646
recursivelyTraversePassiveMountEffects @ react-dom-client.development.js:12627
commitPassiveMountOnFiber @ react-dom-client.development.js:12755
recursivelyTraversePassiveMountEffects @ react-dom-client.development.js:12627
commitPassiveMountOnFiber @ react-dom-client.development.js:12755
recursivelyTraversePassiveMountEffects @ react-dom-client.development.js:12627
commitPassiveMountOnFiber @ react-dom-client.development.js:12646
recursivelyTraversePassiveMountEffects @ react-dom-client.development.js:12627
commitPassiveMountOnFiber @ react-dom-client.development.js:12755
recursivelyTraversePassiveMountEffects @ react-dom-client.development.js:12627
commitPassiveMountOnFiber @ react-dom-client.development.js:12755
recursivelyTraversePassiveMountEffects @ react-dom-client.development.js:12627
commitPassiveMountOnFiber @ react-dom-client.development.js:12646
recursivelyTraversePassiveMountEffects @ react-dom-client.development.js:12627
commitPassiveMountOnFiber @ react-dom-client.development.js:12755
recursivelyTraversePassiveMountEffects @ react-dom-client.development.js:12627
commitPassiveMountOnFiber @ react-dom-client.development.js:12755
recursivelyTraversePassiveMountEffects @ react-dom-client.development.js:12627
commitPassiveMountOnFiber @ react-dom-client.development.js:12646
recursivelyTraversePassiveMountEffects @ react-dom-client.development.js:12627
commitPassiveMountOnFiber @ react-dom-client.development.js:12755
recursivelyTraversePassiveMountEffects @ react-dom-client.development.js:12627
commitPassiveMountOnFiber @ react-dom-client.development.js:12755
recursivelyTraversePassiveMountEffects @ react-dom-client.development.js:12627
commitPassiveMountOnFiber @ react-dom-client.development.js:12646
setTimeout
__webpack_modules__../src/platform/polyfills.web.ts.window.setImmediate @ polyfills.web.ts:5
schedulePerformWorkUntilDeadline @ scheduler.development.js:214
requestHostCallback @ scheduler.development.js:168
__webpack_modules__../node_modules/scheduler/cjs/scheduler.development.js.exports.unstable_scheduleCallback @ scheduler.development.js:344
scheduleTaskForRootDuringMicrotask @ react-dom-client.development.js:15909
processRootScheduleInMicrotask @ react-dom-client.development.js:15830
(anonymous) @ react-dom-client.development.js:15962
setTimeout
__webpack_modules__../src/platform/polyfills.web.ts.window.setImmediate @ polyfills.web.ts:5
schedulePerformWorkUntilDeadline @ scheduler.development.js:214
requestHostCallback @ scheduler.development.js:168
__webpack_modules__../node_modules/scheduler/cjs/scheduler.development.js.exports.unstable_scheduleCallback @ scheduler.development.js:344
scheduleTaskForRootDuringMicrotask @ react-dom-client.development.js:15909
processRootScheduleInMicrotask @ react-dom-client.development.js:15830
(anonymous) @ react-dom-client.development.js:15962Understand this error
bundle.js:419204  POST https://events.gndr.app/v2/initialize net::ERR_NAME_NOT_RESOLVED
(anonymous) @ StatsigNetwork.js:270
step @ StatsigNetwork.js:44
(anonymous) @ StatsigNetwork.js:25
(anonymous) @ StatsigNetwork.js:19
__webpack_modules__../node_modules/statsig-js/dist/StatsigNetwork.js.__awaiter @ StatsigNetwork.js:15
__webpack_modules__../node_modules/statsig-js/dist/StatsigNetwork.js.StatsigNetwork.postToEndpoint @ StatsigNetwork.js:213
(anonymous) @ StatsigNetwork.js:314
setTimeout
(anonymous) @ StatsigNetwork.js:312
(anonymous) @ StatsigNetwork.js:311
Promise.catch
(anonymous) @ StatsigNetwork.js:301
step @ StatsigNetwork.js:44
(anonymous) @ StatsigNetwork.js:25
(anonymous) @ StatsigNetwork.js:19
__webpack_modules__../node_modules/statsig-js/dist/StatsigNetwork.js.__awaiter @ StatsigNetwork.js:15
__webpack_modules__../node_modules/statsig-js/dist/StatsigNetwork.js.StatsigNetwork.postToEndpoint @ StatsigNetwork.js:213
(anonymous) @ StatsigNetwork.js:314
setTimeout
(anonymous) @ StatsigNetwork.js:312
(anonymous) @ StatsigNetwork.js:311
Promise.catch
(anonymous) @ StatsigNetwork.js:301
step @ StatsigNetwork.js:44
(anonymous) @ StatsigNetwork.js:25
(anonymous) @ StatsigNetwork.js:19
__webpack_modules__../node_modules/statsig-js/dist/StatsigNetwork.js.__awaiter @ StatsigNetwork.js:15
__webpack_modules__../node_modules/statsig-js/dist/StatsigNetwork.js.StatsigNetwork.postToEndpoint @ StatsigNetwork.js:213
__webpack_modules__../node_modules/statsig-js/dist/StatsigNetwork.js.StatsigNetwork.postWithTimeout @ StatsigNetwork.js:139
__webpack_modules__../node_modules/statsig-js/dist/StatsigNetwork.js.StatsigNetwork.fetchValues @ StatsigNetwork.js:107
(anonymous) @ StatsigClient.js:1095
step @ StatsigClient.js:44
(anonymous) @ StatsigClient.js:25
(anonymous) @ StatsigClient.js:19
__webpack_modules__../node_modules/statsig-js/dist/StatsigClient.js.__awaiter @ StatsigClient.js:15
__webpack_modules__../node_modules/statsig-js/dist/StatsigClient.js.StatsigClient.fetchAndSaveValues @ StatsigClient.js:1070
(anonymous) @ StatsigClient.js:340
__webpack_modules__../node_modules/statsig-js/dist/ErrorBoundary.js.ErrorBoundary.capture @ ErrorBoundary.js:74
(anonymous) @ StatsigClient.js:336
step @ StatsigClient.js:44
(anonymous) @ StatsigClient.js:25
(anonymous) @ StatsigClient.js:19
__webpack_modules__../node_modules/statsig-js/dist/StatsigClient.js.__awaiter @ StatsigClient.js:15
__webpack_modules__../node_modules/statsig-js/dist/StatsigClient.js.StatsigClient.prefetchUsers @ StatsigClient.js:333
(anonymous) @ Statsig.js:116
__webpack_modules__../node_modules/statsig-react/dist/Statsig.js.Statsig.capture @ Statsig.js:395
(anonymous) @ Statsig.js:116
step @ Statsig.js:39
(anonymous) @ Statsig.js:20
(anonymous) @ Statsig.js:14
__webpack_modules__../node_modules/statsig-react/dist/Statsig.js.__awaiter @ Statsig.js:10
__webpack_modules__../node_modules/statsig-react/dist/Statsig.js.Statsig.prefetchUsers @ Statsig.js:114
(anonymous) @ bundle.js:419204
t2 @ useNonReactiveCallback.ts:18
setInterval
(anonymous) @ bundle.js:419208
react-stack-bottom-frame @ react-dom-client.development.js:22509
runWithFiberInDEV @ react-dom-client.development.js:543
commitHookEffectListMount @ react-dom-client.development.js:10758
commitHookPassiveMountEffects @ react-dom-client.development.js:10878
commitPassiveMountOnFiber @ react-dom-client.development.js:12653
recursivelyTraversePassiveMountEffects @ react-dom-client.development.js:12627
commitPassiveMountOnFiber @ react-dom-client.development.js:12755
recursivelyTraversePassiveMountEffects @ react-dom-client.development.js:12627
commitPassiveMountOnFiber @ react-dom-client.development.js:12755
recursivelyTraversePassiveMountEffects @ react-dom-client.development.js:12627
commitPassiveMountOnFiber @ react-dom-client.development.js:12646
recursivelyTraversePassiveMountEffects @ react-dom-client.development.js:12627
commitPassiveMountOnFiber @ react-dom-client.development.js:12646
recursivelyTraversePassiveMountEffects @ react-dom-client.development.js:12627
commitPassiveMountOnFiber @ react-dom-client.development.js:12755
recursivelyTraversePassiveMountEffects @ react-dom-client.development.js:12627
commitPassiveMountOnFiber @ react-dom-client.development.js:12755
recursivelyTraversePassiveMountEffects @ react-dom-client.development.js:12627
commitPassiveMountOnFiber @ react-dom-client.development.js:12646
recursivelyTraversePassiveMountEffects @ react-dom-client.development.js:12627
commitPassiveMountOnFiber @ react-dom-client.development.js:12646
recursivelyTraversePassiveMountEffects @ react-dom-client.development.js:12627
commitPassiveMountOnFiber @ react-dom-client.development.js:12646
recursivelyTraversePassiveMountEffects @ react-dom-client.development.js:12627
commitPassiveMountOnFiber @ react-dom-client.development.js:12646
recursivelyTraversePassiveMountEffects @ react-dom-client.development.js:12627
commitPassiveMountOnFiber @ react-dom-client.development.js:12755
recursivelyTraversePassiveMountEffects @ react-dom-client.development.js:12627
commitPassiveMountOnFiber @ react-dom-client.development.js:12646
recursivelyTraversePassiveMountEffects @ react-dom-client.development.js:12627
commitPassiveMountOnFiber @ react-dom-client.development.js:12755
recursivelyTraversePassiveMountEffects @ react-dom-client.development.js:12627
commitPassiveMountOnFiber @ react-dom-client.development.js:12646
recursivelyTraversePassiveMountEffects @ react-dom-client.development.js:12627
commitPassiveMountOnFiber @ react-dom-client.development.js:12646
recursivelyTraversePassiveMountEffects @ react-dom-client.development.js:12627
commitPassiveMountOnFiber @ react-dom-client.development.js:12755
recursivelyTraversePassiveMountEffects @ react-dom-client.development.js:12627
commitPassiveMountOnFiber @ react-dom-client.development.js:12646
recursivelyTraversePassiveMountEffects @ react-dom-client.development.js:12627
commitPassiveMountOnFiber @ react-dom-client.development.js:12755
recursivelyTraversePassiveMountEffects @ react-dom-client.development.js:12627
commitPassiveMountOnFiber @ react-dom-client.development.js:12646
recursivelyTraversePassiveMountEffects @ react-dom-client.development.js:12627
commitPassiveMountOnFiber @ react-dom-client.development.js:12646
recursivelyTraversePassiveMountEffects @ react-dom-client.development.js:12627
commitPassiveMountOnFiber @ react-dom-client.development.js:12755
recursivelyTraversePassiveMountEffects @ react-dom-client.development.js:12627
commitPassiveMountOnFiber @ react-dom-client.development.js:12755
recursivelyTraversePassiveMountEffects @ react-dom-client.development.js:12627
commitPassiveMountOnFiber @ react-dom-client.development.js:12646
recursivelyTraversePassiveMountEffects @ react-dom-client.development.js:12627
commitPassiveMountOnFiber @ react-dom-client.development.js:12755
recursivelyTraversePassiveMountEffects @ react-dom-client.development.js:12627
commitPassiveMountOnFiber @ react-dom-client.development.js:12646
recursivelyTraversePassiveMountEffects @ react-dom-client.development.js:12627
commitPassiveMountOnFiber @ react-dom-client.development.js:12755
recursivelyTraversePassiveMountEffects @ react-dom-client.development.js:12627
commitPassiveMountOnFiber @ react-dom-client.development.js:12755
recursivelyTraversePassiveMountEffects @ react-dom-client.development.js:12627
commitPassiveMountOnFiber @ react-dom-client.development.js:12646
recursivelyTraversePassiveMountEffects @ react-dom-client.development.js:12627
commitPassiveMountOnFiber @ react-dom-client.development.js:12755
recursivelyTraversePassiveMountEffects @ react-dom-client.development.js:12627
commitPassiveMountOnFiber @ react-dom-client.development.js:12646
recursivelyTraversePassiveMountEffects @ react-dom-client.development.js:12627
commitPassiveMountOnFiber @ react-dom-client.development.js:12755
recursivelyTraversePassiveMountEffects @ react-dom-client.development.js:12627
commitPassiveMountOnFiber @ react-dom-client.development.js:12755
recursivelyTraversePassiveMountEffects @ react-dom-client.development.js:12627
commitPassiveMountOnFiber @ react-dom-client.development.js:12646
recursivelyTraversePassiveMountEffects @ react-dom-client.development.js:12627
commitPassiveMountOnFiber @ react-dom-client.development.js:12755
recursivelyTraversePassiveMountEffects @ react-dom-client.development.js:12627
commitPassiveMountOnFiber @ react-dom-client.development.js:12755
recursivelyTraversePassiveMountEffects @ react-dom-client.development.js:12627
commitPassiveMountOnFiber @ react-dom-client.development.js:12646
recursivelyTraversePassiveMountEffects @ react-dom-client.development.js:12627
commitPassiveMountOnFiber @ react-dom-client.development.js:12755
recursivelyTraversePassiveMountEffects @ react-dom-client.development.js:12627
commitPassiveMountOnFiber @ react-dom-client.development.js:12755
recursivelyTraversePassiveMountEffects @ react-dom-client.development.js:12627
commitPassiveMountOnFiber @ react-dom-client.development.js:12646
recursivelyTraversePassiveMountEffects @ react-dom-client.development.js:12627
commitPassiveMountOnFiber @ react-dom-client.development.js:12755
recursivelyTraversePassiveMountEffects @ react-dom-client.development.js:12627
commitPassiveMountOnFiber @ react-dom-client.development.js:12646
recursivelyTraversePassiveMountEffects @ react-dom-client.development.js:12627
commitPassiveMountOnFiber @ react-dom-client.development.js:12755
recursivelyTraversePassiveMountEffects @ react-dom-client.development.js:12627
commitPassiveMountOnFiber @ react-dom-client.development.js:12755
recursivelyTraversePassiveMountEffects @ react-dom-client.development.js:12627
commitPassiveMountOnFiber @ react-dom-client.development.js:12646
recursivelyTraversePassiveMountEffects @ react-dom-client.development.js:12627
commitPassiveMountOnFiber @ react-dom-client.development.js:12755
recursivelyTraversePassiveMountEffects @ react-dom-client.development.js:12627
commitPassiveMountOnFiber @ react-dom-client.development.js:12755
recursivelyTraversePassiveMountEffects @ react-dom-client.development.js:12627
commitPassiveMountOnFiber @ react-dom-client.development.js:12646
recursivelyTraversePassiveMountEffects @ react-dom-client.development.js:12627
commitPassiveMountOnFiber @ react-dom-client.development.js:12755
recursivelyTraversePassiveMountEffects @ react-dom-client.development.js:12627
commitPassiveMountOnFiber @ react-dom-client.development.js:12755
recursivelyTraversePassiveMountEffects @ react-dom-client.development.js:12627
commitPassiveMountOnFiber @ react-dom-client.development.js:12646
recursivelyTraversePassiveMountEffects @ react-dom-client.development.js:12627
commitPassiveMountOnFiber @ react-dom-client.development.js:12755
recursivelyTraversePassiveMountEffects @ react-dom-client.development.js:12627
commitPassiveMountOnFiber @ react-dom-client.development.js:12755
recursivelyTraversePassiveMountEffects @ react-dom-client.development.js:12627
commitPassiveMountOnFiber @ react-dom-client.development.js:12646
recursivelyTraversePassiveMountEffects @ react-dom-client.development.js:12627
commitPassiveMountOnFiber @ react-dom-client.development.js:12755
recursivelyTraversePassiveMountEffects @ react-dom-client.development.js:12627
commitPassiveMountOnFiber @ react-dom-client.development.js:12755
recursivelyTraversePassiveMountEffects @ react-dom-client.development.js:12627
commitPassiveMountOnFiber @ react-dom-client.development.js:12646
recursivelyTraversePassiveMountEffects @ react-dom-client.development.js:12627
commitPassiveMountOnFiber @ react-dom-client.development.js:12755
recursivelyTraversePassiveMountEffects @ react-dom-client.development.js:12627
commitPassiveMountOnFiber @ react-dom-client.development.js:12646
recursivelyTraversePassiveMountEffects @ react-dom-client.development.js:12627
commitPassiveMountOnFiber @ react-dom-client.development.js:12646
recursivelyTraversePassiveMountEffects @ react-dom-client.development.js:12627
commitPassiveMountOnFiber @ react-dom-client.development.js:12755
recursivelyTraversePassiveMountEffects @ react-dom-client.development.js:12627
commitPassiveMountOnFiber @ react-dom-client.development.js:12646
recursivelyTraversePassiveMountEffects @ react-dom-client.development.js:12627
commitPassiveMountOnFiber @ react-dom-client.development.js:12646
recursivelyTraversePassiveMountEffects @ react-dom-client.development.js:12627
commitPassiveMountOnFiber @ react-dom-client.development.js:12755
recursivelyTraversePassiveMountEffects @ react-dom-client.development.js:12627
commitPassiveMountOnFiber @ react-dom-client.development.js:12646
recursivelyTraversePassiveMountEffects @ react-dom-client.development.js:12627
commitPassiveMountOnFiber @ react-dom-client.development.js:12755
recursivelyTraversePassiveMountEffects @ react-dom-client.development.js:12627
commitPassiveMountOnFiber @ react-dom-client.development.js:12755
recursivelyTraversePassiveMountEffects @ react-dom-client.development.js:12627
commitPassiveMountOnFiber @ react-dom-client.development.js:12646
recursivelyTraversePassiveMountEffects @ react-dom-client.development.js:12627
commitPassiveMountOnFiber @ react-dom-client.development.js:12755
recursivelyTraversePassiveMountEffects @ react-dom-client.development.js:12627
commitPassiveMountOnFiber @ react-dom-client.development.js:12755
recursivelyTraversePassiveMountEffects @ react-dom-client.development.js:12627
commitPassiveMountOnFiber @ react-dom-client.development.js:12646
recursivelyTraversePassiveMountEffects @ react-dom-client.development.js:12627
commitPassiveMountOnFiber @ react-dom-client.development.js:12755
recursivelyTraversePassiveMountEffects @ react-dom-client.development.js:12627
commitPassiveMountOnFiber @ react-dom-client.development.js:12755
recursivelyTraversePassiveMountEffects @ react-dom-client.development.js:12627
commitPassiveMountOnFiber @ react-dom-client.development.js:12646
recursivelyTraversePassiveMountEffects @ react-dom-client.development.js:12627
commitPassiveMountOnFiber @ react-dom-client.development.js:12755
recursivelyTraversePassiveMountEffects @ react-dom-client.development.js:12627
commitPassiveMountOnFiber @ react-dom-client.development.js:12755
recursivelyTraversePassiveMountEffects @ react-dom-client.development.js:12627
commitPassiveMountOnFiber @ react-dom-client.development.js:12646
recursivelyTraversePassiveMountEffects @ react-dom-client.development.js:12627
commitPassiveMountOnFiber @ react-dom-client.development.js:12755
recursivelyTraversePassiveMountEffects @ react-dom-client.development.js:12627
commitPassiveMountOnFiber @ react-dom-client.development.js:12755
recursivelyTraversePassiveMountEffects @ react-dom-client.development.js:12627
commitPassiveMountOnFiber @ react-dom-client.development.js:12646
recursivelyTraversePassiveMountEffects @ react-dom-client.development.js:12627
commitPassiveMountOnFiber @ react-dom-client.development.js:12755
recursivelyTraversePassiveMountEffects @ react-dom-client.development.js:12627
commitPassiveMountOnFiber @ react-dom-client.development.js:12755
recursivelyTraversePassiveMountEffects @ react-dom-client.development.js:12627
commitPassiveMountOnFiber @ react-dom-client.development.js:12646
recursivelyTraversePassiveMountEffects @ react-dom-client.development.js:12627
commitPassiveMountOnFiber @ react-dom-client.development.js:12755
recursivelyTraversePassiveMountEffects @ react-dom-client.development.js:12627
commitPassiveMountOnFiber @ react-dom-client.development.js:12755
recursivelyTraversePassiveMountEffects @ react-dom-client.development.js:12627
commitPassiveMountOnFiber @ react-dom-client.development.js:12646
recursivelyTraversePassiveMountEffects @ react-dom-client.development.js:12627
commitPassiveMountOnFiber @ react-dom-client.development.js:12755
recursivelyTraversePassiveMountEffects @ react-dom-client.development.js:12627
commitPassiveMountOnFiber @ react-dom-client.development.js:12755
recursivelyTraversePassiveMountEffects @ react-dom-client.development.js:12627
commitPassiveMountOnFiber @ react-dom-client.development.js:12646
recursivelyTraversePassiveMountEffects @ react-dom-client.development.js:12627
commitPassiveMountOnFiber @ react-dom-client.development.js:12755
recursivelyTraversePassiveMountEffects @ react-dom-client.development.js:12627
commitPassiveMountOnFiber @ react-dom-client.development.js:12755
recursivelyTraversePassiveMountEffects @ react-dom-client.development.js:12627
commitPassiveMountOnFiber @ react-dom-client.development.js:12646
recursivelyTraversePassiveMountEffects @ react-dom-client.development.js:12627
commitPassiveMountOnFiber @ react-dom-client.development.js:12755
recursivelyTraversePassiveMountEffects @ react-dom-client.development.js:12627
commitPassiveMountOnFiber @ react-dom-client.development.js:12755
recursivelyTraversePassiveMountEffects @ react-dom-client.development.js:12627
commitPassiveMountOnFiber @ react-dom-client.development.js:12646
recursivelyTraversePassiveMountEffects @ react-dom-client.development.js:12627
commitPassiveMountOnFiber @ react-dom-client.development.js:12755
recursivelyTraversePassiveMountEffects @ react-dom-client.development.js:12627
commitPassiveMountOnFiber @ react-dom-client.development.js:12755
recursivelyTraversePassiveMountEffects @ react-dom-client.development.js:12627
commitPassiveMountOnFiber @ react-dom-client.development.js:12646
setTimeout
__webpack_modules__../src/platform/polyfills.web.ts.window.setImmediate @ polyfills.web.ts:5
schedulePerformWorkUntilDeadline @ scheduler.development.js:214
requestHostCallback @ scheduler.development.js:168
__webpack_modules__../node_modules/scheduler/cjs/scheduler.development.js.exports.unstable_scheduleCallback @ scheduler.development.js:344
scheduleTaskForRootDuringMicrotask @ react-dom-client.development.js:15909
processRootScheduleInMicrotask @ react-dom-client.development.js:15830
(anonymous) @ react-dom-client.development.js:15962
setTimeout
__webpack_modules__../src/platform/polyfills.web.ts.window.setImmediate @ polyfills.web.ts:5
schedulePerformWorkUntilDeadline @ scheduler.development.js:214
requestHostCallback @ scheduler.development.js:168
__webpack_modules__../node_modules/scheduler/cjs/scheduler.development.js.exports.unstable_scheduleCallback @ scheduler.development.js:344
scheduleTaskForRootDuringMicrotask @ react-dom-client.development.js:15909
processRootScheduleInMicrotask @ react-dom-client.development.js:15830
(anonymous) @ react-dom-client.development.js:15962Understand this error
bundle.js:419204  POST https://events.gndr.app/v2/initialize net::ERR_NAME_NOT_RESOLVED
(anonymous) @ StatsigNetwork.js:270
step @ StatsigNetwork.js:44
(anonymous) @ StatsigNetwork.js:25
(anonymous) @ StatsigNetwork.js:19
__webpack_modules__../node_modules/statsig-js/dist/StatsigNetwork.js.__awaiter @ StatsigNetwork.js:15
__webpack_modules__../node_modules/statsig-js/dist/StatsigNetwork.js.StatsigNetwork.postToEndpoint @ StatsigNetwork.js:213
__webpack_modules__../node_modules/statsig-js/dist/StatsigNetwork.js.StatsigNetwork.postWithTimeout @ StatsigNetwork.js:139
__webpack_modules__../node_modules/statsig-js/dist/StatsigNetwork.js.StatsigNetwork.fetchValues @ StatsigNetwork.js:107
(anonymous) @ StatsigClient.js:1095
step @ StatsigClient.js:44
(anonymous) @ StatsigClient.js:25
(anonymous) @ StatsigClient.js:19
__webpack_modules__../node_modules/statsig-js/dist/StatsigClient.js.__awaiter @ StatsigClient.js:15
__webpack_modules__../node_modules/statsig-js/dist/StatsigClient.js.StatsigClient.fetchAndSaveValues @ StatsigClient.js:1070
(anonymous) @ StatsigClient.js:340
__webpack_modules__../node_modules/statsig-js/dist/ErrorBoundary.js.ErrorBoundary.capture @ ErrorBoundary.js:74
(anonymous) @ StatsigClient.js:336
step @ StatsigClient.js:44
(anonymous) @ StatsigClient.js:25
(anonymous) @ StatsigClient.js:19
__webpack_modules__../node_modules/statsig-js/dist/StatsigClient.js.__awaiter @ StatsigClient.js:15
__webpack_modules__../node_modules/statsig-js/dist/StatsigClient.js.StatsigClient.prefetchUsers @ StatsigClient.js:333
(anonymous) @ Statsig.js:116
__webpack_modules__../node_modules/statsig-react/dist/Statsig.js.Statsig.capture @ Statsig.js:395
(anonymous) @ Statsig.js:116
step @ Statsig.js:39
(anonymous) @ Statsig.js:20
(anonymous) @ Statsig.js:14
__webpack_modules__../node_modules/statsig-react/dist/Statsig.js.__awaiter @ Statsig.js:10
__webpack_modules__../node_modules/statsig-react/dist/Statsig.js.Statsig.prefetchUsers @ Statsig.js:114
(anonymous) @ bundle.js:419204
t2 @ useNonReactiveCallback.ts:18
setInterval
(anonymous) @ bundle.js:419208
react-stack-bottom-frame @ react-dom-client.development.js:22509
runWithFiberInDEV @ react-dom-client.development.js:543
commitHookEffectListMount @ react-dom-client.development.js:10758
commitHookPassiveMountEffects @ react-dom-client.development.js:10878
commitPassiveMountOnFiber @ react-dom-client.development.js:12653
recursivelyTraversePassiveMountEffects @ react-dom-client.development.js:12627
commitPassiveMountOnFiber @ react-dom-client.development.js:12755
recursivelyTraversePassiveMountEffects @ react-dom-client.development.js:12627
commitPassiveMountOnFiber @ react-dom-client.development.js:12755
recursivelyTraversePassiveMountEffects @ react-dom-client.development.js:12627
commitPassiveMountOnFiber @ react-dom-client.development.js:12646
recursivelyTraversePassiveMountEffects @ react-dom-client.development.js:12627
commitPassiveMountOnFiber @ react-dom-client.development.js:12646
recursivelyTraversePassiveMountEffects @ react-dom-client.development.js:12627
commitPassiveMountOnFiber @ react-dom-client.development.js:12755
recursivelyTraversePassiveMountEffects @ react-dom-client.development.js:12627
commitPassiveMountOnFiber @ react-dom-client.development.js:12755
recursivelyTraversePassiveMountEffects @ react-dom-client.development.js:12627
commitPassiveMountOnFiber @ react-dom-client.development.js:12646
recursivelyTraversePassiveMountEffects @ react-dom-client.development.js:12627
commitPassiveMountOnFiber @ react-dom-client.development.js:12646
recursivelyTraversePassiveMountEffects @ react-dom-client.development.js:12627
commitPassiveMountOnFiber @ react-dom-client.development.js:12646
recursivelyTraversePassiveMountEffects @ react-dom-client.development.js:12627
commitPassiveMountOnFiber @ react-dom-client.development.js:12646
recursivelyTraversePassiveMountEffects @ react-dom-client.development.js:12627
commitPassiveMountOnFiber @ react-dom-client.development.js:12755
recursivelyTraversePassiveMountEffects @ react-dom-client.development.js:12627
commitPassiveMountOnFiber @ react-dom-client.development.js:12646
recursivelyTraversePassiveMountEffects @ react-dom-client.development.js:12627
commitPassiveMountOnFiber @ react-dom-client.development.js:12755
recursivelyTraversePassiveMountEffects @ react-dom-client.development.js:12627
commitPassiveMountOnFiber @ react-dom-client.development.js:12646
recursivelyTraversePassiveMountEffects @ react-dom-client.development.js:12627
commitPassiveMountOnFiber @ react-dom-client.development.js:12646
recursivelyTraversePassiveMountEffects @ react-dom-client.development.js:12627
commitPassiveMountOnFiber @ react-dom-client.development.js:12755
recursivelyTraversePassiveMountEffects @ react-dom-client.development.js:12627
commitPassiveMountOnFiber @ react-dom-client.development.js:12646
recursivelyTraversePassiveMountEffects @ react-dom-client.development.js:12627
commitPassiveMountOnFiber @ react-dom-client.development.js:12755
recursivelyTraversePassiveMountEffects @ react-dom-client.development.js:12627
commitPassiveMountOnFiber @ react-dom-client.development.js:12646
recursivelyTraversePassiveMountEffects @ react-dom-client.development.js:12627
commitPassiveMountOnFiber @ react-dom-client.development.js:12646
recursivelyTraversePassiveMountEffects @ react-dom-client.development.js:12627
commitPassiveMountOnFiber @ react-dom-client.development.js:12755
recursivelyTraversePassiveMountEffects @ react-dom-client.development.js:12627
commitPassiveMountOnFiber @ react-dom-client.development.js:12755
recursivelyTraversePassiveMountEffects @ react-dom-client.development.js:12627
commitPassiveMountOnFiber @ react-dom-client.development.js:12646
recursivelyTraversePassiveMountEffects @ react-dom-client.development.js:12627
commitPassiveMountOnFiber @ react-dom-client.development.js:12755
recursivelyTraversePassiveMountEffects @ react-dom-client.development.js:12627
commitPassiveMountOnFiber @ react-dom-client.development.js:12646
recursivelyTraversePassiveMountEffects @ react-dom-client.development.js:12627
commitPassiveMountOnFiber @ react-dom-client.development.js:12755
recursivelyTraversePassiveMountEffects @ react-dom-client.development.js:12627
commitPassiveMountOnFiber @ react-dom-client.development.js:12755
recursivelyTraversePassiveMountEffects @ react-dom-client.development.js:12627
commitPassiveMountOnFiber @ react-dom-client.development.js:12646
recursivelyTraversePassiveMountEffects @ react-dom-client.development.js:12627
commitPassiveMountOnFiber @ react-dom-client.development.js:12755
recursivelyTraversePassiveMountEffects @ react-dom-client.development.js:12627
commitPassiveMountOnFiber @ react-dom-client.development.js:12646
recursivelyTraversePassiveMountEffects @ react-dom-client.development.js:12627
commitPassiveMountOnFiber @ react-dom-client.development.js:12755
recursivelyTraversePassiveMountEffects @ react-dom-client.development.js:12627
commitPassiveMountOnFiber @ react-dom-client.development.js:12755
recursivelyTraversePassiveMountEffects @ react-dom-client.development.js:12627
commitPassiveMountOnFiber @ react-dom-client.development.js:12646
recursivelyTraversePassiveMountEffects @ react-dom-client.development.js:12627
commitPassiveMountOnFiber @ react-dom-client.development.js:12755
recursivelyTraversePassiveMountEffects @ react-dom-client.development.js:12627
commitPassiveMountOnFiber @ react-dom-client.development.js:12755
recursivelyTraversePassiveMountEffects @ react-dom-client.development.js:12627
commitPassiveMountOnFiber @ react-dom-client.development.js:12646
recursivelyTraversePassiveMountEffects @ react-dom-client.development.js:12627
commitPassiveMountOnFiber @ react-dom-client.development.js:12755
recursivelyTraversePassiveMountEffects @ react-dom-client.development.js:12627
commitPassiveMountOnFiber @ react-dom-client.development.js:12755
recursivelyTraversePassiveMountEffects @ react-dom-client.development.js:12627
commitPassiveMountOnFiber @ react-dom-client.development.js:12646
recursivelyTraversePassiveMountEffects @ react-dom-client.development.js:12627
commitPassiveMountOnFiber @ react-dom-client.development.js:12755
recursivelyTraversePassiveMountEffects @ react-dom-client.development.js:12627
commitPassiveMountOnFiber @ react-dom-client.development.js:12646
recursivelyTraversePassiveMountEffects @ react-dom-client.development.js:12627
commitPassiveMountOnFiber @ react-dom-client.development.js:12755
recursivelyTraversePassiveMountEffects @ react-dom-client.development.js:12627
commitPassiveMountOnFiber @ react-dom-client.development.js:12755
recursivelyTraversePassiveMountEffects @ react-dom-client.development.js:12627
commitPassiveMountOnFiber @ react-dom-client.development.js:12646
recursivelyTraversePassiveMountEffects @ react-dom-client.development.js:12627
commitPassiveMountOnFiber @ react-dom-client.development.js:12755
recursivelyTraversePassiveMountEffects @ react-dom-client.development.js:12627
commitPassiveMountOnFiber @ react-dom-client.development.js:12755
recursivelyTraversePassiveMountEffects @ react-dom-client.development.js:12627
commitPassiveMountOnFiber @ react-dom-client.development.js:12646
recursivelyTraversePassiveMountEffects @ react-dom-client.development.js:12627
commitPassiveMountOnFiber @ react-dom-client.development.js:12755
recursivelyTraversePassiveMountEffects @ react-dom-client.development.js:12627
commitPassiveMountOnFiber @ react-dom-client.development.js:12755
recursivelyTraversePassiveMountEffects @ react-dom-client.development.js:12627
commitPassiveMountOnFiber @ react-dom-client.development.js:12646
recursivelyTraversePassiveMountEffects @ react-dom-client.development.js:12627
commitPassiveMountOnFiber @ react-dom-client.development.js:12755
recursivelyTraversePassiveMountEffects @ react-dom-client.development.js:12627
commitPassiveMountOnFiber @ react-dom-client.development.js:12755
recursivelyTraversePassiveMountEffects @ react-dom-client.development.js:12627
commitPassiveMountOnFiber @ react-dom-client.development.js:12646
recursivelyTraversePassiveMountEffects @ react-dom-client.development.js:12627
commitPassiveMountOnFiber @ react-dom-client.development.js:12755
recursivelyTraversePassiveMountEffects @ react-dom-client.development.js:12627
commitPassiveMountOnFiber @ react-dom-client.development.js:12755
recursivelyTraversePassiveMountEffects @ react-dom-client.development.js:12627
commitPassiveMountOnFiber @ react-dom-client.development.js:12646
recursivelyTraversePassiveMountEffects @ react-dom-client.development.js:12627
commitPassiveMountOnFiber @ react-dom-client.development.js:12755
recursivelyTraversePassiveMountEffects @ react-dom-client.development.js:12627
commitPassiveMountOnFiber @ react-dom-client.development.js:12646
recursivelyTraversePassiveMountEffects @ react-dom-client.development.js:12627
commitPassiveMountOnFiber @ react-dom-client.development.js:12646
recursivelyTraversePassiveMountEffects @ react-dom-client.development.js:12627
commitPassiveMountOnFiber @ react-dom-client.development.js:12755
recursivelyTraversePassiveMountEffects @ react-dom-client.development.js:12627
commitPassiveMountOnFiber @ react-dom-client.development.js:12646
recursivelyTraversePassiveMountEffects @ react-dom-client.development.js:12627
commitPassiveMountOnFiber @ react-dom-client.development.js:12646
recursivelyTraversePassiveMountEffects @ react-dom-client.development.js:12627
commitPassiveMountOnFiber @ react-dom-client.development.js:12755
recursivelyTraversePassiveMountEffects @ react-dom-client.development.js:12627
commitPassiveMountOnFiber @ react-dom-client.development.js:12646
recursivelyTraversePassiveMountEffects @ react-dom-client.development.js:12627
commitPassiveMountOnFiber @ react-dom-client.development.js:12755
recursivelyTraversePassiveMountEffects @ react-dom-client.development.js:12627
commitPassiveMountOnFiber @ react-dom-client.development.js:12755
recursivelyTraversePassiveMountEffects @ react-dom-client.development.js:12627
commitPassiveMountOnFiber @ react-dom-client.development.js:12646
recursivelyTraversePassiveMountEffects @ react-dom-client.development.js:12627
commitPassiveMountOnFiber @ react-dom-client.development.js:12755
recursivelyTraversePassiveMountEffects @ react-dom-client.development.js:12627
commitPassiveMountOnFiber @ react-dom-client.development.js:12755
recursivelyTraversePassiveMountEffects @ react-dom-client.development.js:12627
commitPassiveMountOnFiber @ react-dom-client.development.js:12646
recursivelyTraversePassiveMountEffects @ react-dom-client.development.js:12627
commitPassiveMountOnFiber @ react-dom-client.development.js:12755
recursivelyTraversePassiveMountEffects @ react-dom-client.development.js:12627
commitPassiveMountOnFiber @ react-dom-client.development.js:12755
recursivelyTraversePassiveMountEffects @ react-dom-client.development.js:12627
commitPassiveMountOnFiber @ react-dom-client.development.js:12646
recursivelyTraversePassiveMountEffects @ react-dom-client.development.js:12627
commitPassiveMountOnFiber @ react-dom-client.development.js:12755
recursivelyTraversePassiveMountEffects @ react-dom-client.development.js:12627
commitPassiveMountOnFiber @ react-dom-client.development.js:12755
recursivelyTraversePassiveMountEffects @ react-dom-client.development.js:12627
commitPassiveMountOnFiber @ react-dom-client.development.js:12646
recursivelyTraversePassiveMountEffects @ react-dom-client.development.js:12627
commitPassiveMountOnFiber @ react-dom-client.development.js:12755
recursivelyTraversePassiveMountEffects @ react-dom-client.development.js:12627
commitPassiveMountOnFiber @ react-dom-client.development.js:12755
recursivelyTraversePassiveMountEffects @ react-dom-client.development.js:12627
commitPassiveMountOnFiber @ react-dom-client.development.js:12646
recursivelyTraversePassiveMountEffects @ react-dom-client.development.js:12627
commitPassiveMountOnFiber @ react-dom-client.development.js:12755
recursivelyTraversePassiveMountEffects @ react-dom-client.development.js:12627
commitPassiveMountOnFiber @ react-dom-client.development.js:12755
recursivelyTraversePassiveMountEffects @ react-dom-client.development.js:12627
commitPassiveMountOnFiber @ react-dom-client.development.js:12646
recursivelyTraversePassiveMountEffects @ react-dom-client.development.js:12627
commitPassiveMountOnFiber @ react-dom-client.development.js:12755
recursivelyTraversePassiveMountEffects @ react-dom-client.development.js:12627
commitPassiveMountOnFiber @ react-dom-client.development.js:12755
recursivelyTraversePassiveMountEffects @ react-dom-client.development.js:12627
commitPassiveMountOnFiber @ react-dom-client.development.js:12646
recursivelyTraversePassiveMountEffects @ react-dom-client.development.js:12627
commitPassiveMountOnFiber @ react-dom-client.development.js:12755
recursivelyTraversePassiveMountEffects @ react-dom-client.development.js:12627
commitPassiveMountOnFiber @ react-dom-client.development.js:12755
recursivelyTraversePassiveMountEffects @ react-dom-client.development.js:12627
commitPassiveMountOnFiber @ react-dom-client.development.js:12646
recursivelyTraversePassiveMountEffects @ react-dom-client.development.js:12627
commitPassiveMountOnFiber @ react-dom-client.development.js:12755
recursivelyTraversePassiveMountEffects @ react-dom-client.development.js:12627
commitPassiveMountOnFiber @ react-dom-client.development.js:12755
recursivelyTraversePassiveMountEffects @ react-dom-client.development.js:12627
commitPassiveMountOnFiber @ react-dom-client.development.js:12646
recursivelyTraversePassiveMountEffects @ react-dom-client.development.js:12627
commitPassiveMountOnFiber @ react-dom-client.development.js:12755
recursivelyTraversePassiveMountEffects @ react-dom-client.development.js:12627
commitPassiveMountOnFiber @ react-dom-client.development.js:12755
recursivelyTraversePassiveMountEffects @ react-dom-client.development.js:12627
commitPassiveMountOnFiber @ react-dom-client.development.js:12646
recursivelyTraversePassiveMountEffects @ react-dom-client.development.js:12627
commitPassiveMountOnFiber @ react-dom-client.development.js:12755
recursivelyTraversePassiveMountEffects @ react-dom-client.development.js:12627
commitPassiveMountOnFiber @ react-dom-client.development.js:12755
recursivelyTraversePassiveMountEffects @ react-dom-client.development.js:12627
commitPassiveMountOnFiber @ react-dom-client.development.js:12646
setTimeout
__webpack_modules__../src/platform/polyfills.web.ts.window.setImmediate @ polyfills.web.ts:5
schedulePerformWorkUntilDeadline @ scheduler.development.js:214
requestHostCallback @ scheduler.development.js:168
__webpack_modules__../node_modules/scheduler/cjs/scheduler.development.js.exports.unstable_scheduleCallback @ scheduler.development.js:344
scheduleTaskForRootDuringMicrotask @ react-dom-client.development.js:15909
processRootScheduleInMicrotask @ react-dom-client.development.js:15830
(anonymous) @ react-dom-client.development.js:15962
setTimeout
__webpack_modules__../src/platform/polyfills.web.ts.window.setImmediate @ polyfills.web.ts:5
schedulePerformWorkUntilDeadline @ scheduler.development.js:214
requestHostCallback @ scheduler.development.js:168
__webpack_modules__../node_modules/scheduler/cjs/scheduler.development.js.exports.unstable_scheduleCallback @ scheduler.development.js:344
scheduleTaskForRootDuringMicrotask @ react-dom-client.development.js:15909
processRootScheduleInMicrotask @ react-dom-client.development.js:15830
(anonymous) @ react-dom-client.development.js:15962Understand this error
bundle.js:419204  POST https://events.gndr.app/v2/initialize net::ERR_NAME_NOT_RESOLVED
(anonymous) @ StatsigNetwork.js:270
step @ StatsigNetwork.js:44
(anonymous) @ StatsigNetwork.js:25
(anonymous) @ StatsigNetwork.js:19
__webpack_modules__../node_modules/statsig-js/dist/StatsigNetwork.js.__awaiter @ StatsigNetwork.js:15
__webpack_modules__../node_modules/statsig-js/dist/StatsigNetwork.js.StatsigNetwork.postToEndpoint @ StatsigNetwork.js:213
(anonymous) @ StatsigNetwork.js:314
setTimeout
(anonymous) @ StatsigNetwork.js:312
(anonymous) @ StatsigNetwork.js:311
Promise.catch
(anonymous) @ StatsigNetwork.js:301
step @ StatsigNetwork.js:44
(anonymous) @ StatsigNetwork.js:25
(anonymous) @ StatsigNetwork.js:19
__webpack_modules__../node_modules/statsig-js/dist/StatsigNetwork.js.__awaiter @ StatsigNetwork.js:15
__webpack_modules__../node_modules/statsig-js/dist/StatsigNetwork.js.StatsigNetwork.postToEndpoint @ StatsigNetwork.js:213
__webpack_modules__../node_modules/statsig-js/dist/StatsigNetwork.js.StatsigNetwork.postWithTimeout @ StatsigNetwork.js:139
__webpack_modules__../node_modules/statsig-js/dist/StatsigNetwork.js.StatsigNetwork.fetchValues @ StatsigNetwork.js:107
(anonymous) @ StatsigClient.js:1095
step @ StatsigClient.js:44
(anonymous) @ StatsigClient.js:25
(anonymous) @ StatsigClient.js:19
__webpack_modules__../node_modules/statsig-js/dist/StatsigClient.js.__awaiter @ StatsigClient.js:15
__webpack_modules__../node_modules/statsig-js/dist/StatsigClient.js.StatsigClient.fetchAndSaveValues @ StatsigClient.js:1070
(anonymous) @ StatsigClient.js:340
__webpack_modules__../node_modules/statsig-js/dist/ErrorBoundary.js.ErrorBoundary.capture @ ErrorBoundary.js:74
(anonymous) @ StatsigClient.js:336
step @ StatsigClient.js:44
(anonymous) @ StatsigClient.js:25
(anonymous) @ StatsigClient.js:19
__webpack_modules__../node_modules/statsig-js/dist/StatsigClient.js.__awaiter @ StatsigClient.js:15
__webpack_modules__../node_modules/statsig-js/dist/StatsigClient.js.StatsigClient.prefetchUsers @ StatsigClient.js:333
(anonymous) @ Statsig.js:116
__webpack_modules__../node_modules/statsig-react/dist/Statsig.js.Statsig.capture @ Statsig.js:395
(anonymous) @ Statsig.js:116
step @ Statsig.js:39
(anonymous) @ Statsig.js:20
(anonymous) @ Statsig.js:14
__webpack_modules__../node_modules/statsig-react/dist/Statsig.js.__awaiter @ Statsig.js:10
__webpack_modules__../node_modules/statsig-react/dist/Statsig.js.Statsig.prefetchUsers @ Statsig.js:114
(anonymous) @ bundle.js:419204
t2 @ useNonReactiveCallback.ts:18
setInterval
(anonymous) @ bundle.js:419208
react-stack-bottom-frame @ react-dom-client.development.js:22509
runWithFiberInDEV @ react-dom-client.development.js:543
commitHookEffectListMount @ react-dom-client.development.js:10758
commitHookPassiveMountEffects @ react-dom-client.development.js:10878
commitPassiveMountOnFiber @ react-dom-client.development.js:12653
recursivelyTraversePassiveMountEffects @ react-dom-client.development.js:12627
commitPassiveMountOnFiber @ react-dom-client.development.js:12755
recursivelyTraversePassiveMountEffects @ react-dom-client.development.js:12627
commitPassiveMountOnFiber @ react-dom-client.development.js:12755
recursivelyTraversePassiveMountEffects @ react-dom-client.development.js:12627
commitPassiveMountOnFiber @ react-dom-client.development.js:12646
recursivelyTraversePassiveMountEffects @ react-dom-client.development.js:12627
commitPassiveMountOnFiber @ react-dom-client.development.js:12646
recursivelyTraversePassiveMountEffects @ react-dom-client.development.js:12627
commitPassiveMountOnFiber @ react-dom-client.development.js:12755
recursivelyTraversePassiveMountEffects @ react-dom-client.development.js:12627
commitPassiveMountOnFiber @ react-dom-client.development.js:12755
recursivelyTraversePassiveMountEffects @ react-dom-client.development.js:12627
commitPassiveMountOnFiber @ react-dom-client.development.js:12646
recursivelyTraversePassiveMountEffects @ react-dom-client.development.js:12627
commitPassiveMountOnFiber @ react-dom-client.development.js:12646
recursivelyTraversePassiveMountEffects @ react-dom-client.development.js:12627
commitPassiveMountOnFiber @ react-dom-client.development.js:12646
recursivelyTraversePassiveMountEffects @ react-dom-client.development.js:12627
commitPassiveMountOnFiber @ react-dom-client.development.js:12646
recursivelyTraversePassiveMountEffects @ react-dom-client.development.js:12627
commitPassiveMountOnFiber @ react-dom-client.development.js:12755
recursivelyTraversePassiveMountEffects @ react-dom-client.development.js:12627
commitPassiveMountOnFiber @ react-dom-client.development.js:12646
recursivelyTraversePassiveMountEffects @ react-dom-client.development.js:12627
commitPassiveMountOnFiber @ react-dom-client.development.js:12755
recursivelyTraversePassiveMountEffects @ react-dom-client.development.js:12627
commitPassiveMountOnFiber @ react-dom-client.development.js:12646
recursivelyTraversePassiveMountEffects @ react-dom-client.development.js:12627
commitPassiveMountOnFiber @ react-dom-client.development.js:12646
recursivelyTraversePassiveMountEffects @ react-dom-client.development.js:12627
commitPassiveMountOnFiber @ react-dom-client.development.js:12755
recursivelyTraversePassiveMountEffects @ react-dom-client.development.js:12627
commitPassiveMountOnFiber @ react-dom-client.development.js:12646
recursivelyTraversePassiveMountEffects @ react-dom-client.development.js:12627
commitPassiveMountOnFiber @ react-dom-client.development.js:12755
recursivelyTraversePassiveMountEffects @ react-dom-client.development.js:12627
commitPassiveMountOnFiber @ react-dom-client.development.js:12646
recursivelyTraversePassiveMountEffects @ react-dom-client.development.js:12627
commitPassiveMountOnFiber @ react-dom-client.development.js:12646
recursivelyTraversePassiveMountEffects @ react-dom-client.development.js:12627
commitPassiveMountOnFiber @ react-dom-client.development.js:12755
recursivelyTraversePassiveMountEffects @ react-dom-client.development.js:12627
commitPassiveMountOnFiber @ react-dom-client.development.js:12755
recursivelyTraversePassiveMountEffects @ react-dom-client.development.js:12627
commitPassiveMountOnFiber @ react-dom-client.development.js:12646
recursivelyTraversePassiveMountEffects @ react-dom-client.development.js:12627
commitPassiveMountOnFiber @ react-dom-client.development.js:12755
recursivelyTraversePassiveMountEffects @ react-dom-client.development.js:12627
commitPassiveMountOnFiber @ react-dom-client.development.js:12646
recursivelyTraversePassiveMountEffects @ react-dom-client.development.js:12627
commitPassiveMountOnFiber @ react-dom-client.development.js:12755
recursivelyTraversePassiveMountEffects @ react-dom-client.development.js:12627
commitPassiveMountOnFiber @ react-dom-client.development.js:12755
recursivelyTraversePassiveMountEffects @ react-dom-client.development.js:12627
commitPassiveMountOnFiber @ react-dom-client.development.js:12646
recursivelyTraversePassiveMountEffects @ react-dom-client.development.js:12627
commitPassiveMountOnFiber @ react-dom-client.development.js:12755
recursivelyTraversePassiveMountEffects @ react-dom-client.development.js:12627
commitPassiveMountOnFiber @ react-dom-client.development.js:12646
recursivelyTraversePassiveMountEffects @ react-dom-client.development.js:12627
commitPassiveMountOnFiber @ react-dom-client.development.js:12755
recursivelyTraversePassiveMountEffects @ react-dom-client.development.js:12627
commitPassiveMountOnFiber @ react-dom-client.development.js:12755
recursivelyTraversePassiveMountEffects @ react-dom-client.development.js:12627
commitPassiveMountOnFiber @ react-dom-client.development.js:12646
recursivelyTraversePassiveMountEffects @ react-dom-client.development.js:12627
commitPassiveMountOnFiber @ react-dom-client.development.js:12755
recursivelyTraversePassiveMountEffects @ react-dom-client.development.js:12627
commitPassiveMountOnFiber @ react-dom-client.development.js:12755
recursivelyTraversePassiveMountEffects @ react-dom-client.development.js:12627
commitPassiveMountOnFiber @ react-dom-client.development.js:12646
recursivelyTraversePassiveMountEffects @ react-dom-client.development.js:12627
commitPassiveMountOnFiber @ react-dom-client.development.js:12755
recursivelyTraversePassiveMountEffects @ react-dom-client.development.js:12627
commitPassiveMountOnFiber @ react-dom-client.development.js:12755
recursivelyTraversePassiveMountEffects @ react-dom-client.development.js:12627
commitPassiveMountOnFiber @ react-dom-client.development.js:12646
recursivelyTraversePassiveMountEffects @ react-dom-client.development.js:12627
commitPassiveMountOnFiber @ react-dom-client.development.js:12755
recursivelyTraversePassiveMountEffects @ react-dom-client.development.js:12627
commitPassiveMountOnFiber @ react-dom-client.development.js:12646
recursivelyTraversePassiveMountEffects @ react-dom-client.development.js:12627
commitPassiveMountOnFiber @ react-dom-client.development.js:12755
recursivelyTraversePassiveMountEffects @ react-dom-client.development.js:12627
commitPassiveMountOnFiber @ react-dom-client.development.js:12755
recursivelyTraversePassiveMountEffects @ react-dom-client.development.js:12627
commitPassiveMountOnFiber @ react-dom-client.development.js:12646
recursivelyTraversePassiveMountEffects @ react-dom-client.development.js:12627
commitPassiveMountOnFiber @ react-dom-client.development.js:12755
recursivelyTraversePassiveMountEffects @ react-dom-client.development.js:12627
commitPassiveMountOnFiber @ react-dom-client.development.js:12755
recursivelyTraversePassiveMountEffects @ react-dom-client.development.js:12627
commitPassiveMountOnFiber @ react-dom-client.development.js:12646
recursivelyTraversePassiveMountEffects @ react-dom-client.development.js:12627
commitPassiveMountOnFiber @ react-dom-client.development.js:12755
recursivelyTraversePassiveMountEffects @ react-dom-client.development.js:12627
commitPassiveMountOnFiber @ react-dom-client.development.js:12755
recursivelyTraversePassiveMountEffects @ react-dom-client.development.js:12627
commitPassiveMountOnFiber @ react-dom-client.development.js:12646
recursivelyTraversePassiveMountEffects @ react-dom-client.development.js:12627
commitPassiveMountOnFiber @ react-dom-client.development.js:12755
recursivelyTraversePassiveMountEffects @ react-dom-client.development.js:12627
commitPassiveMountOnFiber @ react-dom-client.development.js:12755
recursivelyTraversePassiveMountEffects @ react-dom-client.development.js:12627
commitPassiveMountOnFiber @ react-dom-client.development.js:12646
recursivelyTraversePassiveMountEffects @ react-dom-client.development.js:12627
commitPassiveMountOnFiber @ react-dom-client.development.js:12755
recursivelyTraversePassiveMountEffects @ react-dom-client.development.js:12627
commitPassiveMountOnFiber @ react-dom-client.development.js:12755
recursivelyTraversePassiveMountEffects @ react-dom-client.development.js:12627
commitPassiveMountOnFiber @ react-dom-client.development.js:12646
recursivelyTraversePassiveMountEffects @ react-dom-client.development.js:12627
commitPassiveMountOnFiber @ react-dom-client.development.js:12755
recursivelyTraversePassiveMountEffects @ react-dom-client.development.js:12627
commitPassiveMountOnFiber @ react-dom-client.development.js:12646
recursivelyTraversePassiveMountEffects @ react-dom-client.development.js:12627
commitPassiveMountOnFiber @ react-dom-client.development.js:12646
recursivelyTraversePassiveMountEffects @ react-dom-client.development.js:12627
commitPassiveMountOnFiber @ react-dom-client.development.js:12755
recursivelyTraversePassiveMountEffects @ react-dom-client.development.js:12627
commitPassiveMountOnFiber @ react-dom-client.development.js:12646
recursivelyTraversePassiveMountEffects @ react-dom-client.development.js:12627
commitPassiveMountOnFiber @ react-dom-client.development.js:12646
recursivelyTraversePassiveMountEffects @ react-dom-client.development.js:12627
commitPassiveMountOnFiber @ react-dom-client.development.js:12755
recursivelyTraversePassiveMountEffects @ react-dom-client.development.js:12627
commitPassiveMountOnFiber @ react-dom-client.development.js:12646
recursivelyTraversePassiveMountEffects @ react-dom-client.development.js:12627
commitPassiveMountOnFiber @ react-dom-client.development.js:12755
recursivelyTraversePassiveMountEffects @ react-dom-client.development.js:12627
commitPassiveMountOnFiber @ react-dom-client.development.js:12755
recursivelyTraversePassiveMountEffects @ react-dom-client.development.js:12627
commitPassiveMountOnFiber @ react-dom-client.development.js:12646
recursivelyTraversePassiveMountEffects @ react-dom-client.development.js:12627
commitPassiveMountOnFiber @ react-dom-client.development.js:12755
recursivelyTraversePassiveMountEffects @ react-dom-client.development.js:12627
commitPassiveMountOnFiber @ react-dom-client.development.js:12755
recursivelyTraversePassiveMountEffects @ react-dom-client.development.js:12627
commitPassiveMountOnFiber @ react-dom-client.development.js:12646
recursivelyTraversePassiveMountEffects @ react-dom-client.development.js:12627
commitPassiveMountOnFiber @ react-dom-client.development.js:12755
recursivelyTraversePassiveMountEffects @ react-dom-client.development.js:12627
commitPassiveMountOnFiber @ react-dom-client.development.js:12755
recursivelyTraversePassiveMountEffects @ react-dom-client.development.js:12627
commitPassiveMountOnFiber @ react-dom-client.development.js:12646
recursivelyTraversePassiveMountEffects @ react-dom-client.development.js:12627
commitPassiveMountOnFiber @ react-dom-client.development.js:12755
recursivelyTraversePassiveMountEffects @ react-dom-client.development.js:12627
commitPassiveMountOnFiber @ react-dom-client.development.js:12755
recursivelyTraversePassiveMountEffects @ react-dom-client.development.js:12627
commitPassiveMountOnFiber @ react-dom-client.development.js:12646
recursivelyTraversePassiveMountEffects @ react-dom-client.development.js:12627
commitPassiveMountOnFiber @ react-dom-client.development.js:12755
recursivelyTraversePassiveMountEffects @ react-dom-client.development.js:12627
commitPassiveMountOnFiber @ react-dom-client.development.js:12755
recursivelyTraversePassiveMountEffects @ react-dom-client.development.js:12627
commitPassiveMountOnFiber @ react-dom-client.development.js:12646
recursivelyTraversePassiveMountEffects @ react-dom-client.development.js:12627
commitPassiveMountOnFiber @ react-dom-client.development.js:12755
recursivelyTraversePassiveMountEffects @ react-dom-client.development.js:12627
commitPassiveMountOnFiber @ react-dom-client.development.js:12755
recursivelyTraversePassiveMountEffects @ react-dom-client.development.js:12627
commitPassiveMountOnFiber @ react-dom-client.development.js:12646
recursivelyTraversePassiveMountEffects @ react-dom-client.development.js:12627
commitPassiveMountOnFiber @ react-dom-client.development.js:12755
recursivelyTraversePassiveMountEffects @ react-dom-client.development.js:12627
commitPassiveMountOnFiber @ react-dom-client.development.js:12755
recursivelyTraversePassiveMountEffects @ react-dom-client.development.js:12627
commitPassiveMountOnFiber @ react-dom-client.development.js:12646
recursivelyTraversePassiveMountEffects @ react-dom-client.development.js:12627
commitPassiveMountOnFiber @ react-dom-client.development.js:12755
recursivelyTraversePassiveMountEffects @ react-dom-client.development.js:12627
commitPassiveMountOnFiber @ react-dom-client.development.js:12755
recursivelyTraversePassiveMountEffects @ react-dom-client.development.js:12627
commitPassiveMountOnFiber @ react-dom-client.development.js:12646
recursivelyTraversePassiveMountEffects @ react-dom-client.development.js:12627
commitPassiveMountOnFiber @ react-dom-client.development.js:12755
recursivelyTraversePassiveMountEffects @ react-dom-client.development.js:12627
commitPassiveMountOnFiber @ react-dom-client.development.js:12755
recursivelyTraversePassiveMountEffects @ react-dom-client.development.js:12627
commitPassiveMountOnFiber @ react-dom-client.development.js:12646
recursivelyTraversePassiveMountEffects @ react-dom-client.development.js:12627
commitPassiveMountOnFiber @ react-dom-client.development.js:12755
recursivelyTraversePassiveMountEffects @ react-dom-client.development.js:12627
commitPassiveMountOnFiber @ react-dom-client.development.js:12755
recursivelyTraversePassiveMountEffects @ react-dom-client.development.js:12627
commitPassiveMountOnFiber @ react-dom-client.development.js:12646
recursivelyTraversePassiveMountEffects @ react-dom-client.development.js:12627
commitPassiveMountOnFiber @ react-dom-client.development.js:12755
recursivelyTraversePassiveMountEffects @ react-dom-client.development.js:12627
commitPassiveMountOnFiber @ react-dom-client.development.js:12755
recursivelyTraversePassiveMountEffects @ react-dom-client.development.js:12627
commitPassiveMountOnFiber @ react-dom-client.development.js:12646
setTimeout
__webpack_modules__../src/platform/polyfills.web.ts.window.setImmediate @ polyfills.web.ts:5
schedulePerformWorkUntilDeadline @ scheduler.development.js:214
requestHostCallback @ scheduler.development.js:168
__webpack_modules__../node_modules/scheduler/cjs/scheduler.development.js.exports.unstable_scheduleCallback @ scheduler.development.js:344
scheduleTaskForRootDuringMicrotask @ react-dom-client.development.js:15909
processRootScheduleInMicrotask @ react-dom-client.development.js:15830
(anonymous) @ react-dom-client.development.js:15962
setTimeout
__webpack_modules__../src/platform/polyfills.web.ts.window.setImmediate @ polyfills.web.ts:5
schedulePerformWorkUntilDeadline @ scheduler.development.js:214
requestHostCallback @ scheduler.development.js:168
__webpack_modules__../node_modules/scheduler/cjs/scheduler.development.js.exports.unstable_scheduleCallback @ scheduler.development.js:344
scheduleTaskForRootDuringMicrotask @ react-dom-client.development.js:15909
processRootScheduleInMicrotask @ react-dom-client.development.js:15830
(anonymous) @ react-dom-client.development.js:15962Understand this error
bundle.js:419204  POST https://events.gndr.app/v2/initialize net::ERR_NAME_NOT_RESOLVED
(anonymous) @ StatsigNetwork.js:270
step @ StatsigNetwork.js:44
(anonymous) @ StatsigNetwork.js:25
(anonymous) @ StatsigNetwork.js:19
__webpack_modules__../node_modules/statsig-js/dist/StatsigNetwork.js.__awaiter @ StatsigNetwork.js:15
__webpack_modules__../node_modules/statsig-js/dist/StatsigNetwork.js.StatsigNetwork.postToEndpoint @ StatsigNetwork.js:213
(anonymous) @ StatsigNetwork.js:314
setTimeout
(anonymous) @ StatsigNetwork.js:312
(anonymous) @ StatsigNetwork.js:311
Promise.catch
(anonymous) @ StatsigNetwork.js:301
step @ StatsigNetwork.js:44
(anonymous) @ StatsigNetwork.js:25
(anonymous) @ StatsigNetwork.js:19
__webpack_modules__../node_modules/statsig-js/dist/StatsigNetwork.js.__awaiter @ StatsigNetwork.js:15
__webpack_modules__../node_modules/statsig-js/dist/StatsigNetwork.js.StatsigNetwork.postToEndpoint @ StatsigNetwork.js:213
(anonymous) @ StatsigNetwork.js:314
setTimeout
(anonymous) @ StatsigNetwork.js:312
(anonymous) @ StatsigNetwork.js:311
Promise.catch
(anonymous) @ StatsigNetwork.js:301
step @ StatsigNetwork.js:44
(anonymous) @ StatsigNetwork.js:25
(anonymous) @ StatsigNetwork.js:19
__webpack_modules__../node_modules/statsig-js/dist/StatsigNetwork.js.__awaiter @ StatsigNetwork.js:15
__webpack_modules__../node_modules/statsig-js/dist/StatsigNetwork.js.StatsigNetwork.postToEndpoint @ StatsigNetwork.js:213
__webpack_modules__../node_modules/statsig-js/dist/StatsigNetwork.js.StatsigNetwork.postWithTimeout @ StatsigNetwork.js:139
__webpack_modules__../node_modules/statsig-js/dist/StatsigNetwork.js.StatsigNetwork.fetchValues @ StatsigNetwork.js:107
(anonymous) @ StatsigClient.js:1095
step @ StatsigClient.js:44
(anonymous) @ StatsigClient.js:25
(anonymous) @ StatsigClient.js:19
__webpack_modules__../node_modules/statsig-js/dist/StatsigClient.js.__awaiter @ StatsigClient.js:15
__webpack_modules__../node_modules/statsig-js/dist/StatsigClient.js.StatsigClient.fetchAndSaveValues @ StatsigClient.js:1070
(anonymous) @ StatsigClient.js:340
__webpack_modules__../node_modules/statsig-js/dist/ErrorBoundary.js.ErrorBoundary.capture @ ErrorBoundary.js:74
(anonymous) @ StatsigClient.js:336
step @ StatsigClient.js:44
(anonymous) @ StatsigClient.js:25
(anonymous) @ StatsigClient.js:19
__webpack_modules__../node_modules/statsig-js/dist/StatsigClient.js.__awaiter @ StatsigClient.js:15
__webpack_modules__../node_modules/statsig-js/dist/StatsigClient.js.StatsigClient.prefetchUsers @ StatsigClient.js:333
(anonymous) @ Statsig.js:116
__webpack_modules__../node_modules/statsig-react/dist/Statsig.js.Statsig.capture @ Statsig.js:395
(anonymous) @ Statsig.js:116
step @ Statsig.js:39
(anonymous) @ Statsig.js:20
(anonymous) @ Statsig.js:14
__webpack_modules__../node_modules/statsig-react/dist/Statsig.js.__awaiter @ Statsig.js:10
__webpack_modules__../node_modules/statsig-react/dist/Statsig.js.Statsig.prefetchUsers @ Statsig.js:114
(anonymous) @ bundle.js:419204
t2 @ useNonReactiveCallback.ts:18
setInterval
(anonymous) @ bundle.js:419208
react-stack-bottom-frame @ react-dom-client.development.js:22509
runWithFiberInDEV @ react-dom-client.development.js:543
commitHookEffectListMount @ react-dom-client.development.js:10758
commitHookPassiveMountEffects @ react-dom-client.development.js:10878
commitPassiveMountOnFiber @ react-dom-client.development.js:12653
recursivelyTraversePassiveMountEffects @ react-dom-client.development.js:12627
commitPassiveMountOnFiber @ react-dom-client.development.js:12755
recursivelyTraversePassiveMountEffects @ react-dom-client.development.js:12627
commitPassiveMountOnFiber @ react-dom-client.development.js:12755
recursivelyTraversePassiveMountEffects @ react-dom-client.development.js:12627
commitPassiveMountOnFiber @ react-dom-client.development.js:12646
recursivelyTraversePassiveMountEffects @ react-dom-client.development.js:12627
commitPassiveMountOnFiber @ react-dom-client.development.js:12646
recursivelyTraversePassiveMountEffects @ react-dom-client.development.js:12627
commitPassiveMountOnFiber @ react-dom-client.development.js:12755
recursivelyTraversePassiveMountEffects @ react-dom-client.development.js:12627
commitPassiveMountOnFiber @ react-dom-client.development.js:12755
recursivelyTraversePassiveMountEffects @ react-dom-client.development.js:12627
commitPassiveMountOnFiber @ react-dom-client.development.js:12646
recursivelyTraversePassiveMountEffects @ react-dom-client.development.js:12627
commitPassiveMountOnFiber @ react-dom-client.development.js:12646
recursivelyTraversePassiveMountEffects @ react-dom-client.development.js:12627
commitPassiveMountOnFiber @ react-dom-client.development.js:12646
recursivelyTraversePassiveMountEffects @ react-dom-client.development.js:12627
commitPassiveMountOnFiber @ react-dom-client.development.js:12646
recursivelyTraversePassiveMountEffects @ react-dom-client.development.js:12627
commitPassiveMountOnFiber @ react-dom-client.development.js:12755
recursivelyTraversePassiveMountEffects @ react-dom-client.development.js:12627
commitPassiveMountOnFiber @ react-dom-client.development.js:12646
recursivelyTraversePassiveMountEffects @ react-dom-client.development.js:12627
commitPassiveMountOnFiber @ react-dom-client.development.js:12755
recursivelyTraversePassiveMountEffects @ react-dom-client.development.js:12627
commitPassiveMountOnFiber @ react-dom-client.development.js:12646
recursivelyTraversePassiveMountEffects @ react-dom-client.development.js:12627
commitPassiveMountOnFiber @ react-dom-client.development.js:12646
recursivelyTraversePassiveMountEffects @ react-dom-client.development.js:12627
commitPassiveMountOnFiber @ react-dom-client.development.js:12755
recursivelyTraversePassiveMountEffects @ react-dom-client.development.js:12627
commitPassiveMountOnFiber @ react-dom-client.development.js:12646
recursivelyTraversePassiveMountEffects @ react-dom-client.development.js:12627
commitPassiveMountOnFiber @ react-dom-client.development.js:12755
recursivelyTraversePassiveMountEffects @ react-dom-client.development.js:12627
commitPassiveMountOnFiber @ react-dom-client.development.js:12646
recursivelyTraversePassiveMountEffects @ react-dom-client.development.js:12627
commitPassiveMountOnFiber @ react-dom-client.development.js:12646
recursivelyTraversePassiveMountEffects @ react-dom-client.development.js:12627
commitPassiveMountOnFiber @ react-dom-client.development.js:12755
recursivelyTraversePassiveMountEffects @ react-dom-client.development.js:12627
commitPassiveMountOnFiber @ react-dom-client.development.js:12755
recursivelyTraversePassiveMountEffects @ react-dom-client.development.js:12627
commitPassiveMountOnFiber @ react-dom-client.development.js:12646
recursivelyTraversePassiveMountEffects @ react-dom-client.development.js:12627
commitPassiveMountOnFiber @ react-dom-client.development.js:12755
recursivelyTraversePassiveMountEffects @ react-dom-client.development.js:12627
commitPassiveMountOnFiber @ react-dom-client.development.js:12646
recursivelyTraversePassiveMountEffects @ react-dom-client.development.js:12627
commitPassiveMountOnFiber @ react-dom-client.development.js:12755
recursivelyTraversePassiveMountEffects @ react-dom-client.development.js:12627
commitPassiveMountOnFiber @ react-dom-client.development.js:12755
recursivelyTraversePassiveMountEffects @ react-dom-client.development.js:12627
commitPassiveMountOnFiber @ react-dom-client.development.js:12646
recursivelyTraversePassiveMountEffects @ react-dom-client.development.js:12627
commitPassiveMountOnFiber @ react-dom-client.development.js:12755
recursivelyTraversePassiveMountEffects @ react-dom-client.development.js:12627
commitPassiveMountOnFiber @ react-dom-client.development.js:12646
recursivelyTraversePassiveMountEffects @ react-dom-client.development.js:12627
commitPassiveMountOnFiber @ react-dom-client.development.js:12755
recursivelyTraversePassiveMountEffects @ react-dom-client.development.js:12627
commitPassiveMountOnFiber @ react-dom-client.development.js:12755
recursivelyTraversePassiveMountEffects @ react-dom-client.development.js:12627
commitPassiveMountOnFiber @ react-dom-client.development.js:12646
recursivelyTraversePassiveMountEffects @ react-dom-client.development.js:12627
commitPassiveMountOnFiber @ react-dom-client.development.js:12755
recursivelyTraversePassiveMountEffects @ react-dom-client.development.js:12627
commitPassiveMountOnFiber @ react-dom-client.development.js:12755
recursivelyTraversePassiveMountEffects @ react-dom-client.development.js:12627
commitPassiveMountOnFiber @ react-dom-client.development.js:12646
recursivelyTraversePassiveMountEffects @ react-dom-client.development.js:12627
commitPassiveMountOnFiber @ react-dom-client.development.js:12755
recursivelyTraversePassiveMountEffects @ react-dom-client.development.js:12627
commitPassiveMountOnFiber @ react-dom-client.development.js:12755
recursivelyTraversePassiveMountEffects @ react-dom-client.development.js:12627
commitPassiveMountOnFiber @ react-dom-client.development.js:12646
recursivelyTraversePassiveMountEffects @ react-dom-client.development.js:12627
commitPassiveMountOnFiber @ react-dom-client.development.js:12755
recursivelyTraversePassiveMountEffects @ react-dom-client.development.js:12627
commitPassiveMountOnFiber @ react-dom-client.development.js:12646
recursivelyTraversePassiveMountEffects @ react-dom-client.development.js:12627
commitPassiveMountOnFiber @ react-dom-client.development.js:12755
recursivelyTraversePassiveMountEffects @ react-dom-client.development.js:12627
commitPassiveMountOnFiber @ react-dom-client.development.js:12755
recursivelyTraversePassiveMountEffects @ react-dom-client.development.js:12627
commitPassiveMountOnFiber @ react-dom-client.development.js:12646
recursivelyTraversePassiveMountEffects @ react-dom-client.development.js:12627
commitPassiveMountOnFiber @ react-dom-client.development.js:12755
recursivelyTraversePassiveMountEffects @ react-dom-client.development.js:12627
commitPassiveMountOnFiber @ react-dom-client.development.js:12755
recursivelyTraversePassiveMountEffects @ react-dom-client.development.js:12627
commitPassiveMountOnFiber @ react-dom-client.development.js:12646
recursivelyTraversePassiveMountEffects @ react-dom-client.development.js:12627
commitPassiveMountOnFiber @ react-dom-client.development.js:12755
recursivelyTraversePassiveMountEffects @ react-dom-client.development.js:12627
commitPassiveMountOnFiber @ react-dom-client.development.js:12755
recursivelyTraversePassiveMountEffects @ react-dom-client.development.js:12627
commitPassiveMountOnFiber @ react-dom-client.development.js:12646
recursivelyTraversePassiveMountEffects @ react-dom-client.development.js:12627
commitPassiveMountOnFiber @ react-dom-client.development.js:12755
recursivelyTraversePassiveMountEffects @ react-dom-client.development.js:12627
commitPassiveMountOnFiber @ react-dom-client.development.js:12755
recursivelyTraversePassiveMountEffects @ react-dom-client.development.js:12627
commitPassiveMountOnFiber @ react-dom-client.development.js:12646
recursivelyTraversePassiveMountEffects @ react-dom-client.development.js:12627
commitPassiveMountOnFiber @ react-dom-client.development.js:12755
recursivelyTraversePassiveMountEffects @ react-dom-client.development.js:12627
commitPassiveMountOnFiber @ react-dom-client.development.js:12755
recursivelyTraversePassiveMountEffects @ react-dom-client.development.js:12627
commitPassiveMountOnFiber @ react-dom-client.development.js:12646
recursivelyTraversePassiveMountEffects @ react-dom-client.development.js:12627
commitPassiveMountOnFiber @ react-dom-client.development.js:12755
recursivelyTraversePassiveMountEffects @ react-dom-client.development.js:12627
commitPassiveMountOnFiber @ react-dom-client.development.js:12646
recursivelyTraversePassiveMountEffects @ react-dom-client.development.js:12627
commitPassiveMountOnFiber @ react-dom-client.development.js:12646
recursivelyTraversePassiveMountEffects @ react-dom-client.development.js:12627
commitPassiveMountOnFiber @ react-dom-client.development.js:12755
recursivelyTraversePassiveMountEffects @ react-dom-client.development.js:12627
commitPassiveMountOnFiber @ react-dom-client.development.js:12646
recursivelyTraversePassiveMountEffects @ react-dom-client.development.js:12627
commitPassiveMountOnFiber @ react-dom-client.development.js:12646
recursivelyTraversePassiveMountEffects @ react-dom-client.development.js:12627
commitPassiveMountOnFiber @ react-dom-client.development.js:12755
recursivelyTraversePassiveMountEffects @ react-dom-client.development.js:12627
commitPassiveMountOnFiber @ react-dom-client.development.js:12646
recursivelyTraversePassiveMountEffects @ react-dom-client.development.js:12627
commitPassiveMountOnFiber @ react-dom-client.development.js:12755
recursivelyTraversePassiveMountEffects @ react-dom-client.development.js:12627
commitPassiveMountOnFiber @ react-dom-client.development.js:12755
recursivelyTraversePassiveMountEffects @ react-dom-client.development.js:12627
commitPassiveMountOnFiber @ react-dom-client.development.js:12646
recursivelyTraversePassiveMountEffects @ react-dom-client.development.js:12627
commitPassiveMountOnFiber @ react-dom-client.development.js:12755
recursivelyTraversePassiveMountEffects @ react-dom-client.development.js:12627
commitPassiveMountOnFiber @ react-dom-client.development.js:12755
recursivelyTraversePassiveMountEffects @ react-dom-client.development.js:12627
commitPassiveMountOnFiber @ react-dom-client.development.js:12646
recursivelyTraversePassiveMountEffects @ react-dom-client.development.js:12627
commitPassiveMountOnFiber @ react-dom-client.development.js:12755
recursivelyTraversePassiveMountEffects @ react-dom-client.development.js:12627
commitPassiveMountOnFiber @ react-dom-client.development.js:12755
recursivelyTraversePassiveMountEffects @ react-dom-client.development.js:12627
commitPassiveMountOnFiber @ react-dom-client.development.js:12646
recursivelyTraversePassiveMountEffects @ react-dom-client.development.js:12627
commitPassiveMountOnFiber @ react-dom-client.development.js:12755
recursivelyTraversePassiveMountEffects @ react-dom-client.development.js:12627
commitPassiveMountOnFiber @ react-dom-client.development.js:12755
recursivelyTraversePassiveMountEffects @ react-dom-client.development.js:12627
commitPassiveMountOnFiber @ react-dom-client.development.js:12646
recursivelyTraversePassiveMountEffects @ react-dom-client.development.js:12627
commitPassiveMountOnFiber @ react-dom-client.development.js:12755
recursivelyTraversePassiveMountEffects @ react-dom-client.development.js:12627
commitPassiveMountOnFiber @ react-dom-client.development.js:12755
recursivelyTraversePassiveMountEffects @ react-dom-client.development.js:12627
commitPassiveMountOnFiber @ react-dom-client.development.js:12646
recursivelyTraversePassiveMountEffects @ react-dom-client.development.js:12627
commitPassiveMountOnFiber @ react-dom-client.development.js:12755
recursivelyTraversePassiveMountEffects @ react-dom-client.development.js:12627
commitPassiveMountOnFiber @ react-dom-client.development.js:12755
recursivelyTraversePassiveMountEffects @ react-dom-client.development.js:12627
commitPassiveMountOnFiber @ react-dom-client.development.js:12646
recursivelyTraversePassiveMountEffects @ react-dom-client.development.js:12627
commitPassiveMountOnFiber @ react-dom-client.development.js:12755
recursivelyTraversePassiveMountEffects @ react-dom-client.development.js:12627
commitPassiveMountOnFiber @ react-dom-client.development.js:12755
recursivelyTraversePassiveMountEffects @ react-dom-client.development.js:12627
commitPassiveMountOnFiber @ react-dom-client.development.js:12646
recursivelyTraversePassiveMountEffects @ react-dom-client.development.js:12627
commitPassiveMountOnFiber @ react-dom-client.development.js:12755
recursivelyTraversePassiveMountEffects @ react-dom-client.development.js:12627
commitPassiveMountOnFiber @ react-dom-client.development.js:12755
recursivelyTraversePassiveMountEffects @ react-dom-client.development.js:12627
commitPassiveMountOnFiber @ react-dom-client.development.js:12646
recursivelyTraversePassiveMountEffects @ react-dom-client.development.js:12627
commitPassiveMountOnFiber @ react-dom-client.development.js:12755
recursivelyTraversePassiveMountEffects @ react-dom-client.development.js:12627
commitPassiveMountOnFiber @ react-dom-client.development.js:12755
recursivelyTraversePassiveMountEffects @ react-dom-client.development.js:12627
commitPassiveMountOnFiber @ react-dom-client.development.js:12646
recursivelyTraversePassiveMountEffects @ react-dom-client.development.js:12627
commitPassiveMountOnFiber @ react-dom-client.development.js:12755
recursivelyTraversePassiveMountEffects @ react-dom-client.development.js:12627
commitPassiveMountOnFiber @ react-dom-client.development.js:12755
recursivelyTraversePassiveMountEffects @ react-dom-client.development.js:12627
commitPassiveMountOnFiber @ react-dom-client.development.js:12646
recursivelyTraversePassiveMountEffects @ react-dom-client.development.js:12627
commitPassiveMountOnFiber @ react-dom-client.development.js:12755
recursivelyTraversePassiveMountEffects @ react-dom-client.development.js:12627
commitPassiveMountOnFiber @ react-dom-client.development.js:12755
recursivelyTraversePassiveMountEffects @ react-dom-client.development.js:12627
commitPassiveMountOnFiber @ react-dom-client.development.js:12646
setTimeout
__webpack_modules__../src/platform/polyfills.web.ts.window.setImmediate @ polyfills.web.ts:5
schedulePerformWorkUntilDeadline @ scheduler.development.js:214
requestHostCallback @ scheduler.development.js:168
__webpack_modules__../node_modules/scheduler/cjs/scheduler.development.js.exports.unstable_scheduleCallback @ scheduler.development.js:344
scheduleTaskForRootDuringMicrotask @ react-dom-client.development.js:15909
processRootScheduleInMicrotask @ react-dom-client.development.js:15830
(anonymous) @ react-dom-client.development.js:15962
setTimeout
__webpack_modules__../src/platform/polyfills.web.ts.window.setImmediate @ polyfills.web.ts:5
schedulePerformWorkUntilDeadline @ scheduler.development.js:214
requestHostCallback @ scheduler.development.js:168
__webpack_modules__../node_modules/scheduler/cjs/scheduler.development.js.exports.unstable_scheduleCallback @ scheduler.development.js:344
scheduleTaskForRootDuringMicrotask @ react-dom-client.development.js:15909
processRootScheduleInMicrotask @ react-dom-client.development.js:15830
(anonymous) @ react-dom-client.development.js:15962Understand this error
bundle.js:419204  POST https://events.gndr.app/v2/initialize net::ERR_NAME_NOT_RESOLVED
(anonymous) @ StatsigNetwork.js:270
step @ StatsigNetwork.js:44
(anonymous) @ StatsigNetwork.js:25
(anonymous) @ StatsigNetwork.js:19
__webpack_modules__../node_modules/statsig-js/dist/StatsigNetwork.js.__awaiter @ StatsigNetwork.js:15
__webpack_modules__../node_modules/statsig-js/dist/StatsigNetwork.js.StatsigNetwork.postToEndpoint @ StatsigNetwork.js:213
__webpack_modules__../node_modules/statsig-js/dist/StatsigNetwork.js.StatsigNetwork.postWithTimeout @ StatsigNetwork.js:139
__webpack_modules__../node_modules/statsig-js/dist/StatsigNetwork.js.StatsigNetwork.fetchValues @ StatsigNetwork.js:107
(anonymous) @ StatsigClient.js:1095
step @ StatsigClient.js:44
(anonymous) @ StatsigClient.js:25
(anonymous) @ StatsigClient.js:19
__webpack_modules__../node_modules/statsig-js/dist/StatsigClient.js.__awaiter @ StatsigClient.js:15
__webpack_modules__../node_modules/statsig-js/dist/StatsigClient.js.StatsigClient.fetchAndSaveValues @ StatsigClient.js:1070
(anonymous) @ StatsigClient.js:340
__webpack_modules__../node_modules/statsig-js/dist/ErrorBoundary.js.ErrorBoundary.capture @ ErrorBoundary.js:74
(anonymous) @ StatsigClient.js:336
step @ StatsigClient.js:44
(anonymous) @ StatsigClient.js:25
(anonymous) @ StatsigClient.js:19
__webpack_modules__../node_modules/statsig-js/dist/StatsigClient.js.__awaiter @ StatsigClient.js:15
__webpack_modules__../node_modules/statsig-js/dist/StatsigClient.js.StatsigClient.prefetchUsers @ StatsigClient.js:333
(anonymous) @ Statsig.js:116
__webpack_modules__../node_modules/statsig-react/dist/Statsig.js.Statsig.capture @ Statsig.js:395
(anonymous) @ Statsig.js:116
step @ Statsig.js:39
(anonymous) @ Statsig.js:20
(anonymous) @ Statsig.js:14
__webpack_modules__../node_modules/statsig-react/dist/Statsig.js.__awaiter @ Statsig.js:10
__webpack_modules__../node_modules/statsig-react/dist/Statsig.js.Statsig.prefetchUsers @ Statsig.js:114
(anonymous) @ bundle.js:419204
t2 @ useNonReactiveCallback.ts:18
setInterval
(anonymous) @ bundle.js:419208
react-stack-bottom-frame @ react-dom-client.development.js:22509
runWithFiberInDEV @ react-dom-client.development.js:543
commitHookEffectListMount @ react-dom-client.development.js:10758
commitHookPassiveMountEffects @ react-dom-client.development.js:10878
commitPassiveMountOnFiber @ react-dom-client.development.js:12653
recursivelyTraversePassiveMountEffects @ react-dom-client.development.js:12627
commitPassiveMountOnFiber @ react-dom-client.development.js:12755
recursivelyTraversePassiveMountEffects @ react-dom-client.development.js:12627
commitPassiveMountOnFiber @ react-dom-client.development.js:12755
recursivelyTraversePassiveMountEffects @ react-dom-client.development.js:12627
commitPassiveMountOnFiber @ react-dom-client.development.js:12646
recursivelyTraversePassiveMountEffects @ react-dom-client.development.js:12627
commitPassiveMountOnFiber @ react-dom-client.development.js:12646
recursivelyTraversePassiveMountEffects @ react-dom-client.development.js:12627
commitPassiveMountOnFiber @ react-dom-client.development.js:12755
recursivelyTraversePassiveMountEffects @ react-dom-client.development.js:12627
commitPassiveMountOnFiber @ react-dom-client.development.js:12755
recursivelyTraversePassiveMountEffects @ react-dom-client.development.js:12627
commitPassiveMountOnFiber @ react-dom-client.development.js:12646
recursivelyTraversePassiveMountEffects @ react-dom-client.development.js:12627
commitPassiveMountOnFiber @ react-dom-client.development.js:12646
recursivelyTraversePassiveMountEffects @ react-dom-client.development.js:12627
commitPassiveMountOnFiber @ react-dom-client.development.js:12646
recursivelyTraversePassiveMountEffects @ react-dom-client.development.js:12627
commitPassiveMountOnFiber @ react-dom-client.development.js:12646
recursivelyTraversePassiveMountEffects @ react-dom-client.development.js:12627
commitPassiveMountOnFiber @ react-dom-client.development.js:12755
recursivelyTraversePassiveMountEffects @ react-dom-client.development.js:12627
commitPassiveMountOnFiber @ react-dom-client.development.js:12646
recursivelyTraversePassiveMountEffects @ react-dom-client.development.js:12627
commitPassiveMountOnFiber @ react-dom-client.development.js:12755
recursivelyTraversePassiveMountEffects @ react-dom-client.development.js:12627
commitPassiveMountOnFiber @ react-dom-client.development.js:12646
recursivelyTraversePassiveMountEffects @ react-dom-client.development.js:12627
commitPassiveMountOnFiber @ react-dom-client.development.js:12646
recursivelyTraversePassiveMountEffects @ react-dom-client.development.js:12627
commitPassiveMountOnFiber @ react-dom-client.development.js:12755
recursivelyTraversePassiveMountEffects @ react-dom-client.development.js:12627
commitPassiveMountOnFiber @ react-dom-client.development.js:12646
recursivelyTraversePassiveMountEffects @ react-dom-client.development.js:12627
commitPassiveMountOnFiber @ react-dom-client.development.js:12755
recursivelyTraversePassiveMountEffects @ react-dom-client.development.js:12627
commitPassiveMountOnFiber @ react-dom-client.development.js:12646
recursivelyTraversePassiveMountEffects @ react-dom-client.development.js:12627
commitPassiveMountOnFiber @ react-dom-client.development.js:12646
recursivelyTraversePassiveMountEffects @ react-dom-client.development.js:12627
commitPassiveMountOnFiber @ react-dom-client.development.js:12755
recursivelyTraversePassiveMountEffects @ react-dom-client.development.js:12627
commitPassiveMountOnFiber @ react-dom-client.development.js:12755
recursivelyTraversePassiveMountEffects @ react-dom-client.development.js:12627
commitPassiveMountOnFiber @ react-dom-client.development.js:12646
recursivelyTraversePassiveMountEffects @ react-dom-client.development.js:12627
commitPassiveMountOnFiber @ react-dom-client.development.js:12755
recursivelyTraversePassiveMountEffects @ react-dom-client.development.js:12627
commitPassiveMountOnFiber @ react-dom-client.development.js:12646
recursivelyTraversePassiveMountEffects @ react-dom-client.development.js:12627
commitPassiveMountOnFiber @ react-dom-client.development.js:12755
recursivelyTraversePassiveMountEffects @ react-dom-client.development.js:12627
commitPassiveMountOnFiber @ react-dom-client.development.js:12755
recursivelyTraversePassiveMountEffects @ react-dom-client.development.js:12627
commitPassiveMountOnFiber @ react-dom-client.development.js:12646
recursivelyTraversePassiveMountEffects @ react-dom-client.development.js:12627
commitPassiveMountOnFiber @ react-dom-client.development.js:12755
recursivelyTraversePassiveMountEffects @ react-dom-client.development.js:12627
commitPassiveMountOnFiber @ react-dom-client.development.js:12646
recursivelyTraversePassiveMountEffects @ react-dom-client.development.js:12627
commitPassiveMountOnFiber @ react-dom-client.development.js:12755
recursivelyTraversePassiveMountEffects @ react-dom-client.development.js:12627
commitPassiveMountOnFiber @ react-dom-client.development.js:12755
recursivelyTraversePassiveMountEffects @ react-dom-client.development.js:12627
commitPassiveMountOnFiber @ react-dom-client.development.js:12646
recursivelyTraversePassiveMountEffects @ react-dom-client.development.js:12627
commitPassiveMountOnFiber @ react-dom-client.development.js:12755
recursivelyTraversePassiveMountEffects @ react-dom-client.development.js:12627
commitPassiveMountOnFiber @ react-dom-client.development.js:12755
recursivelyTraversePassiveMountEffects @ react-dom-client.development.js:12627
commitPassiveMountOnFiber @ react-dom-client.development.js:12646
recursivelyTraversePassiveMountEffects @ react-dom-client.development.js:12627
commitPassiveMountOnFiber @ react-dom-client.development.js:12755
recursivelyTraversePassiveMountEffects @ react-dom-client.development.js:12627
commitPassiveMountOnFiber @ react-dom-client.development.js:12755
recursivelyTraversePassiveMountEffects @ react-dom-client.development.js:12627
commitPassiveMountOnFiber @ react-dom-client.development.js:12646
recursivelyTraversePassiveMountEffects @ react-dom-client.development.js:12627
commitPassiveMountOnFiber @ react-dom-client.development.js:12755
recursivelyTraversePassiveMountEffects @ react-dom-client.development.js:12627
commitPassiveMountOnFiber @ react-dom-client.development.js:12646
recursivelyTraversePassiveMountEffects @ react-dom-client.development.js:12627
commitPassiveMountOnFiber @ react-dom-client.development.js:12755
recursivelyTraversePassiveMountEffects @ react-dom-client.development.js:12627
commitPassiveMountOnFiber @ react-dom-client.development.js:12755
recursivelyTraversePassiveMountEffects @ react-dom-client.development.js:12627
commitPassiveMountOnFiber @ react-dom-client.development.js:12646
recursivelyTraversePassiveMountEffects @ react-dom-client.development.js:12627
commitPassiveMountOnFiber @ react-dom-client.development.js:12755
recursivelyTraversePassiveMountEffects @ react-dom-client.development.js:12627
commitPassiveMountOnFiber @ react-dom-client.development.js:12755
recursivelyTraversePassiveMountEffects @ react-dom-client.development.js:12627
commitPassiveMountOnFiber @ react-dom-client.development.js:12646
recursivelyTraversePassiveMountEffects @ react-dom-client.development.js:12627
commitPassiveMountOnFiber @ react-dom-client.development.js:12755
recursivelyTraversePassiveMountEffects @ react-dom-client.development.js:12627
commitPassiveMountOnFiber @ react-dom-client.development.js:12755
recursivelyTraversePassiveMountEffects @ react-dom-client.development.js:12627
commitPassiveMountOnFiber @ react-dom-client.development.js:12646
recursivelyTraversePassiveMountEffects @ react-dom-client.development.js:12627
commitPassiveMountOnFiber @ react-dom-client.development.js:12755
recursivelyTraversePassiveMountEffects @ react-dom-client.development.js:12627
commitPassiveMountOnFiber @ react-dom-client.development.js:12755
recursivelyTraversePassiveMountEffects @ react-dom-client.development.js:12627
commitPassiveMountOnFiber @ react-dom-client.development.js:12646
recursivelyTraversePassiveMountEffects @ react-dom-client.development.js:12627
commitPassiveMountOnFiber @ react-dom-client.development.js:12755
recursivelyTraversePassiveMountEffects @ react-dom-client.development.js:12627
commitPassiveMountOnFiber @ react-dom-client.development.js:12755
recursivelyTraversePassiveMountEffects @ react-dom-client.development.js:12627
commitPassiveMountOnFiber @ react-dom-client.development.js:12646
recursivelyTraversePassiveMountEffects @ react-dom-client.development.js:12627
commitPassiveMountOnFiber @ react-dom-client.development.js:12755
recursivelyTraversePassiveMountEffects @ react-dom-client.development.js:12627
commitPassiveMountOnFiber @ react-dom-client.development.js:12646
recursivelyTraversePassiveMountEffects @ react-dom-client.development.js:12627
commitPassiveMountOnFiber @ react-dom-client.development.js:12646
recursivelyTraversePassiveMountEffects @ react-dom-client.development.js:12627
commitPassiveMountOnFiber @ react-dom-client.development.js:12755
recursivelyTraversePassiveMountEffects @ react-dom-client.development.js:12627
commitPassiveMountOnFiber @ react-dom-client.development.js:12646
recursivelyTraversePassiveMountEffects @ react-dom-client.development.js:12627
commitPassiveMountOnFiber @ react-dom-client.development.js:12646
recursivelyTraversePassiveMountEffects @ react-dom-client.development.js:12627
commitPassiveMountOnFiber @ react-dom-client.development.js:12755
recursivelyTraversePassiveMountEffects @ react-dom-client.development.js:12627
commitPassiveMountOnFiber @ react-dom-client.development.js:12646
recursivelyTraversePassiveMountEffects @ react-dom-client.development.js:12627
commitPassiveMountOnFiber @ react-dom-client.development.js:12755
recursivelyTraversePassiveMountEffects @ react-dom-client.development.js:12627
commitPassiveMountOnFiber @ react-dom-client.development.js:12755
recursivelyTraversePassiveMountEffects @ react-dom-client.development.js:12627
commitPassiveMountOnFiber @ react-dom-client.development.js:12646
recursivelyTraversePassiveMountEffects @ react-dom-client.development.js:12627
commitPassiveMountOnFiber @ react-dom-client.development.js:12755
recursivelyTraversePassiveMountEffects @ react-dom-client.development.js:12627
commitPassiveMountOnFiber @ react-dom-client.development.js:12755
recursivelyTraversePassiveMountEffects @ react-dom-client.development.js:12627
commitPassiveMountOnFiber @ react-dom-client.development.js:12646
recursivelyTraversePassiveMountEffects @ react-dom-client.development.js:12627
commitPassiveMountOnFiber @ react-dom-client.development.js:12755
recursivelyTraversePassiveMountEffects @ react-dom-client.development.js:12627
commitPassiveMountOnFiber @ react-dom-client.development.js:12755
recursivelyTraversePassiveMountEffects @ react-dom-client.development.js:12627
commitPassiveMountOnFiber @ react-dom-client.development.js:12646
recursivelyTraversePassiveMountEffects @ react-dom-client.development.js:12627
commitPassiveMountOnFiber @ react-dom-client.development.js:12755
recursivelyTraversePassiveMountEffects @ react-dom-client.development.js:12627
commitPassiveMountOnFiber @ react-dom-client.development.js:12755
recursivelyTraversePassiveMountEffects @ react-dom-client.development.js:12627
commitPassiveMountOnFiber @ react-dom-client.development.js:12646
recursivelyTraversePassiveMountEffects @ react-dom-client.development.js:12627
commitPassiveMountOnFiber @ react-dom-client.development.js:12755
recursivelyTraversePassiveMountEffects @ react-dom-client.development.js:12627
commitPassiveMountOnFiber @ react-dom-client.development.js:12755
recursivelyTraversePassiveMountEffects @ react-dom-client.development.js:12627
commitPassiveMountOnFiber @ react-dom-client.development.js:12646
recursivelyTraversePassiveMountEffects @ react-dom-client.development.js:12627
commitPassiveMountOnFiber @ react-dom-client.development.js:12755
recursivelyTraversePassiveMountEffects @ react-dom-client.development.js:12627
commitPassiveMountOnFiber @ react-dom-client.development.js:12755
recursivelyTraversePassiveMountEffects @ react-dom-client.development.js:12627
commitPassiveMountOnFiber @ react-dom-client.development.js:12646
recursivelyTraversePassiveMountEffects @ react-dom-client.development.js:12627
commitPassiveMountOnFiber @ react-dom-client.development.js:12755
recursivelyTraversePassiveMountEffects @ react-dom-client.development.js:12627
commitPassiveMountOnFiber @ react-dom-client.development.js:12755
recursivelyTraversePassiveMountEffects @ react-dom-client.development.js:12627
commitPassiveMountOnFiber @ react-dom-client.development.js:12646
recursivelyTraversePassiveMountEffects @ react-dom-client.development.js:12627
commitPassiveMountOnFiber @ react-dom-client.development.js:12755
recursivelyTraversePassiveMountEffects @ react-dom-client.development.js:12627
commitPassiveMountOnFiber @ react-dom-client.development.js:12755
recursivelyTraversePassiveMountEffects @ react-dom-client.development.js:12627
commitPassiveMountOnFiber @ react-dom-client.development.js:12646
recursivelyTraversePassiveMountEffects @ react-dom-client.development.js:12627
commitPassiveMountOnFiber @ react-dom-client.development.js:12755
recursivelyTraversePassiveMountEffects @ react-dom-client.development.js:12627
commitPassiveMountOnFiber @ react-dom-client.development.js:12755
recursivelyTraversePassiveMountEffects @ react-dom-client.development.js:12627
commitPassiveMountOnFiber @ react-dom-client.development.js:12646
recursivelyTraversePassiveMountEffects @ react-dom-client.development.js:12627
commitPassiveMountOnFiber @ react-dom-client.development.js:12755
recursivelyTraversePassiveMountEffects @ react-dom-client.development.js:12627
commitPassiveMountOnFiber @ react-dom-client.development.js:12755
recursivelyTraversePassiveMountEffects @ react-dom-client.development.js:12627
commitPassiveMountOnFiber @ react-dom-client.development.js:12646
recursivelyTraversePassiveMountEffects @ react-dom-client.development.js:12627
commitPassiveMountOnFiber @ react-dom-client.development.js:12755
recursivelyTraversePassiveMountEffects @ react-dom-client.development.js:12627
commitPassiveMountOnFiber @ react-dom-client.development.js:12755
recursivelyTraversePassiveMountEffects @ react-dom-client.development.js:12627
commitPassiveMountOnFiber @ react-dom-client.development.js:12646
setTimeout
__webpack_modules__../src/platform/polyfills.web.ts.window.setImmediate @ polyfills.web.ts:5
schedulePerformWorkUntilDeadline @ scheduler.development.js:214
requestHostCallback @ scheduler.development.js:168
__webpack_modules__../node_modules/scheduler/cjs/scheduler.development.js.exports.unstable_scheduleCallback @ scheduler.development.js:344
scheduleTaskForRootDuringMicrotask @ react-dom-client.development.js:15909
processRootScheduleInMicrotask @ react-dom-client.development.js:15830
(anonymous) @ react-dom-client.development.js:15962
setTimeout
__webpack_modules__../src/platform/polyfills.web.ts.window.setImmediate @ polyfills.web.ts:5
schedulePerformWorkUntilDeadline @ scheduler.development.js:214
requestHostCallback @ scheduler.development.js:168
__webpack_modules__../node_modules/scheduler/cjs/scheduler.development.js.exports.unstable_scheduleCallback @ scheduler.development.js:344
scheduleTaskForRootDuringMicrotask @ react-dom-client.development.js:15909
processRootScheduleInMicrotask @ react-dom-client.development.js:15830
(anonymous) @ react-dom-client.development.js:15962Understand this error
bundle.js:419204  POST https://events.gndr.app/v2/initialize net::ERR_NAME_NOT_RESOLVED
(anonymous) @ StatsigNetwork.js:270
step @ StatsigNetwork.js:44
(anonymous) @ StatsigNetwork.js:25
(anonymous) @ StatsigNetwork.js:19
__webpack_modules__../node_modules/statsig-js/dist/StatsigNetwork.js.__awaiter @ StatsigNetwork.js:15
__webpack_modules__../node_modules/statsig-js/dist/StatsigNetwork.js.StatsigNetwork.postToEndpoint @ StatsigNetwork.js:213
(anonymous) @ StatsigNetwork.js:314
setTimeout
(anonymous) @ StatsigNetwork.js:312
(anonymous) @ StatsigNetwork.js:311
Promise.catch
(anonymous) @ StatsigNetwork.js:301
step @ StatsigNetwork.js:44
(anonymous) @ StatsigNetwork.js:25
(anonymous) @ StatsigNetwork.js:19
__webpack_modules__../node_modules/statsig-js/dist/StatsigNetwork.js.__awaiter @ StatsigNetwork.js:15
__webpack_modules__../node_modules/statsig-js/dist/StatsigNetwork.js.StatsigNetwork.postToEndpoint @ StatsigNetwork.js:213
__webpack_modules__../node_modules/statsig-js/dist/StatsigNetwork.js.StatsigNetwork.postWithTimeout @ StatsigNetwork.js:139
__webpack_modules__../node_modules/statsig-js/dist/StatsigNetwork.js.StatsigNetwork.fetchValues @ StatsigNetwork.js:107
(anonymous) @ StatsigClient.js:1095
step @ StatsigClient.js:44
(anonymous) @ StatsigClient.js:25
(anonymous) @ StatsigClient.js:19
__webpack_modules__../node_modules/statsig-js/dist/StatsigClient.js.__awaiter @ StatsigClient.js:15
__webpack_modules__../node_modules/statsig-js/dist/StatsigClient.js.StatsigClient.fetchAndSaveValues @ StatsigClient.js:1070
(anonymous) @ StatsigClient.js:340
__webpack_modules__../node_modules/statsig-js/dist/ErrorBoundary.js.ErrorBoundary.capture @ ErrorBoundary.js:74
(anonymous) @ StatsigClient.js:336
step @ StatsigClient.js:44
(anonymous) @ StatsigClient.js:25
(anonymous) @ StatsigClient.js:19
__webpack_modules__../node_modules/statsig-js/dist/StatsigClient.js.__awaiter @ StatsigClient.js:15
__webpack_modules__../node_modules/statsig-js/dist/StatsigClient.js.StatsigClient.prefetchUsers @ StatsigClient.js:333
(anonymous) @ Statsig.js:116
__webpack_modules__../node_modules/statsig-react/dist/Statsig.js.Statsig.capture @ Statsig.js:395
(anonymous) @ Statsig.js:116
step @ Statsig.js:39
(anonymous) @ Statsig.js:20
(anonymous) @ Statsig.js:14
__webpack_modules__../node_modules/statsig-react/dist/Statsig.js.__awaiter @ Statsig.js:10
__webpack_modules__../node_modules/statsig-react/dist/Statsig.js.Statsig.prefetchUsers @ Statsig.js:114
(anonymous) @ bundle.js:419204
t2 @ useNonReactiveCallback.ts:18
setInterval
(anonymous) @ bundle.js:419208
react-stack-bottom-frame @ react-dom-client.development.js:22509
runWithFiberInDEV @ react-dom-client.development.js:543
commitHookEffectListMount @ react-dom-client.development.js:10758
commitHookPassiveMountEffects @ react-dom-client.development.js:10878
commitPassiveMountOnFiber @ react-dom-client.development.js:12653
recursivelyTraversePassiveMountEffects @ react-dom-client.development.js:12627
commitPassiveMountOnFiber @ react-dom-client.development.js:12755
recursivelyTraversePassiveMountEffects @ react-dom-client.development.js:12627
commitPassiveMountOnFiber @ react-dom-client.development.js:12755
recursivelyTraversePassiveMountEffects @ react-dom-client.development.js:12627
commitPassiveMountOnFiber @ react-dom-client.development.js:12646
recursivelyTraversePassiveMountEffects @ react-dom-client.development.js:12627
commitPassiveMountOnFiber @ react-dom-client.development.js:12646
recursivelyTraversePassiveMountEffects @ react-dom-client.development.js:12627
commitPassiveMountOnFiber @ react-dom-client.development.js:12755
recursivelyTraversePassiveMountEffects @ react-dom-client.development.js:12627
commitPassiveMountOnFiber @ react-dom-client.development.js:12755
recursivelyTraversePassiveMountEffects @ react-dom-client.development.js:12627
commitPassiveMountOnFiber @ react-dom-client.development.js:12646
recursivelyTraversePassiveMountEffects @ react-dom-client.development.js:12627
commitPassiveMountOnFiber @ react-dom-client.development.js:12646
recursivelyTraversePassiveMountEffects @ react-dom-client.development.js:12627
commitPassiveMountOnFiber @ react-dom-client.development.js:12646
recursivelyTraversePassiveMountEffects @ react-dom-client.development.js:12627
commitPassiveMountOnFiber @ react-dom-client.development.js:12646
recursivelyTraversePassiveMountEffects @ react-dom-client.development.js:12627
commitPassiveMountOnFiber @ react-dom-client.development.js:12755
recursivelyTraversePassiveMountEffects @ react-dom-client.development.js:12627
commitPassiveMountOnFiber @ react-dom-client.development.js:12646
recursivelyTraversePassiveMountEffects @ react-dom-client.development.js:12627
commitPassiveMountOnFiber @ react-dom-client.development.js:12755
recursivelyTraversePassiveMountEffects @ react-dom-client.development.js:12627
commitPassiveMountOnFiber @ react-dom-client.development.js:12646
recursivelyTraversePassiveMountEffects @ react-dom-client.development.js:12627
commitPassiveMountOnFiber @ react-dom-client.development.js:12646
recursivelyTraversePassiveMountEffects @ react-dom-client.development.js:12627
commitPassiveMountOnFiber @ react-dom-client.development.js:12755
recursivelyTraversePassiveMountEffects @ react-dom-client.development.js:12627
commitPassiveMountOnFiber @ react-dom-client.development.js:12646
recursivelyTraversePassiveMountEffects @ react-dom-client.development.js:12627
commitPassiveMountOnFiber @ react-dom-client.development.js:12755
recursivelyTraversePassiveMountEffects @ react-dom-client.development.js:12627
commitPassiveMountOnFiber @ react-dom-client.development.js:12646
recursivelyTraversePassiveMountEffects @ react-dom-client.development.js:12627
commitPassiveMountOnFiber @ react-dom-client.development.js:12646
recursivelyTraversePassiveMountEffects @ react-dom-client.development.js:12627
commitPassiveMountOnFiber @ react-dom-client.development.js:12755
recursivelyTraversePassiveMountEffects @ react-dom-client.development.js:12627
commitPassiveMountOnFiber @ react-dom-client.development.js:12755
recursivelyTraversePassiveMountEffects @ react-dom-client.development.js:12627
commitPassiveMountOnFiber @ react-dom-client.development.js:12646
recursivelyTraversePassiveMountEffects @ react-dom-client.development.js:12627
commitPassiveMountOnFiber @ react-dom-client.development.js:12755
recursivelyTraversePassiveMountEffects @ react-dom-client.development.js:12627
commitPassiveMountOnFiber @ react-dom-client.development.js:12646
recursivelyTraversePassiveMountEffects @ react-dom-client.development.js:12627
commitPassiveMountOnFiber @ react-dom-client.development.js:12755
recursivelyTraversePassiveMountEffects @ react-dom-client.development.js:12627
commitPassiveMountOnFiber @ react-dom-client.development.js:12755
recursivelyTraversePassiveMountEffects @ react-dom-client.development.js:12627
commitPassiveMountOnFiber @ react-dom-client.development.js:12646
recursivelyTraversePassiveMountEffects @ react-dom-client.development.js:12627
commitPassiveMountOnFiber @ react-dom-client.development.js:12755
recursivelyTraversePassiveMountEffects @ react-dom-client.development.js:12627
commitPassiveMountOnFiber @ react-dom-client.development.js:12646
recursivelyTraversePassiveMountEffects @ react-dom-client.development.js:12627
commitPassiveMountOnFiber @ react-dom-client.development.js:12755
recursivelyTraversePassiveMountEffects @ react-dom-client.development.js:12627
commitPassiveMountOnFiber @ react-dom-client.development.js:12755
recursivelyTraversePassiveMountEffects @ react-dom-client.development.js:12627
commitPassiveMountOnFiber @ react-dom-client.development.js:12646
recursivelyTraversePassiveMountEffects @ react-dom-client.development.js:12627
commitPassiveMountOnFiber @ react-dom-client.development.js:12755
recursivelyTraversePassiveMountEffects @ react-dom-client.development.js:12627
commitPassiveMountOnFiber @ react-dom-client.development.js:12755
recursivelyTraversePassiveMountEffects @ react-dom-client.development.js:12627
commitPassiveMountOnFiber @ react-dom-client.development.js:12646
recursivelyTraversePassiveMountEffects @ react-dom-client.development.js:12627
commitPassiveMountOnFiber @ react-dom-client.development.js:12755
recursivelyTraversePassiveMountEffects @ react-dom-client.development.js:12627
commitPassiveMountOnFiber @ react-dom-client.development.js:12755
recursivelyTraversePassiveMountEffects @ react-dom-client.development.js:12627
commitPassiveMountOnFiber @ react-dom-client.development.js:12646
recursivelyTraversePassiveMountEffects @ react-dom-client.development.js:12627
commitPassiveMountOnFiber @ react-dom-client.development.js:12755
recursivelyTraversePassiveMountEffects @ react-dom-client.development.js:12627
commitPassiveMountOnFiber @ react-dom-client.development.js:12646
recursivelyTraversePassiveMountEffects @ react-dom-client.development.js:12627
commitPassiveMountOnFiber @ react-dom-client.development.js:12755
recursivelyTraversePassiveMountEffects @ react-dom-client.development.js:12627
commitPassiveMountOnFiber @ react-dom-client.development.js:12755
recursivelyTraversePassiveMountEffects @ react-dom-client.development.js:12627
commitPassiveMountOnFiber @ react-dom-client.development.js:12646
recursivelyTraversePassiveMountEffects @ react-dom-client.development.js:12627
commitPassiveMountOnFiber @ react-dom-client.development.js:12755
recursivelyTraversePassiveMountEffects @ react-dom-client.development.js:12627
commitPassiveMountOnFiber @ react-dom-client.development.js:12755
recursivelyTraversePassiveMountEffects @ react-dom-client.development.js:12627
commitPassiveMountOnFiber @ react-dom-client.development.js:12646
recursivelyTraversePassiveMountEffects @ react-dom-client.development.js:12627
commitPassiveMountOnFiber @ react-dom-client.development.js:12755
recursivelyTraversePassiveMountEffects @ react-dom-client.development.js:12627
commitPassiveMountOnFiber @ react-dom-client.development.js:12755
recursivelyTraversePassiveMountEffects @ react-dom-client.development.js:12627
commitPassiveMountOnFiber @ react-dom-client.development.js:12646
recursivelyTraversePassiveMountEffects @ react-dom-client.development.js:12627
commitPassiveMountOnFiber @ react-dom-client.development.js:12755
recursivelyTraversePassiveMountEffects @ react-dom-client.development.js:12627
commitPassiveMountOnFiber @ react-dom-client.development.js:12755
recursivelyTraversePassiveMountEffects @ react-dom-client.development.js:12627
commitPassiveMountOnFiber @ react-dom-client.development.js:12646
recursivelyTraversePassiveMountEffects @ react-dom-client.development.js:12627
commitPassiveMountOnFiber @ react-dom-client.development.js:12755
recursivelyTraversePassiveMountEffects @ react-dom-client.development.js:12627
commitPassiveMountOnFiber @ react-dom-client.development.js:12755
recursivelyTraversePassiveMountEffects @ react-dom-client.development.js:12627
commitPassiveMountOnFiber @ react-dom-client.development.js:12646
recursivelyTraversePassiveMountEffects @ react-dom-client.development.js:12627
commitPassiveMountOnFiber @ react-dom-client.development.js:12755
recursivelyTraversePassiveMountEffects @ react-dom-client.development.js:12627
commitPassiveMountOnFiber @ react-dom-client.development.js:12646
recursivelyTraversePassiveMountEffects @ react-dom-client.development.js:12627
commitPassiveMountOnFiber @ react-dom-client.development.js:12646
recursivelyTraversePassiveMountEffects @ react-dom-client.development.js:12627
commitPassiveMountOnFiber @ react-dom-client.development.js:12755
recursivelyTraversePassiveMountEffects @ react-dom-client.development.js:12627
commitPassiveMountOnFiber @ react-dom-client.development.js:12646
recursivelyTraversePassiveMountEffects @ react-dom-client.development.js:12627
commitPassiveMountOnFiber @ react-dom-client.development.js:12646
recursivelyTraversePassiveMountEffects @ react-dom-client.development.js:12627
commitPassiveMountOnFiber @ react-dom-client.development.js:12755
recursivelyTraversePassiveMountEffects @ react-dom-client.development.js:12627
commitPassiveMountOnFiber @ react-dom-client.development.js:12646
recursivelyTraversePassiveMountEffects @ react-dom-client.development.js:12627
commitPassiveMountOnFiber @ react-dom-client.development.js:12755
recursivelyTraversePassiveMountEffects @ react-dom-client.development.js:12627
commitPassiveMountOnFiber @ react-dom-client.development.js:12755
recursivelyTraversePassiveMountEffects @ react-dom-client.development.js:12627
commitPassiveMountOnFiber @ react-dom-client.development.js:12646
recursivelyTraversePassiveMountEffects @ react-dom-client.development.js:12627
commitPassiveMountOnFiber @ react-dom-client.development.js:12755
recursivelyTraversePassiveMountEffects @ react-dom-client.development.js:12627
commitPassiveMountOnFiber @ react-dom-client.development.js:12755
recursivelyTraversePassiveMountEffects @ react-dom-client.development.js:12627
commitPassiveMountOnFiber @ react-dom-client.development.js:12646
recursivelyTraversePassiveMountEffects @ react-dom-client.development.js:12627
commitPassiveMountOnFiber @ react-dom-client.development.js:12755
recursivelyTraversePassiveMountEffects @ react-dom-client.development.js:12627
commitPassiveMountOnFiber @ react-dom-client.development.js:12755
recursivelyTraversePassiveMountEffects @ react-dom-client.development.js:12627
commitPassiveMountOnFiber @ react-dom-client.development.js:12646
recursivelyTraversePassiveMountEffects @ react-dom-client.development.js:12627
commitPassiveMountOnFiber @ react-dom-client.development.js:12755
recursivelyTraversePassiveMountEffects @ react-dom-client.development.js:12627
commitPassiveMountOnFiber @ react-dom-client.development.js:12755
recursivelyTraversePassiveMountEffects @ react-dom-client.development.js:12627
commitPassiveMountOnFiber @ react-dom-client.development.js:12646
recursivelyTraversePassiveMountEffects @ react-dom-client.development.js:12627
commitPassiveMountOnFiber @ react-dom-client.development.js:12755
recursivelyTraversePassiveMountEffects @ react-dom-client.development.js:12627
commitPassiveMountOnFiber @ react-dom-client.development.js:12755
recursivelyTraversePassiveMountEffects @ react-dom-client.development.js:12627
commitPassiveMountOnFiber @ react-dom-client.development.js:12646
recursivelyTraversePassiveMountEffects @ react-dom-client.development.js:12627
commitPassiveMountOnFiber @ react-dom-client.development.js:12755
recursivelyTraversePassiveMountEffects @ react-dom-client.development.js:12627
commitPassiveMountOnFiber @ react-dom-client.development.js:12755
recursivelyTraversePassiveMountEffects @ react-dom-client.development.js:12627
commitPassiveMountOnFiber @ react-dom-client.development.js:12646
recursivelyTraversePassiveMountEffects @ react-dom-client.development.js:12627
commitPassiveMountOnFiber @ react-dom-client.development.js:12755
recursivelyTraversePassiveMountEffects @ react-dom-client.development.js:12627
commitPassiveMountOnFiber @ react-dom-client.development.js:12755
recursivelyTraversePassiveMountEffects @ react-dom-client.development.js:12627
commitPassiveMountOnFiber @ react-dom-client.development.js:12646
recursivelyTraversePassiveMountEffects @ react-dom-client.development.js:12627
commitPassiveMountOnFiber @ react-dom-client.development.js:12755
recursivelyTraversePassiveMountEffects @ react-dom-client.development.js:12627
commitPassiveMountOnFiber @ react-dom-client.development.js:12755
recursivelyTraversePassiveMountEffects @ react-dom-client.development.js:12627
commitPassiveMountOnFiber @ react-dom-client.development.js:12646
recursivelyTraversePassiveMountEffects @ react-dom-client.development.js:12627
commitPassiveMountOnFiber @ react-dom-client.development.js:12755
recursivelyTraversePassiveMountEffects @ react-dom-client.development.js:12627
commitPassiveMountOnFiber @ react-dom-client.development.js:12755
recursivelyTraversePassiveMountEffects @ react-dom-client.development.js:12627
commitPassiveMountOnFiber @ react-dom-client.development.js:12646
recursivelyTraversePassiveMountEffects @ react-dom-client.development.js:12627
commitPassiveMountOnFiber @ react-dom-client.development.js:12755
recursivelyTraversePassiveMountEffects @ react-dom-client.development.js:12627
commitPassiveMountOnFiber @ react-dom-client.development.js:12755
recursivelyTraversePassiveMountEffects @ react-dom-client.development.js:12627
commitPassiveMountOnFiber @ react-dom-client.development.js:12646
recursivelyTraversePassiveMountEffects @ react-dom-client.development.js:12627
commitPassiveMountOnFiber @ react-dom-client.development.js:12755
recursivelyTraversePassiveMountEffects @ react-dom-client.development.js:12627
commitPassiveMountOnFiber @ react-dom-client.development.js:12755
recursivelyTraversePassiveMountEffects @ react-dom-client.development.js:12627
commitPassiveMountOnFiber @ react-dom-client.development.js:12646
setTimeout
__webpack_modules__../src/platform/polyfills.web.ts.window.setImmediate @ polyfills.web.ts:5
schedulePerformWorkUntilDeadline @ scheduler.development.js:214
requestHostCallback @ scheduler.development.js:168
__webpack_modules__../node_modules/scheduler/cjs/scheduler.development.js.exports.unstable_scheduleCallback @ scheduler.development.js:344
scheduleTaskForRootDuringMicrotask @ react-dom-client.development.js:15909
processRootScheduleInMicrotask @ react-dom-client.development.js:15830
(anonymous) @ react-dom-client.development.js:15962
setTimeout
__webpack_modules__../src/platform/polyfills.web.ts.window.setImmediate @ polyfills.web.ts:5
schedulePerformWorkUntilDeadline @ scheduler.development.js:214
requestHostCallback @ scheduler.development.js:168
__webpack_modules__../node_modules/scheduler/cjs/scheduler.development.js.exports.unstable_scheduleCallback @ scheduler.development.js:344
scheduleTaskForRootDuringMicrotask @ react-dom-client.development.js:15909
processRootScheduleInMicrotask @ react-dom-client.development.js:15830
(anonymous) @ react-dom-client.development.js:15962Understand this error
bundle.js:419204  POST https://events.gndr.app/v2/initialize net::ERR_NAME_NOT_RESOLVED
(anonymous) @ StatsigNetwork.js:270
step @ StatsigNetwork.js:44
(anonymous) @ StatsigNetwork.js:25
(anonymous) @ StatsigNetwork.js:19
__webpack_modules__../node_modules/statsig-js/dist/StatsigNetwork.js.__awaiter @ StatsigNetwork.js:15
__webpack_modules__../node_modules/statsig-js/dist/StatsigNetwork.js.StatsigNetwork.postToEndpoint @ StatsigNetwork.js:213
(anonymous) @ StatsigNetwork.js:314
setTimeout
(anonymous) @ StatsigNetwork.js:312
(anonymous) @ StatsigNetwork.js:311
Promise.catch
(anonymous) @ StatsigNetwork.js:301
step @ StatsigNetwork.js:44
(anonymous) @ StatsigNetwork.js:25
(anonymous) @ StatsigNetwork.js:19
__webpack_modules__../node_modules/statsig-js/dist/StatsigNetwork.js.__awaiter @ StatsigNetwork.js:15
__webpack_modules__../node_modules/statsig-js/dist/StatsigNetwork.js.StatsigNetwork.postToEndpoint @ StatsigNetwork.js:213
(anonymous) @ StatsigNetwork.js:314
setTimeout
(anonymous) @ StatsigNetwork.js:312
(anonymous) @ StatsigNetwork.js:311
Promise.catch
(anonymous) @ StatsigNetwork.js:301
step @ StatsigNetwork.js:44
(anonymous) @ StatsigNetwork.js:25
(anonymous) @ StatsigNetwork.js:19
__webpack_modules__../node_modules/statsig-js/dist/StatsigNetwork.js.__awaiter @ StatsigNetwork.js:15
__webpack_modules__../node_modules/statsig-js/dist/StatsigNetwork.js.StatsigNetwork.postToEndpoint @ StatsigNetwork.js:213
__webpack_modules__../node_modules/statsig-js/dist/StatsigNetwork.js.StatsigNetwork.postWithTimeout @ StatsigNetwork.js:139
__webpack_modules__../node_modules/statsig-js/dist/StatsigNetwork.js.StatsigNetwork.fetchValues @ StatsigNetwork.js:107
(anonymous) @ StatsigClient.js:1095
step @ StatsigClient.js:44
(anonymous) @ StatsigClient.js:25
(anonymous) @ StatsigClient.js:19
__webpack_modules__../node_modules/statsig-js/dist/StatsigClient.js.__awaiter @ StatsigClient.js:15
__webpack_modules__../node_modules/statsig-js/dist/StatsigClient.js.StatsigClient.fetchAndSaveValues @ StatsigClient.js:1070
(anonymous) @ StatsigClient.js:340
__webpack_modules__../node_modules/statsig-js/dist/ErrorBoundary.js.ErrorBoundary.capture @ ErrorBoundary.js:74
(anonymous) @ StatsigClient.js:336
step @ StatsigClient.js:44
(anonymous) @ StatsigClient.js:25
(anonymous) @ StatsigClient.js:19
__webpack_modules__../node_modules/statsig-js/dist/StatsigClient.js.__awaiter @ StatsigClient.js:15
__webpack_modules__../node_modules/statsig-js/dist/StatsigClient.js.StatsigClient.prefetchUsers @ StatsigClient.js:333
(anonymous) @ Statsig.js:116
__webpack_modules__../node_modules/statsig-react/dist/Statsig.js.Statsig.capture @ Statsig.js:395
(anonymous) @ Statsig.js:116
step @ Statsig.js:39
(anonymous) @ Statsig.js:20
(anonymous) @ Statsig.js:14
__webpack_modules__../node_modules/statsig-react/dist/Statsig.js.__awaiter @ Statsig.js:10
__webpack_modules__../node_modules/statsig-react/dist/Statsig.js.Statsig.prefetchUsers @ Statsig.js:114
(anonymous) @ bundle.js:419204
t2 @ useNonReactiveCallback.ts:18
setInterval
(anonymous) @ bundle.js:419208
react-stack-bottom-frame @ react-dom-client.development.js:22509
runWithFiberInDEV @ react-dom-client.development.js:543
commitHookEffectListMount @ react-dom-client.development.js:10758
commitHookPassiveMountEffects @ react-dom-client.development.js:10878
commitPassiveMountOnFiber @ react-dom-client.development.js:12653
recursivelyTraversePassiveMountEffects @ react-dom-client.development.js:12627
commitPassiveMountOnFiber @ react-dom-client.development.js:12755
recursivelyTraversePassiveMountEffects @ react-dom-client.development.js:12627
commitPassiveMountOnFiber @ react-dom-client.development.js:12755
recursivelyTraversePassiveMountEffects @ react-dom-client.development.js:12627
commitPassiveMountOnFiber @ react-dom-client.development.js:12646
recursivelyTraversePassiveMountEffects @ react-dom-client.development.js:12627
commitPassiveMountOnFiber @ react-dom-client.development.js:12646
recursivelyTraversePassiveMountEffects @ react-dom-client.development.js:12627
commitPassiveMountOnFiber @ react-dom-client.development.js:12755
recursivelyTraversePassiveMountEffects @ react-dom-client.development.js:12627
commitPassiveMountOnFiber @ react-dom-client.development.js:12755
recursivelyTraversePassiveMountEffects @ react-dom-client.development.js:12627
commitPassiveMountOnFiber @ react-dom-client.development.js:12646
recursivelyTraversePassiveMountEffects @ react-dom-client.development.js:12627
commitPassiveMountOnFiber @ react-dom-client.development.js:12646
recursivelyTraversePassiveMountEffects @ react-dom-client.development.js:12627
commitPassiveMountOnFiber @ react-dom-client.development.js:12646
recursivelyTraversePassiveMountEffects @ react-dom-client.development.js:12627
commitPassiveMountOnFiber @ react-dom-client.development.js:12646
recursivelyTraversePassiveMountEffects @ react-dom-client.development.js:12627
commitPassiveMountOnFiber @ react-dom-client.development.js:12755
recursivelyTraversePassiveMountEffects @ react-dom-client.development.js:12627
commitPassiveMountOnFiber @ react-dom-client.development.js:12646
recursivelyTraversePassiveMountEffects @ react-dom-client.development.js:12627
commitPassiveMountOnFiber @ react-dom-client.development.js:12755
recursivelyTraversePassiveMountEffects @ react-dom-client.development.js:12627
commitPassiveMountOnFiber @ react-dom-client.development.js:12646
recursivelyTraversePassiveMountEffects @ react-dom-client.development.js:12627
commitPassiveMountOnFiber @ react-dom-client.development.js:12646
recursivelyTraversePassiveMountEffects @ react-dom-client.development.js:12627
commitPassiveMountOnFiber @ react-dom-client.development.js:12755
recursivelyTraversePassiveMountEffects @ react-dom-client.development.js:12627
commitPassiveMountOnFiber @ react-dom-client.development.js:12646
recursivelyTraversePassiveMountEffects @ react-dom-client.development.js:12627
commitPassiveMountOnFiber @ react-dom-client.development.js:12755
recursivelyTraversePassiveMountEffects @ react-dom-client.development.js:12627
commitPassiveMountOnFiber @ react-dom-client.development.js:12646
recursivelyTraversePassiveMountEffects @ react-dom-client.development.js:12627
commitPassiveMountOnFiber @ react-dom-client.development.js:12646
recursivelyTraversePassiveMountEffects @ react-dom-client.development.js:12627
commitPassiveMountOnFiber @ react-dom-client.development.js:12755
recursivelyTraversePassiveMountEffects @ react-dom-client.development.js:12627
commitPassiveMountOnFiber @ react-dom-client.development.js:12755
recursivelyTraversePassiveMountEffects @ react-dom-client.development.js:12627
commitPassiveMountOnFiber @ react-dom-client.development.js:12646
recursivelyTraversePassiveMountEffects @ react-dom-client.development.js:12627
commitPassiveMountOnFiber @ react-dom-client.development.js:12755
recursivelyTraversePassiveMountEffects @ react-dom-client.development.js:12627
commitPassiveMountOnFiber @ react-dom-client.development.js:12646
recursivelyTraversePassiveMountEffects @ react-dom-client.development.js:12627
commitPassiveMountOnFiber @ react-dom-client.development.js:12755
recursivelyTraversePassiveMountEffects @ react-dom-client.development.js:12627
commitPassiveMountOnFiber @ react-dom-client.development.js:12755
recursivelyTraversePassiveMountEffects @ react-dom-client.development.js:12627
commitPassiveMountOnFiber @ react-dom-client.development.js:12646
recursivelyTraversePassiveMountEffects @ react-dom-client.development.js:12627
commitPassiveMountOnFiber @ react-dom-client.development.js:12755
recursivelyTraversePassiveMountEffects @ react-dom-client.development.js:12627
commitPassiveMountOnFiber @ react-dom-client.development.js:12646
recursivelyTraversePassiveMountEffects @ react-dom-client.development.js:12627
commitPassiveMountOnFiber @ react-dom-client.development.js:12755
recursivelyTraversePassiveMountEffects @ react-dom-client.development.js:12627
commitPassiveMountOnFiber @ react-dom-client.development.js:12755
recursivelyTraversePassiveMountEffects @ react-dom-client.development.js:12627
commitPassiveMountOnFiber @ react-dom-client.development.js:12646
recursivelyTraversePassiveMountEffects @ react-dom-client.development.js:12627
commitPassiveMountOnFiber @ react-dom-client.development.js:12755
recursivelyTraversePassiveMountEffects @ react-dom-client.development.js:12627
commitPassiveMountOnFiber @ react-dom-client.development.js:12755
recursivelyTraversePassiveMountEffects @ react-dom-client.development.js:12627
commitPassiveMountOnFiber @ react-dom-client.development.js:12646
recursivelyTraversePassiveMountEffects @ react-dom-client.development.js:12627
commitPassiveMountOnFiber @ react-dom-client.development.js:12755
recursivelyTraversePassiveMountEffects @ react-dom-client.development.js:12627
commitPassiveMountOnFiber @ react-dom-client.development.js:12755
recursivelyTraversePassiveMountEffects @ react-dom-client.development.js:12627
commitPassiveMountOnFiber @ react-dom-client.development.js:12646
recursivelyTraversePassiveMountEffects @ react-dom-client.development.js:12627
commitPassiveMountOnFiber @ react-dom-client.development.js:12755
recursivelyTraversePassiveMountEffects @ react-dom-client.development.js:12627
commitPassiveMountOnFiber @ react-dom-client.development.js:12646
recursivelyTraversePassiveMountEffects @ react-dom-client.development.js:12627
commitPassiveMountOnFiber @ react-dom-client.development.js:12755
recursivelyTraversePassiveMountEffects @ react-dom-client.development.js:12627
commitPassiveMountOnFiber @ react-dom-client.development.js:12755
recursivelyTraversePassiveMountEffects @ react-dom-client.development.js:12627
commitPassiveMountOnFiber @ react-dom-client.development.js:12646
recursivelyTraversePassiveMountEffects @ react-dom-client.development.js:12627
commitPassiveMountOnFiber @ react-dom-client.development.js:12755
recursivelyTraversePassiveMountEffects @ react-dom-client.development.js:12627
commitPassiveMountOnFiber @ react-dom-client.development.js:12755
recursivelyTraversePassiveMountEffects @ react-dom-client.development.js:12627
commitPassiveMountOnFiber @ react-dom-client.development.js:12646
recursivelyTraversePassiveMountEffects @ react-dom-client.development.js:12627
commitPassiveMountOnFiber @ react-dom-client.development.js:12755
recursivelyTraversePassiveMountEffects @ react-dom-client.development.js:12627
commitPassiveMountOnFiber @ react-dom-client.development.js:12755
recursivelyTraversePassiveMountEffects @ react-dom-client.development.js:12627
commitPassiveMountOnFiber @ react-dom-client.development.js:12646
recursivelyTraversePassiveMountEffects @ react-dom-client.development.js:12627
commitPassiveMountOnFiber @ react-dom-client.development.js:12755
recursivelyTraversePassiveMountEffects @ react-dom-client.development.js:12627
commitPassiveMountOnFiber @ react-dom-client.development.js:12755
recursivelyTraversePassiveMountEffects @ react-dom-client.development.js:12627
commitPassiveMountOnFiber @ react-dom-client.development.js:12646
recursivelyTraversePassiveMountEffects @ react-dom-client.development.js:12627
commitPassiveMountOnFiber @ react-dom-client.development.js:12755
recursivelyTraversePassiveMountEffects @ react-dom-client.development.js:12627
commitPassiveMountOnFiber @ react-dom-client.development.js:12755
recursivelyTraversePassiveMountEffects @ react-dom-client.development.js:12627
commitPassiveMountOnFiber @ react-dom-client.development.js:12646
recursivelyTraversePassiveMountEffects @ react-dom-client.development.js:12627
commitPassiveMountOnFiber @ react-dom-client.development.js:12755
recursivelyTraversePassiveMountEffects @ react-dom-client.development.js:12627
commitPassiveMountOnFiber @ react-dom-client.development.js:12646
recursivelyTraversePassiveMountEffects @ react-dom-client.development.js:12627
commitPassiveMountOnFiber @ react-dom-client.development.js:12646
recursivelyTraversePassiveMountEffects @ react-dom-client.development.js:12627
commitPassiveMountOnFiber @ react-dom-client.development.js:12755
recursivelyTraversePassiveMountEffects @ react-dom-client.development.js:12627
commitPassiveMountOnFiber @ react-dom-client.development.js:12646
recursivelyTraversePassiveMountEffects @ react-dom-client.development.js:12627
commitPassiveMountOnFiber @ react-dom-client.development.js:12646
recursivelyTraversePassiveMountEffects @ react-dom-client.development.js:12627
commitPassiveMountOnFiber @ react-dom-client.development.js:12755
recursivelyTraversePassiveMountEffects @ react-dom-client.development.js:12627
commitPassiveMountOnFiber @ react-dom-client.development.js:12646
recursivelyTraversePassiveMountEffects @ react-dom-client.development.js:12627
commitPassiveMountOnFiber @ react-dom-client.development.js:12755
recursivelyTraversePassiveMountEffects @ react-dom-client.development.js:12627
commitPassiveMountOnFiber @ react-dom-client.development.js:12755
recursivelyTraversePassiveMountEffects @ react-dom-client.development.js:12627
commitPassiveMountOnFiber @ react-dom-client.development.js:12646
recursivelyTraversePassiveMountEffects @ react-dom-client.development.js:12627
commitPassiveMountOnFiber @ react-dom-client.development.js:12755
recursivelyTraversePassiveMountEffects @ react-dom-client.development.js:12627
commitPassiveMountOnFiber @ react-dom-client.development.js:12755
recursivelyTraversePassiveMountEffects @ react-dom-client.development.js:12627
commitPassiveMountOnFiber @ react-dom-client.development.js:12646
recursivelyTraversePassiveMountEffects @ react-dom-client.development.js:12627
commitPassiveMountOnFiber @ react-dom-client.development.js:12755
recursivelyTraversePassiveMountEffects @ react-dom-client.development.js:12627
commitPassiveMountOnFiber @ react-dom-client.development.js:12755
recursivelyTraversePassiveMountEffects @ react-dom-client.development.js:12627
commitPassiveMountOnFiber @ react-dom-client.development.js:12646
recursivelyTraversePassiveMountEffects @ react-dom-client.development.js:12627
commitPassiveMountOnFiber @ react-dom-client.development.js:12755
recursivelyTraversePassiveMountEffects @ react-dom-client.development.js:12627
commitPassiveMountOnFiber @ react-dom-client.development.js:12755
recursivelyTraversePassiveMountEffects @ react-dom-client.development.js:12627
commitPassiveMountOnFiber @ react-dom-client.development.js:12646
recursivelyTraversePassiveMountEffects @ react-dom-client.development.js:12627
commitPassiveMountOnFiber @ react-dom-client.development.js:12755
recursivelyTraversePassiveMountEffects @ react-dom-client.development.js:12627
commitPassiveMountOnFiber @ react-dom-client.development.js:12755
recursivelyTraversePassiveMountEffects @ react-dom-client.development.js:12627
commitPassiveMountOnFiber @ react-dom-client.development.js:12646
recursivelyTraversePassiveMountEffects @ react-dom-client.development.js:12627
commitPassiveMountOnFiber @ react-dom-client.development.js:12755
recursivelyTraversePassiveMountEffects @ react-dom-client.development.js:12627
commitPassiveMountOnFiber @ react-dom-client.development.js:12755
recursivelyTraversePassiveMountEffects @ react-dom-client.development.js:12627
commitPassiveMountOnFiber @ react-dom-client.development.js:12646
recursivelyTraversePassiveMountEffects @ react-dom-client.development.js:12627
commitPassiveMountOnFiber @ react-dom-client.development.js:12755
recursivelyTraversePassiveMountEffects @ react-dom-client.development.js:12627
commitPassiveMountOnFiber @ react-dom-client.development.js:12755
recursivelyTraversePassiveMountEffects @ react-dom-client.development.js:12627
commitPassiveMountOnFiber @ react-dom-client.development.js:12646
recursivelyTraversePassiveMountEffects @ react-dom-client.development.js:12627
commitPassiveMountOnFiber @ react-dom-client.development.js:12755
recursivelyTraversePassiveMountEffects @ react-dom-client.development.js:12627
commitPassiveMountOnFiber @ react-dom-client.development.js:12755
recursivelyTraversePassiveMountEffects @ react-dom-client.development.js:12627
commitPassiveMountOnFiber @ react-dom-client.development.js:12646
recursivelyTraversePassiveMountEffects @ react-dom-client.development.js:12627
commitPassiveMountOnFiber @ react-dom-client.development.js:12755
recursivelyTraversePassiveMountEffects @ react-dom-client.development.js:12627
commitPassiveMountOnFiber @ react-dom-client.development.js:12755
recursivelyTraversePassiveMountEffects @ react-dom-client.development.js:12627
commitPassiveMountOnFiber @ react-dom-client.development.js:12646
recursivelyTraversePassiveMountEffects @ react-dom-client.development.js:12627
commitPassiveMountOnFiber @ react-dom-client.development.js:12755
recursivelyTraversePassiveMountEffects @ react-dom-client.development.js:12627
commitPassiveMountOnFiber @ react-dom-client.development.js:12755
recursivelyTraversePassiveMountEffects @ react-dom-client.development.js:12627
commitPassiveMountOnFiber @ react-dom-client.development.js:12646
recursivelyTraversePassiveMountEffects @ react-dom-client.development.js:12627
commitPassiveMountOnFiber @ react-dom-client.development.js:12755
recursivelyTraversePassiveMountEffects @ react-dom-client.development.js:12627
commitPassiveMountOnFiber @ react-dom-client.development.js:12755
recursivelyTraversePassiveMountEffects @ react-dom-client.development.js:12627
commitPassiveMountOnFiber @ react-dom-client.development.js:12646
setTimeout
__webpack_modules__../src/platform/polyfills.web.ts.window.setImmediate @ polyfills.web.ts:5
schedulePerformWorkUntilDeadline @ scheduler.development.js:214
requestHostCallback @ scheduler.development.js:168
__webpack_modules__../node_modules/scheduler/cjs/scheduler.development.js.exports.unstable_scheduleCallback @ scheduler.development.js:344
scheduleTaskForRootDuringMicrotask @ react-dom-client.development.js:15909
processRootScheduleInMicrotask @ react-dom-client.development.js:15830
(anonymous) @ react-dom-client.development.js:15962
setTimeout
__webpack_modules__../src/platform/polyfills.web.ts.window.setImmediate @ polyfills.web.ts:5
schedulePerformWorkUntilDeadline @ scheduler.development.js:214
requestHostCallback @ scheduler.development.js:168
__webpack_modules__../node_modules/scheduler/cjs/scheduler.development.js.exports.unstable_scheduleCallback @ scheduler.development.js:344
scheduleTaskForRootDuringMicrotask @ react-dom-client.development.js:15909
processRootScheduleInMicrotask @ react-dom-client.development.js:15830
(anonymous) @ react-dom-client.development.js:15962Understand this error
console.ts:42 17:50:47 (logger) no geolocation, cannot apply mod authorities
console.ts:38 17:50:47 (logger) applying mod authorities
console.ts:38 17:50:47 (logger) deepLink:referrerReceived
console.ts:38 17:50:47 (metric) deepLink:referrerReceived
polyfills.web.ts:31 A query that was dehydrated as pending ended up rejecting. [["labelers-detailed-info",["did:plc:ar7c4by46qjdydhdevvrndac"]]]: Error: The server gave an invalid response and may be out of date.; The error will be redacted in production builds
overrideMethod @ hook.js:608
consoleErrorWrapper @ polyfills.web.ts:31
(anonymous) @ hydration.ts:99
Promise.catch
dehydrateQuery @ hydration.ts:91
(anonymous) @ hydration.ts:156
dehydrate @ hydration.ts:153
persistQueryClientSave @ persist.ts:122
(anonymous) @ persist.ts:140
(anonymous) @ queryCache.ts:203
(anonymous) @ queryCache.ts:202
batch @ notifyManager.ts:54
notify @ queryCache.ts:201
add @ queryCache.ts:137
build @ queryCache.ts:127
#updateQuery @ queryObserver.ts:695
setOptions @ queryObserver.ts:168
QueryObserver @ queryObserver.ts:92
(anonymous) @ useBaseQuery.ts:84
mountStateImpl @ react-dom-client.development.js:6355
mountState @ react-dom-client.development.js:6376
useState @ react-dom-client.development.js:22784
__webpack_modules__../node_modules/react/cjs/react.development.js.exports.useState @ react.development.js:1500
useBaseQuery @ useBaseQuery.ts:84
useQuery @ useQuery.ts:51
useServiceConfigQuery @ service-config.ts:17
Provider @ service-config.tsx:24
react-stack-bottom-frame @ react-dom-client.development.js:22428
renderWithHooks @ react-dom-client.development.js:5757
updateFunctionComponent @ react-dom-client.development.js:8018
beginWork @ react-dom-client.development.js:9683
runWithFiberInDEV @ react-dom-client.development.js:543
performUnitOfWork @ react-dom-client.development.js:15044
workLoopSync @ react-dom-client.development.js:14870
renderRootSync @ react-dom-client.development.js:14850
performWorkOnRoot @ react-dom-client.development.js:14334
performWorkOnRootViaSchedulerTask @ react-dom-client.development.js:15931
performWorkUntilDeadline @ scheduler.development.js:44
setTimeout
__webpack_modules__../src/platform/polyfills.web.ts.window.setImmediate @ polyfills.web.ts:5
schedulePerformWorkUntilDeadline @ scheduler.development.js:214
requestHostCallback @ scheduler.development.js:168
__webpack_modules__../node_modules/scheduler/cjs/scheduler.development.js.exports.unstable_scheduleCallback @ scheduler.development.js:344
scheduleTaskForRootDuringMicrotask @ react-dom-client.development.js:15909
processRootScheduleInMicrotask @ react-dom-client.development.js:15830
(anonymous) @ react-dom-client.development.js:15962
setTimeout
(anonymous) @ StatsigNetwork.js:132
__webpack_modules__../node_modules/statsig-js/dist/StatsigNetwork.js.StatsigNetwork.postWithTimeout @ StatsigNetwork.js:131
__webpack_modules__../node_modules/statsig-js/dist/StatsigNetwork.js.StatsigNetwork.fetchValues @ StatsigNetwork.js:107
(anonymous) @ StatsigClient.js:1095
step @ StatsigClient.js:44
(anonymous) @ StatsigClient.js:25
(anonymous) @ StatsigClient.js:19
__webpack_modules__../node_modules/statsig-js/dist/StatsigClient.js.__awaiter @ StatsigClient.js:15
__webpack_modules__../node_modules/statsig-js/dist/StatsigClient.js.StatsigClient.fetchAndSaveValues @ StatsigClient.js:1070
(anonymous) @ StatsigClient.js:677
step @ StatsigClient.js:44
(anonymous) @ StatsigClient.js:25
(anonymous) @ StatsigClient.js:19
__webpack_modules__../node_modules/statsig-js/dist/StatsigClient.js.__awaiter @ StatsigClient.js:15
(anonymous) @ StatsigClient.js:633
__webpack_modules__../node_modules/statsig-js/dist/ErrorBoundary.js.ErrorBoundary.capture @ ErrorBoundary.js:74
(anonymous) @ StatsigClient.js:633
step @ StatsigClient.js:44
(anonymous) @ StatsigClient.js:25
(anonymous) @ StatsigClient.js:19
__webpack_modules__../node_modules/statsig-js/dist/StatsigClient.js.__awaiter @ StatsigClient.js:15
__webpack_modules__../node_modules/statsig-js/dist/StatsigClient.js.StatsigClient.updateUser @ StatsigClient.js:629
(anonymous) @ Statsig.js:222
__webpack_modules__../node_modules/statsig-react/dist/Statsig.js.Statsig.capture @ Statsig.js:395
__webpack_modules__../node_modules/statsig-react/dist/Statsig.js.Statsig.updateUser @ Statsig.js:222
(anonymous) @ StatsigProvider.js:76
react-stack-bottom-frame @ react-dom-client.development.js:22509
runWithFiberInDEV @ react-dom-client.development.js:543
commitHookEffectListMount @ react-dom-client.development.js:10758
commitHookPassiveMountEffects @ react-dom-client.development.js:10878
commitPassiveMountOnFiber @ react-dom-client.development.js:12653
recursivelyTraversePassiveMountEffects @ react-dom-client.development.js:12627
commitPassiveMountOnFiber @ react-dom-client.development.js:12646
recursivelyTraversePassiveMountEffects @ react-dom-client.development.js:12627
commitPassiveMountOnFiber @ react-dom-client.development.js:12755
recursivelyTraversePassiveMountEffects @ react-dom-client.development.js:12627
commitPassiveMountOnFiber @ react-dom-client.development.js:12646
recursivelyTraversePassiveMountEffects @ react-dom-client.development.js:12627
commitPassiveMountOnFiber @ react-dom-client.development.js:12755
recursivelyTraversePassiveMountEffects @ react-dom-client.development.js:12627
commitPassiveMountOnFiber @ react-dom-client.development.js:12755
recursivelyTraversePassiveMountEffects @ react-dom-client.development.js:12627
commitPassiveMountOnFiber @ react-dom-client.development.js:12646
recursivelyTraversePassiveMountEffects @ react-dom-client.development.js:12627
commitPassiveMountOnFiber @ react-dom-client.development.js:12646
recursivelyTraversePassiveMountEffects @ react-dom-client.development.js:12627
commitPassiveMountOnFiber @ react-dom-client.development.js:12755
recursivelyTraversePassiveMountEffects @ react-dom-client.development.js:12627
commitPassiveMountOnFiber @ react-dom-client.development.js:12755
recursivelyTraversePassiveMountEffects @ react-dom-client.development.js:12627
commitPassiveMountOnFiber @ react-dom-client.development.js:12646
recursivelyTraversePassiveMountEffects @ react-dom-client.development.js:12627
commitPassiveMountOnFiber @ react-dom-client.development.js:12646
recursivelyTraversePassiveMountEffects @ react-dom-client.development.js:12627
commitPassiveMountOnFiber @ react-dom-client.development.js:12646
recursivelyTraversePassiveMountEffects @ react-dom-client.development.js:12627
commitPassiveMountOnFiber @ react-dom-client.development.js:12646
recursivelyTraversePassiveMountEffects @ react-dom-client.development.js:12627
commitPassiveMountOnFiber @ react-dom-client.development.js:12755
recursivelyTraversePassiveMountEffects @ react-dom-client.development.js:12627
commitPassiveMountOnFiber @ react-dom-client.development.js:12646
recursivelyTraversePassiveMountEffects @ react-dom-client.development.js:12627
commitPassiveMountOnFiber @ react-dom-client.development.js:12755
recursivelyTraversePassiveMountEffects @ react-dom-client.development.js:12627
commitPassiveMountOnFiber @ react-dom-client.development.js:12646
recursivelyTraversePassiveMountEffects @ react-dom-client.development.js:12627
commitPassiveMountOnFiber @ react-dom-client.development.js:12646
recursivelyTraversePassiveMountEffects @ react-dom-client.development.js:12627
commitPassiveMountOnFiber @ react-dom-client.development.js:12755
recursivelyTraversePassiveMountEffects @ react-dom-client.development.js:12627
commitPassiveMountOnFiber @ react-dom-client.development.js:12646
recursivelyTraversePassiveMountEffects @ react-dom-client.development.js:12627
commitPassiveMountOnFiber @ react-dom-client.development.js:12755
recursivelyTraversePassiveMountEffects @ react-dom-client.development.js:12627
commitPassiveMountOnFiber @ react-dom-client.development.js:12646
recursivelyTraversePassiveMountEffects @ react-dom-client.development.js:12627
commitPassiveMountOnFiber @ react-dom-client.development.js:12646
recursivelyTraversePassiveMountEffects @ react-dom-client.development.js:12627
commitPassiveMountOnFiber @ react-dom-client.development.js:12755
recursivelyTraversePassiveMountEffects @ react-dom-client.development.js:12627
commitPassiveMountOnFiber @ react-dom-client.development.js:12755
recursivelyTraversePassiveMountEffects @ react-dom-client.development.js:12627
commitPassiveMountOnFiber @ react-dom-client.development.js:12646
recursivelyTraversePassiveMountEffects @ react-dom-client.development.js:12627
commitPassiveMountOnFiber @ react-dom-client.development.js:12755
recursivelyTraversePassiveMountEffects @ react-dom-client.development.js:12627
commitPassiveMountOnFiber @ react-dom-client.development.js:12646
recursivelyTraversePassiveMountEffects @ react-dom-client.development.js:12627
commitPassiveMountOnFiber @ react-dom-client.development.js:12755
recursivelyTraversePassiveMountEffects @ react-dom-client.development.js:12627
commitPassiveMountOnFiber @ react-dom-client.development.js:12755
recursivelyTraversePassiveMountEffects @ react-dom-client.development.js:12627
commitPassiveMountOnFiber @ react-dom-client.development.js:12646
recursivelyTraversePassiveMountEffects @ react-dom-client.development.js:12627
commitPassiveMountOnFiber @ react-dom-client.development.js:12755
recursivelyTraversePassiveMountEffects @ react-dom-client.development.js:12627
commitPassiveMountOnFiber @ react-dom-client.development.js:12646
recursivelyTraversePassiveMountEffects @ react-dom-client.development.js:12627
commitPassiveMountOnFiber @ react-dom-client.development.js:12755
recursivelyTraversePassiveMountEffects @ react-dom-client.development.js:12627
commitPassiveMountOnFiber @ react-dom-client.development.js:12755
recursivelyTraversePassiveMountEffects @ react-dom-client.development.js:12627
commitPassiveMountOnFiber @ react-dom-client.development.js:12646
recursivelyTraversePassiveMountEffects @ react-dom-client.development.js:12627
commitPassiveMountOnFiber @ react-dom-client.development.js:12755
recursivelyTraversePassiveMountEffects @ react-dom-client.development.js:12627
commitPassiveMountOnFiber @ react-dom-client.development.js:12755
recursivelyTraversePassiveMountEffects @ react-dom-client.development.js:12627
commitPassiveMountOnFiber @ react-dom-client.development.js:12646
recursivelyTraversePassiveMountEffects @ react-dom-client.development.js:12627
commitPassiveMountOnFiber @ react-dom-client.development.js:12755
recursivelyTraversePassiveMountEffects @ react-dom-client.development.js:12627
commitPassiveMountOnFiber @ react-dom-client.development.js:12755
recursivelyTraversePassiveMountEffects @ react-dom-client.development.js:12627
commitPassiveMountOnFiber @ react-dom-client.development.js:12646
recursivelyTraversePassiveMountEffects @ react-dom-client.development.js:12627
commitPassiveMountOnFiber @ react-dom-client.development.js:12755
recursivelyTraversePassiveMountEffects @ react-dom-client.development.js:12627
commitPassiveMountOnFiber @ react-dom-client.development.js:12646
recursivelyTraversePassiveMountEffects @ react-dom-client.development.js:12627
commitPassiveMountOnFiber @ react-dom-client.development.js:12755
recursivelyTraversePassiveMountEffects @ react-dom-client.development.js:12627
commitPassiveMountOnFiber @ react-dom-client.development.js:12755
recursivelyTraversePassiveMountEffects @ react-dom-client.development.js:12627
commitPassiveMountOnFiber @ react-dom-client.development.js:12646
recursivelyTraversePassiveMountEffects @ react-dom-client.development.js:12627
commitPassiveMountOnFiber @ react-dom-client.development.js:12755
recursivelyTraversePassiveMountEffects @ react-dom-client.development.js:12627
commitPassiveMountOnFiber @ react-dom-client.development.js:12755
recursivelyTraversePassiveMountEffects @ react-dom-client.development.js:12627
commitPassiveMountOnFiber @ react-dom-client.development.js:12646
recursivelyTraversePassiveMountEffects @ react-dom-client.development.js:12627
commitPassiveMountOnFiber @ react-dom-client.development.js:12755
recursivelyTraversePassiveMountEffects @ react-dom-client.development.js:12627
commitPassiveMountOnFiber @ react-dom-client.development.js:12755
recursivelyTraversePassiveMountEffects @ react-dom-client.development.js:12627
commitPassiveMountOnFiber @ react-dom-client.development.js:12646
recursivelyTraversePassiveMountEffects @ react-dom-client.development.js:12627
commitPassiveMountOnFiber @ react-dom-client.development.js:12755
recursivelyTraversePassiveMountEffects @ react-dom-client.development.js:12627
commitPassiveMountOnFiber @ react-dom-client.development.js:12755
recursivelyTraversePassiveMountEffects @ react-dom-client.development.js:12627
commitPassiveMountOnFiber @ react-dom-client.development.js:12646
recursivelyTraversePassiveMountEffects @ react-dom-client.development.js:12627
commitPassiveMountOnFiber @ react-dom-client.development.js:12755
recursivelyTraversePassiveMountEffects @ react-dom-client.development.js:12627
commitPassiveMountOnFiber @ react-dom-client.development.js:12755
recursivelyTraversePassiveMountEffects @ react-dom-client.development.js:12627
commitPassiveMountOnFiber @ react-dom-client.development.js:12646
recursivelyTraversePassiveMountEffects @ react-dom-client.development.js:12627
commitPassiveMountOnFiber @ react-dom-client.development.js:12755
recursivelyTraversePassiveMountEffects @ react-dom-client.development.js:12627
commitPassiveMountOnFiber @ react-dom-client.development.js:12646
recursivelyTraversePassiveMountEffects @ react-dom-client.development.js:12627
commitPassiveMountOnFiber @ react-dom-client.development.js:12646
recursivelyTraversePassiveMountEffects @ react-dom-client.development.js:12627
commitPassiveMountOnFiber @ react-dom-client.development.js:12755
recursivelyTraversePassiveMountEffects @ react-dom-client.development.js:12627
commitPassiveMountOnFiber @ react-dom-client.development.js:12646
recursivelyTraversePassiveMountEffects @ react-dom-client.development.js:12627
commitPassiveMountOnFiber @ react-dom-client.development.js:12646
recursivelyTraversePassiveMountEffects @ react-dom-client.development.js:12627
commitPassiveMountOnFiber @ react-dom-client.development.js:12755
recursivelyTraversePassiveMountEffects @ react-dom-client.development.js:12627
commitPassiveMountOnFiber @ react-dom-client.development.js:12646
recursivelyTraversePassiveMountEffects @ react-dom-client.development.js:12627
commitPassiveMountOnFiber @ react-dom-client.development.js:12755
recursivelyTraversePassiveMountEffects @ react-dom-client.development.js:12627
commitPassiveMountOnFiber @ react-dom-client.development.js:12755
recursivelyTraversePassiveMountEffects @ react-dom-client.development.js:12627
commitPassiveMountOnFiber @ react-dom-client.development.js:12646
recursivelyTraversePassiveMountEffects @ react-dom-client.development.js:12627
commitPassiveMountOnFiber @ react-dom-client.development.js:12755
recursivelyTraversePassiveMountEffects @ react-dom-client.development.js:12627
commitPassiveMountOnFiber @ react-dom-client.development.js:12755
recursivelyTraversePassiveMountEffects @ react-dom-client.development.js:12627
commitPassiveMountOnFiber @ react-dom-client.development.js:12646
recursivelyTraversePassiveMountEffects @ react-dom-client.development.js:12627
commitPassiveMountOnFiber @ react-dom-client.development.js:12755
recursivelyTraversePassiveMountEffects @ react-dom-client.development.js:12627
commitPassiveMountOnFiber @ react-dom-client.development.js:12755
recursivelyTraversePassiveMountEffects @ react-dom-client.development.js:12627
commitPassiveMountOnFiber @ react-dom-client.development.js:12646
recursivelyTraversePassiveMountEffects @ react-dom-client.development.js:12627
commitPassiveMountOnFiber @ react-dom-client.development.js:12755
recursivelyTraversePassiveMountEffects @ react-dom-client.development.js:12627
commitPassiveMountOnFiber @ react-dom-client.development.js:12755
recursivelyTraversePassiveMountEffects @ react-dom-client.development.js:12627
commitPassiveMountOnFiber @ react-dom-client.development.js:12646
recursivelyTraversePassiveMountEffects @ react-dom-client.development.js:12627
commitPassiveMountOnFiber @ react-dom-client.development.js:12755
recursivelyTraversePassiveMountEffects @ react-dom-client.development.js:12627
commitPassiveMountOnFiber @ react-dom-client.development.js:12755
recursivelyTraversePassiveMountEffects @ react-dom-client.development.js:12627
commitPassiveMountOnFiber @ react-dom-client.development.js:12646
recursivelyTraversePassiveMountEffects @ react-dom-client.development.js:12627
commitPassiveMountOnFiber @ react-dom-client.development.js:12755
recursivelyTraversePassiveMountEffects @ react-dom-client.development.js:12627
commitPassiveMountOnFiber @ react-dom-client.development.js:12755
recursivelyTraversePassiveMountEffects @ react-dom-client.development.js:12627
setTimeout
__webpack_modules__../src/platform/polyfills.web.ts.window.setImmediate @ polyfills.web.ts:5
schedulePerformWorkUntilDeadline @ scheduler.development.js:214
requestHostCallback @ scheduler.development.js:168
__webpack_modules__../node_modules/scheduler/cjs/scheduler.development.js.exports.unstable_scheduleCallback @ scheduler.development.js:344
scheduleTaskForRootDuringMicrotask @ react-dom-client.development.js:15909
processRootScheduleInMicrotask @ react-dom-client.development.js:15830
(anonymous) @ react-dom-client.development.js:15962
setTimeout
__webpack_modules__../src/platform/polyfills.web.ts.window.setImmediate @ polyfills.web.ts:5
schedulePerformWorkUntilDeadline @ scheduler.development.js:214
requestHostCallback @ scheduler.development.js:168
__webpack_modules__../node_modules/scheduler/cjs/scheduler.development.js.exports.unstable_scheduleCallback @ scheduler.development.js:344
scheduleCallback$1 @ react-dom-client.development.js:15745
commitRootImpl @ react-dom-client.development.js:15323
commitRoot @ react-dom-client.development.js:15251
commitRootWhenReady @ react-dom-client.development.js:14570
performWorkOnRoot @ react-dom-client.development.js:14494
performSyncWorkOnRoot @ react-dom-client.development.js:15946
flushSyncWorkAcrossRoots_impl @ react-dom-client.development.js:15807
flushSyncWork$1 @ react-dom-client.development.js:14640
scheduleRefresh @ react-dom-client.development.js:112
p.scheduleRefresh @ renderer.js:994
(anonymous) @ react-refresh-runtime.development.js:265
performReactRefresh @ react-refresh-runtime.development.js:254
(anonymous) @ RefreshUtils.js:100
setTimeout
enqueueUpdate @ RefreshUtils.js:98
executeRuntime @ RefreshUtils.js:259
$ReactRefreshModuleRuntime$ @ Arrow.tsx:21
./src/components/icons/Arrow.tsx @ Arrow.tsx:21
options.factory @ react refresh:37
__webpack_require__ @ bootstrap:22
fn @ hot module replacement:61
hotRequire @ react refresh:20
./src/components/Layout/Header/index.tsx @ KnownFollowers.tsx:260
options.factory @ react refresh:37
__webpack_require__ @ bootstrap:22
fn @ hot module replacement:61
hotRequire @ react refresh:20
./src/components/Layout/index.tsx @ context.ts:5
options.factory @ react refresh:37
__webpack_require__ @ bootstrap:22
fn @ hot module replacement:61
hotRequire @ react refresh:20
./src/alf/atoms.ts @ Navigation.web.tsx:34
options.factory @ react refresh:37
__webpack_require__ @ bootstrap:22
fn @ hot module replacement:61
hotRequire @ react refresh:20
./src/alf/themes.ts @ index.tsx:145
options.factory @ react refresh:37
__webpack_require__ @ bootstrap:22
fn @ hot module replacement:61
hotRequire @ react refresh:20
./src/alf/index.tsx @ fonts.ts:104
options.factory @ react refresh:37
__webpack_require__ @ bootstrap:22
fn @ hot module replacement:61
hotRequire @ react refresh:20
./src/components/Dialog/index.web.tsx @ context.ts:60
options.factory @ react refresh:37
__webpack_require__ @ bootstrap:22
fn @ hot module replacement:61
hotRequire @ react refresh:20
./src/components/dialogs/Context.tsx @ AnimatedCheck.tsx:96
options.factory @ react refresh:37
__webpack_require__ @ bootstrap:22
fn @ hot module replacement:61
hotRequire @ react refresh:20
./src/state/dialogs/index.tsx @ types.ts:7
options.factory @ react refresh:37
__webpack_require__ @ bootstrap:22
fn @ hot module replacement:61
hotRequire @ react refresh:20
./src/state/util.ts @ userActionHistory.ts:84
options.factory @ react refresh:37
__webpack_require__ @ bootstrap:22
fn @ hot module replacement:61
hotRequire @ react refresh:20
./src/state/session/index.tsx @ agent.ts:311
options.factory @ react refresh:37
__webpack_require__ @ bootstrap:22
fn @ hot module replacement:61
hotRequire @ react refresh:20
./src/lib/statsig/statsig.tsx @ main.8b93f40f79d401715aa2.hot-update.js:33
options.factory @ react refresh:37
__webpack_require__ @ bootstrap:22
fn @ hot module replacement:61
hotRequire @ react refresh:20
./src/App.web.tsx @ types.js:3693
options.factory @ react refresh:37
__webpack_require__ @ bootstrap:22
_requireSelf @ hot module replacement:101
onAccepted @ jsonp chunk loading:446
Promise.then
apply @ jsonp chunk loading:485
(anonymous) @ hot module replacement:370
internalApply @ hot module replacement:369
(anonymous) @ hot module replacement:277
waitForBlockingPromises @ hot module replacement:232
(anonymous) @ hot module replacement:275
Promise.then
(anonymous) @ hot module replacement:274
Promise.then
(anonymous) @ hot module replacement:255
Promise.then
hotCheck @ hot module replacement:246
check @ dev-server.js:15
(anonymous) @ dev-server.js:69
emit @ events.js:153
reloadApp @ reloadApp.js:38
warnings @ index.js:274
(anonymous) @ socket.js:62
client.onmessage @ WebSocketClient.js:45Understand this error
polyfills.web.ts:31 A query that was dehydrated as pending ended up rejecting. [["labelers-detailed-info",["did:plc:ar7c4by46qjdydhdevvrndac"]]]: Error: The server gave an invalid response and may be out of date.; The error will be redacted in production builds
overrideMethod @ hook.js:608
consoleErrorWrapper @ polyfills.web.ts:31
(anonymous) @ hydration.ts:99
Promise.catch
dehydrateQuery @ hydration.ts:91
(anonymous) @ hydration.ts:156
dehydrate @ hydration.ts:153
persistQueryClientSave @ persist.ts:122
(anonymous) @ persist.ts:140
(anonymous) @ queryCache.ts:203
(anonymous) @ queryCache.ts:202
batch @ notifyManager.ts:54
notify @ queryCache.ts:201
add @ queryCache.ts:137
build @ queryCache.ts:127
#updateQuery @ queryObserver.ts:695
setOptions @ queryObserver.ts:168
QueryObserver @ queryObserver.ts:92
(anonymous) @ useBaseQuery.ts:84
mountStateImpl @ react-dom-client.development.js:6355
mountState @ react-dom-client.development.js:6376
useState @ react-dom-client.development.js:22784
__webpack_modules__../node_modules/react/cjs/react.development.js.exports.useState @ react.development.js:1500
useBaseQuery @ useBaseQuery.ts:84
useQuery @ useQuery.ts:51
useProfileQuery @ profile.ts:86
useEmail @ useEmail.ts:12
useRequireEmailVerification @ useRequireEmailVerification.tsx:15
useOpenComposer @ useOpenComposer.tsx:9
useComposerKeyboardShortcut @ useComposerKeyboardShortcut.tsx:42
ShellInner @ index.web.tsx:59
react-stack-bottom-frame @ react-dom-client.development.js:22428
renderWithHooks @ react-dom-client.development.js:5757
updateFunctionComponent @ react-dom-client.development.js:8018
beginWork @ react-dom-client.development.js:9683
runWithFiberInDEV @ react-dom-client.development.js:543
performUnitOfWork @ react-dom-client.development.js:15044
workLoopSync @ react-dom-client.development.js:14870
renderRootSync @ react-dom-client.development.js:14850
performWorkOnRoot @ react-dom-client.development.js:14334
performWorkOnRootViaSchedulerTask @ react-dom-client.development.js:15931
performWorkUntilDeadline @ scheduler.development.js:44
setTimeout
__webpack_modules__../src/platform/polyfills.web.ts.window.setImmediate @ polyfills.web.ts:5
schedulePerformWorkUntilDeadline @ scheduler.development.js:214
requestHostCallback @ scheduler.development.js:168
__webpack_modules__../node_modules/scheduler/cjs/scheduler.development.js.exports.unstable_scheduleCallback @ scheduler.development.js:344
scheduleTaskForRootDuringMicrotask @ react-dom-client.development.js:15909
processRootScheduleInMicrotask @ react-dom-client.development.js:15830
(anonymous) @ react-dom-client.development.js:15962
setTimeout
(anonymous) @ StatsigNetwork.js:132
__webpack_modules__../node_modules/statsig-js/dist/StatsigNetwork.js.StatsigNetwork.postWithTimeout @ StatsigNetwork.js:131
__webpack_modules__../node_modules/statsig-js/dist/StatsigNetwork.js.StatsigNetwork.fetchValues @ StatsigNetwork.js:107
(anonymous) @ StatsigClient.js:1095
step @ StatsigClient.js:44
(anonymous) @ StatsigClient.js:25
(anonymous) @ StatsigClient.js:19
__webpack_modules__../node_modules/statsig-js/dist/StatsigClient.js.__awaiter @ StatsigClient.js:15
__webpack_modules__../node_modules/statsig-js/dist/StatsigClient.js.StatsigClient.fetchAndSaveValues @ StatsigClient.js:1070
(anonymous) @ StatsigClient.js:677
step @ StatsigClient.js:44
(anonymous) @ StatsigClient.js:25
(anonymous) @ StatsigClient.js:19
__webpack_modules__../node_modules/statsig-js/dist/StatsigClient.js.__awaiter @ StatsigClient.js:15
(anonymous) @ StatsigClient.js:633
__webpack_modules__../node_modules/statsig-js/dist/ErrorBoundary.js.ErrorBoundary.capture @ ErrorBoundary.js:74
(anonymous) @ StatsigClient.js:633
step @ StatsigClient.js:44
(anonymous) @ StatsigClient.js:25
(anonymous) @ StatsigClient.js:19
__webpack_modules__../node_modules/statsig-js/dist/StatsigClient.js.__awaiter @ StatsigClient.js:15
__webpack_modules__../node_modules/statsig-js/dist/StatsigClient.js.StatsigClient.updateUser @ StatsigClient.js:629
(anonymous) @ Statsig.js:222
__webpack_modules__../node_modules/statsig-react/dist/Statsig.js.Statsig.capture @ Statsig.js:395
__webpack_modules__../node_modules/statsig-react/dist/Statsig.js.Statsig.updateUser @ Statsig.js:222
(anonymous) @ StatsigProvider.js:76
react-stack-bottom-frame @ react-dom-client.development.js:22509
runWithFiberInDEV @ react-dom-client.development.js:543
commitHookEffectListMount @ react-dom-client.development.js:10758
commitHookPassiveMountEffects @ react-dom-client.development.js:10878
commitPassiveMountOnFiber @ react-dom-client.development.js:12653
recursivelyTraversePassiveMountEffects @ react-dom-client.development.js:12627
commitPassiveMountOnFiber @ react-dom-client.development.js:12646
recursivelyTraversePassiveMountEffects @ react-dom-client.development.js:12627
commitPassiveMountOnFiber @ react-dom-client.development.js:12755
recursivelyTraversePassiveMountEffects @ react-dom-client.development.js:12627
commitPassiveMountOnFiber @ react-dom-client.development.js:12646
recursivelyTraversePassiveMountEffects @ react-dom-client.development.js:12627
commitPassiveMountOnFiber @ react-dom-client.development.js:12755
recursivelyTraversePassiveMountEffects @ react-dom-client.development.js:12627
commitPassiveMountOnFiber @ react-dom-client.development.js:12755
recursivelyTraversePassiveMountEffects @ react-dom-client.development.js:12627
commitPassiveMountOnFiber @ react-dom-client.development.js:12646
recursivelyTraversePassiveMountEffects @ react-dom-client.development.js:12627
commitPassiveMountOnFiber @ react-dom-client.development.js:12646
recursivelyTraversePassiveMountEffects @ react-dom-client.development.js:12627
commitPassiveMountOnFiber @ react-dom-client.development.js:12755
recursivelyTraversePassiveMountEffects @ react-dom-client.development.js:12627
commitPassiveMountOnFiber @ react-dom-client.development.js:12755
recursivelyTraversePassiveMountEffects @ react-dom-client.development.js:12627
commitPassiveMountOnFiber @ react-dom-client.development.js:12646
recursivelyTraversePassiveMountEffects @ react-dom-client.development.js:12627
commitPassiveMountOnFiber @ react-dom-client.development.js:12646
recursivelyTraversePassiveMountEffects @ react-dom-client.development.js:12627
commitPassiveMountOnFiber @ react-dom-client.development.js:12646
recursivelyTraversePassiveMountEffects @ react-dom-client.development.js:12627
commitPassiveMountOnFiber @ react-dom-client.development.js:12646
recursivelyTraversePassiveMountEffects @ react-dom-client.development.js:12627
commitPassiveMountOnFiber @ react-dom-client.development.js:12755
recursivelyTraversePassiveMountEffects @ react-dom-client.development.js:12627
commitPassiveMountOnFiber @ react-dom-client.development.js:12646
recursivelyTraversePassiveMountEffects @ react-dom-client.development.js:12627
commitPassiveMountOnFiber @ react-dom-client.development.js:12755
recursivelyTraversePassiveMountEffects @ react-dom-client.development.js:12627
commitPassiveMountOnFiber @ react-dom-client.development.js:12646
recursivelyTraversePassiveMountEffects @ react-dom-client.development.js:12627
commitPassiveMountOnFiber @ react-dom-client.development.js:12646
recursivelyTraversePassiveMountEffects @ react-dom-client.development.js:12627
commitPassiveMountOnFiber @ react-dom-client.development.js:12755
recursivelyTraversePassiveMountEffects @ react-dom-client.development.js:12627
commitPassiveMountOnFiber @ react-dom-client.development.js:12646
recursivelyTraversePassiveMountEffects @ react-dom-client.development.js:12627
commitPassiveMountOnFiber @ react-dom-client.development.js:12755
recursivelyTraversePassiveMountEffects @ react-dom-client.development.js:12627
commitPassiveMountOnFiber @ react-dom-client.development.js:12646
recursivelyTraversePassiveMountEffects @ react-dom-client.development.js:12627
commitPassiveMountOnFiber @ react-dom-client.development.js:12646
recursivelyTraversePassiveMountEffects @ react-dom-client.development.js:12627
commitPassiveMountOnFiber @ react-dom-client.development.js:12755
recursivelyTraversePassiveMountEffects @ react-dom-client.development.js:12627
commitPassiveMountOnFiber @ react-dom-client.development.js:12755
recursivelyTraversePassiveMountEffects @ react-dom-client.development.js:12627
commitPassiveMountOnFiber @ react-dom-client.development.js:12646
recursivelyTraversePassiveMountEffects @ react-dom-client.development.js:12627
commitPassiveMountOnFiber @ react-dom-client.development.js:12755
recursivelyTraversePassiveMountEffects @ react-dom-client.development.js:12627
commitPassiveMountOnFiber @ react-dom-client.development.js:12646
recursivelyTraversePassiveMountEffects @ react-dom-client.development.js:12627
commitPassiveMountOnFiber @ react-dom-client.development.js:12755
recursivelyTraversePassiveMountEffects @ react-dom-client.development.js:12627
commitPassiveMountOnFiber @ react-dom-client.development.js:12755
recursivelyTraversePassiveMountEffects @ react-dom-client.development.js:12627
commitPassiveMountOnFiber @ react-dom-client.development.js:12646
recursivelyTraversePassiveMountEffects @ react-dom-client.development.js:12627
commitPassiveMountOnFiber @ react-dom-client.development.js:12755
recursivelyTraversePassiveMountEffects @ react-dom-client.development.js:12627
commitPassiveMountOnFiber @ react-dom-client.development.js:12646
recursivelyTraversePassiveMountEffects @ react-dom-client.development.js:12627
commitPassiveMountOnFiber @ react-dom-client.development.js:12755
recursivelyTraversePassiveMountEffects @ react-dom-client.development.js:12627
commitPassiveMountOnFiber @ react-dom-client.development.js:12755
recursivelyTraversePassiveMountEffects @ react-dom-client.development.js:12627
commitPassiveMountOnFiber @ react-dom-client.development.js:12646
recursivelyTraversePassiveMountEffects @ react-dom-client.development.js:12627
commitPassiveMountOnFiber @ react-dom-client.development.js:12755
recursivelyTraversePassiveMountEffects @ react-dom-client.development.js:12627
commitPassiveMountOnFiber @ react-dom-client.development.js:12755
recursivelyTraversePassiveMountEffects @ react-dom-client.development.js:12627
commitPassiveMountOnFiber @ react-dom-client.development.js:12646
recursivelyTraversePassiveMountEffects @ react-dom-client.development.js:12627
commitPassiveMountOnFiber @ react-dom-client.development.js:12755
recursivelyTraversePassiveMountEffects @ react-dom-client.development.js:12627
commitPassiveMountOnFiber @ react-dom-client.development.js:12755
recursivelyTraversePassiveMountEffects @ react-dom-client.development.js:12627
commitPassiveMountOnFiber @ react-dom-client.development.js:12646
recursivelyTraversePassiveMountEffects @ react-dom-client.development.js:12627
commitPassiveMountOnFiber @ react-dom-client.development.js:12755
recursivelyTraversePassiveMountEffects @ react-dom-client.development.js:12627
commitPassiveMountOnFiber @ react-dom-client.development.js:12646
recursivelyTraversePassiveMountEffects @ react-dom-client.development.js:12627
commitPassiveMountOnFiber @ react-dom-client.development.js:12755
recursivelyTraversePassiveMountEffects @ react-dom-client.development.js:12627
commitPassiveMountOnFiber @ react-dom-client.development.js:12755
recursivelyTraversePassiveMountEffects @ react-dom-client.development.js:12627
commitPassiveMountOnFiber @ react-dom-client.development.js:12646
recursivelyTraversePassiveMountEffects @ react-dom-client.development.js:12627
commitPassiveMountOnFiber @ react-dom-client.development.js:12755
recursivelyTraversePassiveMountEffects @ react-dom-client.development.js:12627
commitPassiveMountOnFiber @ react-dom-client.development.js:12755
recursivelyTraversePassiveMountEffects @ react-dom-client.development.js:12627
commitPassiveMountOnFiber @ react-dom-client.development.js:12646
recursivelyTraversePassiveMountEffects @ react-dom-client.development.js:12627
commitPassiveMountOnFiber @ react-dom-client.development.js:12755
recursivelyTraversePassiveMountEffects @ react-dom-client.development.js:12627
commitPassiveMountOnFiber @ react-dom-client.development.js:12755
recursivelyTraversePassiveMountEffects @ react-dom-client.development.js:12627
commitPassiveMountOnFiber @ react-dom-client.development.js:12646
recursivelyTraversePassiveMountEffects @ react-dom-client.development.js:12627
commitPassiveMountOnFiber @ react-dom-client.development.js:12755
recursivelyTraversePassiveMountEffects @ react-dom-client.development.js:12627
commitPassiveMountOnFiber @ react-dom-client.development.js:12755
recursivelyTraversePassiveMountEffects @ react-dom-client.development.js:12627
commitPassiveMountOnFiber @ react-dom-client.development.js:12646
recursivelyTraversePassiveMountEffects @ react-dom-client.development.js:12627
commitPassiveMountOnFiber @ react-dom-client.development.js:12755
recursivelyTraversePassiveMountEffects @ react-dom-client.development.js:12627
commitPassiveMountOnFiber @ react-dom-client.development.js:12755
recursivelyTraversePassiveMountEffects @ react-dom-client.development.js:12627
commitPassiveMountOnFiber @ react-dom-client.development.js:12646
recursivelyTraversePassiveMountEffects @ react-dom-client.development.js:12627
commitPassiveMountOnFiber @ react-dom-client.development.js:12755
recursivelyTraversePassiveMountEffects @ react-dom-client.development.js:12627
commitPassiveMountOnFiber @ react-dom-client.development.js:12646
recursivelyTraversePassiveMountEffects @ react-dom-client.development.js:12627
commitPassiveMountOnFiber @ react-dom-client.development.js:12646
recursivelyTraversePassiveMountEffects @ react-dom-client.development.js:12627
commitPassiveMountOnFiber @ react-dom-client.development.js:12755
recursivelyTraversePassiveMountEffects @ react-dom-client.development.js:12627
commitPassiveMountOnFiber @ react-dom-client.development.js:12646
recursivelyTraversePassiveMountEffects @ react-dom-client.development.js:12627
commitPassiveMountOnFiber @ react-dom-client.development.js:12646
recursivelyTraversePassiveMountEffects @ react-dom-client.development.js:12627
commitPassiveMountOnFiber @ react-dom-client.development.js:12755
recursivelyTraversePassiveMountEffects @ react-dom-client.development.js:12627
commitPassiveMountOnFiber @ react-dom-client.development.js:12646
recursivelyTraversePassiveMountEffects @ react-dom-client.development.js:12627
commitPassiveMountOnFiber @ react-dom-client.development.js:12755
recursivelyTraversePassiveMountEffects @ react-dom-client.development.js:12627
commitPassiveMountOnFiber @ react-dom-client.development.js:12755
recursivelyTraversePassiveMountEffects @ react-dom-client.development.js:12627
commitPassiveMountOnFiber @ react-dom-client.development.js:12646
recursivelyTraversePassiveMountEffects @ react-dom-client.development.js:12627
commitPassiveMountOnFiber @ react-dom-client.development.js:12755
recursivelyTraversePassiveMountEffects @ react-dom-client.development.js:12627
commitPassiveMountOnFiber @ react-dom-client.development.js:12755
recursivelyTraversePassiveMountEffects @ react-dom-client.development.js:12627
commitPassiveMountOnFiber @ react-dom-client.development.js:12646
recursivelyTraversePassiveMountEffects @ react-dom-client.development.js:12627
commitPassiveMountOnFiber @ react-dom-client.development.js:12755
recursivelyTraversePassiveMountEffects @ react-dom-client.development.js:12627
commitPassiveMountOnFiber @ react-dom-client.development.js:12755
recursivelyTraversePassiveMountEffects @ react-dom-client.development.js:12627
commitPassiveMountOnFiber @ react-dom-client.development.js:12646
recursivelyTraversePassiveMountEffects @ react-dom-client.development.js:12627
commitPassiveMountOnFiber @ react-dom-client.development.js:12755
recursivelyTraversePassiveMountEffects @ react-dom-client.development.js:12627
commitPassiveMountOnFiber @ react-dom-client.development.js:12755
recursivelyTraversePassiveMountEffects @ react-dom-client.development.js:12627
commitPassiveMountOnFiber @ react-dom-client.development.js:12646
recursivelyTraversePassiveMountEffects @ react-dom-client.development.js:12627
commitPassiveMountOnFiber @ react-dom-client.development.js:12755
recursivelyTraversePassiveMountEffects @ react-dom-client.development.js:12627
commitPassiveMountOnFiber @ react-dom-client.development.js:12755
recursivelyTraversePassiveMountEffects @ react-dom-client.development.js:12627
commitPassiveMountOnFiber @ react-dom-client.development.js:12646
recursivelyTraversePassiveMountEffects @ react-dom-client.development.js:12627
commitPassiveMountOnFiber @ react-dom-client.development.js:12755
recursivelyTraversePassiveMountEffects @ react-dom-client.development.js:12627
commitPassiveMountOnFiber @ react-dom-client.development.js:12755
recursivelyTraversePassiveMountEffects @ react-dom-client.development.js:12627
setTimeout
__webpack_modules__../src/platform/polyfills.web.ts.window.setImmediate @ polyfills.web.ts:5
schedulePerformWorkUntilDeadline @ scheduler.development.js:214
requestHostCallback @ scheduler.development.js:168
__webpack_modules__../node_modules/scheduler/cjs/scheduler.development.js.exports.unstable_scheduleCallback @ scheduler.development.js:344
scheduleTaskForRootDuringMicrotask @ react-dom-client.development.js:15909
processRootScheduleInMicrotask @ react-dom-client.development.js:15830
(anonymous) @ react-dom-client.development.js:15962
setTimeout
__webpack_modules__../src/platform/polyfills.web.ts.window.setImmediate @ polyfills.web.ts:5
schedulePerformWorkUntilDeadline @ scheduler.development.js:214
requestHostCallback @ scheduler.development.js:168
__webpack_modules__../node_modules/scheduler/cjs/scheduler.development.js.exports.unstable_scheduleCallback @ scheduler.development.js:344
scheduleCallback$1 @ react-dom-client.development.js:15745
commitRootImpl @ react-dom-client.development.js:15323
commitRoot @ react-dom-client.development.js:15251
commitRootWhenReady @ react-dom-client.development.js:14570
performWorkOnRoot @ react-dom-client.development.js:14494
performSyncWorkOnRoot @ react-dom-client.development.js:15946
flushSyncWorkAcrossRoots_impl @ react-dom-client.development.js:15807
flushSyncWork$1 @ react-dom-client.development.js:14640
scheduleRefresh @ react-dom-client.development.js:112
p.scheduleRefresh @ renderer.js:994
(anonymous) @ react-refresh-runtime.development.js:265
performReactRefresh @ react-refresh-runtime.development.js:254
(anonymous) @ RefreshUtils.js:100
setTimeout
enqueueUpdate @ RefreshUtils.js:98
executeRuntime @ RefreshUtils.js:259
$ReactRefreshModuleRuntime$ @ Arrow.tsx:21
./src/components/icons/Arrow.tsx @ Arrow.tsx:21
options.factory @ react refresh:37
__webpack_require__ @ bootstrap:22
fn @ hot module replacement:61
hotRequire @ react refresh:20
./src/components/Layout/Header/index.tsx @ KnownFollowers.tsx:260
options.factory @ react refresh:37
__webpack_require__ @ bootstrap:22
fn @ hot module replacement:61
hotRequire @ react refresh:20
./src/components/Layout/index.tsx @ context.ts:5
options.factory @ react refresh:37
__webpack_require__ @ bootstrap:22
fn @ hot module replacement:61
hotRequire @ react refresh:20
./src/alf/atoms.ts @ Navigation.web.tsx:34
options.factory @ react refresh:37
__webpack_require__ @ bootstrap:22
fn @ hot module replacement:61
hotRequire @ react refresh:20
./src/alf/themes.ts @ index.tsx:145
options.factory @ react refresh:37
__webpack_require__ @ bootstrap:22
fn @ hot module replacement:61
hotRequire @ react refresh:20
./src/alf/index.tsx @ fonts.ts:104
options.factory @ react refresh:37
__webpack_require__ @ bootstrap:22
fn @ hot module replacement:61
hotRequire @ react refresh:20
./src/components/Dialog/index.web.tsx @ context.ts:60
options.factory @ react refresh:37
__webpack_require__ @ bootstrap:22
fn @ hot module replacement:61
hotRequire @ react refresh:20
./src/components/dialogs/Context.tsx @ AnimatedCheck.tsx:96
options.factory @ react refresh:37
__webpack_require__ @ bootstrap:22
fn @ hot module replacement:61
hotRequire @ react refresh:20
./src/state/dialogs/index.tsx @ types.ts:7
options.factory @ react refresh:37
__webpack_require__ @ bootstrap:22
fn @ hot module replacement:61
hotRequire @ react refresh:20
./src/state/util.ts @ userActionHistory.ts:84
options.factory @ react refresh:37
__webpack_require__ @ bootstrap:22
fn @ hot module replacement:61
hotRequire @ react refresh:20
./src/state/session/index.tsx @ agent.ts:311
options.factory @ react refresh:37
__webpack_require__ @ bootstrap:22
fn @ hot module replacement:61
hotRequire @ react refresh:20
./src/lib/statsig/statsig.tsx @ main.8b93f40f79d401715aa2.hot-update.js:33
options.factory @ react refresh:37
__webpack_require__ @ bootstrap:22
fn @ hot module replacement:61
hotRequire @ react refresh:20
./src/App.web.tsx @ types.js:3693
options.factory @ react refresh:37
__webpack_require__ @ bootstrap:22
_requireSelf @ hot module replacement:101
onAccepted @ jsonp chunk loading:446
Promise.then
apply @ jsonp chunk loading:485
(anonymous) @ hot module replacement:370
internalApply @ hot module replacement:369
(anonymous) @ hot module replacement:277
waitForBlockingPromises @ hot module replacement:232
(anonymous) @ hot module replacement:275
Promise.then
(anonymous) @ hot module replacement:274
Promise.then
(anonymous) @ hot module replacement:255
Promise.then
hotCheck @ hot module replacement:246
check @ dev-server.js:15
(anonymous) @ dev-server.js:69
emit @ events.js:153
reloadApp @ reloadApp.js:38
warnings @ index.js:274
(anonymous) @ socket.js:62
client.onmessage @ WebSocketClient.js:45Understand this error
polyfills.web.ts:31 A query that was dehydrated as pending ended up rejecting. [["labelers-detailed-info",["did:plc:ar7c4by46qjdydhdevvrndac"]]]: Error: The server gave an invalid response and may be out of date.; The error will be redacted in production builds
overrideMethod @ hook.js:608
consoleErrorWrapper @ polyfills.web.ts:31
(anonymous) @ hydration.ts:99
Promise.catch
dehydrateQuery @ hydration.ts:91
(anonymous) @ hydration.ts:156
dehydrate @ hydration.ts:153
persistQueryClientSave @ persist.ts:122
(anonymous) @ persist.ts:140
(anonymous) @ queryCache.ts:203
(anonymous) @ queryCache.ts:202
batch @ notifyManager.ts:54
notify @ queryCache.ts:201
add @ queryCache.ts:137
build @ queryCache.ts:127
#updateQuery @ queryObserver.ts:695
setOptions @ queryObserver.ts:168
QueryObserver @ queryObserver.ts:92
(anonymous) @ useBaseQuery.ts:84
mountStateImpl @ react-dom-client.development.js:6355
mountState @ react-dom-client.development.js:6376
useState @ react-dom-client.development.js:22784
__webpack_modules__../node_modules/react/cjs/react.development.js.exports.useState @ react.development.js:1500
useBaseQuery @ useBaseQuery.ts:84
useQuery @ useQuery.ts:51
useAccountEmailState @ useAccountEmailState.ts:31
EmailDialog @ index.tsx:26
react-stack-bottom-frame @ react-dom-client.development.js:22428
renderWithHooks @ react-dom-client.development.js:5757
updateFunctionComponent @ react-dom-client.development.js:8018
beginWork @ react-dom-client.development.js:9683
runWithFiberInDEV @ react-dom-client.development.js:543
performUnitOfWork @ react-dom-client.development.js:15044
workLoopSync @ react-dom-client.development.js:14870
renderRootSync @ react-dom-client.development.js:14850
performWorkOnRoot @ react-dom-client.development.js:14334
performWorkOnRootViaSchedulerTask @ react-dom-client.development.js:15931
performWorkUntilDeadline @ scheduler.development.js:44
setTimeout
__webpack_modules__../src/platform/polyfills.web.ts.window.setImmediate @ polyfills.web.ts:5
schedulePerformWorkUntilDeadline @ scheduler.development.js:214
requestHostCallback @ scheduler.development.js:168
__webpack_modules__../node_modules/scheduler/cjs/scheduler.development.js.exports.unstable_scheduleCallback @ scheduler.development.js:344
scheduleTaskForRootDuringMicrotask @ react-dom-client.development.js:15909
processRootScheduleInMicrotask @ react-dom-client.development.js:15830
(anonymous) @ react-dom-client.development.js:15962
setTimeout
(anonymous) @ StatsigNetwork.js:132
__webpack_modules__../node_modules/statsig-js/dist/StatsigNetwork.js.StatsigNetwork.postWithTimeout @ StatsigNetwork.js:131
__webpack_modules__../node_modules/statsig-js/dist/StatsigNetwork.js.StatsigNetwork.fetchValues @ StatsigNetwork.js:107
(anonymous) @ StatsigClient.js:1095
step @ StatsigClient.js:44
(anonymous) @ StatsigClient.js:25
(anonymous) @ StatsigClient.js:19
__webpack_modules__../node_modules/statsig-js/dist/StatsigClient.js.__awaiter @ StatsigClient.js:15
__webpack_modules__../node_modules/statsig-js/dist/StatsigClient.js.StatsigClient.fetchAndSaveValues @ StatsigClient.js:1070
(anonymous) @ StatsigClient.js:677
step @ StatsigClient.js:44
(anonymous) @ StatsigClient.js:25
(anonymous) @ StatsigClient.js:19
__webpack_modules__../node_modules/statsig-js/dist/StatsigClient.js.__awaiter @ StatsigClient.js:15
(anonymous) @ StatsigClient.js:633
__webpack_modules__../node_modules/statsig-js/dist/ErrorBoundary.js.ErrorBoundary.capture @ ErrorBoundary.js:74
(anonymous) @ StatsigClient.js:633
step @ StatsigClient.js:44
(anonymous) @ StatsigClient.js:25
(anonymous) @ StatsigClient.js:19
__webpack_modules__../node_modules/statsig-js/dist/StatsigClient.js.__awaiter @ StatsigClient.js:15
__webpack_modules__../node_modules/statsig-js/dist/StatsigClient.js.StatsigClient.updateUser @ StatsigClient.js:629
(anonymous) @ Statsig.js:222
__webpack_modules__../node_modules/statsig-react/dist/Statsig.js.Statsig.capture @ Statsig.js:395
__webpack_modules__../node_modules/statsig-react/dist/Statsig.js.Statsig.updateUser @ Statsig.js:222
(anonymous) @ StatsigProvider.js:76
react-stack-bottom-frame @ react-dom-client.development.js:22509
runWithFiberInDEV @ react-dom-client.development.js:543
commitHookEffectListMount @ react-dom-client.development.js:10758
commitHookPassiveMountEffects @ react-dom-client.development.js:10878
commitPassiveMountOnFiber @ react-dom-client.development.js:12653
recursivelyTraversePassiveMountEffects @ react-dom-client.development.js:12627
commitPassiveMountOnFiber @ react-dom-client.development.js:12646
recursivelyTraversePassiveMountEffects @ react-dom-client.development.js:12627
commitPassiveMountOnFiber @ react-dom-client.development.js:12755
recursivelyTraversePassiveMountEffects @ react-dom-client.development.js:12627
commitPassiveMountOnFiber @ react-dom-client.development.js:12646
recursivelyTraversePassiveMountEffects @ react-dom-client.development.js:12627
commitPassiveMountOnFiber @ react-dom-client.development.js:12755
recursivelyTraversePassiveMountEffects @ react-dom-client.development.js:12627
commitPassiveMountOnFiber @ react-dom-client.development.js:12755
recursivelyTraversePassiveMountEffects @ react-dom-client.development.js:12627
commitPassiveMountOnFiber @ react-dom-client.development.js:12646
recursivelyTraversePassiveMountEffects @ react-dom-client.development.js:12627
commitPassiveMountOnFiber @ react-dom-client.development.js:12646
recursivelyTraversePassiveMountEffects @ react-dom-client.development.js:12627
commitPassiveMountOnFiber @ react-dom-client.development.js:12755
recursivelyTraversePassiveMountEffects @ react-dom-client.development.js:12627
commitPassiveMountOnFiber @ react-dom-client.development.js:12755
recursivelyTraversePassiveMountEffects @ react-dom-client.development.js:12627
commitPassiveMountOnFiber @ react-dom-client.development.js:12646
recursivelyTraversePassiveMountEffects @ react-dom-client.development.js:12627
commitPassiveMountOnFiber @ react-dom-client.development.js:12646
recursivelyTraversePassiveMountEffects @ react-dom-client.development.js:12627
commitPassiveMountOnFiber @ react-dom-client.development.js:12646
recursivelyTraversePassiveMountEffects @ react-dom-client.development.js:12627
commitPassiveMountOnFiber @ react-dom-client.development.js:12646
recursivelyTraversePassiveMountEffects @ react-dom-client.development.js:12627
commitPassiveMountOnFiber @ react-dom-client.development.js:12755
recursivelyTraversePassiveMountEffects @ react-dom-client.development.js:12627
commitPassiveMountOnFiber @ react-dom-client.development.js:12646
recursivelyTraversePassiveMountEffects @ react-dom-client.development.js:12627
commitPassiveMountOnFiber @ react-dom-client.development.js:12755
recursivelyTraversePassiveMountEffects @ react-dom-client.development.js:12627
commitPassiveMountOnFiber @ react-dom-client.development.js:12646
recursivelyTraversePassiveMountEffects @ react-dom-client.development.js:12627
commitPassiveMountOnFiber @ react-dom-client.development.js:12646
recursivelyTraversePassiveMountEffects @ react-dom-client.development.js:12627
commitPassiveMountOnFiber @ react-dom-client.development.js:12755
recursivelyTraversePassiveMountEffects @ react-dom-client.development.js:12627
commitPassiveMountOnFiber @ react-dom-client.development.js:12646
recursivelyTraversePassiveMountEffects @ react-dom-client.development.js:12627
commitPassiveMountOnFiber @ react-dom-client.development.js:12755
recursivelyTraversePassiveMountEffects @ react-dom-client.development.js:12627
commitPassiveMountOnFiber @ react-dom-client.development.js:12646
recursivelyTraversePassiveMountEffects @ react-dom-client.development.js:12627
commitPassiveMountOnFiber @ react-dom-client.development.js:12646
recursivelyTraversePassiveMountEffects @ react-dom-client.development.js:12627
commitPassiveMountOnFiber @ react-dom-client.development.js:12755
recursivelyTraversePassiveMountEffects @ react-dom-client.development.js:12627
commitPassiveMountOnFiber @ react-dom-client.development.js:12755
recursivelyTraversePassiveMountEffects @ react-dom-client.development.js:12627
commitPassiveMountOnFiber @ react-dom-client.development.js:12646
recursivelyTraversePassiveMountEffects @ react-dom-client.development.js:12627
commitPassiveMountOnFiber @ react-dom-client.development.js:12755
recursivelyTraversePassiveMountEffects @ react-dom-client.development.js:12627
commitPassiveMountOnFiber @ react-dom-client.development.js:12646
recursivelyTraversePassiveMountEffects @ react-dom-client.development.js:12627
commitPassiveMountOnFiber @ react-dom-client.development.js:12755
recursivelyTraversePassiveMountEffects @ react-dom-client.development.js:12627
commitPassiveMountOnFiber @ react-dom-client.development.js:12755
recursivelyTraversePassiveMountEffects @ react-dom-client.development.js:12627
commitPassiveMountOnFiber @ react-dom-client.development.js:12646
recursivelyTraversePassiveMountEffects @ react-dom-client.development.js:12627
commitPassiveMountOnFiber @ react-dom-client.development.js:12755
recursivelyTraversePassiveMountEffects @ react-dom-client.development.js:12627
commitPassiveMountOnFiber @ react-dom-client.development.js:12646
recursivelyTraversePassiveMountEffects @ react-dom-client.development.js:12627
commitPassiveMountOnFiber @ react-dom-client.development.js:12755
recursivelyTraversePassiveMountEffects @ react-dom-client.development.js:12627
commitPassiveMountOnFiber @ react-dom-client.development.js:12755
recursivelyTraversePassiveMountEffects @ react-dom-client.development.js:12627
commitPassiveMountOnFiber @ react-dom-client.development.js:12646
recursivelyTraversePassiveMountEffects @ react-dom-client.development.js:12627
commitPassiveMountOnFiber @ react-dom-client.development.js:12755
recursivelyTraversePassiveMountEffects @ react-dom-client.development.js:12627
commitPassiveMountOnFiber @ react-dom-client.development.js:12755
recursivelyTraversePassiveMountEffects @ react-dom-client.development.js:12627
commitPassiveMountOnFiber @ react-dom-client.development.js:12646
recursivelyTraversePassiveMountEffects @ react-dom-client.development.js:12627
commitPassiveMountOnFiber @ react-dom-client.development.js:12755
recursivelyTraversePassiveMountEffects @ react-dom-client.development.js:12627
commitPassiveMountOnFiber @ react-dom-client.development.js:12755
recursivelyTraversePassiveMountEffects @ react-dom-client.development.js:12627
commitPassiveMountOnFiber @ react-dom-client.development.js:12646
recursivelyTraversePassiveMountEffects @ react-dom-client.development.js:12627
commitPassiveMountOnFiber @ react-dom-client.development.js:12755
recursivelyTraversePassiveMountEffects @ react-dom-client.development.js:12627
commitPassiveMountOnFiber @ react-dom-client.development.js:12646
recursivelyTraversePassiveMountEffects @ react-dom-client.development.js:12627
commitPassiveMountOnFiber @ react-dom-client.development.js:12755
recursivelyTraversePassiveMountEffects @ react-dom-client.development.js:12627
commitPassiveMountOnFiber @ react-dom-client.development.js:12755
recursivelyTraversePassiveMountEffects @ react-dom-client.development.js:12627
commitPassiveMountOnFiber @ react-dom-client.development.js:12646
recursivelyTraversePassiveMountEffects @ react-dom-client.development.js:12627
commitPassiveMountOnFiber @ react-dom-client.development.js:12755
recursivelyTraversePassiveMountEffects @ react-dom-client.development.js:12627
commitPassiveMountOnFiber @ react-dom-client.development.js:12755
recursivelyTraversePassiveMountEffects @ react-dom-client.development.js:12627
commitPassiveMountOnFiber @ react-dom-client.development.js:12646
recursivelyTraversePassiveMountEffects @ react-dom-client.development.js:12627
commitPassiveMountOnFiber @ react-dom-client.development.js:12755
recursivelyTraversePassiveMountEffects @ react-dom-client.development.js:12627
commitPassiveMountOnFiber @ react-dom-client.development.js:12755
recursivelyTraversePassiveMountEffects @ react-dom-client.development.js:12627
commitPassiveMountOnFiber @ react-dom-client.development.js:12646
recursivelyTraversePassiveMountEffects @ react-dom-client.development.js:12627
commitPassiveMountOnFiber @ react-dom-client.development.js:12755
recursivelyTraversePassiveMountEffects @ react-dom-client.development.js:12627
commitPassiveMountOnFiber @ react-dom-client.development.js:12755
recursivelyTraversePassiveMountEffects @ react-dom-client.development.js:12627
commitPassiveMountOnFiber @ react-dom-client.development.js:12646
recursivelyTraversePassiveMountEffects @ react-dom-client.development.js:12627
commitPassiveMountOnFiber @ react-dom-client.development.js:12755
recursivelyTraversePassiveMountEffects @ react-dom-client.development.js:12627
commitPassiveMountOnFiber @ react-dom-client.development.js:12755
recursivelyTraversePassiveMountEffects @ react-dom-client.development.js:12627
commitPassiveMountOnFiber @ react-dom-client.development.js:12646
recursivelyTraversePassiveMountEffects @ react-dom-client.development.js:12627
commitPassiveMountOnFiber @ react-dom-client.development.js:12755
recursivelyTraversePassiveMountEffects @ react-dom-client.development.js:12627
commitPassiveMountOnFiber @ react-dom-client.development.js:12646
recursivelyTraversePassiveMountEffects @ react-dom-client.development.js:12627
commitPassiveMountOnFiber @ react-dom-client.development.js:12646
recursivelyTraversePassiveMountEffects @ react-dom-client.development.js:12627
commitPassiveMountOnFiber @ react-dom-client.development.js:12755
recursivelyTraversePassiveMountEffects @ react-dom-client.development.js:12627
commitPassiveMountOnFiber @ react-dom-client.development.js:12646
recursivelyTraversePassiveMountEffects @ react-dom-client.development.js:12627
commitPassiveMountOnFiber @ react-dom-client.development.js:12646
recursivelyTraversePassiveMountEffects @ react-dom-client.development.js:12627
commitPassiveMountOnFiber @ react-dom-client.development.js:12755
recursivelyTraversePassiveMountEffects @ react-dom-client.development.js:12627
commitPassiveMountOnFiber @ react-dom-client.development.js:12646
recursivelyTraversePassiveMountEffects @ react-dom-client.development.js:12627
commitPassiveMountOnFiber @ react-dom-client.development.js:12755
recursivelyTraversePassiveMountEffects @ react-dom-client.development.js:12627
commitPassiveMountOnFiber @ react-dom-client.development.js:12755
recursivelyTraversePassiveMountEffects @ react-dom-client.development.js:12627
commitPassiveMountOnFiber @ react-dom-client.development.js:12646
recursivelyTraversePassiveMountEffects @ react-dom-client.development.js:12627
commitPassiveMountOnFiber @ react-dom-client.development.js:12755
recursivelyTraversePassiveMountEffects @ react-dom-client.development.js:12627
commitPassiveMountOnFiber @ react-dom-client.development.js:12755
recursivelyTraversePassiveMountEffects @ react-dom-client.development.js:12627
commitPassiveMountOnFiber @ react-dom-client.development.js:12646
recursivelyTraversePassiveMountEffects @ react-dom-client.development.js:12627
commitPassiveMountOnFiber @ react-dom-client.development.js:12755
recursivelyTraversePassiveMountEffects @ react-dom-client.development.js:12627
commitPassiveMountOnFiber @ react-dom-client.development.js:12755
recursivelyTraversePassiveMountEffects @ react-dom-client.development.js:12627
commitPassiveMountOnFiber @ react-dom-client.development.js:12646
recursivelyTraversePassiveMountEffects @ react-dom-client.development.js:12627
commitPassiveMountOnFiber @ react-dom-client.development.js:12755
recursivelyTraversePassiveMountEffects @ react-dom-client.development.js:12627
commitPassiveMountOnFiber @ react-dom-client.development.js:12755
recursivelyTraversePassiveMountEffects @ react-dom-client.development.js:12627
commitPassiveMountOnFiber @ react-dom-client.development.js:12646
recursivelyTraversePassiveMountEffects @ react-dom-client.development.js:12627
commitPassiveMountOnFiber @ react-dom-client.development.js:12755
recursivelyTraversePassiveMountEffects @ react-dom-client.development.js:12627
commitPassiveMountOnFiber @ react-dom-client.development.js:12755
recursivelyTraversePassiveMountEffects @ react-dom-client.development.js:12627
commitPassiveMountOnFiber @ react-dom-client.development.js:12646
recursivelyTraversePassiveMountEffects @ react-dom-client.development.js:12627
commitPassiveMountOnFiber @ react-dom-client.development.js:12755
recursivelyTraversePassiveMountEffects @ react-dom-client.development.js:12627
commitPassiveMountOnFiber @ react-dom-client.development.js:12755
recursivelyTraversePassiveMountEffects @ react-dom-client.development.js:12627
setTimeout
__webpack_modules__../src/platform/polyfills.web.ts.window.setImmediate @ polyfills.web.ts:5
schedulePerformWorkUntilDeadline @ scheduler.development.js:214
requestHostCallback @ scheduler.development.js:168
__webpack_modules__../node_modules/scheduler/cjs/scheduler.development.js.exports.unstable_scheduleCallback @ scheduler.development.js:344
scheduleTaskForRootDuringMicrotask @ react-dom-client.development.js:15909
processRootScheduleInMicrotask @ react-dom-client.development.js:15830
(anonymous) @ react-dom-client.development.js:15962
setTimeout
__webpack_modules__../src/platform/polyfills.web.ts.window.setImmediate @ polyfills.web.ts:5
schedulePerformWorkUntilDeadline @ scheduler.development.js:214
requestHostCallback @ scheduler.development.js:168
__webpack_modules__../node_modules/scheduler/cjs/scheduler.development.js.exports.unstable_scheduleCallback @ scheduler.development.js:344
scheduleCallback$1 @ react-dom-client.development.js:15745
commitRootImpl @ react-dom-client.development.js:15323
commitRoot @ react-dom-client.development.js:15251
commitRootWhenReady @ react-dom-client.development.js:14570
performWorkOnRoot @ react-dom-client.development.js:14494
performSyncWorkOnRoot @ react-dom-client.development.js:15946
flushSyncWorkAcrossRoots_impl @ react-dom-client.development.js:15807
flushSyncWork$1 @ react-dom-client.development.js:14640
scheduleRefresh @ react-dom-client.development.js:112
p.scheduleRefresh @ renderer.js:994
(anonymous) @ react-refresh-runtime.development.js:265
performReactRefresh @ react-refresh-runtime.development.js:254
(anonymous) @ RefreshUtils.js:100
setTimeout
enqueueUpdate @ RefreshUtils.js:98
executeRuntime @ RefreshUtils.js:259
$ReactRefreshModuleRuntime$ @ Arrow.tsx:21
./src/components/icons/Arrow.tsx @ Arrow.tsx:21
options.factory @ react refresh:37
__webpack_require__ @ bootstrap:22
fn @ hot module replacement:61
hotRequire @ react refresh:20
./src/components/Layout/Header/index.tsx @ KnownFollowers.tsx:260
options.factory @ react refresh:37
__webpack_require__ @ bootstrap:22
fn @ hot module replacement:61
hotRequire @ react refresh:20
./src/components/Layout/index.tsx @ context.ts:5
options.factory @ react refresh:37
__webpack_require__ @ bootstrap:22
fn @ hot module replacement:61
hotRequire @ react refresh:20
./src/alf/atoms.ts @ Navigation.web.tsx:34
options.factory @ react refresh:37
__webpack_require__ @ bootstrap:22
fn @ hot module replacement:61
hotRequire @ react refresh:20
./src/alf/themes.ts @ index.tsx:145
options.factory @ react refresh:37
__webpack_require__ @ bootstrap:22
fn @ hot module replacement:61
hotRequire @ react refresh:20
./src/alf/index.tsx @ fonts.ts:104
options.factory @ react refresh:37
__webpack_require__ @ bootstrap:22
fn @ hot module replacement:61
hotRequire @ react refresh:20
./src/components/Dialog/index.web.tsx @ context.ts:60
options.factory @ react refresh:37
__webpack_require__ @ bootstrap:22
fn @ hot module replacement:61
hotRequire @ react refresh:20
./src/components/dialogs/Context.tsx @ AnimatedCheck.tsx:96
options.factory @ react refresh:37
__webpack_require__ @ bootstrap:22
fn @ hot module replacement:61
hotRequire @ react refresh:20
./src/state/dialogs/index.tsx @ types.ts:7
options.factory @ react refresh:37
__webpack_require__ @ bootstrap:22
fn @ hot module replacement:61
hotRequire @ react refresh:20
./src/state/util.ts @ userActionHistory.ts:84
options.factory @ react refresh:37
__webpack_require__ @ bootstrap:22
fn @ hot module replacement:61
hotRequire @ react refresh:20
./src/state/session/index.tsx @ agent.ts:311
options.factory @ react refresh:37
__webpack_require__ @ bootstrap:22
fn @ hot module replacement:61
hotRequire @ react refresh:20
./src/lib/statsig/statsig.tsx @ main.8b93f40f79d401715aa2.hot-update.js:33
options.factory @ react refresh:37
__webpack_require__ @ bootstrap:22
fn @ hot module replacement:61
hotRequire @ react refresh:20
./src/App.web.tsx @ types.js:3693
options.factory @ react refresh:37
__webpack_require__ @ bootstrap:22
_requireSelf @ hot module replacement:101
onAccepted @ jsonp chunk loading:446
Promise.then
apply @ jsonp chunk loading:485
(anonymous) @ hot module replacement:370
internalApply @ hot module replacement:369
(anonymous) @ hot module replacement:277
waitForBlockingPromises @ hot module replacement:232
(anonymous) @ hot module replacement:275
Promise.then
(anonymous) @ hot module replacement:274
Promise.then
(anonymous) @ hot module replacement:255
Promise.then
hotCheck @ hot module replacement:246
check @ dev-server.js:15
(anonymous) @ dev-server.js:69
emit @ events.js:153
reloadApp @ reloadApp.js:38
warnings @ index.js:274
(anonymous) @ socket.js:62
client.onmessage @ WebSocketClient.js:45Understand this error
polyfills.web.ts:31 A query that was dehydrated as pending ended up rejecting. [["labelers-detailed-info",["did:plc:ar7c4by46qjdydhdevvrndac"]]]: Error: The server gave an invalid response and may be out of date.; The error will be redacted in production builds
overrideMethod @ hook.js:608
consoleErrorWrapper @ polyfills.web.ts:31
(anonymous) @ hydration.ts:99
Promise.catch
dehydrateQuery @ hydration.ts:91
(anonymous) @ hydration.ts:156
dehydrate @ hydration.ts:153
persistQueryClientSave @ persist.ts:122
(anonymous) @ persist.ts:140
(anonymous) @ queryCache.ts:203
(anonymous) @ queryCache.ts:202
batch @ notifyManager.ts:54
notify @ queryCache.ts:201
(anonymous) @ query.ts:660
batch @ notifyManager.ts:54
#dispatch @ query.ts:655
fetch @ query.ts:495
#executeFetch @ queryObserver.ts:333
onSubscribe @ queryObserver.ts:104
subscribe @ subscribable.ts:11
(anonymous) @ useBaseQuery.ts:99
subscribeToStore @ react-dom-client.development.js:6333
react-stack-bottom-frame @ react-dom-client.development.js:22509
runWithFiberInDEV @ react-dom-client.development.js:543
commitHookEffectListMount @ react-dom-client.development.js:10758
commitHookPassiveMountEffects @ react-dom-client.development.js:10878
commitPassiveMountOnFiber @ react-dom-client.development.js:12653
recursivelyTraversePassiveMountEffects @ react-dom-client.development.js:12627
commitPassiveMountOnFiber @ react-dom-client.development.js:12646
recursivelyTraversePassiveMountEffects @ react-dom-client.development.js:12627
commitPassiveMountOnFiber @ react-dom-client.development.js:12755
recursivelyTraversePassiveMountEffects @ react-dom-client.development.js:12627
commitPassiveMountOnFiber @ react-dom-client.development.js:12646
recursivelyTraversePassiveMountEffects @ react-dom-client.development.js:12627
commitPassiveMountOnFiber @ react-dom-client.development.js:12646
recursivelyTraversePassiveMountEffects @ react-dom-client.development.js:12627
commitPassiveMountOnFiber @ react-dom-client.development.js:12755
recursivelyTraversePassiveMountEffects @ react-dom-client.development.js:12627
commitPassiveMountOnFiber @ react-dom-client.development.js:12755
recursivelyTraversePassiveMountEffects @ react-dom-client.development.js:12627
commitPassiveMountOnFiber @ react-dom-client.development.js:12646
recursivelyTraversePassiveMountEffects @ react-dom-client.development.js:12627
commitPassiveMountOnFiber @ react-dom-client.development.js:12755
recursivelyTraversePassiveMountEffects @ react-dom-client.development.js:12627
commitPassiveMountOnFiber @ react-dom-client.development.js:12755
recursivelyTraversePassiveMountEffects @ react-dom-client.development.js:12627
commitPassiveMountOnFiber @ react-dom-client.development.js:12646
recursivelyTraversePassiveMountEffects @ react-dom-client.development.js:12627
commitPassiveMountOnFiber @ react-dom-client.development.js:12755
recursivelyTraversePassiveMountEffects @ react-dom-client.development.js:12627
commitPassiveMountOnFiber @ react-dom-client.development.js:12755
recursivelyTraversePassiveMountEffects @ react-dom-client.development.js:12627
commitPassiveMountOnFiber @ react-dom-client.development.js:12646
recursivelyTraversePassiveMountEffects @ react-dom-client.development.js:12627
commitPassiveMountOnFiber @ react-dom-client.development.js:12755
recursivelyTraversePassiveMountEffects @ react-dom-client.development.js:12627
commitPassiveMountOnFiber @ react-dom-client.development.js:12755
recursivelyTraversePassiveMountEffects @ react-dom-client.development.js:12627
commitPassiveMountOnFiber @ react-dom-client.development.js:12646
recursivelyTraversePassiveMountEffects @ react-dom-client.development.js:12627
commitPassiveMountOnFiber @ react-dom-client.development.js:12755
recursivelyTraversePassiveMountEffects @ react-dom-client.development.js:12627
commitPassiveMountOnFiber @ react-dom-client.development.js:12755
recursivelyTraversePassiveMountEffects @ react-dom-client.development.js:12627
commitPassiveMountOnFiber @ react-dom-client.development.js:12755
recursivelyTraversePassiveMountEffects @ react-dom-client.development.js:12627
commitPassiveMountOnFiber @ react-dom-client.development.js:12646
recursivelyTraversePassiveMountEffects @ react-dom-client.development.js:12627
commitPassiveMountOnFiber @ react-dom-client.development.js:12646
recursivelyTraversePassiveMountEffects @ react-dom-client.development.js:12627
commitPassiveMountOnFiber @ react-dom-client.development.js:12646
recursivelyTraversePassiveMountEffects @ react-dom-client.development.js:12627
commitPassiveMountOnFiber @ react-dom-client.development.js:12755
recursivelyTraversePassiveMountEffects @ react-dom-client.development.js:12627
commitPassiveMountOnFiber @ react-dom-client.development.js:12755
recursivelyTraversePassiveMountEffects @ react-dom-client.development.js:12627
commitPassiveMountOnFiber @ react-dom-client.development.js:12646
recursivelyTraversePassiveMountEffects @ react-dom-client.development.js:12627
commitPassiveMountOnFiber @ react-dom-client.development.js:12755
recursivelyTraversePassiveMountEffects @ react-dom-client.development.js:12627
commitPassiveMountOnFiber @ react-dom-client.development.js:12646
recursivelyTraversePassiveMountEffects @ react-dom-client.development.js:12627
commitPassiveMountOnFiber @ react-dom-client.development.js:12755
recursivelyTraversePassiveMountEffects @ react-dom-client.development.js:12627
commitPassiveMountOnFiber @ react-dom-client.development.js:12755
recursivelyTraversePassiveMountEffects @ react-dom-client.development.js:12627
commitPassiveMountOnFiber @ react-dom-client.development.js:12646
recursivelyTraversePassiveMountEffects @ react-dom-client.development.js:12627
commitPassiveMountOnFiber @ react-dom-client.development.js:12755
recursivelyTraversePassiveMountEffects @ react-dom-client.development.js:12627
commitPassiveMountOnFiber @ react-dom-client.development.js:12755
recursivelyTraversePassiveMountEffects @ react-dom-client.development.js:12627
commitPassiveMountOnFiber @ react-dom-client.development.js:12646
recursivelyTraversePassiveMountEffects @ react-dom-client.development.js:12627
commitPassiveMountOnFiber @ react-dom-client.development.js:12755
recursivelyTraversePassiveMountEffects @ react-dom-client.development.js:12627
commitPassiveMountOnFiber @ react-dom-client.development.js:12755
recursivelyTraversePassiveMountEffects @ react-dom-client.development.js:12627
commitPassiveMountOnFiber @ react-dom-client.development.js:12646
recursivelyTraversePassiveMountEffects @ react-dom-client.development.js:12627
commitPassiveMountOnFiber @ react-dom-client.development.js:12755
recursivelyTraversePassiveMountEffects @ react-dom-client.development.js:12627
commitPassiveMountOnFiber @ react-dom-client.development.js:12755
recursivelyTraversePassiveMountEffects @ react-dom-client.development.js:12627
commitPassiveMountOnFiber @ react-dom-client.development.js:12646
recursivelyTraversePassiveMountEffects @ react-dom-client.development.js:12627
commitPassiveMountOnFiber @ react-dom-client.development.js:12755
recursivelyTraversePassiveMountEffects @ react-dom-client.development.js:12627
commitPassiveMountOnFiber @ react-dom-client.development.js:12755
recursivelyTraversePassiveMountEffects @ react-dom-client.development.js:12627
commitPassiveMountOnFiber @ react-dom-client.development.js:12646
recursivelyTraversePassiveMountEffects @ react-dom-client.development.js:12627
commitPassiveMountOnFiber @ react-dom-client.development.js:12755
recursivelyTraversePassiveMountEffects @ react-dom-client.development.js:12627
commitPassiveMountOnFiber @ react-dom-client.development.js:12646
recursivelyTraversePassiveMountEffects @ react-dom-client.development.js:12627
commitPassiveMountOnFiber @ react-dom-client.development.js:12755
recursivelyTraversePassiveMountEffects @ react-dom-client.development.js:12627
commitPassiveMountOnFiber @ react-dom-client.development.js:12646
recursivelyTraversePassiveMountEffects @ react-dom-client.development.js:12627
commitPassiveMountOnFiber @ react-dom-client.development.js:12755
recursivelyTraversePassiveMountEffects @ react-dom-client.development.js:12627
commitPassiveMountOnFiber @ react-dom-client.development.js:12646
recursivelyTraversePassiveMountEffects @ react-dom-client.development.js:12627
commitPassiveMountOnFiber @ react-dom-client.development.js:12755
recursivelyTraversePassiveMountEffects @ react-dom-client.development.js:12627
commitPassiveMountOnFiber @ react-dom-client.development.js:12646
recursivelyTraversePassiveMountEffects @ react-dom-client.development.js:12627
commitPassiveMountOnFiber @ react-dom-client.development.js:12755
recursivelyTraversePassiveMountEffects @ react-dom-client.development.js:12627
commitPassiveMountOnFiber @ react-dom-client.development.js:12646
recursivelyTraversePassiveMountEffects @ react-dom-client.development.js:12627
commitPassiveMountOnFiber @ react-dom-client.development.js:12755
recursivelyTraversePassiveMountEffects @ react-dom-client.development.js:12627
commitPassiveMountOnFiber @ react-dom-client.development.js:12646
recursivelyTraversePassiveMountEffects @ react-dom-client.development.js:12627
commitPassiveMountOnFiber @ react-dom-client.development.js:12646
recursivelyTraversePassiveMountEffects @ react-dom-client.development.js:12627
commitPassiveMountOnFiber @ react-dom-client.development.js:12755
recursivelyTraversePassiveMountEffects @ react-dom-client.development.js:12627
commitPassiveMountOnFiber @ react-dom-client.development.js:12755
recursivelyTraversePassiveMountEffects @ react-dom-client.development.js:12627
commitPassiveMountOnFiber @ react-dom-client.development.js:12646
recursivelyTraversePassiveMountEffects @ react-dom-client.development.js:12627
commitPassiveMountOnFiber @ react-dom-client.development.js:12755
recursivelyTraversePassiveMountEffects @ react-dom-client.development.js:12627
commitPassiveMountOnFiber @ react-dom-client.development.js:12755
recursivelyTraversePassiveMountEffects @ react-dom-client.development.js:12627
commitPassiveMountOnFiber @ react-dom-client.development.js:12646
recursivelyTraversePassiveMountEffects @ react-dom-client.development.js:12627
commitPassiveMountOnFiber @ react-dom-client.development.js:12755
recursivelyTraversePassiveMountEffects @ react-dom-client.development.js:12627
commitPassiveMountOnFiber @ react-dom-client.development.js:12646
recursivelyTraversePassiveMountEffects @ react-dom-client.development.js:12627
commitPassiveMountOnFiber @ react-dom-client.development.js:12646
recursivelyTraversePassiveMountEffects @ react-dom-client.development.js:12627
commitPassiveMountOnFiber @ react-dom-client.development.js:12755
recursivelyTraversePassiveMountEffects @ react-dom-client.development.js:12627
commitPassiveMountOnFiber @ react-dom-client.development.js:12646
recursivelyTraversePassiveMountEffects @ react-dom-client.development.js:12627
commitPassiveMountOnFiber @ react-dom-client.development.js:12755
recursivelyTraversePassiveMountEffects @ react-dom-client.development.js:12627
commitPassiveMountOnFiber @ react-dom-client.development.js:12755
recursivelyTraversePassiveMountEffects @ react-dom-client.development.js:12627
commitPassiveMountOnFiber @ react-dom-client.development.js:12646
recursivelyTraversePassiveMountEffects @ react-dom-client.development.js:12627
commitPassiveMountOnFiber @ react-dom-client.development.js:12646
recursivelyTraversePassiveMountEffects @ react-dom-client.development.js:12627
commitPassiveMountOnFiber @ react-dom-client.development.js:12755
recursivelyTraversePassiveMountEffects @ react-dom-client.development.js:12627
commitPassiveMountOnFiber @ react-dom-client.development.js:12755
recursivelyTraversePassiveMountEffects @ react-dom-client.development.js:12627
commitPassiveMountOnFiber @ react-dom-client.development.js:12646
recursivelyTraversePassiveMountEffects @ react-dom-client.development.js:12627
commitPassiveMountOnFiber @ react-dom-client.development.js:12646
recursivelyTraversePassiveMountEffects @ react-dom-client.development.js:12627
commitPassiveMountOnFiber @ react-dom-client.development.js:12646
recursivelyTraversePassiveMountEffects @ react-dom-client.development.js:12627
commitPassiveMountOnFiber @ react-dom-client.development.js:12646
recursivelyTraversePassiveMountEffects @ react-dom-client.development.js:12627
commitPassiveMountOnFiber @ react-dom-client.development.js:12755
recursivelyTraversePassiveMountEffects @ react-dom-client.development.js:12627
commitPassiveMountOnFiber @ react-dom-client.development.js:12646
recursivelyTraversePassiveMountEffects @ react-dom-client.development.js:12627
commitPassiveMountOnFiber @ react-dom-client.development.js:12755
recursivelyTraversePassiveMountEffects @ react-dom-client.development.js:12627
commitPassiveMountOnFiber @ react-dom-client.development.js:12646
recursivelyTraversePassiveMountEffects @ react-dom-client.development.js:12627
commitPassiveMountOnFiber @ react-dom-client.development.js:12646
recursivelyTraversePassiveMountEffects @ react-dom-client.development.js:12627
commitPassiveMountOnFiber @ react-dom-client.development.js:12755
recursivelyTraversePassiveMountEffects @ react-dom-client.development.js:12627
commitPassiveMountOnFiber @ react-dom-client.development.js:12646
recursivelyTraversePassiveMountEffects @ react-dom-client.development.js:12627
commitPassiveMountOnFiber @ react-dom-client.development.js:12755
recursivelyTraversePassiveMountEffects @ react-dom-client.development.js:12627
commitPassiveMountOnFiber @ react-dom-client.development.js:12646
recursivelyTraversePassiveMountEffects @ react-dom-client.development.js:12627
commitPassiveMountOnFiber @ react-dom-client.development.js:12646
recursivelyTraversePassiveMountEffects @ react-dom-client.development.js:12627
commitPassiveMountOnFiber @ react-dom-client.development.js:12755
recursivelyTraversePassiveMountEffects @ react-dom-client.development.js:12627
commitPassiveMountOnFiber @ react-dom-client.development.js:12755
recursivelyTraversePassiveMountEffects @ react-dom-client.development.js:12627
setTimeout
__webpack_modules__../src/platform/polyfills.web.ts.window.setImmediate @ polyfills.web.ts:5
schedulePerformWorkUntilDeadline @ scheduler.development.js:214
requestHostCallback @ scheduler.development.js:168
__webpack_modules__../node_modules/scheduler/cjs/scheduler.development.js.exports.unstable_scheduleCallback @ scheduler.development.js:344
scheduleTaskForRootDuringMicrotask @ react-dom-client.development.js:15909
processRootScheduleInMicrotask @ react-dom-client.development.js:15830
(anonymous) @ react-dom-client.development.js:15962
setTimeout
(anonymous) @ StatsigNetwork.js:132
__webpack_modules__../node_modules/statsig-js/dist/StatsigNetwork.js.StatsigNetwork.postWithTimeout @ StatsigNetwork.js:131
__webpack_modules__../node_modules/statsig-js/dist/StatsigNetwork.js.StatsigNetwork.fetchValues @ StatsigNetwork.js:107
(anonymous) @ StatsigClient.js:1095
step @ StatsigClient.js:44
(anonymous) @ StatsigClient.js:25
(anonymous) @ StatsigClient.js:19
__webpack_modules__../node_modules/statsig-js/dist/StatsigClient.js.__awaiter @ StatsigClient.js:15
__webpack_modules__../node_modules/statsig-js/dist/StatsigClient.js.StatsigClient.fetchAndSaveValues @ StatsigClient.js:1070
(anonymous) @ StatsigClient.js:677
step @ StatsigClient.js:44
(anonymous) @ StatsigClient.js:25
(anonymous) @ StatsigClient.js:19
__webpack_modules__../node_modules/statsig-js/dist/StatsigClient.js.__awaiter @ StatsigClient.js:15
(anonymous) @ StatsigClient.js:633
__webpack_modules__../node_modules/statsig-js/dist/ErrorBoundary.js.ErrorBoundary.capture @ ErrorBoundary.js:74
(anonymous) @ StatsigClient.js:633
step @ StatsigClient.js:44
(anonymous) @ StatsigClient.js:25
(anonymous) @ StatsigClient.js:19
__webpack_modules__../node_modules/statsig-js/dist/StatsigClient.js.__awaiter @ StatsigClient.js:15
__webpack_modules__../node_modules/statsig-js/dist/StatsigClient.js.StatsigClient.updateUser @ StatsigClient.js:629
(anonymous) @ Statsig.js:222
__webpack_modules__../node_modules/statsig-react/dist/Statsig.js.Statsig.capture @ Statsig.js:395
__webpack_modules__../node_modules/statsig-react/dist/Statsig.js.Statsig.updateUser @ Statsig.js:222
(anonymous) @ StatsigProvider.js:76
react-stack-bottom-frame @ react-dom-client.development.js:22509
runWithFiberInDEV @ react-dom-client.development.js:543
commitHookEffectListMount @ react-dom-client.development.js:10758
commitHookPassiveMountEffects @ react-dom-client.development.js:10878
commitPassiveMountOnFiber @ react-dom-client.development.js:12653
recursivelyTraversePassiveMountEffects @ react-dom-client.development.js:12627
commitPassiveMountOnFiber @ react-dom-client.development.js:12646
recursivelyTraversePassiveMountEffects @ react-dom-client.development.js:12627
commitPassiveMountOnFiber @ react-dom-client.development.js:12755
recursivelyTraversePassiveMountEffects @ react-dom-client.development.js:12627
commitPassiveMountOnFiber @ react-dom-client.development.js:12646
recursivelyTraversePassiveMountEffects @ react-dom-client.development.js:12627
commitPassiveMountOnFiber @ react-dom-client.development.js:12755
recursivelyTraversePassiveMountEffects @ react-dom-client.development.js:12627
commitPassiveMountOnFiber @ react-dom-client.development.js:12755
recursivelyTraversePassiveMountEffects @ react-dom-client.development.js:12627
commitPassiveMountOnFiber @ react-dom-client.development.js:12646
recursivelyTraversePassiveMountEffects @ react-dom-client.development.js:12627
commitPassiveMountOnFiber @ react-dom-client.development.js:12646
recursivelyTraversePassiveMountEffects @ react-dom-client.development.js:12627
commitPassiveMountOnFiber @ react-dom-client.development.js:12755
recursivelyTraversePassiveMountEffects @ react-dom-client.development.js:12627
commitPassiveMountOnFiber @ react-dom-client.development.js:12755
recursivelyTraversePassiveMountEffects @ react-dom-client.development.js:12627
commitPassiveMountOnFiber @ react-dom-client.development.js:12646
recursivelyTraversePassiveMountEffects @ react-dom-client.development.js:12627
commitPassiveMountOnFiber @ react-dom-client.development.js:12646
recursivelyTraversePassiveMountEffects @ react-dom-client.development.js:12627
commitPassiveMountOnFiber @ react-dom-client.development.js:12646
recursivelyTraversePassiveMountEffects @ react-dom-client.development.js:12627
commitPassiveMountOnFiber @ react-dom-client.development.js:12646
recursivelyTraversePassiveMountEffects @ react-dom-client.development.js:12627
commitPassiveMountOnFiber @ react-dom-client.development.js:12755
recursivelyTraversePassiveMountEffects @ react-dom-client.development.js:12627
commitPassiveMountOnFiber @ react-dom-client.development.js:12646
recursivelyTraversePassiveMountEffects @ react-dom-client.development.js:12627
commitPassiveMountOnFiber @ react-dom-client.development.js:12755
recursivelyTraversePassiveMountEffects @ react-dom-client.development.js:12627
commitPassiveMountOnFiber @ react-dom-client.development.js:12646
recursivelyTraversePassiveMountEffects @ react-dom-client.development.js:12627
commitPassiveMountOnFiber @ react-dom-client.development.js:12646
recursivelyTraversePassiveMountEffects @ react-dom-client.development.js:12627
commitPassiveMountOnFiber @ react-dom-client.development.js:12755
recursivelyTraversePassiveMountEffects @ react-dom-client.development.js:12627
commitPassiveMountOnFiber @ react-dom-client.development.js:12646
recursivelyTraversePassiveMountEffects @ react-dom-client.development.js:12627
commitPassiveMountOnFiber @ react-dom-client.development.js:12755
recursivelyTraversePassiveMountEffects @ react-dom-client.development.js:12627
commitPassiveMountOnFiber @ react-dom-client.development.js:12646
recursivelyTraversePassiveMountEffects @ react-dom-client.development.js:12627
commitPassiveMountOnFiber @ react-dom-client.development.js:12646
recursivelyTraversePassiveMountEffects @ react-dom-client.development.js:12627
commitPassiveMountOnFiber @ react-dom-client.development.js:12755
recursivelyTraversePassiveMountEffects @ react-dom-client.development.js:12627
commitPassiveMountOnFiber @ react-dom-client.development.js:12755
recursivelyTraversePassiveMountEffects @ react-dom-client.development.js:12627
commitPassiveMountOnFiber @ react-dom-client.development.js:12646
recursivelyTraversePassiveMountEffects @ react-dom-client.development.js:12627
commitPassiveMountOnFiber @ react-dom-client.development.js:12755
recursivelyTraversePassiveMountEffects @ react-dom-client.development.js:12627
commitPassiveMountOnFiber @ react-dom-client.development.js:12646
recursivelyTraversePassiveMountEffects @ react-dom-client.development.js:12627
commitPassiveMountOnFiber @ react-dom-client.development.js:12755
recursivelyTraversePassiveMountEffects @ react-dom-client.development.js:12627
commitPassiveMountOnFiber @ react-dom-client.development.js:12755
recursivelyTraversePassiveMountEffects @ react-dom-client.development.js:12627
commitPassiveMountOnFiber @ react-dom-client.development.js:12646
recursivelyTraversePassiveMountEffects @ react-dom-client.development.js:12627
commitPassiveMountOnFiber @ react-dom-client.development.js:12755
recursivelyTraversePassiveMountEffects @ react-dom-client.development.js:12627
commitPassiveMountOnFiber @ react-dom-client.development.js:12646
recursivelyTraversePassiveMountEffects @ react-dom-client.development.js:12627
commitPassiveMountOnFiber @ react-dom-client.development.js:12755
recursivelyTraversePassiveMountEffects @ react-dom-client.development.js:12627
commitPassiveMountOnFiber @ react-dom-client.development.js:12755
recursivelyTraversePassiveMountEffects @ react-dom-client.development.js:12627
commitPassiveMountOnFiber @ react-dom-client.development.js:12646
recursivelyTraversePassiveMountEffects @ react-dom-client.development.js:12627
commitPassiveMountOnFiber @ react-dom-client.development.js:12755
recursivelyTraversePassiveMountEffects @ react-dom-client.development.js:12627
commitPassiveMountOnFiber @ react-dom-client.development.js:12755
recursivelyTraversePassiveMountEffects @ react-dom-client.development.js:12627
commitPassiveMountOnFiber @ react-dom-client.development.js:12646
recursivelyTraversePassiveMountEffects @ react-dom-client.development.js:12627
commitPassiveMountOnFiber @ react-dom-client.development.js:12755
recursivelyTraversePassiveMountEffects @ react-dom-client.development.js:12627
commitPassiveMountOnFiber @ react-dom-client.development.js:12755
recursivelyTraversePassiveMountEffects @ react-dom-client.development.js:12627
commitPassiveMountOnFiber @ react-dom-client.development.js:12646
recursivelyTraversePassiveMountEffects @ react-dom-client.development.js:12627
commitPassiveMountOnFiber @ react-dom-client.development.js:12755
recursivelyTraversePassiveMountEffects @ react-dom-client.development.js:12627
commitPassiveMountOnFiber @ react-dom-client.development.js:12646
recursivelyTraversePassiveMountEffects @ react-dom-client.development.js:12627
commitPassiveMountOnFiber @ react-dom-client.development.js:12755
recursivelyTraversePassiveMountEffects @ react-dom-client.development.js:12627
commitPassiveMountOnFiber @ react-dom-client.development.js:12755
recursivelyTraversePassiveMountEffects @ react-dom-client.development.js:12627
commitPassiveMountOnFiber @ react-dom-client.development.js:12646
recursivelyTraversePassiveMountEffects @ react-dom-client.development.js:12627
commitPassiveMountOnFiber @ react-dom-client.development.js:12755
recursivelyTraversePassiveMountEffects @ react-dom-client.development.js:12627
commitPassiveMountOnFiber @ react-dom-client.development.js:12755
recursivelyTraversePassiveMountEffects @ react-dom-client.development.js:12627
commitPassiveMountOnFiber @ react-dom-client.development.js:12646
recursivelyTraversePassiveMountEffects @ react-dom-client.development.js:12627
commitPassiveMountOnFiber @ react-dom-client.development.js:12755
recursivelyTraversePassiveMountEffects @ react-dom-client.development.js:12627
commitPassiveMountOnFiber @ react-dom-client.development.js:12755
recursivelyTraversePassiveMountEffects @ react-dom-client.development.js:12627
commitPassiveMountOnFiber @ react-dom-client.development.js:12646
recursivelyTraversePassiveMountEffects @ react-dom-client.development.js:12627
commitPassiveMountOnFiber @ react-dom-client.development.js:12755
recursivelyTraversePassiveMountEffects @ react-dom-client.development.js:12627
commitPassiveMountOnFiber @ react-dom-client.development.js:12755
recursivelyTraversePassiveMountEffects @ react-dom-client.development.js:12627
commitPassiveMountOnFiber @ react-dom-client.development.js:12646
recursivelyTraversePassiveMountEffects @ react-dom-client.development.js:12627
commitPassiveMountOnFiber @ react-dom-client.development.js:12755
recursivelyTraversePassiveMountEffects @ react-dom-client.development.js:12627
commitPassiveMountOnFiber @ react-dom-client.development.js:12755
recursivelyTraversePassiveMountEffects @ react-dom-client.development.js:12627
commitPassiveMountOnFiber @ react-dom-client.development.js:12646
recursivelyTraversePassiveMountEffects @ react-dom-client.development.js:12627
commitPassiveMountOnFiber @ react-dom-client.development.js:12755
recursivelyTraversePassiveMountEffects @ react-dom-client.development.js:12627
commitPassiveMountOnFiber @ react-dom-client.development.js:12646
recursivelyTraversePassiveMountEffects @ react-dom-client.development.js:12627
commitPassiveMountOnFiber @ react-dom-client.development.js:12646
recursivelyTraversePassiveMountEffects @ react-dom-client.development.js:12627
commitPassiveMountOnFiber @ react-dom-client.development.js:12755
recursivelyTraversePassiveMountEffects @ react-dom-client.development.js:12627
commitPassiveMountOnFiber @ react-dom-client.development.js:12646
recursivelyTraversePassiveMountEffects @ react-dom-client.development.js:12627
commitPassiveMountOnFiber @ react-dom-client.development.js:12646
recursivelyTraversePassiveMountEffects @ react-dom-client.development.js:12627
commitPassiveMountOnFiber @ react-dom-client.development.js:12755
recursivelyTraversePassiveMountEffects @ react-dom-client.development.js:12627
commitPassiveMountOnFiber @ react-dom-client.development.js:12646
recursivelyTraversePassiveMountEffects @ react-dom-client.development.js:12627
commitPassiveMountOnFiber @ react-dom-client.development.js:12755
recursivelyTraversePassiveMountEffects @ react-dom-client.development.js:12627
commitPassiveMountOnFiber @ react-dom-client.development.js:12755
recursivelyTraversePassiveMountEffects @ react-dom-client.development.js:12627
commitPassiveMountOnFiber @ react-dom-client.development.js:12646
recursivelyTraversePassiveMountEffects @ react-dom-client.development.js:12627
commitPassiveMountOnFiber @ react-dom-client.development.js:12755
recursivelyTraversePassiveMountEffects @ react-dom-client.development.js:12627
commitPassiveMountOnFiber @ react-dom-client.development.js:12755
recursivelyTraversePassiveMountEffects @ react-dom-client.development.js:12627
commitPassiveMountOnFiber @ react-dom-client.development.js:12646
recursivelyTraversePassiveMountEffects @ react-dom-client.development.js:12627
commitPassiveMountOnFiber @ react-dom-client.development.js:12755
recursivelyTraversePassiveMountEffects @ react-dom-client.development.js:12627
commitPassiveMountOnFiber @ react-dom-client.development.js:12755
recursivelyTraversePassiveMountEffects @ react-dom-client.development.js:12627
commitPassiveMountOnFiber @ react-dom-client.development.js:12646
recursivelyTraversePassiveMountEffects @ react-dom-client.development.js:12627
commitPassiveMountOnFiber @ react-dom-client.development.js:12755
recursivelyTraversePassiveMountEffects @ react-dom-client.development.js:12627
commitPassiveMountOnFiber @ react-dom-client.development.js:12755
recursivelyTraversePassiveMountEffects @ react-dom-client.development.js:12627
commitPassiveMountOnFiber @ react-dom-client.development.js:12646
recursivelyTraversePassiveMountEffects @ react-dom-client.development.js:12627
commitPassiveMountOnFiber @ react-dom-client.development.js:12755
recursivelyTraversePassiveMountEffects @ react-dom-client.development.js:12627
commitPassiveMountOnFiber @ react-dom-client.development.js:12755
recursivelyTraversePassiveMountEffects @ react-dom-client.development.js:12627
commitPassiveMountOnFiber @ react-dom-client.development.js:12646
recursivelyTraversePassiveMountEffects @ react-dom-client.development.js:12627
commitPassiveMountOnFiber @ react-dom-client.development.js:12755
recursivelyTraversePassiveMountEffects @ react-dom-client.development.js:12627
commitPassiveMountOnFiber @ react-dom-client.development.js:12755
recursivelyTraversePassiveMountEffects @ react-dom-client.development.js:12627
setTimeout
__webpack_modules__../src/platform/polyfills.web.ts.window.setImmediate @ polyfills.web.ts:5
schedulePerformWorkUntilDeadline @ scheduler.development.js:214
requestHostCallback @ scheduler.development.js:168
__webpack_modules__../node_modules/scheduler/cjs/scheduler.development.js.exports.unstable_scheduleCallback @ scheduler.development.js:344
scheduleTaskForRootDuringMicrotask @ react-dom-client.development.js:15909
processRootScheduleInMicrotask @ react-dom-client.development.js:15830
(anonymous) @ react-dom-client.development.js:15962
setTimeout
__webpack_modules__../src/platform/polyfills.web.ts.window.setImmediate @ polyfills.web.ts:5
schedulePerformWorkUntilDeadline @ scheduler.development.js:214
requestHostCallback @ scheduler.development.js:168
__webpack_modules__../node_modules/scheduler/cjs/scheduler.development.js.exports.unstable_scheduleCallback @ scheduler.development.js:344
scheduleCallback$1 @ react-dom-client.development.js:15745
commitRootImpl @ react-dom-client.development.js:15323
commitRoot @ react-dom-client.development.js:15251
commitRootWhenReady @ react-dom-client.development.js:14570
performWorkOnRoot @ react-dom-client.development.js:14494
performSyncWorkOnRoot @ react-dom-client.development.js:15946
flushSyncWorkAcrossRoots_impl @ react-dom-client.development.js:15807
flushSyncWork$1 @ react-dom-client.development.js:14640
scheduleRefresh @ react-dom-client.development.js:112
p.scheduleRefresh @ renderer.js:994
(anonymous) @ react-refresh-runtime.development.js:265
performReactRefresh @ react-refresh-runtime.development.js:254
(anonymous) @ RefreshUtils.js:100
setTimeout
enqueueUpdate @ RefreshUtils.js:98
executeRuntime @ RefreshUtils.js:259
$ReactRefreshModuleRuntime$ @ Arrow.tsx:21
./src/components/icons/Arrow.tsx @ Arrow.tsx:21
options.factory @ react refresh:37
__webpack_require__ @ bootstrap:22
fn @ hot module replacement:61
hotRequire @ react refresh:20
./src/components/Layout/Header/index.tsx @ KnownFollowers.tsx:260
options.factory @ react refresh:37
__webpack_require__ @ bootstrap:22
fn @ hot module replacement:61
hotRequire @ react refresh:20
./src/components/Layout/index.tsx @ context.ts:5
options.factory @ react refresh:37
__webpack_require__ @ bootstrap:22
fn @ hot module replacement:61
hotRequire @ react refresh:20
./src/alf/atoms.ts @ Navigation.web.tsx:34
options.factory @ react refresh:37
__webpack_require__ @ bootstrap:22
fn @ hot module replacement:61
hotRequire @ react refresh:20
./src/alf/themes.ts @ index.tsx:145
options.factory @ react refresh:37
__webpack_require__ @ bootstrap:22
fn @ hot module replacement:61
hotRequire @ react refresh:20
./src/alf/index.tsx @ fonts.ts:104
options.factory @ react refresh:37
__webpack_require__ @ bootstrap:22
fn @ hot module replacement:61
hotRequire @ react refresh:20
./src/components/Dialog/index.web.tsx @ context.ts:60
options.factory @ react refresh:37
__webpack_require__ @ bootstrap:22
fn @ hot module replacement:61
hotRequire @ react refresh:20
./src/components/dialogs/Context.tsx @ AnimatedCheck.tsx:96
options.factory @ react refresh:37
__webpack_require__ @ bootstrap:22
fn @ hot module replacement:61
hotRequire @ react refresh:20
./src/state/dialogs/index.tsx @ types.ts:7
options.factory @ react refresh:37
__webpack_require__ @ bootstrap:22
fn @ hot module replacement:61
hotRequire @ react refresh:20
./src/state/util.ts @ userActionHistory.ts:84
options.factory @ react refresh:37
__webpack_require__ @ bootstrap:22
fn @ hot module replacement:61
hotRequire @ react refresh:20
./src/state/session/index.tsx @ agent.ts:311
options.factory @ react refresh:37
__webpack_require__ @ bootstrap:22
fn @ hot module replacement:61
hotRequire @ react refresh:20
./src/lib/statsig/statsig.tsx @ main.8b93f40f79d401715aa2.hot-update.js:33
options.factory @ react refresh:37
__webpack_require__ @ bootstrap:22
fn @ hot module replacement:61
hotRequire @ react refresh:20
./src/App.web.tsx @ types.js:3693
options.factory @ react refresh:37
__webpack_require__ @ bootstrap:22
_requireSelf @ hot module replacement:101
onAccepted @ jsonp chunk loading:446
Promise.then
apply @ jsonp chunk loading:485
(anonymous) @ hot module replacement:370
internalApply @ hot module replacement:369
(anonymous) @ hot module replacement:277
waitForBlockingPromises @ hot module replacement:232
(anonymous) @ hot module replacement:275
Promise.then
(anonymous) @ hot module replacement:274
Promise.then
(anonymous) @ hot module replacement:255
Promise.then
hotCheck @ hot module replacement:246
check @ dev-server.js:15
(anonymous) @ dev-server.js:69
emit @ events.js:153
reloadApp @ reloadApp.js:38
warnings @ index.js:274
(anonymous) @ socket.js:62
client.onmessage @ WebSocketClient.js:45Understand this error
hydration.ts:103 Uncaught (in promise) Error: redacted
    at hydration.ts:103:1
(anonymous) @ hydration.ts:103
Promise.catch
dehydrateQuery @ hydration.ts:91
(anonymous) @ hydration.ts:156
dehydrate @ hydration.ts:153
persistQueryClientSave @ persist.ts:122
(anonymous) @ persist.ts:140
(anonymous) @ queryCache.ts:203
(anonymous) @ queryCache.ts:202
batch @ notifyManager.ts:54
notify @ queryCache.ts:201
add @ queryCache.ts:137
build @ queryCache.ts:127
#updateQuery @ queryObserver.ts:695
setOptions @ queryObserver.ts:168
QueryObserver @ queryObserver.ts:92
(anonymous) @ useBaseQuery.ts:84
mountStateImpl @ react-dom-client.development.js:6355
mountState @ react-dom-client.development.js:6376
useState @ react-dom-client.development.js:22784
__webpack_modules__../node_modules/react/cjs/react.development.js.exports.useState @ react.development.js:1500
useBaseQuery @ useBaseQuery.ts:84
useQuery @ useQuery.ts:51
useServiceConfigQuery @ service-config.ts:17
Provider @ service-config.tsx:24
react-stack-bottom-frame @ react-dom-client.development.js:22428
renderWithHooks @ react-dom-client.development.js:5757
updateFunctionComponent @ react-dom-client.development.js:8018
beginWork @ react-dom-client.development.js:9683
runWithFiberInDEV @ react-dom-client.development.js:543
performUnitOfWork @ react-dom-client.development.js:15044
workLoopSync @ react-dom-client.development.js:14870
renderRootSync @ react-dom-client.development.js:14850
performWorkOnRoot @ react-dom-client.development.js:14334
performWorkOnRootViaSchedulerTask @ react-dom-client.development.js:15931
performWorkUntilDeadline @ scheduler.development.js:44
setTimeout
__webpack_modules__../src/platform/polyfills.web.ts.window.setImmediate @ polyfills.web.ts:5
schedulePerformWorkUntilDeadline @ scheduler.development.js:214
requestHostCallback @ scheduler.development.js:168
__webpack_modules__../node_modules/scheduler/cjs/scheduler.development.js.exports.unstable_scheduleCallback @ scheduler.development.js:344
scheduleTaskForRootDuringMicrotask @ react-dom-client.development.js:15909
processRootScheduleInMicrotask @ react-dom-client.development.js:15830
(anonymous) @ react-dom-client.development.js:15962
setTimeout
(anonymous) @ StatsigNetwork.js:132
__webpack_modules__../node_modules/statsig-js/dist/StatsigNetwork.js.StatsigNetwork.postWithTimeout @ StatsigNetwork.js:131
__webpack_modules__../node_modules/statsig-js/dist/StatsigNetwork.js.StatsigNetwork.fetchValues @ StatsigNetwork.js:107
(anonymous) @ StatsigClient.js:1095
step @ StatsigClient.js:44
(anonymous) @ StatsigClient.js:25
(anonymous) @ StatsigClient.js:19
__webpack_modules__../node_modules/statsig-js/dist/StatsigClient.js.__awaiter @ StatsigClient.js:15
__webpack_modules__../node_modules/statsig-js/dist/StatsigClient.js.StatsigClient.fetchAndSaveValues @ StatsigClient.js:1070
(anonymous) @ StatsigClient.js:677
step @ StatsigClient.js:44
(anonymous) @ StatsigClient.js:25
(anonymous) @ StatsigClient.js:19
__webpack_modules__../node_modules/statsig-js/dist/StatsigClient.js.__awaiter @ StatsigClient.js:15
(anonymous) @ StatsigClient.js:633
__webpack_modules__../node_modules/statsig-js/dist/ErrorBoundary.js.ErrorBoundary.capture @ ErrorBoundary.js:74
(anonymous) @ StatsigClient.js:633
step @ StatsigClient.js:44
(anonymous) @ StatsigClient.js:25
(anonymous) @ StatsigClient.js:19
__webpack_modules__../node_modules/statsig-js/dist/StatsigClient.js.__awaiter @ StatsigClient.js:15
__webpack_modules__../node_modules/statsig-js/dist/StatsigClient.js.StatsigClient.updateUser @ StatsigClient.js:629
(anonymous) @ Statsig.js:222
__webpack_modules__../node_modules/statsig-react/dist/Statsig.js.Statsig.capture @ Statsig.js:395
__webpack_modules__../node_modules/statsig-react/dist/Statsig.js.Statsig.updateUser @ Statsig.js:222
(anonymous) @ StatsigProvider.js:76
react-stack-bottom-frame @ react-dom-client.development.js:22509
runWithFiberInDEV @ react-dom-client.development.js:543
commitHookEffectListMount @ react-dom-client.development.js:10758
commitHookPassiveMountEffects @ react-dom-client.development.js:10878
commitPassiveMountOnFiber @ react-dom-client.development.js:12653
recursivelyTraversePassiveMountEffects @ react-dom-client.development.js:12627
commitPassiveMountOnFiber @ react-dom-client.development.js:12646
recursivelyTraversePassiveMountEffects @ react-dom-client.development.js:12627
commitPassiveMountOnFiber @ react-dom-client.development.js:12755
recursivelyTraversePassiveMountEffects @ react-dom-client.development.js:12627
commitPassiveMountOnFiber @ react-dom-client.development.js:12646
recursivelyTraversePassiveMountEffects @ react-dom-client.development.js:12627
commitPassiveMountOnFiber @ react-dom-client.development.js:12755
recursivelyTraversePassiveMountEffects @ react-dom-client.development.js:12627
commitPassiveMountOnFiber @ react-dom-client.development.js:12755
recursivelyTraversePassiveMountEffects @ react-dom-client.development.js:12627
commitPassiveMountOnFiber @ react-dom-client.development.js:12646
recursivelyTraversePassiveMountEffects @ react-dom-client.development.js:12627
commitPassiveMountOnFiber @ react-dom-client.development.js:12646
recursivelyTraversePassiveMountEffects @ react-dom-client.development.js:12627
commitPassiveMountOnFiber @ react-dom-client.development.js:12755
recursivelyTraversePassiveMountEffects @ react-dom-client.development.js:12627
commitPassiveMountOnFiber @ react-dom-client.development.js:12755
recursivelyTraversePassiveMountEffects @ react-dom-client.development.js:12627
commitPassiveMountOnFiber @ react-dom-client.development.js:12646
recursivelyTraversePassiveMountEffects @ react-dom-client.development.js:12627
commitPassiveMountOnFiber @ react-dom-client.development.js:12646
recursivelyTraversePassiveMountEffects @ react-dom-client.development.js:12627
commitPassiveMountOnFiber @ react-dom-client.development.js:12646
recursivelyTraversePassiveMountEffects @ react-dom-client.development.js:12627
commitPassiveMountOnFiber @ react-dom-client.development.js:12646
recursivelyTraversePassiveMountEffects @ react-dom-client.development.js:12627
commitPassiveMountOnFiber @ react-dom-client.development.js:12755
recursivelyTraversePassiveMountEffects @ react-dom-client.development.js:12627
commitPassiveMountOnFiber @ react-dom-client.development.js:12646
recursivelyTraversePassiveMountEffects @ react-dom-client.development.js:12627
commitPassiveMountOnFiber @ react-dom-client.development.js:12755
recursivelyTraversePassiveMountEffects @ react-dom-client.development.js:12627
commitPassiveMountOnFiber @ react-dom-client.development.js:12646
recursivelyTraversePassiveMountEffects @ react-dom-client.development.js:12627
commitPassiveMountOnFiber @ react-dom-client.development.js:12646
recursivelyTraversePassiveMountEffects @ react-dom-client.development.js:12627
commitPassiveMountOnFiber @ react-dom-client.development.js:12755
recursivelyTraversePassiveMountEffects @ react-dom-client.development.js:12627
commitPassiveMountOnFiber @ react-dom-client.development.js:12646
recursivelyTraversePassiveMountEffects @ react-dom-client.development.js:12627
commitPassiveMountOnFiber @ react-dom-client.development.js:12755
recursivelyTraversePassiveMountEffects @ react-dom-client.development.js:12627
commitPassiveMountOnFiber @ react-dom-client.development.js:12646
recursivelyTraversePassiveMountEffects @ react-dom-client.development.js:12627
commitPassiveMountOnFiber @ react-dom-client.development.js:12646
recursivelyTraversePassiveMountEffects @ react-dom-client.development.js:12627
commitPassiveMountOnFiber @ react-dom-client.development.js:12755
recursivelyTraversePassiveMountEffects @ react-dom-client.development.js:12627
commitPassiveMountOnFiber @ react-dom-client.development.js:12755
recursivelyTraversePassiveMountEffects @ react-dom-client.development.js:12627
commitPassiveMountOnFiber @ react-dom-client.development.js:12646
recursivelyTraversePassiveMountEffects @ react-dom-client.development.js:12627
commitPassiveMountOnFiber @ react-dom-client.development.js:12755
recursivelyTraversePassiveMountEffects @ react-dom-client.development.js:12627
commitPassiveMountOnFiber @ react-dom-client.development.js:12646
recursivelyTraversePassiveMountEffects @ react-dom-client.development.js:12627
commitPassiveMountOnFiber @ react-dom-client.development.js:12755
recursivelyTraversePassiveMountEffects @ react-dom-client.development.js:12627
commitPassiveMountOnFiber @ react-dom-client.development.js:12755
recursivelyTraversePassiveMountEffects @ react-dom-client.development.js:12627
commitPassiveMountOnFiber @ react-dom-client.development.js:12646
recursivelyTraversePassiveMountEffects @ react-dom-client.development.js:12627
commitPassiveMountOnFiber @ react-dom-client.development.js:12755
recursivelyTraversePassiveMountEffects @ react-dom-client.development.js:12627
commitPassiveMountOnFiber @ react-dom-client.development.js:12646
recursivelyTraversePassiveMountEffects @ react-dom-client.development.js:12627
commitPassiveMountOnFiber @ react-dom-client.development.js:12755
recursivelyTraversePassiveMountEffects @ react-dom-client.development.js:12627
commitPassiveMountOnFiber @ react-dom-client.development.js:12755
recursivelyTraversePassiveMountEffects @ react-dom-client.development.js:12627
commitPassiveMountOnFiber @ react-dom-client.development.js:12646
recursivelyTraversePassiveMountEffects @ react-dom-client.development.js:12627
commitPassiveMountOnFiber @ react-dom-client.development.js:12755
recursivelyTraversePassiveMountEffects @ react-dom-client.development.js:12627
commitPassiveMountOnFiber @ react-dom-client.development.js:12755
recursivelyTraversePassiveMountEffects @ react-dom-client.development.js:12627
commitPassiveMountOnFiber @ react-dom-client.development.js:12646
recursivelyTraversePassiveMountEffects @ react-dom-client.development.js:12627
commitPassiveMountOnFiber @ react-dom-client.development.js:12755
recursivelyTraversePassiveMountEffects @ react-dom-client.development.js:12627
commitPassiveMountOnFiber @ react-dom-client.development.js:12755
recursivelyTraversePassiveMountEffects @ react-dom-client.development.js:12627
commitPassiveMountOnFiber @ react-dom-client.development.js:12646
recursivelyTraversePassiveMountEffects @ react-dom-client.development.js:12627
commitPassiveMountOnFiber @ react-dom-client.development.js:12755
recursivelyTraversePassiveMountEffects @ react-dom-client.development.js:12627
commitPassiveMountOnFiber @ react-dom-client.development.js:12646
recursivelyTraversePassiveMountEffects @ react-dom-client.development.js:12627
commitPassiveMountOnFiber @ react-dom-client.development.js:12755
recursivelyTraversePassiveMountEffects @ react-dom-client.development.js:12627
commitPassiveMountOnFiber @ react-dom-client.development.js:12755
recursivelyTraversePassiveMountEffects @ react-dom-client.development.js:12627
commitPassiveMountOnFiber @ react-dom-client.development.js:12646
recursivelyTraversePassiveMountEffects @ react-dom-client.development.js:12627
commitPassiveMountOnFiber @ react-dom-client.development.js:12755
recursivelyTraversePassiveMountEffects @ react-dom-client.development.js:12627
commitPassiveMountOnFiber @ react-dom-client.development.js:12755
recursivelyTraversePassiveMountEffects @ react-dom-client.development.js:12627
commitPassiveMountOnFiber @ react-dom-client.development.js:12646
recursivelyTraversePassiveMountEffects @ react-dom-client.development.js:12627
commitPassiveMountOnFiber @ react-dom-client.development.js:12755
recursivelyTraversePassiveMountEffects @ react-dom-client.development.js:12627
commitPassiveMountOnFiber @ react-dom-client.development.js:12755
recursivelyTraversePassiveMountEffects @ react-dom-client.development.js:12627
commitPassiveMountOnFiber @ react-dom-client.development.js:12646
recursivelyTraversePassiveMountEffects @ react-dom-client.development.js:12627
commitPassiveMountOnFiber @ react-dom-client.development.js:12755
recursivelyTraversePassiveMountEffects @ react-dom-client.development.js:12627
commitPassiveMountOnFiber @ react-dom-client.development.js:12755
recursivelyTraversePassiveMountEffects @ react-dom-client.development.js:12627
commitPassiveMountOnFiber @ react-dom-client.development.js:12646
recursivelyTraversePassiveMountEffects @ react-dom-client.development.js:12627
commitPassiveMountOnFiber @ react-dom-client.development.js:12755
recursivelyTraversePassiveMountEffects @ react-dom-client.development.js:12627
commitPassiveMountOnFiber @ react-dom-client.development.js:12755
recursivelyTraversePassiveMountEffects @ react-dom-client.development.js:12627
commitPassiveMountOnFiber @ react-dom-client.development.js:12646
recursivelyTraversePassiveMountEffects @ react-dom-client.development.js:12627
commitPassiveMountOnFiber @ react-dom-client.development.js:12755
recursivelyTraversePassiveMountEffects @ react-dom-client.development.js:12627
commitPassiveMountOnFiber @ react-dom-client.development.js:12646
recursivelyTraversePassiveMountEffects @ react-dom-client.development.js:12627
commitPassiveMountOnFiber @ react-dom-client.development.js:12646
recursivelyTraversePassiveMountEffects @ react-dom-client.development.js:12627
commitPassiveMountOnFiber @ react-dom-client.development.js:12755
recursivelyTraversePassiveMountEffects @ react-dom-client.development.js:12627
commitPassiveMountOnFiber @ react-dom-client.development.js:12646
recursivelyTraversePassiveMountEffects @ react-dom-client.development.js:12627
commitPassiveMountOnFiber @ react-dom-client.development.js:12646
recursivelyTraversePassiveMountEffects @ react-dom-client.development.js:12627
commitPassiveMountOnFiber @ react-dom-client.development.js:12755
recursivelyTraversePassiveMountEffects @ react-dom-client.development.js:12627
commitPassiveMountOnFiber @ react-dom-client.development.js:12646
recursivelyTraversePassiveMountEffects @ react-dom-client.development.js:12627
commitPassiveMountOnFiber @ react-dom-client.development.js:12755
recursivelyTraversePassiveMountEffects @ react-dom-client.development.js:12627
commitPassiveMountOnFiber @ react-dom-client.development.js:12755
recursivelyTraversePassiveMountEffects @ react-dom-client.development.js:12627
commitPassiveMountOnFiber @ react-dom-client.development.js:12646
recursivelyTraversePassiveMountEffects @ react-dom-client.development.js:12627
commitPassiveMountOnFiber @ react-dom-client.development.js:12755
recursivelyTraversePassiveMountEffects @ react-dom-client.development.js:12627
commitPassiveMountOnFiber @ react-dom-client.development.js:12755
recursivelyTraversePassiveMountEffects @ react-dom-client.development.js:12627
commitPassiveMountOnFiber @ react-dom-client.development.js:12646
recursivelyTraversePassiveMountEffects @ react-dom-client.development.js:12627
commitPassiveMountOnFiber @ react-dom-client.development.js:12755
recursivelyTraversePassiveMountEffects @ react-dom-client.development.js:12627
commitPassiveMountOnFiber @ react-dom-client.development.js:12755
recursivelyTraversePassiveMountEffects @ react-dom-client.development.js:12627
commitPassiveMountOnFiber @ react-dom-client.development.js:12646
recursivelyTraversePassiveMountEffects @ react-dom-client.development.js:12627
commitPassiveMountOnFiber @ react-dom-client.development.js:12755
recursivelyTraversePassiveMountEffects @ react-dom-client.development.js:12627
commitPassiveMountOnFiber @ react-dom-client.development.js:12755
recursivelyTraversePassiveMountEffects @ react-dom-client.development.js:12627
commitPassiveMountOnFiber @ react-dom-client.development.js:12646
recursivelyTraversePassiveMountEffects @ react-dom-client.development.js:12627
commitPassiveMountOnFiber @ react-dom-client.development.js:12755
recursivelyTraversePassiveMountEffects @ react-dom-client.development.js:12627
commitPassiveMountOnFiber @ react-dom-client.development.js:12755
recursivelyTraversePassiveMountEffects @ react-dom-client.development.js:12627
commitPassiveMountOnFiber @ react-dom-client.development.js:12646
recursivelyTraversePassiveMountEffects @ react-dom-client.development.js:12627
commitPassiveMountOnFiber @ react-dom-client.development.js:12755
recursivelyTraversePassiveMountEffects @ react-dom-client.development.js:12627
commitPassiveMountOnFiber @ react-dom-client.development.js:12755
recursivelyTraversePassiveMountEffects @ react-dom-client.development.js:12627
setTimeout
__webpack_modules__../src/platform/polyfills.web.ts.window.setImmediate @ polyfills.web.ts:5
schedulePerformWorkUntilDeadline @ scheduler.development.js:214
requestHostCallback @ scheduler.development.js:168
__webpack_modules__../node_modules/scheduler/cjs/scheduler.development.js.exports.unstable_scheduleCallback @ scheduler.development.js:344
scheduleTaskForRootDuringMicrotask @ react-dom-client.development.js:15909
processRootScheduleInMicrotask @ react-dom-client.development.js:15830
(anonymous) @ react-dom-client.development.js:15962
setTimeout
__webpack_modules__../src/platform/polyfills.web.ts.window.setImmediate @ polyfills.web.ts:5
schedulePerformWorkUntilDeadline @ scheduler.development.js:214
requestHostCallback @ scheduler.development.js:168
__webpack_modules__../node_modules/scheduler/cjs/scheduler.development.js.exports.unstable_scheduleCallback @ scheduler.development.js:344
scheduleCallback$1 @ react-dom-client.development.js:15745
commitRootImpl @ react-dom-client.development.js:15323
commitRoot @ react-dom-client.development.js:15251
commitRootWhenReady @ react-dom-client.development.js:14570
performWorkOnRoot @ react-dom-client.development.js:14494
performSyncWorkOnRoot @ react-dom-client.development.js:15946
flushSyncWorkAcrossRoots_impl @ react-dom-client.development.js:15807
flushSyncWork$1 @ react-dom-client.development.js:14640
scheduleRefresh @ react-dom-client.development.js:112
p.scheduleRefresh @ renderer.js:994
(anonymous) @ react-refresh-runtime.development.js:265
performReactRefresh @ react-refresh-runtime.development.js:254
(anonymous) @ RefreshUtils.js:100
setTimeout
enqueueUpdate @ RefreshUtils.js:98
executeRuntime @ RefreshUtils.js:259
$ReactRefreshModuleRuntime$ @ Arrow.tsx:21
./src/components/icons/Arrow.tsx @ Arrow.tsx:21
options.factory @ react refresh:37
__webpack_require__ @ bootstrap:22
fn @ hot module replacement:61
hotRequire @ react refresh:20
./src/components/Layout/Header/index.tsx @ KnownFollowers.tsx:260
options.factory @ react refresh:37
__webpack_require__ @ bootstrap:22
fn @ hot module replacement:61
hotRequire @ react refresh:20
./src/components/Layout/index.tsx @ context.ts:5
options.factory @ react refresh:37
__webpack_require__ @ bootstrap:22
fn @ hot module replacement:61
hotRequire @ react refresh:20
./src/alf/atoms.ts @ Navigation.web.tsx:34
options.factory @ react refresh:37
__webpack_require__ @ bootstrap:22
fn @ hot module replacement:61
hotRequire @ react refresh:20
./src/alf/themes.ts @ index.tsx:145
options.factory @ react refresh:37
__webpack_require__ @ bootstrap:22
fn @ hot module replacement:61
hotRequire @ react refresh:20
./src/alf/index.tsx @ fonts.ts:104
options.factory @ react refresh:37
__webpack_require__ @ bootstrap:22
fn @ hot module replacement:61
hotRequire @ react refresh:20
./src/components/Dialog/index.web.tsx @ context.ts:60
options.factory @ react refresh:37
__webpack_require__ @ bootstrap:22
fn @ hot module replacement:61
hotRequire @ react refresh:20
./src/components/dialogs/Context.tsx @ AnimatedCheck.tsx:96
options.factory @ react refresh:37
__webpack_require__ @ bootstrap:22
fn @ hot module replacement:61
hotRequire @ react refresh:20
./src/state/dialogs/index.tsx @ types.ts:7
options.factory @ react refresh:37
__webpack_require__ @ bootstrap:22
fn @ hot module replacement:61
hotRequire @ react refresh:20
./src/state/util.ts @ userActionHistory.ts:84
options.factory @ react refresh:37
__webpack_require__ @ bootstrap:22
fn @ hot module replacement:61
hotRequire @ react refresh:20
./src/state/session/index.tsx @ agent.ts:311
options.factory @ react refresh:37
__webpack_require__ @ bootstrap:22
fn @ hot module replacement:61
hotRequire @ react refresh:20
./src/lib/statsig/statsig.tsx @ main.8b93f40f79d401715aa2.hot-update.js:33
options.factory @ react refresh:37
__webpack_require__ @ bootstrap:22
fn @ hot module replacement:61
hotRequire @ react refresh:20
./src/App.web.tsx @ types.js:3693
options.factory @ react refresh:37
__webpack_require__ @ bootstrap:22
_requireSelf @ hot module replacement:101
onAccepted @ jsonp chunk loading:446
Promise.then
apply @ jsonp chunk loading:485
(anonymous) @ hot module replacement:370
internalApply @ hot module replacement:369
(anonymous) @ hot module replacement:277
waitForBlockingPromises @ hot module replacement:232
(anonymous) @ hot module replacement:275
Promise.then
(anonymous) @ hot module replacement:274
Promise.then
(anonymous) @ hot module replacement:255
Promise.then
hotCheck @ hot module replacement:246
check @ dev-server.js:15
(anonymous) @ dev-server.js:69
emit @ events.js:153
reloadApp @ reloadApp.js:38
warnings @ index.js:274
(anonymous) @ socket.js:62
client.onmessage @ WebSocketClient.js:45Understand this error
hydration.ts:103 Uncaught (in promise) Error: redacted
    at hydration.ts:103:1
(anonymous) @ hydration.ts:103
Promise.catch
dehydrateQuery @ hydration.ts:91
(anonymous) @ hydration.ts:156
dehydrate @ hydration.ts:153
persistQueryClientSave @ persist.ts:122
(anonymous) @ persist.ts:140
(anonymous) @ queryCache.ts:203
(anonymous) @ queryCache.ts:202
batch @ notifyManager.ts:54
notify @ queryCache.ts:201
add @ queryCache.ts:137
build @ queryCache.ts:127
#updateQuery @ queryObserver.ts:695
setOptions @ queryObserver.ts:168
QueryObserver @ queryObserver.ts:92
(anonymous) @ useBaseQuery.ts:84
mountStateImpl @ react-dom-client.development.js:6355
mountState @ react-dom-client.development.js:6376
useState @ react-dom-client.development.js:22784
__webpack_modules__../node_modules/react/cjs/react.development.js.exports.useState @ react.development.js:1500
useBaseQuery @ useBaseQuery.ts:84
useQuery @ useQuery.ts:51
useProfileQuery @ profile.ts:86
useEmail @ useEmail.ts:12
useRequireEmailVerification @ useRequireEmailVerification.tsx:15
useOpenComposer @ useOpenComposer.tsx:9
useComposerKeyboardShortcut @ useComposerKeyboardShortcut.tsx:42
ShellInner @ index.web.tsx:59
react-stack-bottom-frame @ react-dom-client.development.js:22428
renderWithHooks @ react-dom-client.development.js:5757
updateFunctionComponent @ react-dom-client.development.js:8018
beginWork @ react-dom-client.development.js:9683
runWithFiberInDEV @ react-dom-client.development.js:543
performUnitOfWork @ react-dom-client.development.js:15044
workLoopSync @ react-dom-client.development.js:14870
renderRootSync @ react-dom-client.development.js:14850
performWorkOnRoot @ react-dom-client.development.js:14334
performWorkOnRootViaSchedulerTask @ react-dom-client.development.js:15931
performWorkUntilDeadline @ scheduler.development.js:44
setTimeout
__webpack_modules__../src/platform/polyfills.web.ts.window.setImmediate @ polyfills.web.ts:5
schedulePerformWorkUntilDeadline @ scheduler.development.js:214
requestHostCallback @ scheduler.development.js:168
__webpack_modules__../node_modules/scheduler/cjs/scheduler.development.js.exports.unstable_scheduleCallback @ scheduler.development.js:344
scheduleTaskForRootDuringMicrotask @ react-dom-client.development.js:15909
processRootScheduleInMicrotask @ react-dom-client.development.js:15830
(anonymous) @ react-dom-client.development.js:15962
setTimeout
(anonymous) @ StatsigNetwork.js:132
__webpack_modules__../node_modules/statsig-js/dist/StatsigNetwork.js.StatsigNetwork.postWithTimeout @ StatsigNetwork.js:131
__webpack_modules__../node_modules/statsig-js/dist/StatsigNetwork.js.StatsigNetwork.fetchValues @ StatsigNetwork.js:107
(anonymous) @ StatsigClient.js:1095
step @ StatsigClient.js:44
(anonymous) @ StatsigClient.js:25
(anonymous) @ StatsigClient.js:19
__webpack_modules__../node_modules/statsig-js/dist/StatsigClient.js.__awaiter @ StatsigClient.js:15
__webpack_modules__../node_modules/statsig-js/dist/StatsigClient.js.StatsigClient.fetchAndSaveValues @ StatsigClient.js:1070
(anonymous) @ StatsigClient.js:677
step @ StatsigClient.js:44
(anonymous) @ StatsigClient.js:25
(anonymous) @ StatsigClient.js:19
__webpack_modules__../node_modules/statsig-js/dist/StatsigClient.js.__awaiter @ StatsigClient.js:15
(anonymous) @ StatsigClient.js:633
__webpack_modules__../node_modules/statsig-js/dist/ErrorBoundary.js.ErrorBoundary.capture @ ErrorBoundary.js:74
(anonymous) @ StatsigClient.js:633
step @ StatsigClient.js:44
(anonymous) @ StatsigClient.js:25
(anonymous) @ StatsigClient.js:19
__webpack_modules__../node_modules/statsig-js/dist/StatsigClient.js.__awaiter @ StatsigClient.js:15
__webpack_modules__../node_modules/statsig-js/dist/StatsigClient.js.StatsigClient.updateUser @ StatsigClient.js:629
(anonymous) @ Statsig.js:222
__webpack_modules__../node_modules/statsig-react/dist/Statsig.js.Statsig.capture @ Statsig.js:395
__webpack_modules__../node_modules/statsig-react/dist/Statsig.js.Statsig.updateUser @ Statsig.js:222
(anonymous) @ StatsigProvider.js:76
react-stack-bottom-frame @ react-dom-client.development.js:22509
runWithFiberInDEV @ react-dom-client.development.js:543
commitHookEffectListMount @ react-dom-client.development.js:10758
commitHookPassiveMountEffects @ react-dom-client.development.js:10878
commitPassiveMountOnFiber @ react-dom-client.development.js:12653
recursivelyTraversePassiveMountEffects @ react-dom-client.development.js:12627
commitPassiveMountOnFiber @ react-dom-client.development.js:12646
recursivelyTraversePassiveMountEffects @ react-dom-client.development.js:12627
commitPassiveMountOnFiber @ react-dom-client.development.js:12755
recursivelyTraversePassiveMountEffects @ react-dom-client.development.js:12627
commitPassiveMountOnFiber @ react-dom-client.development.js:12646
recursivelyTraversePassiveMountEffects @ react-dom-client.development.js:12627
commitPassiveMountOnFiber @ react-dom-client.development.js:12755
recursivelyTraversePassiveMountEffects @ react-dom-client.development.js:12627
commitPassiveMountOnFiber @ react-dom-client.development.js:12755
recursivelyTraversePassiveMountEffects @ react-dom-client.development.js:12627
commitPassiveMountOnFiber @ react-dom-client.development.js:12646
recursivelyTraversePassiveMountEffects @ react-dom-client.development.js:12627
commitPassiveMountOnFiber @ react-dom-client.development.js:12646
recursivelyTraversePassiveMountEffects @ react-dom-client.development.js:12627
commitPassiveMountOnFiber @ react-dom-client.development.js:12755
recursivelyTraversePassiveMountEffects @ react-dom-client.development.js:12627
commitPassiveMountOnFiber @ react-dom-client.development.js:12755
recursivelyTraversePassiveMountEffects @ react-dom-client.development.js:12627
commitPassiveMountOnFiber @ react-dom-client.development.js:12646
recursivelyTraversePassiveMountEffects @ react-dom-client.development.js:12627
commitPassiveMountOnFiber @ react-dom-client.development.js:12646
recursivelyTraversePassiveMountEffects @ react-dom-client.development.js:12627
commitPassiveMountOnFiber @ react-dom-client.development.js:12646
recursivelyTraversePassiveMountEffects @ react-dom-client.development.js:12627
commitPassiveMountOnFiber @ react-dom-client.development.js:12646
recursivelyTraversePassiveMountEffects @ react-dom-client.development.js:12627
commitPassiveMountOnFiber @ react-dom-client.development.js:12755
recursivelyTraversePassiveMountEffects @ react-dom-client.development.js:12627
commitPassiveMountOnFiber @ react-dom-client.development.js:12646
recursivelyTraversePassiveMountEffects @ react-dom-client.development.js:12627
commitPassiveMountOnFiber @ react-dom-client.development.js:12755
recursivelyTraversePassiveMountEffects @ react-dom-client.development.js:12627
commitPassiveMountOnFiber @ react-dom-client.development.js:12646
recursivelyTraversePassiveMountEffects @ react-dom-client.development.js:12627
commitPassiveMountOnFiber @ react-dom-client.development.js:12646
recursivelyTraversePassiveMountEffects @ react-dom-client.development.js:12627
commitPassiveMountOnFiber @ react-dom-client.development.js:12755
recursivelyTraversePassiveMountEffects @ react-dom-client.development.js:12627
commitPassiveMountOnFiber @ react-dom-client.development.js:12646
recursivelyTraversePassiveMountEffects @ react-dom-client.development.js:12627
commitPassiveMountOnFiber @ react-dom-client.development.js:12755
recursivelyTraversePassiveMountEffects @ react-dom-client.development.js:12627
commitPassiveMountOnFiber @ react-dom-client.development.js:12646
recursivelyTraversePassiveMountEffects @ react-dom-client.development.js:12627
commitPassiveMountOnFiber @ react-dom-client.development.js:12646
recursivelyTraversePassiveMountEffects @ react-dom-client.development.js:12627
commitPassiveMountOnFiber @ react-dom-client.development.js:12755
recursivelyTraversePassiveMountEffects @ react-dom-client.development.js:12627
commitPassiveMountOnFiber @ react-dom-client.development.js:12755
recursivelyTraversePassiveMountEffects @ react-dom-client.development.js:12627
commitPassiveMountOnFiber @ react-dom-client.development.js:12646
recursivelyTraversePassiveMountEffects @ react-dom-client.development.js:12627
commitPassiveMountOnFiber @ react-dom-client.development.js:12755
recursivelyTraversePassiveMountEffects @ react-dom-client.development.js:12627
commitPassiveMountOnFiber @ react-dom-client.development.js:12646
recursivelyTraversePassiveMountEffects @ react-dom-client.development.js:12627
commitPassiveMountOnFiber @ react-dom-client.development.js:12755
recursivelyTraversePassiveMountEffects @ react-dom-client.development.js:12627
commitPassiveMountOnFiber @ react-dom-client.development.js:12755
recursivelyTraversePassiveMountEffects @ react-dom-client.development.js:12627
commitPassiveMountOnFiber @ react-dom-client.development.js:12646
recursivelyTraversePassiveMountEffects @ react-dom-client.development.js:12627
commitPassiveMountOnFiber @ react-dom-client.development.js:12755
recursivelyTraversePassiveMountEffects @ react-dom-client.development.js:12627
commitPassiveMountOnFiber @ react-dom-client.development.js:12646
recursivelyTraversePassiveMountEffects @ react-dom-client.development.js:12627
commitPassiveMountOnFiber @ react-dom-client.development.js:12755
recursivelyTraversePassiveMountEffects @ react-dom-client.development.js:12627
commitPassiveMountOnFiber @ react-dom-client.development.js:12755
recursivelyTraversePassiveMountEffects @ react-dom-client.development.js:12627
commitPassiveMountOnFiber @ react-dom-client.development.js:12646
recursivelyTraversePassiveMountEffects @ react-dom-client.development.js:12627
commitPassiveMountOnFiber @ react-dom-client.development.js:12755
recursivelyTraversePassiveMountEffects @ react-dom-client.development.js:12627
commitPassiveMountOnFiber @ react-dom-client.development.js:12755
recursivelyTraversePassiveMountEffects @ react-dom-client.development.js:12627
commitPassiveMountOnFiber @ react-dom-client.development.js:12646
recursivelyTraversePassiveMountEffects @ react-dom-client.development.js:12627
commitPassiveMountOnFiber @ react-dom-client.development.js:12755
recursivelyTraversePassiveMountEffects @ react-dom-client.development.js:12627
commitPassiveMountOnFiber @ react-dom-client.development.js:12755
recursivelyTraversePassiveMountEffects @ react-dom-client.development.js:12627
commitPassiveMountOnFiber @ react-dom-client.development.js:12646
recursivelyTraversePassiveMountEffects @ react-dom-client.development.js:12627
commitPassiveMountOnFiber @ react-dom-client.development.js:12755
recursivelyTraversePassiveMountEffects @ react-dom-client.development.js:12627
commitPassiveMountOnFiber @ react-dom-client.development.js:12646
recursivelyTraversePassiveMountEffects @ react-dom-client.development.js:12627
commitPassiveMountOnFiber @ react-dom-client.development.js:12755
recursivelyTraversePassiveMountEffects @ react-dom-client.development.js:12627
commitPassiveMountOnFiber @ react-dom-client.development.js:12755
recursivelyTraversePassiveMountEffects @ react-dom-client.development.js:12627
commitPassiveMountOnFiber @ react-dom-client.development.js:12646
recursivelyTraversePassiveMountEffects @ react-dom-client.development.js:12627
commitPassiveMountOnFiber @ react-dom-client.development.js:12755
recursivelyTraversePassiveMountEffects @ react-dom-client.development.js:12627
commitPassiveMountOnFiber @ react-dom-client.development.js:12755
recursivelyTraversePassiveMountEffects @ react-dom-client.development.js:12627
commitPassiveMountOnFiber @ react-dom-client.development.js:12646
recursivelyTraversePassiveMountEffects @ react-dom-client.development.js:12627
commitPassiveMountOnFiber @ react-dom-client.development.js:12755
recursivelyTraversePassiveMountEffects @ react-dom-client.development.js:12627
commitPassiveMountOnFiber @ react-dom-client.development.js:12755
recursivelyTraversePassiveMountEffects @ react-dom-client.development.js:12627
commitPassiveMountOnFiber @ react-dom-client.development.js:12646
recursivelyTraversePassiveMountEffects @ react-dom-client.development.js:12627
commitPassiveMountOnFiber @ react-dom-client.development.js:12755
recursivelyTraversePassiveMountEffects @ react-dom-client.development.js:12627
commitPassiveMountOnFiber @ react-dom-client.development.js:12755
recursivelyTraversePassiveMountEffects @ react-dom-client.development.js:12627
commitPassiveMountOnFiber @ react-dom-client.development.js:12646
recursivelyTraversePassiveMountEffects @ react-dom-client.development.js:12627
commitPassiveMountOnFiber @ react-dom-client.development.js:12755
recursivelyTraversePassiveMountEffects @ react-dom-client.development.js:12627
commitPassiveMountOnFiber @ react-dom-client.development.js:12755
recursivelyTraversePassiveMountEffects @ react-dom-client.development.js:12627
commitPassiveMountOnFiber @ react-dom-client.development.js:12646
recursivelyTraversePassiveMountEffects @ react-dom-client.development.js:12627
commitPassiveMountOnFiber @ react-dom-client.development.js:12755
recursivelyTraversePassiveMountEffects @ react-dom-client.development.js:12627
commitPassiveMountOnFiber @ react-dom-client.development.js:12646
recursivelyTraversePassiveMountEffects @ react-dom-client.development.js:12627
commitPassiveMountOnFiber @ react-dom-client.development.js:12646
recursivelyTraversePassiveMountEffects @ react-dom-client.development.js:12627
commitPassiveMountOnFiber @ react-dom-client.development.js:12755
recursivelyTraversePassiveMountEffects @ react-dom-client.development.js:12627
commitPassiveMountOnFiber @ react-dom-client.development.js:12646
recursivelyTraversePassiveMountEffects @ react-dom-client.development.js:12627
commitPassiveMountOnFiber @ react-dom-client.development.js:12646
recursivelyTraversePassiveMountEffects @ react-dom-client.development.js:12627
commitPassiveMountOnFiber @ react-dom-client.development.js:12755
recursivelyTraversePassiveMountEffects @ react-dom-client.development.js:12627
commitPassiveMountOnFiber @ react-dom-client.development.js:12646
recursivelyTraversePassiveMountEffects @ react-dom-client.development.js:12627
commitPassiveMountOnFiber @ react-dom-client.development.js:12755
recursivelyTraversePassiveMountEffects @ react-dom-client.development.js:12627
commitPassiveMountOnFiber @ react-dom-client.development.js:12755
recursivelyTraversePassiveMountEffects @ react-dom-client.development.js:12627
commitPassiveMountOnFiber @ react-dom-client.development.js:12646
recursivelyTraversePassiveMountEffects @ react-dom-client.development.js:12627
commitPassiveMountOnFiber @ react-dom-client.development.js:12755
recursivelyTraversePassiveMountEffects @ react-dom-client.development.js:12627
commitPassiveMountOnFiber @ react-dom-client.development.js:12755
recursivelyTraversePassiveMountEffects @ react-dom-client.development.js:12627
commitPassiveMountOnFiber @ react-dom-client.development.js:12646
recursivelyTraversePassiveMountEffects @ react-dom-client.development.js:12627
commitPassiveMountOnFiber @ react-dom-client.development.js:12755
recursivelyTraversePassiveMountEffects @ react-dom-client.development.js:12627
commitPassiveMountOnFiber @ react-dom-client.development.js:12755
recursivelyTraversePassiveMountEffects @ react-dom-client.development.js:12627
commitPassiveMountOnFiber @ react-dom-client.development.js:12646
recursivelyTraversePassiveMountEffects @ react-dom-client.development.js:12627
commitPassiveMountOnFiber @ react-dom-client.development.js:12755
recursivelyTraversePassiveMountEffects @ react-dom-client.development.js:12627
commitPassiveMountOnFiber @ react-dom-client.development.js:12755
recursivelyTraversePassiveMountEffects @ react-dom-client.development.js:12627
commitPassiveMountOnFiber @ react-dom-client.development.js:12646
recursivelyTraversePassiveMountEffects @ react-dom-client.development.js:12627
commitPassiveMountOnFiber @ react-dom-client.development.js:12755
recursivelyTraversePassiveMountEffects @ react-dom-client.development.js:12627
commitPassiveMountOnFiber @ react-dom-client.development.js:12755
recursivelyTraversePassiveMountEffects @ react-dom-client.development.js:12627
commitPassiveMountOnFiber @ react-dom-client.development.js:12646
recursivelyTraversePassiveMountEffects @ react-dom-client.development.js:12627
commitPassiveMountOnFiber @ react-dom-client.development.js:12755
recursivelyTraversePassiveMountEffects @ react-dom-client.development.js:12627
commitPassiveMountOnFiber @ react-dom-client.development.js:12755
recursivelyTraversePassiveMountEffects @ react-dom-client.development.js:12627
setTimeout
__webpack_modules__../src/platform/polyfills.web.ts.window.setImmediate @ polyfills.web.ts:5
schedulePerformWorkUntilDeadline @ scheduler.development.js:214
requestHostCallback @ scheduler.development.js:168
__webpack_modules__../node_modules/scheduler/cjs/scheduler.development.js.exports.unstable_scheduleCallback @ scheduler.development.js:344
scheduleTaskForRootDuringMicrotask @ react-dom-client.development.js:15909
processRootScheduleInMicrotask @ react-dom-client.development.js:15830
(anonymous) @ react-dom-client.development.js:15962
setTimeout
__webpack_modules__../src/platform/polyfills.web.ts.window.setImmediate @ polyfills.web.ts:5
schedulePerformWorkUntilDeadline @ scheduler.development.js:214
requestHostCallback @ scheduler.development.js:168
__webpack_modules__../node_modules/scheduler/cjs/scheduler.development.js.exports.unstable_scheduleCallback @ scheduler.development.js:344
scheduleCallback$1 @ react-dom-client.development.js:15745
commitRootImpl @ react-dom-client.development.js:15323
commitRoot @ react-dom-client.development.js:15251
commitRootWhenReady @ react-dom-client.development.js:14570
performWorkOnRoot @ react-dom-client.development.js:14494
performSyncWorkOnRoot @ react-dom-client.development.js:15946
flushSyncWorkAcrossRoots_impl @ react-dom-client.development.js:15807
flushSyncWork$1 @ react-dom-client.development.js:14640
scheduleRefresh @ react-dom-client.development.js:112
p.scheduleRefresh @ renderer.js:994
(anonymous) @ react-refresh-runtime.development.js:265
performReactRefresh @ react-refresh-runtime.development.js:254
(anonymous) @ RefreshUtils.js:100
setTimeout
enqueueUpdate @ RefreshUtils.js:98
executeRuntime @ RefreshUtils.js:259
$ReactRefreshModuleRuntime$ @ Arrow.tsx:21
./src/components/icons/Arrow.tsx @ Arrow.tsx:21
options.factory @ react refresh:37
__webpack_require__ @ bootstrap:22
fn @ hot module replacement:61
hotRequire @ react refresh:20
./src/components/Layout/Header/index.tsx @ KnownFollowers.tsx:260
options.factory @ react refresh:37
__webpack_require__ @ bootstrap:22
fn @ hot module replacement:61
hotRequire @ react refresh:20
./src/components/Layout/index.tsx @ context.ts:5
options.factory @ react refresh:37
__webpack_require__ @ bootstrap:22
fn @ hot module replacement:61
hotRequire @ react refresh:20
./src/alf/atoms.ts @ Navigation.web.tsx:34
options.factory @ react refresh:37
__webpack_require__ @ bootstrap:22
fn @ hot module replacement:61
hotRequire @ react refresh:20
./src/alf/themes.ts @ index.tsx:145
options.factory @ react refresh:37
__webpack_require__ @ bootstrap:22
fn @ hot module replacement:61
hotRequire @ react refresh:20
./src/alf/index.tsx @ fonts.ts:104
options.factory @ react refresh:37
__webpack_require__ @ bootstrap:22
fn @ hot module replacement:61
hotRequire @ react refresh:20
./src/components/Dialog/index.web.tsx @ context.ts:60
options.factory @ react refresh:37
__webpack_require__ @ bootstrap:22
fn @ hot module replacement:61
hotRequire @ react refresh:20
./src/components/dialogs/Context.tsx @ AnimatedCheck.tsx:96
options.factory @ react refresh:37
__webpack_require__ @ bootstrap:22
fn @ hot module replacement:61
hotRequire @ react refresh:20
./src/state/dialogs/index.tsx @ types.ts:7
options.factory @ react refresh:37
__webpack_require__ @ bootstrap:22
fn @ hot module replacement:61
hotRequire @ react refresh:20
./src/state/util.ts @ userActionHistory.ts:84
options.factory @ react refresh:37
__webpack_require__ @ bootstrap:22
fn @ hot module replacement:61
hotRequire @ react refresh:20
./src/state/session/index.tsx @ agent.ts:311
options.factory @ react refresh:37
__webpack_require__ @ bootstrap:22
fn @ hot module replacement:61
hotRequire @ react refresh:20
./src/lib/statsig/statsig.tsx @ main.8b93f40f79d401715aa2.hot-update.js:33
options.factory @ react refresh:37
__webpack_require__ @ bootstrap:22
fn @ hot module replacement:61
hotRequire @ react refresh:20
./src/App.web.tsx @ types.js:3693
options.factory @ react refresh:37
__webpack_require__ @ bootstrap:22
_requireSelf @ hot module replacement:101
onAccepted @ jsonp chunk loading:446
Promise.then
apply @ jsonp chunk loading:485
(anonymous) @ hot module replacement:370
internalApply @ hot module replacement:369
(anonymous) @ hot module replacement:277
waitForBlockingPromises @ hot module replacement:232
(anonymous) @ hot module replacement:275
Promise.then
(anonymous) @ hot module replacement:274
Promise.then
(anonymous) @ hot module replacement:255
Promise.then
hotCheck @ hot module replacement:246
check @ dev-server.js:15
(anonymous) @ dev-server.js:69
emit @ events.js:153
reloadApp @ reloadApp.js:38
warnings @ index.js:274
(anonymous) @ socket.js:62
client.onmessage @ WebSocketClient.js:45Understand this error
hydration.ts:103 Uncaught (in promise) Error: redacted
    at hydration.ts:103:1
(anonymous) @ hydration.ts:103
Promise.catch
dehydrateQuery @ hydration.ts:91
(anonymous) @ hydration.ts:156
dehydrate @ hydration.ts:153
persistQueryClientSave @ persist.ts:122
(anonymous) @ persist.ts:140
(anonymous) @ queryCache.ts:203
(anonymous) @ queryCache.ts:202
batch @ notifyManager.ts:54
notify @ queryCache.ts:201
add @ queryCache.ts:137
build @ queryCache.ts:127
#updateQuery @ queryObserver.ts:695
setOptions @ queryObserver.ts:168
QueryObserver @ queryObserver.ts:92
(anonymous) @ useBaseQuery.ts:84
mountStateImpl @ react-dom-client.development.js:6355
mountState @ react-dom-client.development.js:6376
useState @ react-dom-client.development.js:22784
__webpack_modules__../node_modules/react/cjs/react.development.js.exports.useState @ react.development.js:1500
useBaseQuery @ useBaseQuery.ts:84
useQuery @ useQuery.ts:51
useAccountEmailState @ useAccountEmailState.ts:31
EmailDialog @ index.tsx:26
react-stack-bottom-frame @ react-dom-client.development.js:22428
renderWithHooks @ react-dom-client.development.js:5757
updateFunctionComponent @ react-dom-client.development.js:8018
beginWork @ react-dom-client.development.js:9683
runWithFiberInDEV @ react-dom-client.development.js:543
performUnitOfWork @ react-dom-client.development.js:15044
workLoopSync @ react-dom-client.development.js:14870
renderRootSync @ react-dom-client.development.js:14850
performWorkOnRoot @ react-dom-client.development.js:14334
performWorkOnRootViaSchedulerTask @ react-dom-client.development.js:15931
performWorkUntilDeadline @ scheduler.development.js:44
setTimeout
__webpack_modules__../src/platform/polyfills.web.ts.window.setImmediate @ polyfills.web.ts:5
schedulePerformWorkUntilDeadline @ scheduler.development.js:214
requestHostCallback @ scheduler.development.js:168
__webpack_modules__../node_modules/scheduler/cjs/scheduler.development.js.exports.unstable_scheduleCallback @ scheduler.development.js:344
scheduleTaskForRootDuringMicrotask @ react-dom-client.development.js:15909
processRootScheduleInMicrotask @ react-dom-client.development.js:15830
(anonymous) @ react-dom-client.development.js:15962
setTimeout
(anonymous) @ StatsigNetwork.js:132
__webpack_modules__../node_modules/statsig-js/dist/StatsigNetwork.js.StatsigNetwork.postWithTimeout @ StatsigNetwork.js:131
__webpack_modules__../node_modules/statsig-js/dist/StatsigNetwork.js.StatsigNetwork.fetchValues @ StatsigNetwork.js:107
(anonymous) @ StatsigClient.js:1095
step @ StatsigClient.js:44
(anonymous) @ StatsigClient.js:25
(anonymous) @ StatsigClient.js:19
__webpack_modules__../node_modules/statsig-js/dist/StatsigClient.js.__awaiter @ StatsigClient.js:15
__webpack_modules__../node_modules/statsig-js/dist/StatsigClient.js.StatsigClient.fetchAndSaveValues @ StatsigClient.js:1070
(anonymous) @ StatsigClient.js:677
step @ StatsigClient.js:44
(anonymous) @ StatsigClient.js:25
(anonymous) @ StatsigClient.js:19
__webpack_modules__../node_modules/statsig-js/dist/StatsigClient.js.__awaiter @ StatsigClient.js:15
(anonymous) @ StatsigClient.js:633
__webpack_modules__../node_modules/statsig-js/dist/ErrorBoundary.js.ErrorBoundary.capture @ ErrorBoundary.js:74
(anonymous) @ StatsigClient.js:633
step @ StatsigClient.js:44
(anonymous) @ StatsigClient.js:25
(anonymous) @ StatsigClient.js:19
__webpack_modules__../node_modules/statsig-js/dist/StatsigClient.js.__awaiter @ StatsigClient.js:15
__webpack_modules__../node_modules/statsig-js/dist/StatsigClient.js.StatsigClient.updateUser @ StatsigClient.js:629
(anonymous) @ Statsig.js:222
__webpack_modules__../node_modules/statsig-react/dist/Statsig.js.Statsig.capture @ Statsig.js:395
__webpack_modules__../node_modules/statsig-react/dist/Statsig.js.Statsig.updateUser @ Statsig.js:222
(anonymous) @ StatsigProvider.js:76
react-stack-bottom-frame @ react-dom-client.development.js:22509
runWithFiberInDEV @ react-dom-client.development.js:543
commitHookEffectListMount @ react-dom-client.development.js:10758
commitHookPassiveMountEffects @ react-dom-client.development.js:10878
commitPassiveMountOnFiber @ react-dom-client.development.js:12653
recursivelyTraversePassiveMountEffects @ react-dom-client.development.js:12627
commitPassiveMountOnFiber @ react-dom-client.development.js:12646
recursivelyTraversePassiveMountEffects @ react-dom-client.development.js:12627
commitPassiveMountOnFiber @ react-dom-client.development.js:12755
recursivelyTraversePassiveMountEffects @ react-dom-client.development.js:12627
commitPassiveMountOnFiber @ react-dom-client.development.js:12646
recursivelyTraversePassiveMountEffects @ react-dom-client.development.js:12627
commitPassiveMountOnFiber @ react-dom-client.development.js:12755
recursivelyTraversePassiveMountEffects @ react-dom-client.development.js:12627
commitPassiveMountOnFiber @ react-dom-client.development.js:12755
recursivelyTraversePassiveMountEffects @ react-dom-client.development.js:12627
commitPassiveMountOnFiber @ react-dom-client.development.js:12646
recursivelyTraversePassiveMountEffects @ react-dom-client.development.js:12627
commitPassiveMountOnFiber @ react-dom-client.development.js:12646
recursivelyTraversePassiveMountEffects @ react-dom-client.development.js:12627
commitPassiveMountOnFiber @ react-dom-client.development.js:12755
recursivelyTraversePassiveMountEffects @ react-dom-client.development.js:12627
commitPassiveMountOnFiber @ react-dom-client.development.js:12755
recursivelyTraversePassiveMountEffects @ react-dom-client.development.js:12627
commitPassiveMountOnFiber @ react-dom-client.development.js:12646
recursivelyTraversePassiveMountEffects @ react-dom-client.development.js:12627
commitPassiveMountOnFiber @ react-dom-client.development.js:12646
recursivelyTraversePassiveMountEffects @ react-dom-client.development.js:12627
commitPassiveMountOnFiber @ react-dom-client.development.js:12646
recursivelyTraversePassiveMountEffects @ react-dom-client.development.js:12627
commitPassiveMountOnFiber @ react-dom-client.development.js:12646
recursivelyTraversePassiveMountEffects @ react-dom-client.development.js:12627
commitPassiveMountOnFiber @ react-dom-client.development.js:12755
recursivelyTraversePassiveMountEffects @ react-dom-client.development.js:12627
commitPassiveMountOnFiber @ react-dom-client.development.js:12646
recursivelyTraversePassiveMountEffects @ react-dom-client.development.js:12627
commitPassiveMountOnFiber @ react-dom-client.development.js:12755
recursivelyTraversePassiveMountEffects @ react-dom-client.development.js:12627
commitPassiveMountOnFiber @ react-dom-client.development.js:12646
recursivelyTraversePassiveMountEffects @ react-dom-client.development.js:12627
commitPassiveMountOnFiber @ react-dom-client.development.js:12646
recursivelyTraversePassiveMountEffects @ react-dom-client.development.js:12627
commitPassiveMountOnFiber @ react-dom-client.development.js:12755
recursivelyTraversePassiveMountEffects @ react-dom-client.development.js:12627
commitPassiveMountOnFiber @ react-dom-client.development.js:12646
recursivelyTraversePassiveMountEffects @ react-dom-client.development.js:12627
commitPassiveMountOnFiber @ react-dom-client.development.js:12755
recursivelyTraversePassiveMountEffects @ react-dom-client.development.js:12627
commitPassiveMountOnFiber @ react-dom-client.development.js:12646
recursivelyTraversePassiveMountEffects @ react-dom-client.development.js:12627
commitPassiveMountOnFiber @ react-dom-client.development.js:12646
recursivelyTraversePassiveMountEffects @ react-dom-client.development.js:12627
commitPassiveMountOnFiber @ react-dom-client.development.js:12755
recursivelyTraversePassiveMountEffects @ react-dom-client.development.js:12627
commitPassiveMountOnFiber @ react-dom-client.development.js:12755
recursivelyTraversePassiveMountEffects @ react-dom-client.development.js:12627
commitPassiveMountOnFiber @ react-dom-client.development.js:12646
recursivelyTraversePassiveMountEffects @ react-dom-client.development.js:12627
commitPassiveMountOnFiber @ react-dom-client.development.js:12755
recursivelyTraversePassiveMountEffects @ react-dom-client.development.js:12627
commitPassiveMountOnFiber @ react-dom-client.development.js:12646
recursivelyTraversePassiveMountEffects @ react-dom-client.development.js:12627
commitPassiveMountOnFiber @ react-dom-client.development.js:12755
recursivelyTraversePassiveMountEffects @ react-dom-client.development.js:12627
commitPassiveMountOnFiber @ react-dom-client.development.js:12755
recursivelyTraversePassiveMountEffects @ react-dom-client.development.js:12627
commitPassiveMountOnFiber @ react-dom-client.development.js:12646
recursivelyTraversePassiveMountEffects @ react-dom-client.development.js:12627
commitPassiveMountOnFiber @ react-dom-client.development.js:12755
recursivelyTraversePassiveMountEffects @ react-dom-client.development.js:12627
commitPassiveMountOnFiber @ react-dom-client.development.js:12646
recursivelyTraversePassiveMountEffects @ react-dom-client.development.js:12627
commitPassiveMountOnFiber @ react-dom-client.development.js:12755
recursivelyTraversePassiveMountEffects @ react-dom-client.development.js:12627
commitPassiveMountOnFiber @ react-dom-client.development.js:12755
recursivelyTraversePassiveMountEffects @ react-dom-client.development.js:12627
commitPassiveMountOnFiber @ react-dom-client.development.js:12646
recursivelyTraversePassiveMountEffects @ react-dom-client.development.js:12627
commitPassiveMountOnFiber @ react-dom-client.development.js:12755
recursivelyTraversePassiveMountEffects @ react-dom-client.development.js:12627
commitPassiveMountOnFiber @ react-dom-client.development.js:12755
recursivelyTraversePassiveMountEffects @ react-dom-client.development.js:12627
commitPassiveMountOnFiber @ react-dom-client.development.js:12646
recursivelyTraversePassiveMountEffects @ react-dom-client.development.js:12627
commitPassiveMountOnFiber @ react-dom-client.development.js:12755
recursivelyTraversePassiveMountEffects @ react-dom-client.development.js:12627
commitPassiveMountOnFiber @ react-dom-client.development.js:12755
recursivelyTraversePassiveMountEffects @ react-dom-client.development.js:12627
commitPassiveMountOnFiber @ react-dom-client.development.js:12646
recursivelyTraversePassiveMountEffects @ react-dom-client.development.js:12627
commitPassiveMountOnFiber @ react-dom-client.development.js:12755
recursivelyTraversePassiveMountEffects @ react-dom-client.development.js:12627
commitPassiveMountOnFiber @ react-dom-client.development.js:12646
recursivelyTraversePassiveMountEffects @ react-dom-client.development.js:12627
commitPassiveMountOnFiber @ react-dom-client.development.js:12755
recursivelyTraversePassiveMountEffects @ react-dom-client.development.js:12627
commitPassiveMountOnFiber @ react-dom-client.development.js:12755
recursivelyTraversePassiveMountEffects @ react-dom-client.development.js:12627
commitPassiveMountOnFiber @ react-dom-client.development.js:12646
recursivelyTraversePassiveMountEffects @ react-dom-client.development.js:12627
commitPassiveMountOnFiber @ react-dom-client.development.js:12755
recursivelyTraversePassiveMountEffects @ react-dom-client.development.js:12627
commitPassiveMountOnFiber @ react-dom-client.development.js:12755
recursivelyTraversePassiveMountEffects @ react-dom-client.development.js:12627
commitPassiveMountOnFiber @ react-dom-client.development.js:12646
recursivelyTraversePassiveMountEffects @ react-dom-client.development.js:12627
commitPassiveMountOnFiber @ react-dom-client.development.js:12755
recursivelyTraversePassiveMountEffects @ react-dom-client.development.js:12627
commitPassiveMountOnFiber @ react-dom-client.development.js:12755
recursivelyTraversePassiveMountEffects @ react-dom-client.development.js:12627
commitPassiveMountOnFiber @ react-dom-client.development.js:12646
recursivelyTraversePassiveMountEffects @ react-dom-client.development.js:12627
commitPassiveMountOnFiber @ react-dom-client.development.js:12755
recursivelyTraversePassiveMountEffects @ react-dom-client.development.js:12627
commitPassiveMountOnFiber @ react-dom-client.development.js:12755
recursivelyTraversePassiveMountEffects @ react-dom-client.development.js:12627
commitPassiveMountOnFiber @ react-dom-client.development.js:12646
recursivelyTraversePassiveMountEffects @ react-dom-client.development.js:12627
commitPassiveMountOnFiber @ react-dom-client.development.js:12755
recursivelyTraversePassiveMountEffects @ react-dom-client.development.js:12627
commitPassiveMountOnFiber @ react-dom-client.development.js:12755
recursivelyTraversePassiveMountEffects @ react-dom-client.development.js:12627
commitPassiveMountOnFiber @ react-dom-client.development.js:12646
recursivelyTraversePassiveMountEffects @ react-dom-client.development.js:12627
commitPassiveMountOnFiber @ react-dom-client.development.js:12755
recursivelyTraversePassiveMountEffects @ react-dom-client.development.js:12627
commitPassiveMountOnFiber @ react-dom-client.development.js:12646
recursivelyTraversePassiveMountEffects @ react-dom-client.development.js:12627
commitPassiveMountOnFiber @ react-dom-client.development.js:12646
recursivelyTraversePassiveMountEffects @ react-dom-client.development.js:12627
commitPassiveMountOnFiber @ react-dom-client.development.js:12755
recursivelyTraversePassiveMountEffects @ react-dom-client.development.js:12627
commitPassiveMountOnFiber @ react-dom-client.development.js:12646
recursivelyTraversePassiveMountEffects @ react-dom-client.development.js:12627
commitPassiveMountOnFiber @ react-dom-client.development.js:12646
recursivelyTraversePassiveMountEffects @ react-dom-client.development.js:12627
commitPassiveMountOnFiber @ react-dom-client.development.js:12755
recursivelyTraversePassiveMountEffects @ react-dom-client.development.js:12627
commitPassiveMountOnFiber @ react-dom-client.development.js:12646
recursivelyTraversePassiveMountEffects @ react-dom-client.development.js:12627
commitPassiveMountOnFiber @ react-dom-client.development.js:12755
recursivelyTraversePassiveMountEffects @ react-dom-client.development.js:12627
commitPassiveMountOnFiber @ react-dom-client.development.js:12755
recursivelyTraversePassiveMountEffects @ react-dom-client.development.js:12627
commitPassiveMountOnFiber @ react-dom-client.development.js:12646
recursivelyTraversePassiveMountEffects @ react-dom-client.development.js:12627
commitPassiveMountOnFiber @ react-dom-client.development.js:12755
recursivelyTraversePassiveMountEffects @ react-dom-client.development.js:12627
commitPassiveMountOnFiber @ react-dom-client.development.js:12755
recursivelyTraversePassiveMountEffects @ react-dom-client.development.js:12627
commitPassiveMountOnFiber @ react-dom-client.development.js:12646
recursivelyTraversePassiveMountEffects @ react-dom-client.development.js:12627
commitPassiveMountOnFiber @ react-dom-client.development.js:12755
recursivelyTraversePassiveMountEffects @ react-dom-client.development.js:12627
commitPassiveMountOnFiber @ react-dom-client.development.js:12755
recursivelyTraversePassiveMountEffects @ react-dom-client.development.js:12627
commitPassiveMountOnFiber @ react-dom-client.development.js:12646
recursivelyTraversePassiveMountEffects @ react-dom-client.development.js:12627
commitPassiveMountOnFiber @ react-dom-client.development.js:12755
recursivelyTraversePassiveMountEffects @ react-dom-client.development.js:12627
commitPassiveMountOnFiber @ react-dom-client.development.js:12755
recursivelyTraversePassiveMountEffects @ react-dom-client.development.js:12627
commitPassiveMountOnFiber @ react-dom-client.development.js:12646
recursivelyTraversePassiveMountEffects @ react-dom-client.development.js:12627
commitPassiveMountOnFiber @ react-dom-client.development.js:12755
recursivelyTraversePassiveMountEffects @ react-dom-client.development.js:12627
commitPassiveMountOnFiber @ react-dom-client.development.js:12755
recursivelyTraversePassiveMountEffects @ react-dom-client.development.js:12627
commitPassiveMountOnFiber @ react-dom-client.development.js:12646
recursivelyTraversePassiveMountEffects @ react-dom-client.development.js:12627
commitPassiveMountOnFiber @ react-dom-client.development.js:12755
recursivelyTraversePassiveMountEffects @ react-dom-client.development.js:12627
commitPassiveMountOnFiber @ react-dom-client.development.js:12755
recursivelyTraversePassiveMountEffects @ react-dom-client.development.js:12627
setTimeout
__webpack_modules__../src/platform/polyfills.web.ts.window.setImmediate @ polyfills.web.ts:5
schedulePerformWorkUntilDeadline @ scheduler.development.js:214
requestHostCallback @ scheduler.development.js:168
__webpack_modules__../node_modules/scheduler/cjs/scheduler.development.js.exports.unstable_scheduleCallback @ scheduler.development.js:344
scheduleTaskForRootDuringMicrotask @ react-dom-client.development.js:15909
processRootScheduleInMicrotask @ react-dom-client.development.js:15830
(anonymous) @ react-dom-client.development.js:15962
setTimeout
__webpack_modules__../src/platform/polyfills.web.ts.window.setImmediate @ polyfills.web.ts:5
schedulePerformWorkUntilDeadline @ scheduler.development.js:214
requestHostCallback @ scheduler.development.js:168
__webpack_modules__../node_modules/scheduler/cjs/scheduler.development.js.exports.unstable_scheduleCallback @ scheduler.development.js:344
scheduleCallback$1 @ react-dom-client.development.js:15745
commitRootImpl @ react-dom-client.development.js:15323
commitRoot @ react-dom-client.development.js:15251
commitRootWhenReady @ react-dom-client.development.js:14570
performWorkOnRoot @ react-dom-client.development.js:14494
performSyncWorkOnRoot @ react-dom-client.development.js:15946
flushSyncWorkAcrossRoots_impl @ react-dom-client.development.js:15807
flushSyncWork$1 @ react-dom-client.development.js:14640
scheduleRefresh @ react-dom-client.development.js:112
p.scheduleRefresh @ renderer.js:994
(anonymous) @ react-refresh-runtime.development.js:265
performReactRefresh @ react-refresh-runtime.development.js:254
(anonymous) @ RefreshUtils.js:100
setTimeout
enqueueUpdate @ RefreshUtils.js:98
executeRuntime @ RefreshUtils.js:259
$ReactRefreshModuleRuntime$ @ Arrow.tsx:21
./src/components/icons/Arrow.tsx @ Arrow.tsx:21
options.factory @ react refresh:37
__webpack_require__ @ bootstrap:22
fn @ hot module replacement:61
hotRequire @ react refresh:20
./src/components/Layout/Header/index.tsx @ KnownFollowers.tsx:260
options.factory @ react refresh:37
__webpack_require__ @ bootstrap:22
fn @ hot module replacement:61
hotRequire @ react refresh:20
./src/components/Layout/index.tsx @ context.ts:5
options.factory @ react refresh:37
__webpack_require__ @ bootstrap:22
fn @ hot module replacement:61
hotRequire @ react refresh:20
./src/alf/atoms.ts @ Navigation.web.tsx:34
options.factory @ react refresh:37
__webpack_require__ @ bootstrap:22
fn @ hot module replacement:61
hotRequire @ react refresh:20
./src/alf/themes.ts @ index.tsx:145
options.factory @ react refresh:37
__webpack_require__ @ bootstrap:22
fn @ hot module replacement:61
hotRequire @ react refresh:20
./src/alf/index.tsx @ fonts.ts:104
options.factory @ react refresh:37
__webpack_require__ @ bootstrap:22
fn @ hot module replacement:61
hotRequire @ react refresh:20
./src/components/Dialog/index.web.tsx @ context.ts:60
options.factory @ react refresh:37
__webpack_require__ @ bootstrap:22
fn @ hot module replacement:61
hotRequire @ react refresh:20
./src/components/dialogs/Context.tsx @ AnimatedCheck.tsx:96
options.factory @ react refresh:37
__webpack_require__ @ bootstrap:22
fn @ hot module replacement:61
hotRequire @ react refresh:20
./src/state/dialogs/index.tsx @ types.ts:7
options.factory @ react refresh:37
__webpack_require__ @ bootstrap:22
fn @ hot module replacement:61
hotRequire @ react refresh:20
./src/state/util.ts @ userActionHistory.ts:84
options.factory @ react refresh:37
__webpack_require__ @ bootstrap:22
fn @ hot module replacement:61
hotRequire @ react refresh:20
./src/state/session/index.tsx @ agent.ts:311
options.factory @ react refresh:37
__webpack_require__ @ bootstrap:22
fn @ hot module replacement:61
hotRequire @ react refresh:20
./src/lib/statsig/statsig.tsx @ main.8b93f40f79d401715aa2.hot-update.js:33
options.factory @ react refresh:37
__webpack_require__ @ bootstrap:22
fn @ hot module replacement:61
hotRequire @ react refresh:20
./src/App.web.tsx @ types.js:3693
options.factory @ react refresh:37
__webpack_require__ @ bootstrap:22
_requireSelf @ hot module replacement:101
onAccepted @ jsonp chunk loading:446
Promise.then
apply @ jsonp chunk loading:485
(anonymous) @ hot module replacement:370
internalApply @ hot module replacement:369
(anonymous) @ hot module replacement:277
waitForBlockingPromises @ hot module replacement:232
(anonymous) @ hot module replacement:275
Promise.then
(anonymous) @ hot module replacement:274
Promise.then
(anonymous) @ hot module replacement:255
Promise.then
hotCheck @ hot module replacement:246
check @ dev-server.js:15
(anonymous) @ dev-server.js:69
emit @ events.js:153
reloadApp @ reloadApp.js:38
warnings @ index.js:274
(anonymous) @ socket.js:62
client.onmessage @ WebSocketClient.js:45Understand this error
hydration.ts:103 Uncaught (in promise) Error: redacted
    at hydration.ts:103:1
(anonymous) @ hydration.ts:103
Promise.catch
dehydrateQuery @ hydration.ts:91
(anonymous) @ hydration.ts:156
dehydrate @ hydration.ts:153
persistQueryClientSave @ persist.ts:122
(anonymous) @ persist.ts:140
(anonymous) @ queryCache.ts:203
(anonymous) @ queryCache.ts:202
batch @ notifyManager.ts:54
notify @ queryCache.ts:201
(anonymous) @ query.ts:660
batch @ notifyManager.ts:54
#dispatch @ query.ts:655
fetch @ query.ts:495
#executeFetch @ queryObserver.ts:333
onSubscribe @ queryObserver.ts:104
subscribe @ subscribable.ts:11
(anonymous) @ useBaseQuery.ts:99
subscribeToStore @ react-dom-client.development.js:6333
react-stack-bottom-frame @ react-dom-client.development.js:22509
runWithFiberInDEV @ react-dom-client.development.js:543
commitHookEffectListMount @ react-dom-client.development.js:10758
commitHookPassiveMountEffects @ react-dom-client.development.js:10878
commitPassiveMountOnFiber @ react-dom-client.development.js:12653
recursivelyTraversePassiveMountEffects @ react-dom-client.development.js:12627
commitPassiveMountOnFiber @ react-dom-client.development.js:12646
recursivelyTraversePassiveMountEffects @ react-dom-client.development.js:12627
commitPassiveMountOnFiber @ react-dom-client.development.js:12755
recursivelyTraversePassiveMountEffects @ react-dom-client.development.js:12627
commitPassiveMountOnFiber @ react-dom-client.development.js:12646
recursivelyTraversePassiveMountEffects @ react-dom-client.development.js:12627
commitPassiveMountOnFiber @ react-dom-client.development.js:12646
recursivelyTraversePassiveMountEffects @ react-dom-client.development.js:12627
commitPassiveMountOnFiber @ react-dom-client.development.js:12755
recursivelyTraversePassiveMountEffects @ react-dom-client.development.js:12627
commitPassiveMountOnFiber @ react-dom-client.development.js:12755
recursivelyTraversePassiveMountEffects @ react-dom-client.development.js:12627
commitPassiveMountOnFiber @ react-dom-client.development.js:12646
recursivelyTraversePassiveMountEffects @ react-dom-client.development.js:12627
commitPassiveMountOnFiber @ react-dom-client.development.js:12755
recursivelyTraversePassiveMountEffects @ react-dom-client.development.js:12627
commitPassiveMountOnFiber @ react-dom-client.development.js:12755
recursivelyTraversePassiveMountEffects @ react-dom-client.development.js:12627
commitPassiveMountOnFiber @ react-dom-client.development.js:12646
recursivelyTraversePassiveMountEffects @ react-dom-client.development.js:12627
commitPassiveMountOnFiber @ react-dom-client.development.js:12755
recursivelyTraversePassiveMountEffects @ react-dom-client.development.js:12627
commitPassiveMountOnFiber @ react-dom-client.development.js:12755
recursivelyTraversePassiveMountEffects @ react-dom-client.development.js:12627
commitPassiveMountOnFiber @ react-dom-client.development.js:12646
recursivelyTraversePassiveMountEffects @ react-dom-client.development.js:12627
commitPassiveMountOnFiber @ react-dom-client.development.js:12755
recursivelyTraversePassiveMountEffects @ react-dom-client.development.js:12627
commitPassiveMountOnFiber @ react-dom-client.development.js:12755
recursivelyTraversePassiveMountEffects @ react-dom-client.development.js:12627
commitPassiveMountOnFiber @ react-dom-client.development.js:12646
recursivelyTraversePassiveMountEffects @ react-dom-client.development.js:12627
commitPassiveMountOnFiber @ react-dom-client.development.js:12755
recursivelyTraversePassiveMountEffects @ react-dom-client.development.js:12627
commitPassiveMountOnFiber @ react-dom-client.development.js:12755
recursivelyTraversePassiveMountEffects @ react-dom-client.development.js:12627
commitPassiveMountOnFiber @ react-dom-client.development.js:12755
recursivelyTraversePassiveMountEffects @ react-dom-client.development.js:12627
commitPassiveMountOnFiber @ react-dom-client.development.js:12646
recursivelyTraversePassiveMountEffects @ react-dom-client.development.js:12627
commitPassiveMountOnFiber @ react-dom-client.development.js:12646
recursivelyTraversePassiveMountEffects @ react-dom-client.development.js:12627
commitPassiveMountOnFiber @ react-dom-client.development.js:12646
recursivelyTraversePassiveMountEffects @ react-dom-client.development.js:12627
commitPassiveMountOnFiber @ react-dom-client.development.js:12755
recursivelyTraversePassiveMountEffects @ react-dom-client.development.js:12627
commitPassiveMountOnFiber @ react-dom-client.development.js:12755
recursivelyTraversePassiveMountEffects @ react-dom-client.development.js:12627
commitPassiveMountOnFiber @ react-dom-client.development.js:12646
recursivelyTraversePassiveMountEffects @ react-dom-client.development.js:12627
commitPassiveMountOnFiber @ react-dom-client.development.js:12755
recursivelyTraversePassiveMountEffects @ react-dom-client.development.js:12627
commitPassiveMountOnFiber @ react-dom-client.development.js:12646
recursivelyTraversePassiveMountEffects @ react-dom-client.development.js:12627
commitPassiveMountOnFiber @ react-dom-client.development.js:12755
recursivelyTraversePassiveMountEffects @ react-dom-client.development.js:12627
commitPassiveMountOnFiber @ react-dom-client.development.js:12755
recursivelyTraversePassiveMountEffects @ react-dom-client.development.js:12627
commitPassiveMountOnFiber @ react-dom-client.development.js:12646
recursivelyTraversePassiveMountEffects @ react-dom-client.development.js:12627
commitPassiveMountOnFiber @ react-dom-client.development.js:12755
recursivelyTraversePassiveMountEffects @ react-dom-client.development.js:12627
commitPassiveMountOnFiber @ react-dom-client.development.js:12755
recursivelyTraversePassiveMountEffects @ react-dom-client.development.js:12627
commitPassiveMountOnFiber @ react-dom-client.development.js:12646
recursivelyTraversePassiveMountEffects @ react-dom-client.development.js:12627
commitPassiveMountOnFiber @ react-dom-client.development.js:12755
recursivelyTraversePassiveMountEffects @ react-dom-client.development.js:12627
commitPassiveMountOnFiber @ react-dom-client.development.js:12755
recursivelyTraversePassiveMountEffects @ react-dom-client.development.js:12627
commitPassiveMountOnFiber @ react-dom-client.development.js:12646
recursivelyTraversePassiveMountEffects @ react-dom-client.development.js:12627
commitPassiveMountOnFiber @ react-dom-client.development.js:12755
recursivelyTraversePassiveMountEffects @ react-dom-client.development.js:12627
commitPassiveMountOnFiber @ react-dom-client.development.js:12755
recursivelyTraversePassiveMountEffects @ react-dom-client.development.js:12627
commitPassiveMountOnFiber @ react-dom-client.development.js:12646
recursivelyTraversePassiveMountEffects @ react-dom-client.development.js:12627
commitPassiveMountOnFiber @ react-dom-client.development.js:12755
recursivelyTraversePassiveMountEffects @ react-dom-client.development.js:12627
commitPassiveMountOnFiber @ react-dom-client.development.js:12755
recursivelyTraversePassiveMountEffects @ react-dom-client.development.js:12627
commitPassiveMountOnFiber @ react-dom-client.development.js:12646
recursivelyTraversePassiveMountEffects @ react-dom-client.development.js:12627
commitPassiveMountOnFiber @ react-dom-client.development.js:12755
recursivelyTraversePassiveMountEffects @ react-dom-client.development.js:12627
commitPassiveMountOnFiber @ react-dom-client.development.js:12646
recursivelyTraversePassiveMountEffects @ react-dom-client.development.js:12627
commitPassiveMountOnFiber @ react-dom-client.development.js:12755
recursivelyTraversePassiveMountEffects @ react-dom-client.development.js:12627
commitPassiveMountOnFiber @ react-dom-client.development.js:12646
recursivelyTraversePassiveMountEffects @ react-dom-client.development.js:12627
commitPassiveMountOnFiber @ react-dom-client.development.js:12755
recursivelyTraversePassiveMountEffects @ react-dom-client.development.js:12627
commitPassiveMountOnFiber @ react-dom-client.development.js:12646
recursivelyTraversePassiveMountEffects @ react-dom-client.development.js:12627
commitPassiveMountOnFiber @ react-dom-client.development.js:12755
recursivelyTraversePassiveMountEffects @ react-dom-client.development.js:12627
commitPassiveMountOnFiber @ react-dom-client.development.js:12646
recursivelyTraversePassiveMountEffects @ react-dom-client.development.js:12627
commitPassiveMountOnFiber @ react-dom-client.development.js:12755
recursivelyTraversePassiveMountEffects @ react-dom-client.development.js:12627
commitPassiveMountOnFiber @ react-dom-client.development.js:12646
recursivelyTraversePassiveMountEffects @ react-dom-client.development.js:12627
commitPassiveMountOnFiber @ react-dom-client.development.js:12755
recursivelyTraversePassiveMountEffects @ react-dom-client.development.js:12627
commitPassiveMountOnFiber @ react-dom-client.development.js:12646
recursivelyTraversePassiveMountEffects @ react-dom-client.development.js:12627
commitPassiveMountOnFiber @ react-dom-client.development.js:12646
recursivelyTraversePassiveMountEffects @ react-dom-client.development.js:12627
commitPassiveMountOnFiber @ react-dom-client.development.js:12755
recursivelyTraversePassiveMountEffects @ react-dom-client.development.js:12627
commitPassiveMountOnFiber @ react-dom-client.development.js:12755
recursivelyTraversePassiveMountEffects @ react-dom-client.development.js:12627
commitPassiveMountOnFiber @ react-dom-client.development.js:12646
recursivelyTraversePassiveMountEffects @ react-dom-client.development.js:12627
commitPassiveMountOnFiber @ react-dom-client.development.js:12755
recursivelyTraversePassiveMountEffects @ react-dom-client.development.js:12627
commitPassiveMountOnFiber @ react-dom-client.development.js:12755
recursivelyTraversePassiveMountEffects @ react-dom-client.development.js:12627
commitPassiveMountOnFiber @ react-dom-client.development.js:12646
recursivelyTraversePassiveMountEffects @ react-dom-client.development.js:12627
commitPassiveMountOnFiber @ react-dom-client.development.js:12755
recursivelyTraversePassiveMountEffects @ react-dom-client.development.js:12627
commitPassiveMountOnFiber @ react-dom-client.development.js:12646
recursivelyTraversePassiveMountEffects @ react-dom-client.development.js:12627
commitPassiveMountOnFiber @ react-dom-client.development.js:12646
recursivelyTraversePassiveMountEffects @ react-dom-client.development.js:12627
commitPassiveMountOnFiber @ react-dom-client.development.js:12755
recursivelyTraversePassiveMountEffects @ react-dom-client.development.js:12627
commitPassiveMountOnFiber @ react-dom-client.development.js:12646
recursivelyTraversePassiveMountEffects @ react-dom-client.development.js:12627
commitPassiveMountOnFiber @ react-dom-client.development.js:12755
recursivelyTraversePassiveMountEffects @ react-dom-client.development.js:12627
commitPassiveMountOnFiber @ react-dom-client.development.js:12755
recursivelyTraversePassiveMountEffects @ react-dom-client.development.js:12627
commitPassiveMountOnFiber @ react-dom-client.development.js:12646
recursivelyTraversePassiveMountEffects @ react-dom-client.development.js:12627
commitPassiveMountOnFiber @ react-dom-client.development.js:12646
recursivelyTraversePassiveMountEffects @ react-dom-client.development.js:12627
commitPassiveMountOnFiber @ react-dom-client.development.js:12755
recursivelyTraversePassiveMountEffects @ react-dom-client.development.js:12627
commitPassiveMountOnFiber @ react-dom-client.development.js:12755
recursivelyTraversePassiveMountEffects @ react-dom-client.development.js:12627
commitPassiveMountOnFiber @ react-dom-client.development.js:12646
recursivelyTraversePassiveMountEffects @ react-dom-client.development.js:12627
commitPassiveMountOnFiber @ react-dom-client.development.js:12646
recursivelyTraversePassiveMountEffects @ react-dom-client.development.js:12627
commitPassiveMountOnFiber @ react-dom-client.development.js:12646
recursivelyTraversePassiveMountEffects @ react-dom-client.development.js:12627
commitPassiveMountOnFiber @ react-dom-client.development.js:12646
recursivelyTraversePassiveMountEffects @ react-dom-client.development.js:12627
commitPassiveMountOnFiber @ react-dom-client.development.js:12755
recursivelyTraversePassiveMountEffects @ react-dom-client.development.js:12627
commitPassiveMountOnFiber @ react-dom-client.development.js:12646
recursivelyTraversePassiveMountEffects @ react-dom-client.development.js:12627
commitPassiveMountOnFiber @ react-dom-client.development.js:12755
recursivelyTraversePassiveMountEffects @ react-dom-client.development.js:12627
commitPassiveMountOnFiber @ react-dom-client.development.js:12646
recursivelyTraversePassiveMountEffects @ react-dom-client.development.js:12627
commitPassiveMountOnFiber @ react-dom-client.development.js:12646
recursivelyTraversePassiveMountEffects @ react-dom-client.development.js:12627
commitPassiveMountOnFiber @ react-dom-client.development.js:12755
recursivelyTraversePassiveMountEffects @ react-dom-client.development.js:12627
commitPassiveMountOnFiber @ react-dom-client.development.js:12646
recursivelyTraversePassiveMountEffects @ react-dom-client.development.js:12627
commitPassiveMountOnFiber @ react-dom-client.development.js:12755
recursivelyTraversePassiveMountEffects @ react-dom-client.development.js:12627
commitPassiveMountOnFiber @ react-dom-client.development.js:12646
recursivelyTraversePassiveMountEffects @ react-dom-client.development.js:12627
commitPassiveMountOnFiber @ react-dom-client.development.js:12646
recursivelyTraversePassiveMountEffects @ react-dom-client.development.js:12627
commitPassiveMountOnFiber @ react-dom-client.development.js:12755
recursivelyTraversePassiveMountEffects @ react-dom-client.development.js:12627
commitPassiveMountOnFiber @ react-dom-client.development.js:12755
recursivelyTraversePassiveMountEffects @ react-dom-client.development.js:12627
setTimeout
__webpack_modules__../src/platform/polyfills.web.ts.window.setImmediate @ polyfills.web.ts:5
schedulePerformWorkUntilDeadline @ scheduler.development.js:214
requestHostCallback @ scheduler.development.js:168
__webpack_modules__../node_modules/scheduler/cjs/scheduler.development.js.exports.unstable_scheduleCallback @ scheduler.development.js:344
scheduleTaskForRootDuringMicrotask @ react-dom-client.development.js:15909
processRootScheduleInMicrotask @ react-dom-client.development.js:15830
(anonymous) @ react-dom-client.development.js:15962
setTimeout
(anonymous) @ StatsigNetwork.js:132
__webpack_modules__../node_modules/statsig-js/dist/StatsigNetwork.js.StatsigNetwork.postWithTimeout @ StatsigNetwork.js:131
__webpack_modules__../node_modules/statsig-js/dist/StatsigNetwork.js.StatsigNetwork.fetchValues @ StatsigNetwork.js:107
(anonymous) @ StatsigClient.js:1095
step @ StatsigClient.js:44
(anonymous) @ StatsigClient.js:25
(anonymous) @ StatsigClient.js:19
__webpack_modules__../node_modules/statsig-js/dist/StatsigClient.js.__awaiter @ StatsigClient.js:15
__webpack_modules__../node_modules/statsig-js/dist/StatsigClient.js.StatsigClient.fetchAndSaveValues @ StatsigClient.js:1070
(anonymous) @ StatsigClient.js:677
step @ StatsigClient.js:44
(anonymous) @ StatsigClient.js:25
(anonymous) @ StatsigClient.js:19
__webpack_modules__../node_modules/statsig-js/dist/StatsigClient.js.__awaiter @ StatsigClient.js:15
(anonymous) @ StatsigClient.js:633
__webpack_modules__../node_modules/statsig-js/dist/ErrorBoundary.js.ErrorBoundary.capture @ ErrorBoundary.js:74
(anonymous) @ StatsigClient.js:633
step @ StatsigClient.js:44
(anonymous) @ StatsigClient.js:25
(anonymous) @ StatsigClient.js:19
__webpack_modules__../node_modules/statsig-js/dist/StatsigClient.js.__awaiter @ StatsigClient.js:15
__webpack_modules__../node_modules/statsig-js/dist/StatsigClient.js.StatsigClient.updateUser @ StatsigClient.js:629
(anonymous) @ Statsig.js:222
__webpack_modules__../node_modules/statsig-react/dist/Statsig.js.Statsig.capture @ Statsig.js:395
__webpack_modules__../node_modules/statsig-react/dist/Statsig.js.Statsig.updateUser @ Statsig.js:222
(anonymous) @ StatsigProvider.js:76
react-stack-bottom-frame @ react-dom-client.development.js:22509
runWithFiberInDEV @ react-dom-client.development.js:543
commitHookEffectListMount @ react-dom-client.development.js:10758
commitHookPassiveMountEffects @ react-dom-client.development.js:10878
commitPassiveMountOnFiber @ react-dom-client.development.js:12653
recursivelyTraversePassiveMountEffects @ react-dom-client.development.js:12627
commitPassiveMountOnFiber @ react-dom-client.development.js:12646
recursivelyTraversePassiveMountEffects @ react-dom-client.development.js:12627
commitPassiveMountOnFiber @ react-dom-client.development.js:12755
recursivelyTraversePassiveMountEffects @ react-dom-client.development.js:12627
commitPassiveMountOnFiber @ react-dom-client.development.js:12646
recursivelyTraversePassiveMountEffects @ react-dom-client.development.js:12627
commitPassiveMountOnFiber @ react-dom-client.development.js:12755
recursivelyTraversePassiveMountEffects @ react-dom-client.development.js:12627
commitPassiveMountOnFiber @ react-dom-client.development.js:12755
recursivelyTraversePassiveMountEffects @ react-dom-client.development.js:12627
commitPassiveMountOnFiber @ react-dom-client.development.js:12646
recursivelyTraversePassiveMountEffects @ react-dom-client.development.js:12627
commitPassiveMountOnFiber @ react-dom-client.development.js:12646
recursivelyTraversePassiveMountEffects @ react-dom-client.development.js:12627
commitPassiveMountOnFiber @ react-dom-client.development.js:12755
recursivelyTraversePassiveMountEffects @ react-dom-client.development.js:12627
commitPassiveMountOnFiber @ react-dom-client.development.js:12755
recursivelyTraversePassiveMountEffects @ react-dom-client.development.js:12627
commitPassiveMountOnFiber @ react-dom-client.development.js:12646
recursivelyTraversePassiveMountEffects @ react-dom-client.development.js:12627
commitPassiveMountOnFiber @ react-dom-client.development.js:12646
recursivelyTraversePassiveMountEffects @ react-dom-client.development.js:12627
commitPassiveMountOnFiber @ react-dom-client.development.js:12646
recursivelyTraversePassiveMountEffects @ react-dom-client.development.js:12627
commitPassiveMountOnFiber @ react-dom-client.development.js:12646
recursivelyTraversePassiveMountEffects @ react-dom-client.development.js:12627
commitPassiveMountOnFiber @ react-dom-client.development.js:12755
recursivelyTraversePassiveMountEffects @ react-dom-client.development.js:12627
commitPassiveMountOnFiber @ react-dom-client.development.js:12646
recursivelyTraversePassiveMountEffects @ react-dom-client.development.js:12627
commitPassiveMountOnFiber @ react-dom-client.development.js:12755
recursivelyTraversePassiveMountEffects @ react-dom-client.development.js:12627
commitPassiveMountOnFiber @ react-dom-client.development.js:12646
recursivelyTraversePassiveMountEffects @ react-dom-client.development.js:12627
commitPassiveMountOnFiber @ react-dom-client.development.js:12646
recursivelyTraversePassiveMountEffects @ react-dom-client.development.js:12627
commitPassiveMountOnFiber @ react-dom-client.development.js:12755
recursivelyTraversePassiveMountEffects @ react-dom-client.development.js:12627
commitPassiveMountOnFiber @ react-dom-client.development.js:12646
recursivelyTraversePassiveMountEffects @ react-dom-client.development.js:12627
commitPassiveMountOnFiber @ react-dom-client.development.js:12755
recursivelyTraversePassiveMountEffects @ react-dom-client.development.js:12627
commitPassiveMountOnFiber @ react-dom-client.development.js:12646
recursivelyTraversePassiveMountEffects @ react-dom-client.development.js:12627
commitPassiveMountOnFiber @ react-dom-client.development.js:12646
recursivelyTraversePassiveMountEffects @ react-dom-client.development.js:12627
commitPassiveMountOnFiber @ react-dom-client.development.js:12755
recursivelyTraversePassiveMountEffects @ react-dom-client.development.js:12627
commitPassiveMountOnFiber @ react-dom-client.development.js:12755
recursivelyTraversePassiveMountEffects @ react-dom-client.development.js:12627
commitPassiveMountOnFiber @ react-dom-client.development.js:12646
recursivelyTraversePassiveMountEffects @ react-dom-client.development.js:12627
commitPassiveMountOnFiber @ react-dom-client.development.js:12755
recursivelyTraversePassiveMountEffects @ react-dom-client.development.js:12627
commitPassiveMountOnFiber @ react-dom-client.development.js:12646
recursivelyTraversePassiveMountEffects @ react-dom-client.development.js:12627
commitPassiveMountOnFiber @ react-dom-client.development.js:12755
recursivelyTraversePassiveMountEffects @ react-dom-client.development.js:12627
commitPassiveMountOnFiber @ react-dom-client.development.js:12755
recursivelyTraversePassiveMountEffects @ react-dom-client.development.js:12627
commitPassiveMountOnFiber @ react-dom-client.development.js:12646
recursivelyTraversePassiveMountEffects @ react-dom-client.development.js:12627
commitPassiveMountOnFiber @ react-dom-client.development.js:12755
recursivelyTraversePassiveMountEffects @ react-dom-client.development.js:12627
commitPassiveMountOnFiber @ react-dom-client.development.js:12646
recursivelyTraversePassiveMountEffects @ react-dom-client.development.js:12627
commitPassiveMountOnFiber @ react-dom-client.development.js:12755
recursivelyTraversePassiveMountEffects @ react-dom-client.development.js:12627
commitPassiveMountOnFiber @ react-dom-client.development.js:12755
recursivelyTraversePassiveMountEffects @ react-dom-client.development.js:12627
commitPassiveMountOnFiber @ react-dom-client.development.js:12646
recursivelyTraversePassiveMountEffects @ react-dom-client.development.js:12627
commitPassiveMountOnFiber @ react-dom-client.development.js:12755
recursivelyTraversePassiveMountEffects @ react-dom-client.development.js:12627
commitPassiveMountOnFiber @ react-dom-client.development.js:12755
recursivelyTraversePassiveMountEffects @ react-dom-client.development.js:12627
commitPassiveMountOnFiber @ react-dom-client.development.js:12646
recursivelyTraversePassiveMountEffects @ react-dom-client.development.js:12627
commitPassiveMountOnFiber @ react-dom-client.development.js:12755
recursivelyTraversePassiveMountEffects @ react-dom-client.development.js:12627
commitPassiveMountOnFiber @ react-dom-client.development.js:12755
recursivelyTraversePassiveMountEffects @ react-dom-client.development.js:12627
commitPassiveMountOnFiber @ react-dom-client.development.js:12646
recursivelyTraversePassiveMountEffects @ react-dom-client.development.js:12627
commitPassiveMountOnFiber @ react-dom-client.development.js:12755
recursivelyTraversePassiveMountEffects @ react-dom-client.development.js:12627
commitPassiveMountOnFiber @ react-dom-client.development.js:12646
recursivelyTraversePassiveMountEffects @ react-dom-client.development.js:12627
commitPassiveMountOnFiber @ react-dom-client.development.js:12755
recursivelyTraversePassiveMountEffects @ react-dom-client.development.js:12627
commitPassiveMountOnFiber @ react-dom-client.development.js:12755
recursivelyTraversePassiveMountEffects @ react-dom-client.development.js:12627
commitPassiveMountOnFiber @ react-dom-client.development.js:12646
recursivelyTraversePassiveMountEffects @ react-dom-client.development.js:12627
commitPassiveMountOnFiber @ react-dom-client.development.js:12755
recursivelyTraversePassiveMountEffects @ react-dom-client.development.js:12627
commitPassiveMountOnFiber @ react-dom-client.development.js:12755
recursivelyTraversePassiveMountEffects @ react-dom-client.development.js:12627
commitPassiveMountOnFiber @ react-dom-client.development.js:12646
recursivelyTraversePassiveMountEffects @ react-dom-client.development.js:12627
commitPassiveMountOnFiber @ react-dom-client.development.js:12755
recursivelyTraversePassiveMountEffects @ react-dom-client.development.js:12627
commitPassiveMountOnFiber @ react-dom-client.development.js:12755
recursivelyTraversePassiveMountEffects @ react-dom-client.development.js:12627
commitPassiveMountOnFiber @ react-dom-client.development.js:12646
recursivelyTraversePassiveMountEffects @ react-dom-client.development.js:12627
commitPassiveMountOnFiber @ react-dom-client.development.js:12755
recursivelyTraversePassiveMountEffects @ react-dom-client.development.js:12627
commitPassiveMountOnFiber @ react-dom-client.development.js:12755
recursivelyTraversePassiveMountEffects @ react-dom-client.development.js:12627
commitPassiveMountOnFiber @ react-dom-client.development.js:12646
recursivelyTraversePassiveMountEffects @ react-dom-client.development.js:12627
commitPassiveMountOnFiber @ react-dom-client.development.js:12755
recursivelyTraversePassiveMountEffects @ react-dom-client.development.js:12627
commitPassiveMountOnFiber @ react-dom-client.development.js:12755
recursivelyTraversePassiveMountEffects @ react-dom-client.development.js:12627
commitPassiveMountOnFiber @ react-dom-client.development.js:12646
recursivelyTraversePassiveMountEffects @ react-dom-client.development.js:12627
commitPassiveMountOnFiber @ react-dom-client.development.js:12755
recursivelyTraversePassiveMountEffects @ react-dom-client.development.js:12627
commitPassiveMountOnFiber @ react-dom-client.development.js:12646
recursivelyTraversePassiveMountEffects @ react-dom-client.development.js:12627
commitPassiveMountOnFiber @ react-dom-client.development.js:12646
recursivelyTraversePassiveMountEffects @ react-dom-client.development.js:12627
commitPassiveMountOnFiber @ react-dom-client.development.js:12755
recursivelyTraversePassiveMountEffects @ react-dom-client.development.js:12627
commitPassiveMountOnFiber @ react-dom-client.development.js:12646
recursivelyTraversePassiveMountEffects @ react-dom-client.development.js:12627
commitPassiveMountOnFiber @ react-dom-client.development.js:12646
recursivelyTraversePassiveMountEffects @ react-dom-client.development.js:12627
commitPassiveMountOnFiber @ react-dom-client.development.js:12755
recursivelyTraversePassiveMountEffects @ react-dom-client.development.js:12627
commitPassiveMountOnFiber @ react-dom-client.development.js:12646
recursivelyTraversePassiveMountEffects @ react-dom-client.development.js:12627
commitPassiveMountOnFiber @ react-dom-client.development.js:12755
recursivelyTraversePassiveMountEffects @ react-dom-client.development.js:12627
commitPassiveMountOnFiber @ react-dom-client.development.js:12755
recursivelyTraversePassiveMountEffects @ react-dom-client.development.js:12627
commitPassiveMountOnFiber @ react-dom-client.development.js:12646
recursivelyTraversePassiveMountEffects @ react-dom-client.development.js:12627
commitPassiveMountOnFiber @ react-dom-client.development.js:12755
recursivelyTraversePassiveMountEffects @ react-dom-client.development.js:12627
commitPassiveMountOnFiber @ react-dom-client.development.js:12755
recursivelyTraversePassiveMountEffects @ react-dom-client.development.js:12627
commitPassiveMountOnFiber @ react-dom-client.development.js:12646
recursivelyTraversePassiveMountEffects @ react-dom-client.development.js:12627
commitPassiveMountOnFiber @ react-dom-client.development.js:12755
recursivelyTraversePassiveMountEffects @ react-dom-client.development.js:12627
commitPassiveMountOnFiber @ react-dom-client.development.js:12755
recursivelyTraversePassiveMountEffects @ react-dom-client.development.js:12627
commitPassiveMountOnFiber @ react-dom-client.development.js:12646
recursivelyTraversePassiveMountEffects @ react-dom-client.development.js:12627
commitPassiveMountOnFiber @ react-dom-client.development.js:12755
recursivelyTraversePassiveMountEffects @ react-dom-client.development.js:12627
commitPassiveMountOnFiber @ react-dom-client.development.js:12755
recursivelyTraversePassiveMountEffects @ react-dom-client.development.js:12627
commitPassiveMountOnFiber @ react-dom-client.development.js:12646
recursivelyTraversePassiveMountEffects @ react-dom-client.development.js:12627
commitPassiveMountOnFiber @ react-dom-client.development.js:12755
recursivelyTraversePassiveMountEffects @ react-dom-client.development.js:12627
commitPassiveMountOnFiber @ react-dom-client.development.js:12755
recursivelyTraversePassiveMountEffects @ react-dom-client.development.js:12627
commitPassiveMountOnFiber @ react-dom-client.development.js:12646
recursivelyTraversePassiveMountEffects @ react-dom-client.development.js:12627
commitPassiveMountOnFiber @ react-dom-client.development.js:12755
recursivelyTraversePassiveMountEffects @ react-dom-client.development.js:12627
commitPassiveMountOnFiber @ react-dom-client.development.js:12755
recursivelyTraversePassiveMountEffects @ react-dom-client.development.js:12627
setTimeout
__webpack_modules__../src/platform/polyfills.web.ts.window.setImmediate @ polyfills.web.ts:5
schedulePerformWorkUntilDeadline @ scheduler.development.js:214
requestHostCallback @ scheduler.development.js:168
__webpack_modules__../node_modules/scheduler/cjs/scheduler.development.js.exports.unstable_scheduleCallback @ scheduler.development.js:344
scheduleTaskForRootDuringMicrotask @ react-dom-client.development.js:15909
processRootScheduleInMicrotask @ react-dom-client.development.js:15830
(anonymous) @ react-dom-client.development.js:15962
setTimeout
__webpack_modules__../src/platform/polyfills.web.ts.window.setImmediate @ polyfills.web.ts:5
schedulePerformWorkUntilDeadline @ scheduler.development.js:214
requestHostCallback @ scheduler.development.js:168
__webpack_modules__../node_modules/scheduler/cjs/scheduler.development.js.exports.unstable_scheduleCallback @ scheduler.development.js:344
scheduleCallback$1 @ react-dom-client.development.js:15745
commitRootImpl @ react-dom-client.development.js:15323
commitRoot @ react-dom-client.development.js:15251
commitRootWhenReady @ react-dom-client.development.js:14570
performWorkOnRoot @ react-dom-client.development.js:14494
performSyncWorkOnRoot @ react-dom-client.development.js:15946
flushSyncWorkAcrossRoots_impl @ react-dom-client.development.js:15807
flushSyncWork$1 @ react-dom-client.development.js:14640
scheduleRefresh @ react-dom-client.development.js:112
p.scheduleRefresh @ renderer.js:994
(anonymous) @ react-refresh-runtime.development.js:265
performReactRefresh @ react-refresh-runtime.development.js:254
(anonymous) @ RefreshUtils.js:100
setTimeout
enqueueUpdate @ RefreshUtils.js:98
executeRuntime @ RefreshUtils.js:259
$ReactRefreshModuleRuntime$ @ Arrow.tsx:21
./src/components/icons/Arrow.tsx @ Arrow.tsx:21
options.factory @ react refresh:37
__webpack_require__ @ bootstrap:22
fn @ hot module replacement:61
hotRequire @ react refresh:20
./src/components/Layout/Header/index.tsx @ KnownFollowers.tsx:260
options.factory @ react refresh:37
__webpack_require__ @ bootstrap:22
fn @ hot module replacement:61
hotRequire @ react refresh:20
./src/components/Layout/index.tsx @ context.ts:5
options.factory @ react refresh:37
__webpack_require__ @ bootstrap:22
fn @ hot module replacement:61
hotRequire @ react refresh:20
./src/alf/atoms.ts @ Navigation.web.tsx:34
options.factory @ react refresh:37
__webpack_require__ @ bootstrap:22
fn @ hot module replacement:61
hotRequire @ react refresh:20
./src/alf/themes.ts @ index.tsx:145
options.factory @ react refresh:37
__webpack_require__ @ bootstrap:22
fn @ hot module replacement:61
hotRequire @ react refresh:20
./src/alf/index.tsx @ fonts.ts:104
options.factory @ react refresh:37
__webpack_require__ @ bootstrap:22
fn @ hot module replacement:61
hotRequire @ react refresh:20
./src/components/Dialog/index.web.tsx @ context.ts:60
options.factory @ react refresh:37
__webpack_require__ @ bootstrap:22
fn @ hot module replacement:61
hotRequire @ react refresh:20
./src/components/dialogs/Context.tsx @ AnimatedCheck.tsx:96
options.factory @ react refresh:37
__webpack_require__ @ bootstrap:22
fn @ hot module replacement:61
hotRequire @ react refresh:20
./src/state/dialogs/index.tsx @ types.ts:7
options.factory @ react refresh:37
__webpack_require__ @ bootstrap:22
fn @ hot module replacement:61
hotRequire @ react refresh:20
./src/state/util.ts @ userActionHistory.ts:84
options.factory @ react refresh:37
__webpack_require__ @ bootstrap:22
fn @ hot module replacement:61
hotRequire @ react refresh:20
./src/state/session/index.tsx @ agent.ts:311
options.factory @ react refresh:37
__webpack_require__ @ bootstrap:22
fn @ hot module replacement:61
hotRequire @ react refresh:20
./src/lib/statsig/statsig.tsx @ main.8b93f40f79d401715aa2.hot-update.js:33
options.factory @ react refresh:37
__webpack_require__ @ bootstrap:22
fn @ hot module replacement:61
hotRequire @ react refresh:20
./src/App.web.tsx @ types.js:3693
options.factory @ react refresh:37
__webpack_require__ @ bootstrap:22
_requireSelf @ hot module replacement:101
onAccepted @ jsonp chunk loading:446
Promise.then
apply @ jsonp chunk loading:485
(anonymous) @ hot module replacement:370
internalApply @ hot module replacement:369
(anonymous) @ hot module replacement:277
waitForBlockingPromises @ hot module replacement:232
(anonymous) @ hot module replacement:275
Promise.then
(anonymous) @ hot module replacement:274
Promise.then
(anonymous) @ hot module replacement:255
Promise.then
hotCheck @ hot module replacement:246
check @ dev-server.js:15
(anonymous) @ dev-server.js:69
emit @ events.js:153
reloadApp @ reloadApp.js:38
warnings @ index.js:274
(anonymous) @ socket.js:62
client.onmessage @ WebSocketClient.js:45Understand this error
polyfills.web.ts:5  POST https://events.gndr.app/v2/initialize net::ERR_NAME_NOT_RESOLVED
(anonymous) @ StatsigNetwork.js:270
step @ StatsigNetwork.js:44
(anonymous) @ StatsigNetwork.js:25
(anonymous) @ StatsigNetwork.js:19
__webpack_modules__../node_modules/statsig-js/dist/StatsigNetwork.js.__awaiter @ StatsigNetwork.js:15
__webpack_modules__../node_modules/statsig-js/dist/StatsigNetwork.js.StatsigNetwork.postToEndpoint @ StatsigNetwork.js:213
__webpack_modules__../node_modules/statsig-js/dist/StatsigNetwork.js.StatsigNetwork.postWithTimeout @ StatsigNetwork.js:139
__webpack_modules__../node_modules/statsig-js/dist/StatsigNetwork.js.StatsigNetwork.fetchValues @ StatsigNetwork.js:107
(anonymous) @ StatsigClient.js:1095
step @ StatsigClient.js:44
(anonymous) @ StatsigClient.js:25
(anonymous) @ StatsigClient.js:19
__webpack_modules__../node_modules/statsig-js/dist/StatsigClient.js.__awaiter @ StatsigClient.js:15
__webpack_modules__../node_modules/statsig-js/dist/StatsigClient.js.StatsigClient.fetchAndSaveValues @ StatsigClient.js:1070
(anonymous) @ StatsigClient.js:677
step @ StatsigClient.js:44
(anonymous) @ StatsigClient.js:25
(anonymous) @ StatsigClient.js:19
__webpack_modules__../node_modules/statsig-js/dist/StatsigClient.js.__awaiter @ StatsigClient.js:15
(anonymous) @ StatsigClient.js:633
__webpack_modules__../node_modules/statsig-js/dist/ErrorBoundary.js.ErrorBoundary.capture @ ErrorBoundary.js:74
(anonymous) @ StatsigClient.js:633
step @ StatsigClient.js:44
(anonymous) @ StatsigClient.js:25
(anonymous) @ StatsigClient.js:19
__webpack_modules__../node_modules/statsig-js/dist/StatsigClient.js.__awaiter @ StatsigClient.js:15
__webpack_modules__../node_modules/statsig-js/dist/StatsigClient.js.StatsigClient.updateUser @ StatsigClient.js:629
(anonymous) @ Statsig.js:222
__webpack_modules__../node_modules/statsig-react/dist/Statsig.js.Statsig.capture @ Statsig.js:395
__webpack_modules__../node_modules/statsig-react/dist/Statsig.js.Statsig.updateUser @ Statsig.js:222
(anonymous) @ StatsigProvider.js:76
react-stack-bottom-frame @ react-dom-client.development.js:22509
runWithFiberInDEV @ react-dom-client.development.js:543
commitHookEffectListMount @ react-dom-client.development.js:10758
commitHookPassiveMountEffects @ react-dom-client.development.js:10878
commitPassiveMountOnFiber @ react-dom-client.development.js:12653
recursivelyTraversePassiveMountEffects @ react-dom-client.development.js:12627
commitPassiveMountOnFiber @ react-dom-client.development.js:12646
recursivelyTraversePassiveMountEffects @ react-dom-client.development.js:12627
commitPassiveMountOnFiber @ react-dom-client.development.js:12755
recursivelyTraversePassiveMountEffects @ react-dom-client.development.js:12627
commitPassiveMountOnFiber @ react-dom-client.development.js:12646
recursivelyTraversePassiveMountEffects @ react-dom-client.development.js:12627
commitPassiveMountOnFiber @ react-dom-client.development.js:12755
recursivelyTraversePassiveMountEffects @ react-dom-client.development.js:12627
commitPassiveMountOnFiber @ react-dom-client.development.js:12755
recursivelyTraversePassiveMountEffects @ react-dom-client.development.js:12627
commitPassiveMountOnFiber @ react-dom-client.development.js:12646
recursivelyTraversePassiveMountEffects @ react-dom-client.development.js:12627
commitPassiveMountOnFiber @ react-dom-client.development.js:12646
recursivelyTraversePassiveMountEffects @ react-dom-client.development.js:12627
commitPassiveMountOnFiber @ react-dom-client.development.js:12755
recursivelyTraversePassiveMountEffects @ react-dom-client.development.js:12627
commitPassiveMountOnFiber @ react-dom-client.development.js:12755
recursivelyTraversePassiveMountEffects @ react-dom-client.development.js:12627
commitPassiveMountOnFiber @ react-dom-client.development.js:12646
recursivelyTraversePassiveMountEffects @ react-dom-client.development.js:12627
commitPassiveMountOnFiber @ react-dom-client.development.js:12646
recursivelyTraversePassiveMountEffects @ react-dom-client.development.js:12627
commitPassiveMountOnFiber @ react-dom-client.development.js:12646
recursivelyTraversePassiveMountEffects @ react-dom-client.development.js:12627
commitPassiveMountOnFiber @ react-dom-client.development.js:12646
recursivelyTraversePassiveMountEffects @ react-dom-client.development.js:12627
commitPassiveMountOnFiber @ react-dom-client.development.js:12755
recursivelyTraversePassiveMountEffects @ react-dom-client.development.js:12627
commitPassiveMountOnFiber @ react-dom-client.development.js:12646
recursivelyTraversePassiveMountEffects @ react-dom-client.development.js:12627
commitPassiveMountOnFiber @ react-dom-client.development.js:12755
recursivelyTraversePassiveMountEffects @ react-dom-client.development.js:12627
commitPassiveMountOnFiber @ react-dom-client.development.js:12646
recursivelyTraversePassiveMountEffects @ react-dom-client.development.js:12627
commitPassiveMountOnFiber @ react-dom-client.development.js:12646
recursivelyTraversePassiveMountEffects @ react-dom-client.development.js:12627
commitPassiveMountOnFiber @ react-dom-client.development.js:12755
recursivelyTraversePassiveMountEffects @ react-dom-client.development.js:12627
commitPassiveMountOnFiber @ react-dom-client.development.js:12646
recursivelyTraversePassiveMountEffects @ react-dom-client.development.js:12627
commitPassiveMountOnFiber @ react-dom-client.development.js:12755
recursivelyTraversePassiveMountEffects @ react-dom-client.development.js:12627
commitPassiveMountOnFiber @ react-dom-client.development.js:12646
recursivelyTraversePassiveMountEffects @ react-dom-client.development.js:12627
commitPassiveMountOnFiber @ react-dom-client.development.js:12646
recursivelyTraversePassiveMountEffects @ react-dom-client.development.js:12627
commitPassiveMountOnFiber @ react-dom-client.development.js:12755
recursivelyTraversePassiveMountEffects @ react-dom-client.development.js:12627
commitPassiveMountOnFiber @ react-dom-client.development.js:12755
recursivelyTraversePassiveMountEffects @ react-dom-client.development.js:12627
commitPassiveMountOnFiber @ react-dom-client.development.js:12646
recursivelyTraversePassiveMountEffects @ react-dom-client.development.js:12627
commitPassiveMountOnFiber @ react-dom-client.development.js:12755
recursivelyTraversePassiveMountEffects @ react-dom-client.development.js:12627
commitPassiveMountOnFiber @ react-dom-client.development.js:12646
recursivelyTraversePassiveMountEffects @ react-dom-client.development.js:12627
commitPassiveMountOnFiber @ react-dom-client.development.js:12755
recursivelyTraversePassiveMountEffects @ react-dom-client.development.js:12627
commitPassiveMountOnFiber @ react-dom-client.development.js:12755
recursivelyTraversePassiveMountEffects @ react-dom-client.development.js:12627
commitPassiveMountOnFiber @ react-dom-client.development.js:12646
recursivelyTraversePassiveMountEffects @ react-dom-client.development.js:12627
commitPassiveMountOnFiber @ react-dom-client.development.js:12755
recursivelyTraversePassiveMountEffects @ react-dom-client.development.js:12627
commitPassiveMountOnFiber @ react-dom-client.development.js:12646
recursivelyTraversePassiveMountEffects @ react-dom-client.development.js:12627
commitPassiveMountOnFiber @ react-dom-client.development.js:12755
recursivelyTraversePassiveMountEffects @ react-dom-client.development.js:12627
commitPassiveMountOnFiber @ react-dom-client.development.js:12755
recursivelyTraversePassiveMountEffects @ react-dom-client.development.js:12627
commitPassiveMountOnFiber @ react-dom-client.development.js:12646
recursivelyTraversePassiveMountEffects @ react-dom-client.development.js:12627
commitPassiveMountOnFiber @ react-dom-client.development.js:12755
recursivelyTraversePassiveMountEffects @ react-dom-client.development.js:12627
commitPassiveMountOnFiber @ react-dom-client.development.js:12755
recursivelyTraversePassiveMountEffects @ react-dom-client.development.js:12627
commitPassiveMountOnFiber @ react-dom-client.development.js:12646
recursivelyTraversePassiveMountEffects @ react-dom-client.development.js:12627
commitPassiveMountOnFiber @ react-dom-client.development.js:12755
recursivelyTraversePassiveMountEffects @ react-dom-client.development.js:12627
commitPassiveMountOnFiber @ react-dom-client.development.js:12755
recursivelyTraversePassiveMountEffects @ react-dom-client.development.js:12627
commitPassiveMountOnFiber @ react-dom-client.development.js:12646
recursivelyTraversePassiveMountEffects @ react-dom-client.development.js:12627
commitPassiveMountOnFiber @ react-dom-client.development.js:12755
recursivelyTraversePassiveMountEffects @ react-dom-client.development.js:12627
commitPassiveMountOnFiber @ react-dom-client.development.js:12646
recursivelyTraversePassiveMountEffects @ react-dom-client.development.js:12627
commitPassiveMountOnFiber @ react-dom-client.development.js:12755
recursivelyTraversePassiveMountEffects @ react-dom-client.development.js:12627
commitPassiveMountOnFiber @ react-dom-client.development.js:12755
recursivelyTraversePassiveMountEffects @ react-dom-client.development.js:12627
commitPassiveMountOnFiber @ react-dom-client.development.js:12646
recursivelyTraversePassiveMountEffects @ react-dom-client.development.js:12627
commitPassiveMountOnFiber @ react-dom-client.development.js:12755
recursivelyTraversePassiveMountEffects @ react-dom-client.development.js:12627
commitPassiveMountOnFiber @ react-dom-client.development.js:12755
recursivelyTraversePassiveMountEffects @ react-dom-client.development.js:12627
commitPassiveMountOnFiber @ react-dom-client.development.js:12646
recursivelyTraversePassiveMountEffects @ react-dom-client.development.js:12627
commitPassiveMountOnFiber @ react-dom-client.development.js:12755
recursivelyTraversePassiveMountEffects @ react-dom-client.development.js:12627
commitPassiveMountOnFiber @ react-dom-client.development.js:12755
recursivelyTraversePassiveMountEffects @ react-dom-client.development.js:12627
commitPassiveMountOnFiber @ react-dom-client.development.js:12646
recursivelyTraversePassiveMountEffects @ react-dom-client.development.js:12627
commitPassiveMountOnFiber @ react-dom-client.development.js:12755
recursivelyTraversePassiveMountEffects @ react-dom-client.development.js:12627
commitPassiveMountOnFiber @ react-dom-client.development.js:12755
recursivelyTraversePassiveMountEffects @ react-dom-client.development.js:12627
commitPassiveMountOnFiber @ react-dom-client.development.js:12646
recursivelyTraversePassiveMountEffects @ react-dom-client.development.js:12627
commitPassiveMountOnFiber @ react-dom-client.development.js:12755
recursivelyTraversePassiveMountEffects @ react-dom-client.development.js:12627
commitPassiveMountOnFiber @ react-dom-client.development.js:12755
recursivelyTraversePassiveMountEffects @ react-dom-client.development.js:12627
commitPassiveMountOnFiber @ react-dom-client.development.js:12646
recursivelyTraversePassiveMountEffects @ react-dom-client.development.js:12627
commitPassiveMountOnFiber @ react-dom-client.development.js:12755
recursivelyTraversePassiveMountEffects @ react-dom-client.development.js:12627
commitPassiveMountOnFiber @ react-dom-client.development.js:12646
recursivelyTraversePassiveMountEffects @ react-dom-client.development.js:12627
commitPassiveMountOnFiber @ react-dom-client.development.js:12646
recursivelyTraversePassiveMountEffects @ react-dom-client.development.js:12627
commitPassiveMountOnFiber @ react-dom-client.development.js:12755
recursivelyTraversePassiveMountEffects @ react-dom-client.development.js:12627
commitPassiveMountOnFiber @ react-dom-client.development.js:12646
recursivelyTraversePassiveMountEffects @ react-dom-client.development.js:12627
commitPassiveMountOnFiber @ react-dom-client.development.js:12646
recursivelyTraversePassiveMountEffects @ react-dom-client.development.js:12627
commitPassiveMountOnFiber @ react-dom-client.development.js:12755
recursivelyTraversePassiveMountEffects @ react-dom-client.development.js:12627
commitPassiveMountOnFiber @ react-dom-client.development.js:12646
recursivelyTraversePassiveMountEffects @ react-dom-client.development.js:12627
commitPassiveMountOnFiber @ react-dom-client.development.js:12755
recursivelyTraversePassiveMountEffects @ react-dom-client.development.js:12627
commitPassiveMountOnFiber @ react-dom-client.development.js:12755
recursivelyTraversePassiveMountEffects @ react-dom-client.development.js:12627
commitPassiveMountOnFiber @ react-dom-client.development.js:12646
recursivelyTraversePassiveMountEffects @ react-dom-client.development.js:12627
commitPassiveMountOnFiber @ react-dom-client.development.js:12755
recursivelyTraversePassiveMountEffects @ react-dom-client.development.js:12627
commitPassiveMountOnFiber @ react-dom-client.development.js:12755
recursivelyTraversePassiveMountEffects @ react-dom-client.development.js:12627
commitPassiveMountOnFiber @ react-dom-client.development.js:12646
recursivelyTraversePassiveMountEffects @ react-dom-client.development.js:12627
commitPassiveMountOnFiber @ react-dom-client.development.js:12755
recursivelyTraversePassiveMountEffects @ react-dom-client.development.js:12627
commitPassiveMountOnFiber @ react-dom-client.development.js:12755
recursivelyTraversePassiveMountEffects @ react-dom-client.development.js:12627
commitPassiveMountOnFiber @ react-dom-client.development.js:12646
recursivelyTraversePassiveMountEffects @ react-dom-client.development.js:12627
commitPassiveMountOnFiber @ react-dom-client.development.js:12755
recursivelyTraversePassiveMountEffects @ react-dom-client.development.js:12627
commitPassiveMountOnFiber @ react-dom-client.development.js:12755
recursivelyTraversePassiveMountEffects @ react-dom-client.development.js:12627
commitPassiveMountOnFiber @ react-dom-client.development.js:12646
recursivelyTraversePassiveMountEffects @ react-dom-client.development.js:12627
commitPassiveMountOnFiber @ react-dom-client.development.js:12755
recursivelyTraversePassiveMountEffects @ react-dom-client.development.js:12627
commitPassiveMountOnFiber @ react-dom-client.development.js:12755
recursivelyTraversePassiveMountEffects @ react-dom-client.development.js:12627
commitPassiveMountOnFiber @ react-dom-client.development.js:12646
setTimeout
__webpack_modules__../src/platform/polyfills.web.ts.window.setImmediate @ polyfills.web.ts:5
schedulePerformWorkUntilDeadline @ scheduler.development.js:214
requestHostCallback @ scheduler.development.js:168
__webpack_modules__../node_modules/scheduler/cjs/scheduler.development.js.exports.unstable_scheduleCallback @ scheduler.development.js:344
scheduleTaskForRootDuringMicrotask @ react-dom-client.development.js:15909
processRootScheduleInMicrotask @ react-dom-client.development.js:15830
(anonymous) @ react-dom-client.development.js:15962
setTimeout
__webpack_modules__../src/platform/polyfills.web.ts.window.setImmediate @ polyfills.web.ts:5
schedulePerformWorkUntilDeadline @ scheduler.development.js:214
requestHostCallback @ scheduler.development.js:168
__webpack_modules__../node_modules/scheduler/cjs/scheduler.development.js.exports.unstable_scheduleCallback @ scheduler.development.js:344
scheduleCallback$1 @ react-dom-client.development.js:15745
commitRootImpl @ react-dom-client.development.js:15323
commitRoot @ react-dom-client.development.js:15251
commitRootWhenReady @ react-dom-client.development.js:14570
performWorkOnRoot @ react-dom-client.development.js:14494
performSyncWorkOnRoot @ react-dom-client.development.js:15946
flushSyncWorkAcrossRoots_impl @ react-dom-client.development.js:15807
flushSyncWork$1 @ react-dom-client.development.js:14640
scheduleRefresh @ react-dom-client.development.js:112
p.scheduleRefresh @ renderer.js:994
(anonymous) @ react-refresh-runtime.development.js:265
performReactRefresh @ react-refresh-runtime.development.js:254
(anonymous) @ RefreshUtils.js:100
setTimeout
enqueueUpdate @ RefreshUtils.js:98
executeRuntime @ RefreshUtils.js:259
$ReactRefreshModuleRuntime$ @ Arrow.tsx:21
./src/components/icons/Arrow.tsx @ Arrow.tsx:21
options.factory @ react refresh:37
__webpack_require__ @ bootstrap:22
fn @ hot module replacement:61
hotRequire @ react refresh:20
./src/components/Layout/Header/index.tsx @ KnownFollowers.tsx:260
options.factory @ react refresh:37
__webpack_require__ @ bootstrap:22
fn @ hot module replacement:61
hotRequire @ react refresh:20
./src/components/Layout/index.tsx @ context.ts:5
options.factory @ react refresh:37
__webpack_require__ @ bootstrap:22
fn @ hot module replacement:61
hotRequire @ react refresh:20
./src/alf/atoms.ts @ Navigation.web.tsx:34
options.factory @ react refresh:37
__webpack_require__ @ bootstrap:22
fn @ hot module replacement:61
hotRequire @ react refresh:20
./src/alf/themes.ts @ index.tsx:145
options.factory @ react refresh:37
__webpack_require__ @ bootstrap:22
fn @ hot module replacement:61
hotRequire @ react refresh:20
./src/alf/index.tsx @ fonts.ts:104
options.factory @ react refresh:37
__webpack_require__ @ bootstrap:22
fn @ hot module replacement:61
hotRequire @ react refresh:20
./src/components/Dialog/index.web.tsx @ context.ts:60
options.factory @ react refresh:37
__webpack_require__ @ bootstrap:22
fn @ hot module replacement:61
hotRequire @ react refresh:20
./src/components/dialogs/Context.tsx @ AnimatedCheck.tsx:96
options.factory @ react refresh:37
__webpack_require__ @ bootstrap:22
fn @ hot module replacement:61
hotRequire @ react refresh:20
./src/state/dialogs/index.tsx @ types.ts:7
options.factory @ react refresh:37
__webpack_require__ @ bootstrap:22
fn @ hot module replacement:61
hotRequire @ react refresh:20
./src/state/util.ts @ userActionHistory.ts:84
options.factory @ react refresh:37
__webpack_require__ @ bootstrap:22
fn @ hot module replacement:61
hotRequire @ react refresh:20
./src/state/session/index.tsx @ agent.ts:311
options.factory @ react refresh:37
__webpack_require__ @ bootstrap:22
fn @ hot module replacement:61
hotRequire @ react refresh:20
./src/lib/statsig/statsig.tsx @ main.8b93f40f79d401715aa2.hot-update.js:33
options.factory @ react refresh:37
__webpack_require__ @ bootstrap:22
fn @ hot module replacement:61
hotRequire @ react refresh:20
./src/App.web.tsx @ types.js:3693
options.factory @ react refresh:37
__webpack_require__ @ bootstrap:22
_requireSelf @ hot module replacement:101
onAccepted @ jsonp chunk loading:446
Promise.then
apply @ jsonp chunk loading:485
(anonymous) @ hot module replacement:370
internalApply @ hot module replacement:369
(anonymous) @ hot module replacement:277
waitForBlockingPromises @ hot module replacement:232
(anonymous) @ hot module replacement:275
Promise.then
(anonymous) @ hot module replacement:274
Promise.then
(anonymous) @ hot module replacement:255
Promise.then
hotCheck @ hot module replacement:246
check @ dev-server.js:15
(anonymous) @ dev-server.js:69
emit @ events.js:153
reloadApp @ reloadApp.js:38
warnings @ index.js:274
(anonymous) @ socket.js:62
client.onmessage @ WebSocketClient.js:45Understand this error
email-verification-required.ts:11  GET https://api.gndr.app/xrpc/app.bsky.unspecced.getConfig net::ERR_NAME_NOT_RESOLVED
_temp @ email-verification-required.ts:11
fetchFn @ query.ts:457
run @ retryer.ts:153
start @ retryer.ts:218
fetch @ query.ts:576
#executeFetch @ queryObserver.ts:333
onSubscribe @ queryObserver.ts:104
subscribe @ subscribable.ts:11
(anonymous) @ useBaseQuery.ts:99
subscribeToStore @ react-dom-client.development.js:6333
react-stack-bottom-frame @ react-dom-client.development.js:22509
runWithFiberInDEV @ react-dom-client.development.js:543
commitHookEffectListMount @ react-dom-client.development.js:10758
commitHookPassiveMountEffects @ react-dom-client.development.js:10878
commitPassiveMountOnFiber @ react-dom-client.development.js:12653
recursivelyTraversePassiveMountEffects @ react-dom-client.development.js:12627
commitPassiveMountOnFiber @ react-dom-client.development.js:12646
recursivelyTraversePassiveMountEffects @ react-dom-client.development.js:12627
commitPassiveMountOnFiber @ react-dom-client.development.js:12755
recursivelyTraversePassiveMountEffects @ react-dom-client.development.js:12627
commitPassiveMountOnFiber @ react-dom-client.development.js:12646
recursivelyTraversePassiveMountEffects @ react-dom-client.development.js:12627
commitPassiveMountOnFiber @ react-dom-client.development.js:12646
recursivelyTraversePassiveMountEffects @ react-dom-client.development.js:12627
commitPassiveMountOnFiber @ react-dom-client.development.js:12755
recursivelyTraversePassiveMountEffects @ react-dom-client.development.js:12627
commitPassiveMountOnFiber @ react-dom-client.development.js:12755
recursivelyTraversePassiveMountEffects @ react-dom-client.development.js:12627
commitPassiveMountOnFiber @ react-dom-client.development.js:12646
recursivelyTraversePassiveMountEffects @ react-dom-client.development.js:12627
commitPassiveMountOnFiber @ react-dom-client.development.js:12755
recursivelyTraversePassiveMountEffects @ react-dom-client.development.js:12627
commitPassiveMountOnFiber @ react-dom-client.development.js:12755
recursivelyTraversePassiveMountEffects @ react-dom-client.development.js:12627
commitPassiveMountOnFiber @ react-dom-client.development.js:12646
recursivelyTraversePassiveMountEffects @ react-dom-client.development.js:12627
commitPassiveMountOnFiber @ react-dom-client.development.js:12755
recursivelyTraversePassiveMountEffects @ react-dom-client.development.js:12627
commitPassiveMountOnFiber @ react-dom-client.development.js:12755
recursivelyTraversePassiveMountEffects @ react-dom-client.development.js:12627
commitPassiveMountOnFiber @ react-dom-client.development.js:12646
recursivelyTraversePassiveMountEffects @ react-dom-client.development.js:12627
commitPassiveMountOnFiber @ react-dom-client.development.js:12755
recursivelyTraversePassiveMountEffects @ react-dom-client.development.js:12627
commitPassiveMountOnFiber @ react-dom-client.development.js:12755
recursivelyTraversePassiveMountEffects @ react-dom-client.development.js:12627
commitPassiveMountOnFiber @ react-dom-client.development.js:12646
recursivelyTraversePassiveMountEffects @ react-dom-client.development.js:12627
commitPassiveMountOnFiber @ react-dom-client.development.js:12755
recursivelyTraversePassiveMountEffects @ react-dom-client.development.js:12627
commitPassiveMountOnFiber @ react-dom-client.development.js:12755
recursivelyTraversePassiveMountEffects @ react-dom-client.development.js:12627
commitPassiveMountOnFiber @ react-dom-client.development.js:12755
recursivelyTraversePassiveMountEffects @ react-dom-client.development.js:12627
commitPassiveMountOnFiber @ react-dom-client.development.js:12646
recursivelyTraversePassiveMountEffects @ react-dom-client.development.js:12627
commitPassiveMountOnFiber @ react-dom-client.development.js:12646
recursivelyTraversePassiveMountEffects @ react-dom-client.development.js:12627
commitPassiveMountOnFiber @ react-dom-client.development.js:12646
recursivelyTraversePassiveMountEffects @ react-dom-client.development.js:12627
commitPassiveMountOnFiber @ react-dom-client.development.js:12755
recursivelyTraversePassiveMountEffects @ react-dom-client.development.js:12627
commitPassiveMountOnFiber @ react-dom-client.development.js:12755
recursivelyTraversePassiveMountEffects @ react-dom-client.development.js:12627
commitPassiveMountOnFiber @ react-dom-client.development.js:12646
recursivelyTraversePassiveMountEffects @ react-dom-client.development.js:12627
commitPassiveMountOnFiber @ react-dom-client.development.js:12755
recursivelyTraversePassiveMountEffects @ react-dom-client.development.js:12627
commitPassiveMountOnFiber @ react-dom-client.development.js:12646
recursivelyTraversePassiveMountEffects @ react-dom-client.development.js:12627
commitPassiveMountOnFiber @ react-dom-client.development.js:12755
recursivelyTraversePassiveMountEffects @ react-dom-client.development.js:12627
commitPassiveMountOnFiber @ react-dom-client.development.js:12755
recursivelyTraversePassiveMountEffects @ react-dom-client.development.js:12627
commitPassiveMountOnFiber @ react-dom-client.development.js:12646
recursivelyTraversePassiveMountEffects @ react-dom-client.development.js:12627
commitPassiveMountOnFiber @ react-dom-client.development.js:12755
recursivelyTraversePassiveMountEffects @ react-dom-client.development.js:12627
commitPassiveMountOnFiber @ react-dom-client.development.js:12755
recursivelyTraversePassiveMountEffects @ react-dom-client.development.js:12627
commitPassiveMountOnFiber @ react-dom-client.development.js:12646
recursivelyTraversePassiveMountEffects @ react-dom-client.development.js:12627
commitPassiveMountOnFiber @ react-dom-client.development.js:12755
recursivelyTraversePassiveMountEffects @ react-dom-client.development.js:12627
commitPassiveMountOnFiber @ react-dom-client.development.js:12755
recursivelyTraversePassiveMountEffects @ react-dom-client.development.js:12627
commitPassiveMountOnFiber @ react-dom-client.development.js:12646
recursivelyTraversePassiveMountEffects @ react-dom-client.development.js:12627
commitPassiveMountOnFiber @ react-dom-client.development.js:12755
recursivelyTraversePassiveMountEffects @ react-dom-client.development.js:12627
commitPassiveMountOnFiber @ react-dom-client.development.js:12755
recursivelyTraversePassiveMountEffects @ react-dom-client.development.js:12627
commitPassiveMountOnFiber @ react-dom-client.development.js:12646
recursivelyTraversePassiveMountEffects @ react-dom-client.development.js:12627
commitPassiveMountOnFiber @ react-dom-client.development.js:12755
recursivelyTraversePassiveMountEffects @ react-dom-client.development.js:12627
commitPassiveMountOnFiber @ react-dom-client.development.js:12755
recursivelyTraversePassiveMountEffects @ react-dom-client.development.js:12627
commitPassiveMountOnFiber @ react-dom-client.development.js:12646
recursivelyTraversePassiveMountEffects @ react-dom-client.development.js:12627
commitPassiveMountOnFiber @ react-dom-client.development.js:12755
recursivelyTraversePassiveMountEffects @ react-dom-client.development.js:12627
commitPassiveMountOnFiber @ react-dom-client.development.js:12646
recursivelyTraversePassiveMountEffects @ react-dom-client.development.js:12627
commitPassiveMountOnFiber @ react-dom-client.development.js:12755
recursivelyTraversePassiveMountEffects @ react-dom-client.development.js:12627
commitPassiveMountOnFiber @ react-dom-client.development.js:12646
recursivelyTraversePassiveMountEffects @ react-dom-client.development.js:12627
commitPassiveMountOnFiber @ react-dom-client.development.js:12755
recursivelyTraversePassiveMountEffects @ react-dom-client.development.js:12627
commitPassiveMountOnFiber @ react-dom-client.development.js:12646
recursivelyTraversePassiveMountEffects @ react-dom-client.development.js:12627
commitPassiveMountOnFiber @ react-dom-client.development.js:12755
recursivelyTraversePassiveMountEffects @ react-dom-client.development.js:12627
commitPassiveMountOnFiber @ react-dom-client.development.js:12646
recursivelyTraversePassiveMountEffects @ react-dom-client.development.js:12627
commitPassiveMountOnFiber @ react-dom-client.development.js:12755
recursivelyTraversePassiveMountEffects @ react-dom-client.development.js:12627
commitPassiveMountOnFiber @ react-dom-client.development.js:12646
recursivelyTraversePassiveMountEffects @ react-dom-client.development.js:12627
commitPassiveMountOnFiber @ react-dom-client.development.js:12755
recursivelyTraversePassiveMountEffects @ react-dom-client.development.js:12627
commitPassiveMountOnFiber @ react-dom-client.development.js:12646
recursivelyTraversePassiveMountEffects @ react-dom-client.development.js:12627
commitPassiveMountOnFiber @ react-dom-client.development.js:12646
recursivelyTraversePassiveMountEffects @ react-dom-client.development.js:12627
commitPassiveMountOnFiber @ react-dom-client.development.js:12755
recursivelyTraversePassiveMountEffects @ react-dom-client.development.js:12627
commitPassiveMountOnFiber @ react-dom-client.development.js:12755
recursivelyTraversePassiveMountEffects @ react-dom-client.development.js:12627
commitPassiveMountOnFiber @ react-dom-client.development.js:12646
recursivelyTraversePassiveMountEffects @ react-dom-client.development.js:12627
commitPassiveMountOnFiber @ react-dom-client.development.js:12755
recursivelyTraversePassiveMountEffects @ react-dom-client.development.js:12627
commitPassiveMountOnFiber @ react-dom-client.development.js:12755
recursivelyTraversePassiveMountEffects @ react-dom-client.development.js:12627
commitPassiveMountOnFiber @ react-dom-client.development.js:12646
recursivelyTraversePassiveMountEffects @ react-dom-client.development.js:12627
commitPassiveMountOnFiber @ react-dom-client.development.js:12755
recursivelyTraversePassiveMountEffects @ react-dom-client.development.js:12627
commitPassiveMountOnFiber @ react-dom-client.development.js:12646
recursivelyTraversePassiveMountEffects @ react-dom-client.development.js:12627
commitPassiveMountOnFiber @ react-dom-client.development.js:12646
recursivelyTraversePassiveMountEffects @ react-dom-client.development.js:12627
commitPassiveMountOnFiber @ react-dom-client.development.js:12755
recursivelyTraversePassiveMountEffects @ react-dom-client.development.js:12627
commitPassiveMountOnFiber @ react-dom-client.development.js:12646
recursivelyTraversePassiveMountEffects @ react-dom-client.development.js:12627
commitPassiveMountOnFiber @ react-dom-client.development.js:12755
recursivelyTraversePassiveMountEffects @ react-dom-client.development.js:12627
commitPassiveMountOnFiber @ react-dom-client.development.js:12755
recursivelyTraversePassiveMountEffects @ react-dom-client.development.js:12627
commitPassiveMountOnFiber @ react-dom-client.development.js:12646
recursivelyTraversePassiveMountEffects @ react-dom-client.development.js:12627
commitPassiveMountOnFiber @ react-dom-client.development.js:12646
recursivelyTraversePassiveMountEffects @ react-dom-client.development.js:12627
commitPassiveMountOnFiber @ react-dom-client.development.js:12755
recursivelyTraversePassiveMountEffects @ react-dom-client.development.js:12627
commitPassiveMountOnFiber @ react-dom-client.development.js:12755
recursivelyTraversePassiveMountEffects @ react-dom-client.development.js:12627
commitPassiveMountOnFiber @ react-dom-client.development.js:12646
recursivelyTraversePassiveMountEffects @ react-dom-client.development.js:12627
commitPassiveMountOnFiber @ react-dom-client.development.js:12646
recursivelyTraversePassiveMountEffects @ react-dom-client.development.js:12627
commitPassiveMountOnFiber @ react-dom-client.development.js:12646
recursivelyTraversePassiveMountEffects @ react-dom-client.development.js:12627
commitPassiveMountOnFiber @ react-dom-client.development.js:12646
recursivelyTraversePassiveMountEffects @ react-dom-client.development.js:12627
commitPassiveMountOnFiber @ react-dom-client.development.js:12755
recursivelyTraversePassiveMountEffects @ react-dom-client.development.js:12627
commitPassiveMountOnFiber @ react-dom-client.development.js:12646
recursivelyTraversePassiveMountEffects @ react-dom-client.development.js:12627
commitPassiveMountOnFiber @ react-dom-client.development.js:12755
recursivelyTraversePassiveMountEffects @ react-dom-client.development.js:12627
commitPassiveMountOnFiber @ react-dom-client.development.js:12646
recursivelyTraversePassiveMountEffects @ react-dom-client.development.js:12627
commitPassiveMountOnFiber @ react-dom-client.development.js:12646
recursivelyTraversePassiveMountEffects @ react-dom-client.development.js:12627
commitPassiveMountOnFiber @ react-dom-client.development.js:12755
recursivelyTraversePassiveMountEffects @ react-dom-client.development.js:12627
commitPassiveMountOnFiber @ react-dom-client.development.js:12646
recursivelyTraversePassiveMountEffects @ react-dom-client.development.js:12627
commitPassiveMountOnFiber @ react-dom-client.development.js:12755
recursivelyTraversePassiveMountEffects @ react-dom-client.development.js:12627
commitPassiveMountOnFiber @ react-dom-client.development.js:12646
recursivelyTraversePassiveMountEffects @ react-dom-client.development.js:12627
commitPassiveMountOnFiber @ react-dom-client.development.js:12646
recursivelyTraversePassiveMountEffects @ react-dom-client.development.js:12627
commitPassiveMountOnFiber @ react-dom-client.development.js:12755
recursivelyTraversePassiveMountEffects @ react-dom-client.development.js:12627
commitPassiveMountOnFiber @ react-dom-client.development.js:12755
recursivelyTraversePassiveMountEffects @ react-dom-client.development.js:12627
commitPassiveMountOnFiber @ react-dom-client.development.js:12646
recursivelyTraversePassiveMountEffects @ react-dom-client.development.js:12627
commitPassiveMountOnFiber @ react-dom-client.development.js:12755
recursivelyTraversePassiveMountEffects @ react-dom-client.development.js:12627
commitPassiveMountOnFiber @ react-dom-client.development.js:12646
recursivelyTraversePassiveMountEffects @ react-dom-client.development.js:12627
commitPassiveMountOnFiber @ react-dom-client.development.js:12755
recursivelyTraversePassiveMountEffects @ react-dom-client.development.js:12627
setTimeout
__webpack_modules__../src/platform/polyfills.web.ts.window.setImmediate @ polyfills.web.ts:5
schedulePerformWorkUntilDeadline @ scheduler.development.js:214
requestHostCallback @ scheduler.development.js:168
__webpack_modules__../node_modules/scheduler/cjs/scheduler.development.js.exports.unstable_scheduleCallback @ scheduler.development.js:344
scheduleTaskForRootDuringMicrotask @ react-dom-client.development.js:15909
processRootScheduleInMicrotask @ react-dom-client.development.js:15830
(anonymous) @ react-dom-client.development.js:15962
setTimeout
(anonymous) @ StatsigNetwork.js:132
__webpack_modules__../node_modules/statsig-js/dist/StatsigNetwork.js.StatsigNetwork.postWithTimeout @ StatsigNetwork.js:131
__webpack_modules__../node_modules/statsig-js/dist/StatsigNetwork.js.StatsigNetwork.fetchValues @ StatsigNetwork.js:107
(anonymous) @ StatsigClient.js:1095
step @ StatsigClient.js:44
(anonymous) @ StatsigClient.js:25
(anonymous) @ StatsigClient.js:19
__webpack_modules__../node_modules/statsig-js/dist/StatsigClient.js.__awaiter @ StatsigClient.js:15
__webpack_modules__../node_modules/statsig-js/dist/StatsigClient.js.StatsigClient.fetchAndSaveValues @ StatsigClient.js:1070
(anonymous) @ StatsigClient.js:677
step @ StatsigClient.js:44
(anonymous) @ StatsigClient.js:25
(anonymous) @ StatsigClient.js:19
__webpack_modules__../node_modules/statsig-js/dist/StatsigClient.js.__awaiter @ StatsigClient.js:15
(anonymous) @ StatsigClient.js:633
__webpack_modules__../node_modules/statsig-js/dist/ErrorBoundary.js.ErrorBoundary.capture @ ErrorBoundary.js:74
(anonymous) @ StatsigClient.js:633
step @ StatsigClient.js:44
(anonymous) @ StatsigClient.js:25
(anonymous) @ StatsigClient.js:19
__webpack_modules__../node_modules/statsig-js/dist/StatsigClient.js.__awaiter @ StatsigClient.js:15
__webpack_modules__../node_modules/statsig-js/dist/StatsigClient.js.StatsigClient.updateUser @ StatsigClient.js:629
(anonymous) @ Statsig.js:222
__webpack_modules__../node_modules/statsig-react/dist/Statsig.js.Statsig.capture @ Statsig.js:395
__webpack_modules__../node_modules/statsig-react/dist/Statsig.js.Statsig.updateUser @ Statsig.js:222
(anonymous) @ StatsigProvider.js:76
react-stack-bottom-frame @ react-dom-client.development.js:22509
runWithFiberInDEV @ react-dom-client.development.js:543
commitHookEffectListMount @ react-dom-client.development.js:10758
commitHookPassiveMountEffects @ react-dom-client.development.js:10878
commitPassiveMountOnFiber @ react-dom-client.development.js:12653
recursivelyTraversePassiveMountEffects @ react-dom-client.development.js:12627
commitPassiveMountOnFiber @ react-dom-client.development.js:12646
recursivelyTraversePassiveMountEffects @ react-dom-client.development.js:12627
commitPassiveMountOnFiber @ react-dom-client.development.js:12755
recursivelyTraversePassiveMountEffects @ react-dom-client.development.js:12627
commitPassiveMountOnFiber @ react-dom-client.development.js:12646
recursivelyTraversePassiveMountEffects @ react-dom-client.development.js:12627
commitPassiveMountOnFiber @ react-dom-client.development.js:12755
recursivelyTraversePassiveMountEffects @ react-dom-client.development.js:12627
commitPassiveMountOnFiber @ react-dom-client.development.js:12755
recursivelyTraversePassiveMountEffects @ react-dom-client.development.js:12627
commitPassiveMountOnFiber @ react-dom-client.development.js:12646
recursivelyTraversePassiveMountEffects @ react-dom-client.development.js:12627
commitPassiveMountOnFiber @ react-dom-client.development.js:12646
recursivelyTraversePassiveMountEffects @ react-dom-client.development.js:12627
commitPassiveMountOnFiber @ react-dom-client.development.js:12755
recursivelyTraversePassiveMountEffects @ react-dom-client.development.js:12627
commitPassiveMountOnFiber @ react-dom-client.development.js:12755
recursivelyTraversePassiveMountEffects @ react-dom-client.development.js:12627
commitPassiveMountOnFiber @ react-dom-client.development.js:12646
recursivelyTraversePassiveMountEffects @ react-dom-client.development.js:12627
commitPassiveMountOnFiber @ react-dom-client.development.js:12646
recursivelyTraversePassiveMountEffects @ react-dom-client.development.js:12627
commitPassiveMountOnFiber @ react-dom-client.development.js:12646
recursivelyTraversePassiveMountEffects @ react-dom-client.development.js:12627
commitPassiveMountOnFiber @ react-dom-client.development.js:12646
recursivelyTraversePassiveMountEffects @ react-dom-client.development.js:12627
commitPassiveMountOnFiber @ react-dom-client.development.js:12755
recursivelyTraversePassiveMountEffects @ react-dom-client.development.js:12627
commitPassiveMountOnFiber @ react-dom-client.development.js:12646
recursivelyTraversePassiveMountEffects @ react-dom-client.development.js:12627
commitPassiveMountOnFiber @ react-dom-client.development.js:12755
recursivelyTraversePassiveMountEffects @ react-dom-client.development.js:12627
commitPassiveMountOnFiber @ react-dom-client.development.js:12646
recursivelyTraversePassiveMountEffects @ react-dom-client.development.js:12627
commitPassiveMountOnFiber @ react-dom-client.development.js:12646
recursivelyTraversePassiveMountEffects @ react-dom-client.development.js:12627
commitPassiveMountOnFiber @ react-dom-client.development.js:12755
recursivelyTraversePassiveMountEffects @ react-dom-client.development.js:12627
commitPassiveMountOnFiber @ react-dom-client.development.js:12646
recursivelyTraversePassiveMountEffects @ react-dom-client.development.js:12627
commitPassiveMountOnFiber @ react-dom-client.development.js:12755
recursivelyTraversePassiveMountEffects @ react-dom-client.development.js:12627
commitPassiveMountOnFiber @ react-dom-client.development.js:12646
recursivelyTraversePassiveMountEffects @ react-dom-client.development.js:12627
commitPassiveMountOnFiber @ react-dom-client.development.js:12646
recursivelyTraversePassiveMountEffects @ react-dom-client.development.js:12627
commitPassiveMountOnFiber @ react-dom-client.development.js:12755
recursivelyTraversePassiveMountEffects @ react-dom-client.development.js:12627
commitPassiveMountOnFiber @ react-dom-client.development.js:12755
recursivelyTraversePassiveMountEffects @ react-dom-client.development.js:12627
commitPassiveMountOnFiber @ react-dom-client.development.js:12646
recursivelyTraversePassiveMountEffects @ react-dom-client.development.js:12627
commitPassiveMountOnFiber @ react-dom-client.development.js:12755
recursivelyTraversePassiveMountEffects @ react-dom-client.development.js:12627
commitPassiveMountOnFiber @ react-dom-client.development.js:12646
recursivelyTraversePassiveMountEffects @ react-dom-client.development.js:12627
commitPassiveMountOnFiber @ react-dom-client.development.js:12755
recursivelyTraversePassiveMountEffects @ react-dom-client.development.js:12627
commitPassiveMountOnFiber @ react-dom-client.development.js:12755
recursivelyTraversePassiveMountEffects @ react-dom-client.development.js:12627
commitPassiveMountOnFiber @ react-dom-client.development.js:12646
recursivelyTraversePassiveMountEffects @ react-dom-client.development.js:12627
commitPassiveMountOnFiber @ react-dom-client.development.js:12755
recursivelyTraversePassiveMountEffects @ react-dom-client.development.js:12627
commitPassiveMountOnFiber @ react-dom-client.development.js:12646
recursivelyTraversePassiveMountEffects @ react-dom-client.development.js:12627
commitPassiveMountOnFiber @ react-dom-client.development.js:12755
recursivelyTraversePassiveMountEffects @ react-dom-client.development.js:12627
commitPassiveMountOnFiber @ react-dom-client.development.js:12755
recursivelyTraversePassiveMountEffects @ react-dom-client.development.js:12627
commitPassiveMountOnFiber @ react-dom-client.development.js:12646
recursivelyTraversePassiveMountEffects @ react-dom-client.development.js:12627
commitPassiveMountOnFiber @ react-dom-client.development.js:12755
recursivelyTraversePassiveMountEffects @ react-dom-client.development.js:12627
commitPassiveMountOnFiber @ react-dom-client.development.js:12755
recursivelyTraversePassiveMountEffects @ react-dom-client.development.js:12627
commitPassiveMountOnFiber @ react-dom-client.development.js:12646
recursivelyTraversePassiveMountEffects @ react-dom-client.development.js:12627
commitPassiveMountOnFiber @ react-dom-client.development.js:12755
recursivelyTraversePassiveMountEffects @ react-dom-client.development.js:12627
commitPassiveMountOnFiber @ react-dom-client.development.js:12755
recursivelyTraversePassiveMountEffects @ react-dom-client.development.js:12627
commitPassiveMountOnFiber @ react-dom-client.development.js:12646
recursivelyTraversePassiveMountEffects @ react-dom-client.development.js:12627
commitPassiveMountOnFiber @ react-dom-client.development.js:12755
recursivelyTraversePassiveMountEffects @ react-dom-client.development.js:12627
commitPassiveMountOnFiber @ react-dom-client.development.js:12646
recursivelyTraversePassiveMountEffects @ react-dom-client.development.js:12627
commitPassiveMountOnFiber @ react-dom-client.development.js:12755
recursivelyTraversePassiveMountEffects @ react-dom-client.development.js:12627
commitPassiveMountOnFiber @ react-dom-client.development.js:12755
recursivelyTraversePassiveMountEffects @ react-dom-client.development.js:12627
commitPassiveMountOnFiber @ react-dom-client.development.js:12646
recursivelyTraversePassiveMountEffects @ react-dom-client.development.js:12627
commitPassiveMountOnFiber @ react-dom-client.development.js:12755
recursivelyTraversePassiveMountEffects @ react-dom-client.development.js:12627
commitPassiveMountOnFiber @ react-dom-client.development.js:12755
recursivelyTraversePassiveMountEffects @ react-dom-client.development.js:12627
commitPassiveMountOnFiber @ react-dom-client.development.js:12646
recursivelyTraversePassiveMountEffects @ react-dom-client.development.js:12627
commitPassiveMountOnFiber @ react-dom-client.development.js:12755
recursivelyTraversePassiveMountEffects @ react-dom-client.development.js:12627
commitPassiveMountOnFiber @ react-dom-client.development.js:12755
recursivelyTraversePassiveMountEffects @ react-dom-client.development.js:12627
commitPassiveMountOnFiber @ react-dom-client.development.js:12646
recursivelyTraversePassiveMountEffects @ react-dom-client.development.js:12627
commitPassiveMountOnFiber @ react-dom-client.development.js:12755
recursivelyTraversePassiveMountEffects @ react-dom-client.development.js:12627
commitPassiveMountOnFiber @ react-dom-client.development.js:12755
recursivelyTraversePassiveMountEffects @ react-dom-client.development.js:12627
commitPassiveMountOnFiber @ react-dom-client.development.js:12646
recursivelyTraversePassiveMountEffects @ react-dom-client.development.js:12627
commitPassiveMountOnFiber @ react-dom-client.development.js:12755
recursivelyTraversePassiveMountEffects @ react-dom-client.development.js:12627
commitPassiveMountOnFiber @ react-dom-client.development.js:12755
recursivelyTraversePassiveMountEffects @ react-dom-client.development.js:12627
commitPassiveMountOnFiber @ react-dom-client.development.js:12646
recursivelyTraversePassiveMountEffects @ react-dom-client.development.js:12627
commitPassiveMountOnFiber @ react-dom-client.development.js:12755
recursivelyTraversePassiveMountEffects @ react-dom-client.development.js:12627
commitPassiveMountOnFiber @ react-dom-client.development.js:12646
recursivelyTraversePassiveMountEffects @ react-dom-client.development.js:12627
commitPassiveMountOnFiber @ react-dom-client.development.js:12646
recursivelyTraversePassiveMountEffects @ react-dom-client.development.js:12627
commitPassiveMountOnFiber @ react-dom-client.development.js:12755
recursivelyTraversePassiveMountEffects @ react-dom-client.development.js:12627
commitPassiveMountOnFiber @ react-dom-client.development.js:12646
recursivelyTraversePassiveMountEffects @ react-dom-client.development.js:12627
commitPassiveMountOnFiber @ react-dom-client.development.js:12646
recursivelyTraversePassiveMountEffects @ react-dom-client.development.js:12627
commitPassiveMountOnFiber @ react-dom-client.development.js:12755
recursivelyTraversePassiveMountEffects @ react-dom-client.development.js:12627
commitPassiveMountOnFiber @ react-dom-client.development.js:12646
recursivelyTraversePassiveMountEffects @ react-dom-client.development.js:12627
commitPassiveMountOnFiber @ react-dom-client.development.js:12755
recursivelyTraversePassiveMountEffects @ react-dom-client.development.js:12627
commitPassiveMountOnFiber @ react-dom-client.development.js:12755
recursivelyTraversePassiveMountEffects @ react-dom-client.development.js:12627
commitPassiveMountOnFiber @ react-dom-client.development.js:12646
recursivelyTraversePassiveMountEffects @ react-dom-client.development.js:12627
commitPassiveMountOnFiber @ react-dom-client.development.js:12755
recursivelyTraversePassiveMountEffects @ react-dom-client.development.js:12627
commitPassiveMountOnFiber @ react-dom-client.development.js:12755
recursivelyTraversePassiveMountEffects @ react-dom-client.development.js:12627
commitPassiveMountOnFiber @ react-dom-client.development.js:12646
recursivelyTraversePassiveMountEffects @ react-dom-client.development.js:12627
commitPassiveMountOnFiber @ react-dom-client.development.js:12755
recursivelyTraversePassiveMountEffects @ react-dom-client.development.js:12627
commitPassiveMountOnFiber @ react-dom-client.development.js:12755
recursivelyTraversePassiveMountEffects @ react-dom-client.development.js:12627
commitPassiveMountOnFiber @ react-dom-client.development.js:12646
recursivelyTraversePassiveMountEffects @ react-dom-client.development.js:12627
commitPassiveMountOnFiber @ react-dom-client.development.js:12755
recursivelyTraversePassiveMountEffects @ react-dom-client.development.js:12627
commitPassiveMountOnFiber @ react-dom-client.development.js:12755
recursivelyTraversePassiveMountEffects @ react-dom-client.development.js:12627
commitPassiveMountOnFiber @ react-dom-client.development.js:12646
recursivelyTraversePassiveMountEffects @ react-dom-client.development.js:12627
commitPassiveMountOnFiber @ react-dom-client.development.js:12755
recursivelyTraversePassiveMountEffects @ react-dom-client.development.js:12627
commitPassiveMountOnFiber @ react-dom-client.development.js:12755
recursivelyTraversePassiveMountEffects @ react-dom-client.development.js:12627
commitPassiveMountOnFiber @ react-dom-client.development.js:12646
recursivelyTraversePassiveMountEffects @ react-dom-client.development.js:12627
commitPassiveMountOnFiber @ react-dom-client.development.js:12755
recursivelyTraversePassiveMountEffects @ react-dom-client.development.js:12627
commitPassiveMountOnFiber @ react-dom-client.development.js:12755
recursivelyTraversePassiveMountEffects @ react-dom-client.development.js:12627
setTimeout
__webpack_modules__../src/platform/polyfills.web.ts.window.setImmediate @ polyfills.web.ts:5
schedulePerformWorkUntilDeadline @ scheduler.development.js:214
requestHostCallback @ scheduler.development.js:168
__webpack_modules__../node_modules/scheduler/cjs/scheduler.development.js.exports.unstable_scheduleCallback @ scheduler.development.js:344
scheduleTaskForRootDuringMicrotask @ react-dom-client.development.js:15909
processRootScheduleInMicrotask @ react-dom-client.development.js:15830
(anonymous) @ react-dom-client.development.js:15962
setTimeout
__webpack_modules__../src/platform/polyfills.web.ts.window.setImmediate @ polyfills.web.ts:5
schedulePerformWorkUntilDeadline @ scheduler.development.js:214
requestHostCallback @ scheduler.development.js:168
__webpack_modules__../node_modules/scheduler/cjs/scheduler.development.js.exports.unstable_scheduleCallback @ scheduler.development.js:344
scheduleCallback$1 @ react-dom-client.development.js:15745
commitRootImpl @ react-dom-client.development.js:15323
commitRoot @ react-dom-client.development.js:15251
commitRootWhenReady @ react-dom-client.development.js:14570
performWorkOnRoot @ react-dom-client.development.js:14494
performSyncWorkOnRoot @ react-dom-client.development.js:15946
flushSyncWorkAcrossRoots_impl @ react-dom-client.development.js:15807
flushSyncWork$1 @ react-dom-client.development.js:14640
scheduleRefresh @ react-dom-client.development.js:112
p.scheduleRefresh @ renderer.js:994
(anonymous) @ react-refresh-runtime.development.js:265
performReactRefresh @ react-refresh-runtime.development.js:254
(anonymous) @ RefreshUtils.js:100
setTimeout
enqueueUpdate @ RefreshUtils.js:98
executeRuntime @ RefreshUtils.js:259
$ReactRefreshModuleRuntime$ @ Arrow.tsx:21
./src/components/icons/Arrow.tsx @ Arrow.tsx:21
options.factory @ react refresh:37
__webpack_require__ @ bootstrap:22
fn @ hot module replacement:61
hotRequire @ react refresh:20
./src/components/Layout/Header/index.tsx @ KnownFollowers.tsx:260
options.factory @ react refresh:37
__webpack_require__ @ bootstrap:22
fn @ hot module replacement:61
hotRequire @ react refresh:20
./src/components/Layout/index.tsx @ context.ts:5
options.factory @ react refresh:37
__webpack_require__ @ bootstrap:22
fn @ hot module replacement:61
hotRequire @ react refresh:20
./src/alf/atoms.ts @ Navigation.web.tsx:34
options.factory @ react refresh:37
__webpack_require__ @ bootstrap:22
fn @ hot module replacement:61
hotRequire @ react refresh:20
./src/alf/themes.ts @ index.tsx:145
options.factory @ react refresh:37
__webpack_require__ @ bootstrap:22
fn @ hot module replacement:61
hotRequire @ react refresh:20
./src/alf/index.tsx @ fonts.ts:104
options.factory @ react refresh:37
__webpack_require__ @ bootstrap:22
fn @ hot module replacement:61
hotRequire @ react refresh:20
./src/components/Dialog/index.web.tsx @ context.ts:60
options.factory @ react refresh:37
__webpack_require__ @ bootstrap:22
fn @ hot module replacement:61
hotRequire @ react refresh:20
./src/components/dialogs/Context.tsx @ AnimatedCheck.tsx:96
options.factory @ react refresh:37
__webpack_require__ @ bootstrap:22
fn @ hot module replacement:61
hotRequire @ react refresh:20
./src/state/dialogs/index.tsx @ types.ts:7
options.factory @ react refresh:37
__webpack_require__ @ bootstrap:22
fn @ hot module replacement:61
hotRequire @ react refresh:20
./src/state/util.ts @ userActionHistory.ts:84
options.factory @ react refresh:37
__webpack_require__ @ bootstrap:22
fn @ hot module replacement:61
hotRequire @ react refresh:20
./src/state/session/index.tsx @ agent.ts:311
options.factory @ react refresh:37
__webpack_require__ @ bootstrap:22
fn @ hot module replacement:61
hotRequire @ react refresh:20
./src/lib/statsig/statsig.tsx @ main.8b93f40f79d401715aa2.hot-update.js:33
options.factory @ react refresh:37
__webpack_require__ @ bootstrap:22
fn @ hot module replacement:61
hotRequire @ react refresh:20
./src/App.web.tsx @ types.js:3693
options.factory @ react refresh:37
__webpack_require__ @ bootstrap:22
_requireSelf @ hot module replacement:101
onAccepted @ jsonp chunk loading:446
Promise.then
apply @ jsonp chunk loading:485
(anonymous) @ hot module replacement:370
internalApply @ hot module replacement:369
(anonymous) @ hot module replacement:277
waitForBlockingPromises @ hot module replacement:232
(anonymous) @ hot module replacement:275
Promise.then
(anonymous) @ hot module replacement:274
Promise.then
(anonymous) @ hot module replacement:255
Promise.then
hotCheck @ hot module replacement:246
check @ dev-server.js:15
(anonymous) @ dev-server.js:69
emit @ events.js:153
reloadApp @ reloadApp.js:38
warnings @ index.js:274
(anonymous) @ socket.js:62
client.onmessage @ WebSocketClient.js:45Understand this error
polyfills.web.ts:5  POST https://events.gndr.app/v2/initialize net::ERR_NAME_NOT_RESOLVED
(anonymous) @ StatsigNetwork.js:270
step @ StatsigNetwork.js:44
(anonymous) @ StatsigNetwork.js:25
(anonymous) @ StatsigNetwork.js:19
__webpack_modules__../node_modules/statsig-js/dist/StatsigNetwork.js.__awaiter @ StatsigNetwork.js:15
__webpack_modules__../node_modules/statsig-js/dist/StatsigNetwork.js.StatsigNetwork.postToEndpoint @ StatsigNetwork.js:213
(anonymous) @ StatsigNetwork.js:314
setTimeout
(anonymous) @ StatsigNetwork.js:312
(anonymous) @ StatsigNetwork.js:311
Promise.catch
(anonymous) @ StatsigNetwork.js:301
step @ StatsigNetwork.js:44
(anonymous) @ StatsigNetwork.js:25
(anonymous) @ StatsigNetwork.js:19
__webpack_modules__../node_modules/statsig-js/dist/StatsigNetwork.js.__awaiter @ StatsigNetwork.js:15
__webpack_modules__../node_modules/statsig-js/dist/StatsigNetwork.js.StatsigNetwork.postToEndpoint @ StatsigNetwork.js:213
__webpack_modules__../node_modules/statsig-js/dist/StatsigNetwork.js.StatsigNetwork.postWithTimeout @ StatsigNetwork.js:139
__webpack_modules__../node_modules/statsig-js/dist/StatsigNetwork.js.StatsigNetwork.fetchValues @ StatsigNetwork.js:107
(anonymous) @ StatsigClient.js:1095
step @ StatsigClient.js:44
(anonymous) @ StatsigClient.js:25
(anonymous) @ StatsigClient.js:19
__webpack_modules__../node_modules/statsig-js/dist/StatsigClient.js.__awaiter @ StatsigClient.js:15
__webpack_modules__../node_modules/statsig-js/dist/StatsigClient.js.StatsigClient.fetchAndSaveValues @ StatsigClient.js:1070
(anonymous) @ StatsigClient.js:677
step @ StatsigClient.js:44
(anonymous) @ StatsigClient.js:25
(anonymous) @ StatsigClient.js:19
__webpack_modules__../node_modules/statsig-js/dist/StatsigClient.js.__awaiter @ StatsigClient.js:15
(anonymous) @ StatsigClient.js:633
__webpack_modules__../node_modules/statsig-js/dist/ErrorBoundary.js.ErrorBoundary.capture @ ErrorBoundary.js:74
(anonymous) @ StatsigClient.js:633
step @ StatsigClient.js:44
(anonymous) @ StatsigClient.js:25
(anonymous) @ StatsigClient.js:19
__webpack_modules__../node_modules/statsig-js/dist/StatsigClient.js.__awaiter @ StatsigClient.js:15
__webpack_modules__../node_modules/statsig-js/dist/StatsigClient.js.StatsigClient.updateUser @ StatsigClient.js:629
(anonymous) @ Statsig.js:222
__webpack_modules__../node_modules/statsig-react/dist/Statsig.js.Statsig.capture @ Statsig.js:395
__webpack_modules__../node_modules/statsig-react/dist/Statsig.js.Statsig.updateUser @ Statsig.js:222
(anonymous) @ StatsigProvider.js:76
react-stack-bottom-frame @ react-dom-client.development.js:22509
runWithFiberInDEV @ react-dom-client.development.js:543
commitHookEffectListMount @ react-dom-client.development.js:10758
commitHookPassiveMountEffects @ react-dom-client.development.js:10878
commitPassiveMountOnFiber @ react-dom-client.development.js:12653
recursivelyTraversePassiveMountEffects @ react-dom-client.development.js:12627
commitPassiveMountOnFiber @ react-dom-client.development.js:12646
recursivelyTraversePassiveMountEffects @ react-dom-client.development.js:12627
commitPassiveMountOnFiber @ react-dom-client.development.js:12755
recursivelyTraversePassiveMountEffects @ react-dom-client.development.js:12627
commitPassiveMountOnFiber @ react-dom-client.development.js:12646
recursivelyTraversePassiveMountEffects @ react-dom-client.development.js:12627
commitPassiveMountOnFiber @ react-dom-client.development.js:12755
recursivelyTraversePassiveMountEffects @ react-dom-client.development.js:12627
commitPassiveMountOnFiber @ react-dom-client.development.js:12755
recursivelyTraversePassiveMountEffects @ react-dom-client.development.js:12627
commitPassiveMountOnFiber @ react-dom-client.development.js:12646
recursivelyTraversePassiveMountEffects @ react-dom-client.development.js:12627
commitPassiveMountOnFiber @ react-dom-client.development.js:12646
recursivelyTraversePassiveMountEffects @ react-dom-client.development.js:12627
commitPassiveMountOnFiber @ react-dom-client.development.js:12755
recursivelyTraversePassiveMountEffects @ react-dom-client.development.js:12627
commitPassiveMountOnFiber @ react-dom-client.development.js:12755
recursivelyTraversePassiveMountEffects @ react-dom-client.development.js:12627
commitPassiveMountOnFiber @ react-dom-client.development.js:12646
recursivelyTraversePassiveMountEffects @ react-dom-client.development.js:12627
commitPassiveMountOnFiber @ react-dom-client.development.js:12646
recursivelyTraversePassiveMountEffects @ react-dom-client.development.js:12627
commitPassiveMountOnFiber @ react-dom-client.development.js:12646
recursivelyTraversePassiveMountEffects @ react-dom-client.development.js:12627
commitPassiveMountOnFiber @ react-dom-client.development.js:12646
recursivelyTraversePassiveMountEffects @ react-dom-client.development.js:12627
commitPassiveMountOnFiber @ react-dom-client.development.js:12755
recursivelyTraversePassiveMountEffects @ react-dom-client.development.js:12627
commitPassiveMountOnFiber @ react-dom-client.development.js:12646
recursivelyTraversePassiveMountEffects @ react-dom-client.development.js:12627
commitPassiveMountOnFiber @ react-dom-client.development.js:12755
recursivelyTraversePassiveMountEffects @ react-dom-client.development.js:12627
commitPassiveMountOnFiber @ react-dom-client.development.js:12646
recursivelyTraversePassiveMountEffects @ react-dom-client.development.js:12627
commitPassiveMountOnFiber @ react-dom-client.development.js:12646
recursivelyTraversePassiveMountEffects @ react-dom-client.development.js:12627
commitPassiveMountOnFiber @ react-dom-client.development.js:12755
recursivelyTraversePassiveMountEffects @ react-dom-client.development.js:12627
commitPassiveMountOnFiber @ react-dom-client.development.js:12646
recursivelyTraversePassiveMountEffects @ react-dom-client.development.js:12627
commitPassiveMountOnFiber @ react-dom-client.development.js:12755
recursivelyTraversePassiveMountEffects @ react-dom-client.development.js:12627
commitPassiveMountOnFiber @ react-dom-client.development.js:12646
recursivelyTraversePassiveMountEffects @ react-dom-client.development.js:12627
commitPassiveMountOnFiber @ react-dom-client.development.js:12646
recursivelyTraversePassiveMountEffects @ react-dom-client.development.js:12627
commitPassiveMountOnFiber @ react-dom-client.development.js:12755
recursivelyTraversePassiveMountEffects @ react-dom-client.development.js:12627
commitPassiveMountOnFiber @ react-dom-client.development.js:12755
recursivelyTraversePassiveMountEffects @ react-dom-client.development.js:12627
commitPassiveMountOnFiber @ react-dom-client.development.js:12646
recursivelyTraversePassiveMountEffects @ react-dom-client.development.js:12627
commitPassiveMountOnFiber @ react-dom-client.development.js:12755
recursivelyTraversePassiveMountEffects @ react-dom-client.development.js:12627
commitPassiveMountOnFiber @ react-dom-client.development.js:12646
recursivelyTraversePassiveMountEffects @ react-dom-client.development.js:12627
commitPassiveMountOnFiber @ react-dom-client.development.js:12755
recursivelyTraversePassiveMountEffects @ react-dom-client.development.js:12627
commitPassiveMountOnFiber @ react-dom-client.development.js:12755
recursivelyTraversePassiveMountEffects @ react-dom-client.development.js:12627
commitPassiveMountOnFiber @ react-dom-client.development.js:12646
recursivelyTraversePassiveMountEffects @ react-dom-client.development.js:12627
commitPassiveMountOnFiber @ react-dom-client.development.js:12755
recursivelyTraversePassiveMountEffects @ react-dom-client.development.js:12627
commitPassiveMountOnFiber @ react-dom-client.development.js:12646
recursivelyTraversePassiveMountEffects @ react-dom-client.development.js:12627
commitPassiveMountOnFiber @ react-dom-client.development.js:12755
recursivelyTraversePassiveMountEffects @ react-dom-client.development.js:12627
commitPassiveMountOnFiber @ react-dom-client.development.js:12755
recursivelyTraversePassiveMountEffects @ react-dom-client.development.js:12627
commitPassiveMountOnFiber @ react-dom-client.development.js:12646
recursivelyTraversePassiveMountEffects @ react-dom-client.development.js:12627
commitPassiveMountOnFiber @ react-dom-client.development.js:12755
recursivelyTraversePassiveMountEffects @ react-dom-client.development.js:12627
commitPassiveMountOnFiber @ react-dom-client.development.js:12755
recursivelyTraversePassiveMountEffects @ react-dom-client.development.js:12627
commitPassiveMountOnFiber @ react-dom-client.development.js:12646
recursivelyTraversePassiveMountEffects @ react-dom-client.development.js:12627
commitPassiveMountOnFiber @ react-dom-client.development.js:12755
recursivelyTraversePassiveMountEffects @ react-dom-client.development.js:12627
commitPassiveMountOnFiber @ react-dom-client.development.js:12755
recursivelyTraversePassiveMountEffects @ react-dom-client.development.js:12627
commitPassiveMountOnFiber @ react-dom-client.development.js:12646
recursivelyTraversePassiveMountEffects @ react-dom-client.development.js:12627
commitPassiveMountOnFiber @ react-dom-client.development.js:12755
recursivelyTraversePassiveMountEffects @ react-dom-client.development.js:12627
commitPassiveMountOnFiber @ react-dom-client.development.js:12646
recursivelyTraversePassiveMountEffects @ react-dom-client.development.js:12627
commitPassiveMountOnFiber @ react-dom-client.development.js:12755
recursivelyTraversePassiveMountEffects @ react-dom-client.development.js:12627
commitPassiveMountOnFiber @ react-dom-client.development.js:12755
recursivelyTraversePassiveMountEffects @ react-dom-client.development.js:12627
commitPassiveMountOnFiber @ react-dom-client.development.js:12646
recursivelyTraversePassiveMountEffects @ react-dom-client.development.js:12627
commitPassiveMountOnFiber @ react-dom-client.development.js:12755
recursivelyTraversePassiveMountEffects @ react-dom-client.development.js:12627
commitPassiveMountOnFiber @ react-dom-client.development.js:12755
recursivelyTraversePassiveMountEffects @ react-dom-client.development.js:12627
commitPassiveMountOnFiber @ react-dom-client.development.js:12646
recursivelyTraversePassiveMountEffects @ react-dom-client.development.js:12627
commitPassiveMountOnFiber @ react-dom-client.development.js:12755
recursivelyTraversePassiveMountEffects @ react-dom-client.development.js:12627
commitPassiveMountOnFiber @ react-dom-client.development.js:12755
recursivelyTraversePassiveMountEffects @ react-dom-client.development.js:12627
commitPassiveMountOnFiber @ react-dom-client.development.js:12646
recursivelyTraversePassiveMountEffects @ react-dom-client.development.js:12627
commitPassiveMountOnFiber @ react-dom-client.development.js:12755
recursivelyTraversePassiveMountEffects @ react-dom-client.development.js:12627
commitPassiveMountOnFiber @ react-dom-client.development.js:12755
recursivelyTraversePassiveMountEffects @ react-dom-client.development.js:12627
commitPassiveMountOnFiber @ react-dom-client.development.js:12646
recursivelyTraversePassiveMountEffects @ react-dom-client.development.js:12627
commitPassiveMountOnFiber @ react-dom-client.development.js:12755
recursivelyTraversePassiveMountEffects @ react-dom-client.development.js:12627
commitPassiveMountOnFiber @ react-dom-client.development.js:12755
recursivelyTraversePassiveMountEffects @ react-dom-client.development.js:12627
commitPassiveMountOnFiber @ react-dom-client.development.js:12646
recursivelyTraversePassiveMountEffects @ react-dom-client.development.js:12627
commitPassiveMountOnFiber @ react-dom-client.development.js:12755
recursivelyTraversePassiveMountEffects @ react-dom-client.development.js:12627
commitPassiveMountOnFiber @ react-dom-client.development.js:12646
recursivelyTraversePassiveMountEffects @ react-dom-client.development.js:12627
commitPassiveMountOnFiber @ react-dom-client.development.js:12646
recursivelyTraversePassiveMountEffects @ react-dom-client.development.js:12627
commitPassiveMountOnFiber @ react-dom-client.development.js:12755
recursivelyTraversePassiveMountEffects @ react-dom-client.development.js:12627
commitPassiveMountOnFiber @ react-dom-client.development.js:12646
recursivelyTraversePassiveMountEffects @ react-dom-client.development.js:12627
commitPassiveMountOnFiber @ react-dom-client.development.js:12646
recursivelyTraversePassiveMountEffects @ react-dom-client.development.js:12627
commitPassiveMountOnFiber @ react-dom-client.development.js:12755
recursivelyTraversePassiveMountEffects @ react-dom-client.development.js:12627
commitPassiveMountOnFiber @ react-dom-client.development.js:12646
recursivelyTraversePassiveMountEffects @ react-dom-client.development.js:12627
commitPassiveMountOnFiber @ react-dom-client.development.js:12755
recursivelyTraversePassiveMountEffects @ react-dom-client.development.js:12627
commitPassiveMountOnFiber @ react-dom-client.development.js:12755
recursivelyTraversePassiveMountEffects @ react-dom-client.development.js:12627
commitPassiveMountOnFiber @ react-dom-client.development.js:12646
recursivelyTraversePassiveMountEffects @ react-dom-client.development.js:12627
commitPassiveMountOnFiber @ react-dom-client.development.js:12755
recursivelyTraversePassiveMountEffects @ react-dom-client.development.js:12627
commitPassiveMountOnFiber @ react-dom-client.development.js:12755
recursivelyTraversePassiveMountEffects @ react-dom-client.development.js:12627
commitPassiveMountOnFiber @ react-dom-client.development.js:12646
recursivelyTraversePassiveMountEffects @ react-dom-client.development.js:12627
commitPassiveMountOnFiber @ react-dom-client.development.js:12755
recursivelyTraversePassiveMountEffects @ react-dom-client.development.js:12627
commitPassiveMountOnFiber @ react-dom-client.development.js:12755
recursivelyTraversePassiveMountEffects @ react-dom-client.development.js:12627
commitPassiveMountOnFiber @ react-dom-client.development.js:12646
recursivelyTraversePassiveMountEffects @ react-dom-client.development.js:12627
commitPassiveMountOnFiber @ react-dom-client.development.js:12755
recursivelyTraversePassiveMountEffects @ react-dom-client.development.js:12627
commitPassiveMountOnFiber @ react-dom-client.development.js:12755
recursivelyTraversePassiveMountEffects @ react-dom-client.development.js:12627
commitPassiveMountOnFiber @ react-dom-client.development.js:12646
recursivelyTraversePassiveMountEffects @ react-dom-client.development.js:12627
commitPassiveMountOnFiber @ react-dom-client.development.js:12755
recursivelyTraversePassiveMountEffects @ react-dom-client.development.js:12627
commitPassiveMountOnFiber @ react-dom-client.development.js:12755
recursivelyTraversePassiveMountEffects @ react-dom-client.development.js:12627
commitPassiveMountOnFiber @ react-dom-client.development.js:12646
setTimeout
__webpack_modules__../src/platform/polyfills.web.ts.window.setImmediate @ polyfills.web.ts:5
schedulePerformWorkUntilDeadline @ scheduler.development.js:214
requestHostCallback @ scheduler.development.js:168
__webpack_modules__../node_modules/scheduler/cjs/scheduler.development.js.exports.unstable_scheduleCallback @ scheduler.development.js:344
scheduleTaskForRootDuringMicrotask @ react-dom-client.development.js:15909
processRootScheduleInMicrotask @ react-dom-client.development.js:15830
(anonymous) @ react-dom-client.development.js:15962
setTimeout
__webpack_modules__../src/platform/polyfills.web.ts.window.setImmediate @ polyfills.web.ts:5
schedulePerformWorkUntilDeadline @ scheduler.development.js:214
requestHostCallback @ scheduler.development.js:168
__webpack_modules__../node_modules/scheduler/cjs/scheduler.development.js.exports.unstable_scheduleCallback @ scheduler.development.js:344
scheduleCallback$1 @ react-dom-client.development.js:15745
commitRootImpl @ react-dom-client.development.js:15323
commitRoot @ react-dom-client.development.js:15251
commitRootWhenReady @ react-dom-client.development.js:14570
performWorkOnRoot @ react-dom-client.development.js:14494
performSyncWorkOnRoot @ react-dom-client.development.js:15946
flushSyncWorkAcrossRoots_impl @ react-dom-client.development.js:15807
flushSyncWork$1 @ react-dom-client.development.js:14640
scheduleRefresh @ react-dom-client.development.js:112
p.scheduleRefresh @ renderer.js:994
(anonymous) @ react-refresh-runtime.development.js:265
performReactRefresh @ react-refresh-runtime.development.js:254
(anonymous) @ RefreshUtils.js:100
setTimeout
enqueueUpdate @ RefreshUtils.js:98
executeRuntime @ RefreshUtils.js:259
$ReactRefreshModuleRuntime$ @ Arrow.tsx:21
./src/components/icons/Arrow.tsx @ Arrow.tsx:21
options.factory @ react refresh:37
__webpack_require__ @ bootstrap:22
fn @ hot module replacement:61
hotRequire @ react refresh:20
./src/components/Layout/Header/index.tsx @ KnownFollowers.tsx:260
options.factory @ react refresh:37
__webpack_require__ @ bootstrap:22
fn @ hot module replacement:61
hotRequire @ react refresh:20
./src/components/Layout/index.tsx @ context.ts:5
options.factory @ react refresh:37
__webpack_require__ @ bootstrap:22
fn @ hot module replacement:61
hotRequire @ react refresh:20
./src/alf/atoms.ts @ Navigation.web.tsx:34
options.factory @ react refresh:37
__webpack_require__ @ bootstrap:22
fn @ hot module replacement:61
hotRequire @ react refresh:20
./src/alf/themes.ts @ index.tsx:145
options.factory @ react refresh:37
__webpack_require__ @ bootstrap:22
fn @ hot module replacement:61
hotRequire @ react refresh:20
./src/alf/index.tsx @ fonts.ts:104
options.factory @ react refresh:37
__webpack_require__ @ bootstrap:22
fn @ hot module replacement:61
hotRequire @ react refresh:20
./src/components/Dialog/index.web.tsx @ context.ts:60
options.factory @ react refresh:37
__webpack_require__ @ bootstrap:22
fn @ hot module replacement:61
hotRequire @ react refresh:20
./src/components/dialogs/Context.tsx @ AnimatedCheck.tsx:96
options.factory @ react refresh:37
__webpack_require__ @ bootstrap:22
fn @ hot module replacement:61
hotRequire @ react refresh:20
./src/state/dialogs/index.tsx @ types.ts:7
options.factory @ react refresh:37
__webpack_require__ @ bootstrap:22
fn @ hot module replacement:61
hotRequire @ react refresh:20
./src/state/util.ts @ userActionHistory.ts:84
options.factory @ react refresh:37
__webpack_require__ @ bootstrap:22
fn @ hot module replacement:61
hotRequire @ react refresh:20
./src/state/session/index.tsx @ agent.ts:311
options.factory @ react refresh:37
__webpack_require__ @ bootstrap:22
fn @ hot module replacement:61
hotRequire @ react refresh:20
./src/lib/statsig/statsig.tsx @ main.8b93f40f79d401715aa2.hot-update.js:33
options.factory @ react refresh:37
__webpack_require__ @ bootstrap:22
fn @ hot module replacement:61
hotRequire @ react refresh:20
./src/App.web.tsx @ types.js:3693
options.factory @ react refresh:37
__webpack_require__ @ bootstrap:22
_requireSelf @ hot module replacement:101
onAccepted @ jsonp chunk loading:446
Promise.then
apply @ jsonp chunk loading:485
(anonymous) @ hot module replacement:370
internalApply @ hot module replacement:369
(anonymous) @ hot module replacement:277
waitForBlockingPromises @ hot module replacement:232
(anonymous) @ hot module replacement:275
Promise.then
(anonymous) @ hot module replacement:274
Promise.then
(anonymous) @ hot module replacement:255
Promise.then
hotCheck @ hot module replacement:246
check @ dev-server.js:15
(anonymous) @ dev-server.js:69
emit @ events.js:153
reloadApp @ reloadApp.js:38
warnings @ index.js:274
(anonymous) @ socket.js:62
client.onmessage @ WebSocketClient.js:45Understand this error
polyfills.web.ts:5  POST https://events.gndr.app/v2/initialize net::ERR_NAME_NOT_RESOLVED
(anonymous) @ StatsigNetwork.js:270
step @ StatsigNetwork.js:44
(anonymous) @ StatsigNetwork.js:25
(anonymous) @ StatsigNetwork.js:19
__webpack_modules__../node_modules/statsig-js/dist/StatsigNetwork.js.__awaiter @ StatsigNetwork.js:15
__webpack_modules__../node_modules/statsig-js/dist/StatsigNetwork.js.StatsigNetwork.postToEndpoint @ StatsigNetwork.js:213
(anonymous) @ StatsigNetwork.js:314
setTimeout
(anonymous) @ StatsigNetwork.js:312
(anonymous) @ StatsigNetwork.js:311
Promise.catch
(anonymous) @ StatsigNetwork.js:301
step @ StatsigNetwork.js:44
(anonymous) @ StatsigNetwork.js:25
(anonymous) @ StatsigNetwork.js:19
__webpack_modules__../node_modules/statsig-js/dist/StatsigNetwork.js.__awaiter @ StatsigNetwork.js:15
__webpack_modules__../node_modules/statsig-js/dist/StatsigNetwork.js.StatsigNetwork.postToEndpoint @ StatsigNetwork.js:213
(anonymous) @ StatsigNetwork.js:314
setTimeout
(anonymous) @ StatsigNetwork.js:312
(anonymous) @ StatsigNetwork.js:311
Promise.catch
(anonymous) @ StatsigNetwork.js:301
step @ StatsigNetwork.js:44
(anonymous) @ StatsigNetwork.js:25
(anonymous) @ StatsigNetwork.js:19
__webpack_modules__../node_modules/statsig-js/dist/StatsigNetwork.js.__awaiter @ StatsigNetwork.js:15
__webpack_modules__../node_modules/statsig-js/dist/StatsigNetwork.js.StatsigNetwork.postToEndpoint @ StatsigNetwork.js:213
__webpack_modules__../node_modules/statsig-js/dist/StatsigNetwork.js.StatsigNetwork.postWithTimeout @ StatsigNetwork.js:139
__webpack_modules__../node_modules/statsig-js/dist/StatsigNetwork.js.StatsigNetwork.fetchValues @ StatsigNetwork.js:107
(anonymous) @ StatsigClient.js:1095
step @ StatsigClient.js:44
(anonymous) @ StatsigClient.js:25
(anonymous) @ StatsigClient.js:19
__webpack_modules__../node_modules/statsig-js/dist/StatsigClient.js.__awaiter @ StatsigClient.js:15
__webpack_modules__../node_modules/statsig-js/dist/StatsigClient.js.StatsigClient.fetchAndSaveValues @ StatsigClient.js:1070
(anonymous) @ StatsigClient.js:677
step @ StatsigClient.js:44
(anonymous) @ StatsigClient.js:25
(anonymous) @ StatsigClient.js:19
__webpack_modules__../node_modules/statsig-js/dist/StatsigClient.js.__awaiter @ StatsigClient.js:15
(anonymous) @ StatsigClient.js:633
__webpack_modules__../node_modules/statsig-js/dist/ErrorBoundary.js.ErrorBoundary.capture @ ErrorBoundary.js:74
(anonymous) @ StatsigClient.js:633
step @ StatsigClient.js:44
(anonymous) @ StatsigClient.js:25
(anonymous) @ StatsigClient.js:19
__webpack_modules__../node_modules/statsig-js/dist/StatsigClient.js.__awaiter @ StatsigClient.js:15
__webpack_modules__../node_modules/statsig-js/dist/StatsigClient.js.StatsigClient.updateUser @ StatsigClient.js:629
(anonymous) @ Statsig.js:222
__webpack_modules__../node_modules/statsig-react/dist/Statsig.js.Statsig.capture @ Statsig.js:395
__webpack_modules__../node_modules/statsig-react/dist/Statsig.js.Statsig.updateUser @ Statsig.js:222
(anonymous) @ StatsigProvider.js:76
react-stack-bottom-frame @ react-dom-client.development.js:22509
runWithFiberInDEV @ react-dom-client.development.js:543
commitHookEffectListMount @ react-dom-client.development.js:10758
commitHookPassiveMountEffects @ react-dom-client.development.js:10878
commitPassiveMountOnFiber @ react-dom-client.development.js:12653
recursivelyTraversePassiveMountEffects @ react-dom-client.development.js:12627
commitPassiveMountOnFiber @ react-dom-client.development.js:12646
recursivelyTraversePassiveMountEffects @ react-dom-client.development.js:12627
commitPassiveMountOnFiber @ react-dom-client.development.js:12755
recursivelyTraversePassiveMountEffects @ react-dom-client.development.js:12627
commitPassiveMountOnFiber @ react-dom-client.development.js:12646
recursivelyTraversePassiveMountEffects @ react-dom-client.development.js:12627
commitPassiveMountOnFiber @ react-dom-client.development.js:12755
recursivelyTraversePassiveMountEffects @ react-dom-client.development.js:12627
commitPassiveMountOnFiber @ react-dom-client.development.js:12755
recursivelyTraversePassiveMountEffects @ react-dom-client.development.js:12627
commitPassiveMountOnFiber @ react-dom-client.development.js:12646
recursivelyTraversePassiveMountEffects @ react-dom-client.development.js:12627
commitPassiveMountOnFiber @ react-dom-client.development.js:12646
recursivelyTraversePassiveMountEffects @ react-dom-client.development.js:12627
commitPassiveMountOnFiber @ react-dom-client.development.js:12755
recursivelyTraversePassiveMountEffects @ react-dom-client.development.js:12627
commitPassiveMountOnFiber @ react-dom-client.development.js:12755
recursivelyTraversePassiveMountEffects @ react-dom-client.development.js:12627
commitPassiveMountOnFiber @ react-dom-client.development.js:12646
recursivelyTraversePassiveMountEffects @ react-dom-client.development.js:12627
commitPassiveMountOnFiber @ react-dom-client.development.js:12646
recursivelyTraversePassiveMountEffects @ react-dom-client.development.js:12627
commitPassiveMountOnFiber @ react-dom-client.development.js:12646
recursivelyTraversePassiveMountEffects @ react-dom-client.development.js:12627
commitPassiveMountOnFiber @ react-dom-client.development.js:12646
recursivelyTraversePassiveMountEffects @ react-dom-client.development.js:12627
commitPassiveMountOnFiber @ react-dom-client.development.js:12755
recursivelyTraversePassiveMountEffects @ react-dom-client.development.js:12627
commitPassiveMountOnFiber @ react-dom-client.development.js:12646
recursivelyTraversePassiveMountEffects @ react-dom-client.development.js:12627
commitPassiveMountOnFiber @ react-dom-client.development.js:12755
recursivelyTraversePassiveMountEffects @ react-dom-client.development.js:12627
commitPassiveMountOnFiber @ react-dom-client.development.js:12646
recursivelyTraversePassiveMountEffects @ react-dom-client.development.js:12627
commitPassiveMountOnFiber @ react-dom-client.development.js:12646
recursivelyTraversePassiveMountEffects @ react-dom-client.development.js:12627
commitPassiveMountOnFiber @ react-dom-client.development.js:12755
recursivelyTraversePassiveMountEffects @ react-dom-client.development.js:12627
commitPassiveMountOnFiber @ react-dom-client.development.js:12646
recursivelyTraversePassiveMountEffects @ react-dom-client.development.js:12627
commitPassiveMountOnFiber @ react-dom-client.development.js:12755
recursivelyTraversePassiveMountEffects @ react-dom-client.development.js:12627
commitPassiveMountOnFiber @ react-dom-client.development.js:12646
recursivelyTraversePassiveMountEffects @ react-dom-client.development.js:12627
commitPassiveMountOnFiber @ react-dom-client.development.js:12646
recursivelyTraversePassiveMountEffects @ react-dom-client.development.js:12627
commitPassiveMountOnFiber @ react-dom-client.development.js:12755
recursivelyTraversePassiveMountEffects @ react-dom-client.development.js:12627
commitPassiveMountOnFiber @ react-dom-client.development.js:12755
recursivelyTraversePassiveMountEffects @ react-dom-client.development.js:12627
commitPassiveMountOnFiber @ react-dom-client.development.js:12646
recursivelyTraversePassiveMountEffects @ react-dom-client.development.js:12627
commitPassiveMountOnFiber @ react-dom-client.development.js:12755
recursivelyTraversePassiveMountEffects @ react-dom-client.development.js:12627
commitPassiveMountOnFiber @ react-dom-client.development.js:12646
recursivelyTraversePassiveMountEffects @ react-dom-client.development.js:12627
commitPassiveMountOnFiber @ react-dom-client.development.js:12755
recursivelyTraversePassiveMountEffects @ react-dom-client.development.js:12627
commitPassiveMountOnFiber @ react-dom-client.development.js:12755
recursivelyTraversePassiveMountEffects @ react-dom-client.development.js:12627
commitPassiveMountOnFiber @ react-dom-client.development.js:12646
recursivelyTraversePassiveMountEffects @ react-dom-client.development.js:12627
commitPassiveMountOnFiber @ react-dom-client.development.js:12755
recursivelyTraversePassiveMountEffects @ react-dom-client.development.js:12627
commitPassiveMountOnFiber @ react-dom-client.development.js:12646
recursivelyTraversePassiveMountEffects @ react-dom-client.development.js:12627
commitPassiveMountOnFiber @ react-dom-client.development.js:12755
recursivelyTraversePassiveMountEffects @ react-dom-client.development.js:12627
commitPassiveMountOnFiber @ react-dom-client.development.js:12755
recursivelyTraversePassiveMountEffects @ react-dom-client.development.js:12627
commitPassiveMountOnFiber @ react-dom-client.development.js:12646
recursivelyTraversePassiveMountEffects @ react-dom-client.development.js:12627
commitPassiveMountOnFiber @ react-dom-client.development.js:12755
recursivelyTraversePassiveMountEffects @ react-dom-client.development.js:12627
commitPassiveMountOnFiber @ react-dom-client.development.js:12755
recursivelyTraversePassiveMountEffects @ react-dom-client.development.js:12627
commitPassiveMountOnFiber @ react-dom-client.development.js:12646
recursivelyTraversePassiveMountEffects @ react-dom-client.development.js:12627
commitPassiveMountOnFiber @ react-dom-client.development.js:12755
recursivelyTraversePassiveMountEffects @ react-dom-client.development.js:12627
commitPassiveMountOnFiber @ react-dom-client.development.js:12755
recursivelyTraversePassiveMountEffects @ react-dom-client.development.js:12627
commitPassiveMountOnFiber @ react-dom-client.development.js:12646
recursivelyTraversePassiveMountEffects @ react-dom-client.development.js:12627
commitPassiveMountOnFiber @ react-dom-client.development.js:12755
recursivelyTraversePassiveMountEffects @ react-dom-client.development.js:12627
commitPassiveMountOnFiber @ react-dom-client.development.js:12646
recursivelyTraversePassiveMountEffects @ react-dom-client.development.js:12627
commitPassiveMountOnFiber @ react-dom-client.development.js:12755
recursivelyTraversePassiveMountEffects @ react-dom-client.development.js:12627
commitPassiveMountOnFiber @ react-dom-client.development.js:12755
recursivelyTraversePassiveMountEffects @ react-dom-client.development.js:12627
commitPassiveMountOnFiber @ react-dom-client.development.js:12646
recursivelyTraversePassiveMountEffects @ react-dom-client.development.js:12627
commitPassiveMountOnFiber @ react-dom-client.development.js:12755
recursivelyTraversePassiveMountEffects @ react-dom-client.development.js:12627
commitPassiveMountOnFiber @ react-dom-client.development.js:12755
recursivelyTraversePassiveMountEffects @ react-dom-client.development.js:12627
commitPassiveMountOnFiber @ react-dom-client.development.js:12646
recursivelyTraversePassiveMountEffects @ react-dom-client.development.js:12627
commitPassiveMountOnFiber @ react-dom-client.development.js:12755
recursivelyTraversePassiveMountEffects @ react-dom-client.development.js:12627
commitPassiveMountOnFiber @ react-dom-client.development.js:12755
recursivelyTraversePassiveMountEffects @ react-dom-client.development.js:12627
commitPassiveMountOnFiber @ react-dom-client.development.js:12646
recursivelyTraversePassiveMountEffects @ react-dom-client.development.js:12627
commitPassiveMountOnFiber @ react-dom-client.development.js:12755
recursivelyTraversePassiveMountEffects @ react-dom-client.development.js:12627
commitPassiveMountOnFiber @ react-dom-client.development.js:12755
recursivelyTraversePassiveMountEffects @ react-dom-client.development.js:12627
commitPassiveMountOnFiber @ react-dom-client.development.js:12646
recursivelyTraversePassiveMountEffects @ react-dom-client.development.js:12627
commitPassiveMountOnFiber @ react-dom-client.development.js:12755
recursivelyTraversePassiveMountEffects @ react-dom-client.development.js:12627
commitPassiveMountOnFiber @ react-dom-client.development.js:12755
recursivelyTraversePassiveMountEffects @ react-dom-client.development.js:12627
commitPassiveMountOnFiber @ react-dom-client.development.js:12646
recursivelyTraversePassiveMountEffects @ react-dom-client.development.js:12627
commitPassiveMountOnFiber @ react-dom-client.development.js:12755
recursivelyTraversePassiveMountEffects @ react-dom-client.development.js:12627
commitPassiveMountOnFiber @ react-dom-client.development.js:12646
recursivelyTraversePassiveMountEffects @ react-dom-client.development.js:12627
commitPassiveMountOnFiber @ react-dom-client.development.js:12646
recursivelyTraversePassiveMountEffects @ react-dom-client.development.js:12627
commitPassiveMountOnFiber @ react-dom-client.development.js:12755
recursivelyTraversePassiveMountEffects @ react-dom-client.development.js:12627
commitPassiveMountOnFiber @ react-dom-client.development.js:12646
recursivelyTraversePassiveMountEffects @ react-dom-client.development.js:12627
commitPassiveMountOnFiber @ react-dom-client.development.js:12646
recursivelyTraversePassiveMountEffects @ react-dom-client.development.js:12627
commitPassiveMountOnFiber @ react-dom-client.development.js:12755
recursivelyTraversePassiveMountEffects @ react-dom-client.development.js:12627
commitPassiveMountOnFiber @ react-dom-client.development.js:12646
recursivelyTraversePassiveMountEffects @ react-dom-client.development.js:12627
commitPassiveMountOnFiber @ react-dom-client.development.js:12755
recursivelyTraversePassiveMountEffects @ react-dom-client.development.js:12627
commitPassiveMountOnFiber @ react-dom-client.development.js:12755
recursivelyTraversePassiveMountEffects @ react-dom-client.development.js:12627
commitPassiveMountOnFiber @ react-dom-client.development.js:12646
recursivelyTraversePassiveMountEffects @ react-dom-client.development.js:12627
commitPassiveMountOnFiber @ react-dom-client.development.js:12755
recursivelyTraversePassiveMountEffects @ react-dom-client.development.js:12627
commitPassiveMountOnFiber @ react-dom-client.development.js:12755
recursivelyTraversePassiveMountEffects @ react-dom-client.development.js:12627
commitPassiveMountOnFiber @ react-dom-client.development.js:12646
recursivelyTraversePassiveMountEffects @ react-dom-client.development.js:12627
commitPassiveMountOnFiber @ react-dom-client.development.js:12755
recursivelyTraversePassiveMountEffects @ react-dom-client.development.js:12627
commitPassiveMountOnFiber @ react-dom-client.development.js:12755
recursivelyTraversePassiveMountEffects @ react-dom-client.development.js:12627
commitPassiveMountOnFiber @ react-dom-client.development.js:12646
recursivelyTraversePassiveMountEffects @ react-dom-client.development.js:12627
commitPassiveMountOnFiber @ react-dom-client.development.js:12755
recursivelyTraversePassiveMountEffects @ react-dom-client.development.js:12627
commitPassiveMountOnFiber @ react-dom-client.development.js:12755
recursivelyTraversePassiveMountEffects @ react-dom-client.development.js:12627
commitPassiveMountOnFiber @ react-dom-client.development.js:12646
recursivelyTraversePassiveMountEffects @ react-dom-client.development.js:12627
commitPassiveMountOnFiber @ react-dom-client.development.js:12755
recursivelyTraversePassiveMountEffects @ react-dom-client.development.js:12627
commitPassiveMountOnFiber @ react-dom-client.development.js:12755
recursivelyTraversePassiveMountEffects @ react-dom-client.development.js:12627
commitPassiveMountOnFiber @ react-dom-client.development.js:12646
setTimeout
__webpack_modules__../src/platform/polyfills.web.ts.window.setImmediate @ polyfills.web.ts:5
schedulePerformWorkUntilDeadline @ scheduler.development.js:214
requestHostCallback @ scheduler.development.js:168
__webpack_modules__../node_modules/scheduler/cjs/scheduler.development.js.exports.unstable_scheduleCallback @ scheduler.development.js:344
scheduleTaskForRootDuringMicrotask @ react-dom-client.development.js:15909
processRootScheduleInMicrotask @ react-dom-client.development.js:15830
(anonymous) @ react-dom-client.development.js:15962
setTimeout
__webpack_modules__../src/platform/polyfills.web.ts.window.setImmediate @ polyfills.web.ts:5
schedulePerformWorkUntilDeadline @ scheduler.development.js:214
requestHostCallback @ scheduler.development.js:168
__webpack_modules__../node_modules/scheduler/cjs/scheduler.development.js.exports.unstable_scheduleCallback @ scheduler.development.js:344
scheduleCallback$1 @ react-dom-client.development.js:15745
commitRootImpl @ react-dom-client.development.js:15323
commitRoot @ react-dom-client.development.js:15251
commitRootWhenReady @ react-dom-client.development.js:14570
performWorkOnRoot @ react-dom-client.development.js:14494
performSyncWorkOnRoot @ react-dom-client.development.js:15946
flushSyncWorkAcrossRoots_impl @ react-dom-client.development.js:15807
flushSyncWork$1 @ react-dom-client.development.js:14640
scheduleRefresh @ react-dom-client.development.js:112
p.scheduleRefresh @ renderer.js:994
(anonymous) @ react-refresh-runtime.development.js:265
performReactRefresh @ react-refresh-runtime.development.js:254
(anonymous) @ RefreshUtils.js:100
setTimeout
enqueueUpdate @ RefreshUtils.js:98
executeRuntime @ RefreshUtils.js:259
$ReactRefreshModuleRuntime$ @ Arrow.tsx:21
./src/components/icons/Arrow.tsx @ Arrow.tsx:21
options.factory @ react refresh:37
__webpack_require__ @ bootstrap:22
fn @ hot module replacement:61
hotRequire @ react refresh:20
./src/components/Layout/Header/index.tsx @ KnownFollowers.tsx:260
options.factory @ react refresh:37
__webpack_require__ @ bootstrap:22
fn @ hot module replacement:61
hotRequire @ react refresh:20
./src/components/Layout/index.tsx @ context.ts:5
options.factory @ react refresh:37
__webpack_require__ @ bootstrap:22
fn @ hot module replacement:61
hotRequire @ react refresh:20
./src/alf/atoms.ts @ Navigation.web.tsx:34
options.factory @ react refresh:37
__webpack_require__ @ bootstrap:22
fn @ hot module replacement:61
hotRequire @ react refresh:20
./src/alf/themes.ts @ index.tsx:145
options.factory @ react refresh:37
__webpack_require__ @ bootstrap:22
fn @ hot module replacement:61
hotRequire @ react refresh:20
./src/alf/index.tsx @ fonts.ts:104
options.factory @ react refresh:37
__webpack_require__ @ bootstrap:22
fn @ hot module replacement:61
hotRequire @ react refresh:20
./src/components/Dialog/index.web.tsx @ context.ts:60
options.factory @ react refresh:37
__webpack_require__ @ bootstrap:22
fn @ hot module replacement:61
hotRequire @ react refresh:20
./src/components/dialogs/Context.tsx @ AnimatedCheck.tsx:96
options.factory @ react refresh:37
__webpack_require__ @ bootstrap:22
fn @ hot module replacement:61
hotRequire @ react refresh:20
./src/state/dialogs/index.tsx @ types.ts:7
options.factory @ react refresh:37
__webpack_require__ @ bootstrap:22
fn @ hot module replacement:61
hotRequire @ react refresh:20
./src/state/util.ts @ userActionHistory.ts:84
options.factory @ react refresh:37
__webpack_require__ @ bootstrap:22
fn @ hot module replacement:61
hotRequire @ react refresh:20
./src/state/session/index.tsx @ agent.ts:311
options.factory @ react refresh:37
__webpack_require__ @ bootstrap:22
fn @ hot module replacement:61
hotRequire @ react refresh:20
./src/lib/statsig/statsig.tsx @ main.8b93f40f79d401715aa2.hot-update.js:33
options.factory @ react refresh:37
__webpack_require__ @ bootstrap:22
fn @ hot module replacement:61
hotRequire @ react refresh:20
./src/App.web.tsx @ types.js:3693
options.factory @ react refresh:37
__webpack_require__ @ bootstrap:22
_requireSelf @ hot module replacement:101
onAccepted @ jsonp chunk loading:446
Promise.then
apply @ jsonp chunk loading:485
(anonymous) @ hot module replacement:370
internalApply @ hot module replacement:369
(anonymous) @ hot module replacement:277
waitForBlockingPromises @ hot module replacement:232
(anonymous) @ hot module replacement:275
Promise.then
(anonymous) @ hot module replacement:274
Promise.then
(anonymous) @ hot module replacement:255
Promise.then
hotCheck @ hot module replacement:246
check @ dev-server.js:15
(anonymous) @ dev-server.js:69
emit @ events.js:153
reloadApp @ reloadApp.js:38
warnings @ index.js:274
(anonymous) @ socket.js:62
client.onmessage @ WebSocketClient.js:45Understand this error
bundle.js:419182  POST https://events.gndr.app/v2/rgstr net::ERR_NAME_NOT_RESOLVED
(anonymous) @ StatsigNetwork.js:270
step @ StatsigNetwork.js:44
(anonymous) @ StatsigNetwork.js:25
(anonymous) @ StatsigNetwork.js:19
__webpack_modules__../node_modules/statsig-js/dist/StatsigNetwork.js.__awaiter @ StatsigNetwork.js:15
__webpack_modules__../node_modules/statsig-js/dist/StatsigNetwork.js.StatsigNetwork.postToEndpoint @ StatsigNetwork.js:213
__webpack_modules__../node_modules/statsig-js/dist/StatsigLogger.js.StatsigLogger.flush @ StatsigLogger.js:381
(anonymous) @ StatsigLogger.js:120
setInterval
__webpack_modules__../node_modules/statsig-js/dist/StatsigLogger.js.StatsigLogger.init @ StatsigLogger.js:119
StatsigLogger @ StatsigLogger.js:91
StatsigClient @ StatsigClient.js:102
(anonymous) @ Statsig.js:66
step @ Statsig.js:39
(anonymous) @ Statsig.js:20
(anonymous) @ Statsig.js:14
__webpack_modules__../node_modules/statsig-react/dist/Statsig.js.__awaiter @ Statsig.js:10
__webpack_modules__../node_modules/statsig-react/dist/Statsig.js.Statsig.initialize @ Statsig.js:59
(anonymous) @ Statsig.ts:34
step @ sha256.js:526
(anonymous) @ sha256.js:526
(anonymous) @ sha256.js:526
__webpack_modules__../node_modules/statsig-react-native-expo/dist/Statsig.js.__awaiter @ sha256.js:526
__webpack_modules__../node_modules/statsig-react-native-expo/dist/Statsig.js.Statsig.initialize @ Statsig.ts:13
initialize @ bundle.js:419182
./src/lib/statsig/statsig.tsx @ bundle.js:419001
options.factory @ react refresh:37
__webpack_require__ @ bootstrap:22
fn @ hot module replacement:61
hotRequire @ react refresh:20
./src/App.web.tsx @ types.js:3693
options.factory @ react refresh:37
__webpack_require__ @ bootstrap:22
fn @ hot module replacement:61
hotRequire @ react refresh:20
./index.web.js @ bundle.js:247
options.factory @ react refresh:37
__webpack_require__ @ bootstrap:22
(anonymous) @ startup:8
(anonymous) @ startup:8Understand this error
bundle.js:419182  POST https://events.gndr.app/v2/rgstr net::ERR_NAME_NOT_RESOLVED
(anonymous) @ StatsigNetwork.js:270
step @ StatsigNetwork.js:44
(anonymous) @ StatsigNetwork.js:25
(anonymous) @ StatsigNetwork.js:19
__webpack_modules__../node_modules/statsig-js/dist/StatsigNetwork.js.__awaiter @ StatsigNetwork.js:15
__webpack_modules__../node_modules/statsig-js/dist/StatsigNetwork.js.StatsigNetwork.postToEndpoint @ StatsigNetwork.js:213
(anonymous) @ StatsigNetwork.js:314
setTimeout
(anonymous) @ StatsigNetwork.js:312
(anonymous) @ StatsigNetwork.js:311
Promise.catch
(anonymous) @ StatsigNetwork.js:301
step @ StatsigNetwork.js:44
(anonymous) @ StatsigNetwork.js:25
(anonymous) @ StatsigNetwork.js:19
__webpack_modules__../node_modules/statsig-js/dist/StatsigNetwork.js.__awaiter @ StatsigNetwork.js:15
__webpack_modules__../node_modules/statsig-js/dist/StatsigNetwork.js.StatsigNetwork.postToEndpoint @ StatsigNetwork.js:213
__webpack_modules__../node_modules/statsig-js/dist/StatsigLogger.js.StatsigLogger.flush @ StatsigLogger.js:381
(anonymous) @ StatsigLogger.js:120
setInterval
__webpack_modules__../node_modules/statsig-js/dist/StatsigLogger.js.StatsigLogger.init @ StatsigLogger.js:119
StatsigLogger @ StatsigLogger.js:91
StatsigClient @ StatsigClient.js:102
(anonymous) @ Statsig.js:66
step @ Statsig.js:39
(anonymous) @ Statsig.js:20
(anonymous) @ Statsig.js:14
__webpack_modules__../node_modules/statsig-react/dist/Statsig.js.__awaiter @ Statsig.js:10
__webpack_modules__../node_modules/statsig-react/dist/Statsig.js.Statsig.initialize @ Statsig.js:59
(anonymous) @ Statsig.ts:34
step @ sha256.js:526
(anonymous) @ sha256.js:526
(anonymous) @ sha256.js:526
__webpack_modules__../node_modules/statsig-react-native-expo/dist/Statsig.js.__awaiter @ sha256.js:526
__webpack_modules__../node_modules/statsig-react-native-expo/dist/Statsig.js.Statsig.initialize @ Statsig.ts:13
initialize @ bundle.js:419182
./src/lib/statsig/statsig.tsx @ bundle.js:419001
options.factory @ react refresh:37
__webpack_require__ @ bootstrap:22
fn @ hot module replacement:61
hotRequire @ react refresh:20
./src/App.web.tsx @ types.js:3693
options.factory @ react refresh:37
__webpack_require__ @ bootstrap:22
fn @ hot module replacement:61
hotRequire @ react refresh:20
./index.web.js @ bundle.js:247
options.factory @ react refresh:37
__webpack_require__ @ bootstrap:22
(anonymous) @ startup:8
(anonymous) @ startup:8Understand this error
bundle.js:419182  POST https://events.gndr.app/v2/rgstr net::ERR_NAME_NOT_RESOLVED