// Jest Snapshot v1, https://goo.gl/fbAQLP

exports[`SelectedPhoto matches snapshot 1`] = `
<View
  style={
    Object {
      "flex": 1,
    }
  }
>
  <View
    style={
      Object {
        "flex": 1,
        "flexDirection": "row",
        "marginTop": 16,
      }
    }
    testID="selectedPhotosView"
  >
    <View
      style={
        Array [
          Object {
            "backgroundColor": "#f8f3f3",
            "borderRadius": 8,
            "margin": 2,
            "resizeMode": "contain",
          },
          Object {
            "height": 175,
            "width": 175,
          },
        ]
      }
    >
      <View
        accessible={true}
        collapsable={false}
        focusable={true}
        onClick={[Function]}
        onResponderGrant={[Function]}
        onResponderMove={[Function]}
        onResponderRelease={[Function]}
        onResponderTerminate={[Function]}
        onResponderTerminationRequest={[Function]}
        onStartShouldSetResponder={[Function]}
        style={
          Object {
            "alignItems": "center",
            "backgroundColor": "#000000",
            "borderRadius": 12,
            "height": 24,
            "justifyContent": "center",
            "opacity": 1,
            "position": "absolute",
            "right": 8,
            "top": 8,
            "width": 24,
            "zIndex": 1,
          }
        }
        testID="removePhotoButton"
      >
        <
          icon="xmark"
          size={16}
          style={
            Object {
              "color": "#ffffff",
            }
          }
        />
      </View>
      <Image
        source={
          Object {
            "uri": "mock-uri",
          }
        }
        style={
          Array [
            Object {
              "backgroundColor": "#f8f3f3",
              "borderRadius": 8,
              "margin": 2,
              "resizeMode": "contain",
            },
            Object {
              "height": 175,
              "width": 175,
            },
          ]
        }
        testID="selectedPhotoImage"
      />
    </View>
    <View
      style={
        Array [
          Object {
            "backgroundColor": "#f8f3f3",
            "borderRadius": 8,
            "margin": 2,
            "resizeMode": "contain",
          },
          Object {
            "height": 175,
            "width": 175,
          },
        ]
      }
    >
      <View
        accessible={true}
        collapsable={false}
        focusable={true}
        onClick={[Function]}
        onResponderGrant={[Function]}
        onResponderMove={[Function]}
        onResponderRelease={[Function]}
        onResponderTerminate={[Function]}
        onResponderTerminationRequest={[Function]}
        onStartShouldSetResponder={[Function]}
        style={
          Object {
            "alignItems": "center",
            "backgroundColor": "#000000",
            "borderRadius": 12,
            "height": 24,
            "justifyContent": "center",
            "opacity": 1,
            "position": "absolute",
            "right": 8,
            "top": 8,
            "width": 24,
            "zIndex": 1,
          }
        }
        testID="removePhotoButton"
      >
        <
          icon="xmark"
          size={16}
          style={
            Object {
              "color": "#ffffff",
            }
          }
        />
      </View>
      <Image
        source={
          Object {
            "uri": "mock-uri-2",
          }
        }
        style={
          Array [
            Object {
              "backgroundColor": "#f8f3f3",
              "borderRadius": 8,
              "margin": 2,
              "resizeMode": "contain",
            },
            Object {
              "height": 175,
              "width": 175,
            },
          ]
        }
        testID="selectedPhotoImage"
      />
    </View>
  </View>
</View>
`;
