// Jest Snapshot v1, https://goo.gl/fbAQLP

exports[`SuggestedFollows matches snapshot 1`] = `
<View
  style={
    Object {
      "flex": 1,
    }
  }
>
  <View
    style={
      Object {
        "flex": 1,
      }
    }
  >
    <View
      style={
        Array [
          Object {
            "flex": 1,
            "paddingHorizontal": 14,
            "paddingVertical": 30,
          },
          Object {
            "backgroundColor": "#ec4899",
          },
        ]
      }
    >
      <View
        style={
          Object {
            "alignItems": "center",
            "marginBottom": 10,
          }
        }
      >
        <View
          style={
            Array [
              Object {
                "alignItems": "center",
                "borderRadius": 30,
                "height": 50,
                "justifyContent": "center",
                "marginRight": 5,
                "width": 50,
              },
              Object {
                "backgroundColor": "#d1106f",
              },
            ]
          }
        >
          <
            icon="exclamation"
            size={24}
            style={
              Object {
                "color": "#ffffff",
              }
            }
          />
        </View>
      </View>
      <Text
        style={
          Array [
            Object {
              "color": "#000000",
            },
            Object {
              "fontSize": 24,
              "fontWeight": "500",
            },
            Array [
              Object {
                "marginBottom": 10,
                "textAlign": "center",
              },
              Object {
                "color": "#ffffff",
              },
            ],
          ]
        }
      >
        Failed to load suggestions
      </Text>
      <Text
        style={
          Array [
            Object {
              "color": "#000000",
            },
            Object {
              "fontSize": 16,
              "letterSpacing": 0.25,
            },
            Array [
              Object {
                "marginBottom": 20,
                "textAlign": "center",
              },
              Object {
                "color": "#ffe6f2",
              },
            ],
          ]
        }
      >
        There was an error while trying to load suggested follows.
      </Text>
      <Text
        style={
          Array [
            Object {
              "color": "#000000",
            },
            Object {
              "fontSize": 14,
              "letterSpacing": 0.25,
            },
            Array [
              Object {
                "marginBottom": 20,
                "overflow": "hidden",
                "paddingHorizontal": 14,
                "paddingVertical": 10,
                "textAlign": "center",
              },
              Object {
                "color": "#ec4899",
              },
              Object {
                "backgroundColor": "#ffffff",
              },
            ],
          ]
        }
        testID="undefined-details"
      >
        TypeError: Cannot read properties of undefined (reading 'bsky')
      </Text>
      <View
        style={
          Object {
            "alignItems": "center",
          }
        }
      >
        <View
          accessible={true}
          collapsable={false}
          focusable={true}
          onClick={[Function]}
          onResponderGrant={[Function]}
          onResponderMove={[Function]}
          onResponderRelease={[Function]}
          onResponderTerminate={[Function]}
          onResponderTerminationRequest={[Function]}
          onStartShouldSetResponder={[Function]}
          style={
            Object {
              "alignItems": "center",
              "backgroundColor": "#d1106f",
              "flexDirection": "row",
              "opacity": 1,
              "paddingHorizontal": 16,
              "paddingVertical": 10,
            }
          }
        >
          <
            icon="arrows-rotate"
            size={16}
            style={
              Object {
                "color": "#ffffff",
              }
            }
          />
          <Text
            style={
              Array [
                Object {
                  "color": "#000000",
                },
                Object {
                  "fontSize": 14,
                  "fontWeight": "500",
                  "letterSpacing": 0.5,
                },
                Array [
                  Object {
                    "marginLeft": 5,
                  },
                  Object {
                    "color": "#ffffff",
                  },
                ],
              ]
            }
          >
            Try again
          </Text>
        </View>
      </View>
    </View>
  </View>
</View>
`;
