// Jest Snapshot v1, https://goo.gl/fbAQLP

exports[`ProfileHeader matches snapshot 1`] = `
<View
  style={
    Object {
      "flex": 1,
    }
  }
>
  <View
    style={
      Object {
        "backgroundColor": "#ffffff",
      }
    }
  >
    <RNSVGSvgView
      align="xMidYMid"
      bbHeight="120"
      bbWidth="100%"
      focusable={false}
      height="120"
      meetOrSlice={0}
      minX={50}
      minY={0}
      style={
        Array [
          Object {
            "backgroundColor": "transparent",
            "borderWidth": 0,
          },
          Object {
            "flex": 0,
            "height": 120,
            "width": "100%",
          },
        ]
      }
      vbHeight={100}
      vbWidth={200}
      width="100%"
    >
      <RNSVGGroup>
        <RNSVGDefs>
          <RNSVGLinearGradient
            gradient={
              Array [
                0,
                -16742913,
                1,
                -14631929,
              ]
            }
            gradientTransform={null}
            gradientUnits={0}
            name="grad"
            x1="0"
            x2="1"
            y1="0"
            y2="1"
          />
          <RNSVGLinearGradient
            gradient={
              Array [
                0,
                16777215,
                1,
                1308622847,
              ]
            }
            gradientTransform={null}
            gradientUnits={0}
            name="grad2"
            x1="0"
            x2="0"
            y1="0"
            y2="1"
          />
        </RNSVGDefs>
        <RNSVGRect
          fill={
            Array [
              1,
              "grad",
            ]
          }
          height="100"
          propList={
            Array [
              "fill",
            ]
          }
          width="400"
          x="0"
          y="0"
        />
        <RNSVGRect
          fill={
            Array [
              1,
              "grad2",
            ]
          }
          height="100"
          propList={
            Array [
              "fill",
            ]
          }
          width="400"
          x="0"
          y="0"
        />
      </RNSVGGroup>
    </RNSVGSvgView>
    <View
      style={
        Object {
          "paddingBottom": 4,
          "paddingHorizontal": 14,
          "paddingTop": 8,
        }
      }
    >
      <View
        style={
          Array [
            Object {
              "flexDirection": "row",
              "marginBottom": 12,
              "marginLeft": "auto",
            },
          ]
        }
      >
        <View
          accessible={true}
          collapsable={false}
          focusable={true}
          onClick={[Function]}
          onResponderGrant={[Function]}
          onResponderMove={[Function]}
          onResponderRelease={[Function]}
          onResponderTerminate={[Function]}
          onResponderTerminationRequest={[Function]}
          onStartShouldSetResponder={[Function]}
          style={
            Object {
              "alignItems": "center",
              "backgroundColor": "#f8f3f3",
              "borderRadius": 50,
              "flexDirection": "row",
              "justifyContent": "center",
              "marginLeft": 6,
              "opacity": 1,
              "paddingHorizontal": 24,
              "paddingVertical": 7,
            }
          }
          testID="profileHeaderEditProfileButton"
        >
          <Text
            style={
              Array [
                Object {
                  "color": "#000000",
                },
                Object {
                  "fontSize": 14,
                  "fontWeight": "500",
                  "letterSpacing": 0.5,
                },
                Object {
                  "color": "#000000",
                },
              ]
            }
          >
            Edit Profile
          </Text>
        </View>
      </View>
      <View
        style={Object {}}
      >
        <Text
          style={
            Array [
              Object {
                "color": "#000000",
              },
              Object {
                "fontSize": 34,
                "fontWeight": "500",
                "letterSpacing": 0.25,
              },
              Array [
                Object {
                  "color": "#000000",
                },
                Object {
                  "lineHeight": 38,
                },
              ],
            ]
          }
        >
          testhandle
        </Text>
      </View>
      <View
        style={
          Object {
            "flexDirection": "row",
            "marginBottom": 8,
          }
        }
      >
        <Text
          style={
            Array [
              Object {
                "color": "#000000",
              },
              Object {
                "fontSize": 16,
                "letterSpacing": 0.25,
              },
              Object {
                "color": "#645454",
              },
            ]
          }
        >
          @
          testhandle
        </Text>
      </View>
      <View
        style={
          Object {
            "flexDirection": "row",
            "marginBottom": 8,
          }
        }
      >
        <View
          accessible={true}
          collapsable={false}
          focusable={true}
          onClick={[Function]}
          onResponderGrant={[Function]}
          onResponderMove={[Function]}
          onResponderRelease={[Function]}
          onResponderTerminate={[Function]}
          onResponderTerminationRequest={[Function]}
          onStartShouldSetResponder={[Function]}
          style={
            Object {
              "flexDirection": "row",
              "marginRight": 10,
              "opacity": 1,
            }
          }
          testID="profileHeaderFollowersButton"
        >
          <Text
            style={
              Array [
                Object {
                  "color": "#000000",
                },
                Object {
                  "fontSize": 14,
                  "letterSpacing": 0.25,
                },
                Array [
                  Object {
                    "fontWeight": "bold",
                  },
                  Object {
                    "marginRight": 2,
                  },
                  Object {
                    "color": "#000000",
                  },
                ],
              ]
            }
          >
            0
          </Text>
          <Text
            style={
              Array [
                Object {
                  "color": "#000000",
                },
                Object {
                  "fontSize": 14,
                  "letterSpacing": 0.25,
                },
                Array [
                  Object {
                    "color": "#645454",
                  },
                ],
              ]
            }
          >
            followers
          </Text>
        </View>
        <View
          accessible={true}
          collapsable={false}
          focusable={true}
          onClick={[Function]}
          onResponderGrant={[Function]}
          onResponderMove={[Function]}
          onResponderRelease={[Function]}
          onResponderTerminate={[Function]}
          onResponderTerminationRequest={[Function]}
          onStartShouldSetResponder={[Function]}
          style={
            Object {
              "flexDirection": "row",
              "marginRight": 10,
              "opacity": 1,
            }
          }
          testID="profileHeaderFollowsButton"
        >
          <Text
            style={
              Array [
                Object {
                  "color": "#000000",
                },
                Object {
                  "fontSize": 14,
                  "letterSpacing": 0.25,
                },
                Array [
                  Object {
                    "fontWeight": "bold",
                  },
                  Object {
                    "marginRight": 2,
                  },
                  Object {
                    "color": "#000000",
                  },
                ],
              ]
            }
          >
            0
          </Text>
          <Text
            style={
              Array [
                Object {
                  "color": "#000000",
                },
                Object {
                  "fontSize": 14,
                  "letterSpacing": 0.25,
                },
                Array [
                  Object {
                    "color": "#645454",
                  },
                ],
              ]
            }
          >
            following
          </Text>
        </View>
        <View
          style={
            Array [
              Object {
                "flexDirection": "row",
              },
              Object {
                "marginRight": 10,
              },
            ]
          }
        >
          <Text
            style={
              Array [
                Object {
                  "color": "#000000",
                },
                Object {
                  "fontSize": 14,
                  "letterSpacing": 0.25,
                },
                Array [
                  Object {
                    "fontWeight": "bold",
                  },
                  Object {
                    "marginRight": 2,
                  },
                  Object {
                    "color": "#000000",
                  },
                ],
              ]
            }
          >
            0
          </Text>
          <Text
            style={
              Array [
                Object {
                  "color": "#000000",
                },
                Object {
                  "fontSize": 14,
                  "letterSpacing": 0.25,
                },
                Array [
                  Object {
                    "color": "#645454",
                  },
                ],
              ]
            }
          >
            posts
          </Text>
        </View>
      </View>
    </View>
    <View
      accessible={true}
      collapsable={false}
      focusable={true}
      onClick={[Function]}
      onResponderGrant={[Function]}
      onResponderMove={[Function]}
      onResponderRelease={[Function]}
      onResponderTerminate={[Function]}
      onResponderTerminationRequest={[Function]}
      onStartShouldSetResponder={[Function]}
      style={
        Object {
          "backgroundColor": "#ffffff",
          "borderColor": "#ffffff",
          "borderRadius": 42,
          "borderWidth": 2,
          "height": 84,
          "left": 10,
          "opacity": 1,
          "position": "absolute",
          "top": 80,
          "width": 84,
        }
      }
      testID="profileHeaderAviButton"
    >
      <RNSVGSvgView
        align="xMidYMid"
        bbHeight={80}
        bbWidth={80}
        focusable={false}
        height={80}
        meetOrSlice={0}
        minX={0}
        minY={0}
        style={
          Array [
            Object {
              "backgroundColor": "transparent",
              "borderWidth": 0,
            },
            Object {
              "flex": 0,
              "height": 80,
              "width": 80,
            },
          ]
        }
        vbHeight={100}
        vbWidth={100}
        width={80}
      >
        <RNSVGGroup>
          <RNSVGDefs>
            <RNSVGLinearGradient
              gradient={
                Array [
                  0,
                  -16742913,
                  1,
                  -14631929,
                ]
              }
              gradientTransform={null}
              gradientUnits={0}
              name="grad"
              x1="0"
              x2="1"
              y1="0"
              y2="1"
            />
          </RNSVGDefs>
          <RNSVGCircle
            cx="50"
            cy="50"
            fill={
              Array [
                1,
                "grad",
              ]
            }
            propList={
              Array [
                "fill",
              ]
            }
            r="50"
          />
          <RNSVGText
            content={null}
            dx={Array []}
            dy={Array []}
            fill={4294967295}
            font={
              Object {
                "fontSize": "50",
                "fontWeight": "bold",
                "textAnchor": "middle",
              }
            }
            propList={
              Array [
                "fill",
              ]
            }
            rotate={Array []}
            x={
              Array [
                "50",
              ]
            }
            y={
              Array [
                "67",
              ]
            }
          >
            <RNSVGTSpan
              content="T"
              dx={Array []}
              dy={Array []}
              font={Object {}}
              rotate={Array []}
              x={Array []}
              y={Array []}
            />
          </RNSVGText>
        </RNSVGGroup>
      </RNSVGSvgView>
    </View>
  </View>
</View>
`;
