// Jest Snapshot v1, https://goo.gl/fbAQLP

exports[`Contacts matches snapshot 1`] = `
<View
  style={
    Object {
      "flex": 1,
    }
  }
>
  <View>
    <View
      style={
        Object {
          "backgroundColor": "#ffffff",
        }
      }
    >
      <Text
        style={
          Array [
            Object {
              "color": "#000000",
            },
            Object {
              "fontSize": 16,
              "letterSpacing": 0.25,
            },
            Object {
              "fontSize": 30,
              "fontWeight": "bold",
              "paddingHorizontal": 12,
              "paddingVertical": 6,
            },
          ]
        }
        testID="contactsTitle"
      >
        Contacts
      </Text>
    </View>
    <View
      style={
        Object {
          "backgroundColor": "#ffffff",
        }
      }
    >
      <View
        style={
          Object {
            "backgroundColor": "#f8f3f3",
            "borderRadius": 4,
            "flexDirection": "row",
            "marginBottom": 6,
            "marginHorizontal": 10,
            "paddingHorizontal": 8,
            "paddingVertical": 8,
          }
        }
      >
        <
          icon="magnifying-glass"
          size={16}
          style={
            Object {
              "color": "#645454",
              "marginRight": 8,
            }
          }
        />
        <TextInput
          onChangeText={[Function]}
          placeholder="Search"
          placeholderTextColor="#968d8d"
          style={
            Object {
              "color": "#000000",
              "flex": 1,
            }
          }
          testID="contactsTextInput"
          value=""
        />
      </View>
    </View>
    <View
      onLayout={[Function]}
      style={
        Array [
          Object {
            "backgroundColor": "#ffffff",
          },
          Object {
            "flexDirection": "row",
            "paddingBottom": 12,
            "paddingHorizontal": 14,
            "paddingTop": 8,
          },
        ]
      }
    >
      <View
        collapsable={false}
        style={
          Object {
            "backgroundColor": "#000000",
            "bottom": 0,
            "height": 4,
            "left": 0,
            "position": "absolute",
            "width": 0,
          }
        }
      />
      <View
        accessible={true}
        focusable={true}
        onClick={[Function]}
        onResponderGrant={[Function]}
        onResponderMove={[Function]}
        onResponderRelease={[Function]}
        onResponderTerminate={[Function]}
        onResponderTerminationRequest={[Function]}
        onStartShouldSetResponder={[Function]}
        style={
          Object {
            "marginRight": 14,
            "paddingHorizontal": 10,
          }
        }
      >
        <Text
          style={
            Array [
              Object {
                "color": "#000000",
              },
              Object {
                "fontSize": 16,
                "letterSpacing": 0.25,
              },
              Array [
                Object {
                  "fontWeight": "600",
                },
                Object {
                  "color": "#000000",
                },
              ],
            ]
          }
        >
          All
        </Text>
      </View>
      <View
        accessible={true}
        focusable={true}
        onClick={[Function]}
        onResponderGrant={[Function]}
        onResponderMove={[Function]}
        onResponderRelease={[Function]}
        onResponderTerminate={[Function]}
        onResponderTerminationRequest={[Function]}
        onStartShouldSetResponder={[Function]}
        style={
          Object {
            "marginRight": 14,
            "paddingHorizontal": 10,
          }
        }
      >
        <Text
          style={
            Array [
              Object {
                "color": "#000000",
              },
              Object {
                "fontSize": 16,
                "letterSpacing": 0.25,
              },
              Array [
                Object {
                  "fontWeight": "600",
                },
                Object {
                  "color": "#645454",
                },
              ],
            ]
          }
        >
          Following
        </Text>
      </View>
      <View
        accessible={true}
        focusable={true}
        onClick={[Function]}
        onResponderGrant={[Function]}
        onResponderMove={[Function]}
        onResponderRelease={[Function]}
        onResponderTerminate={[Function]}
        onResponderTerminationRequest={[Function]}
        onStartShouldSetResponder={[Function]}
        style={
          Object {
            "marginRight": 14,
            "paddingHorizontal": 10,
          }
        }
      >
        <Text
          style={
            Array [
              Object {
                "color": "#000000",
              },
              Object {
                "fontSize": 16,
                "letterSpacing": 0.25,
              },
              Array [
                Object {
                  "fontWeight": "600",
                },
                Object {
                  "color": "#645454",
                },
              ],
            ]
          }
        >
          Scenes
        </Text>
      </View>
    </View>
    <View
      testID="followList"
    >
      <View
        style={
          Array [
            Object {
              "alignItems": "center",
              "flexDirection": "row",
              "paddingHorizontal": 8,
              "paddingVertical": 8,
            },
            Object {
              "backgroundColor": "#ec4899",
            },
            Object {
              "margin": 6,
            },
          ]
        }
      >
        <View
          style={
            Array [
              Object {
                "alignItems": "center",
                "borderRadius": 12,
                "height": 24,
                "justifyContent": "center",
                "marginRight": 8,
                "width": 24,
              },
              Object {
                "backgroundColor": "#d1106f",
              },
            ]
          }
        >
          <
            icon="exclamation"
            size={16}
            style={
              Object {
                "color": "#ffffff",
              }
            }
          />
        </View>
        <Text
          style={
            Array [
              Object {
                "color": "#000000",
              },
              Object {
                "fontSize": 14,
                "letterSpacing": 0.25,
              },
              Array [
                Object {
                  "flex": 1,
                  "paddingRight": 10,
                },
                Object {
                  "color": "#ffffff",
                },
              ],
            ]
          }
        >
          Failed to load feed: TypeError: this.rootStore.api.app.bsky.graph.getFollows is not a function
        </Text>
        <View
          accessible={true}
          collapsable={false}
          focusable={true}
          onClick={[Function]}
          onResponderGrant={[Function]}
          onResponderMove={[Function]}
          onResponderRelease={[Function]}
          onResponderTerminate={[Function]}
          onResponderTerminationRequest={[Function]}
          onStartShouldSetResponder={[Function]}
          style={
            Object {
              "opacity": 1,
              "paddingHorizontal": 4,
              "paddingVertical": 4,
            }
          }
          testID="tryAgainButton"
        >
          <
            icon="arrows-rotate"
            size={18}
            style={
              Object {
                "color": "#d1106f",
              }
            }
          />
        </View>
      </View>
    </View>
  </View>
</View>
`;
