// Jest Snapshot v1, https://goo.gl/fbAQLP

exports[`Onboard matches snapshot 1`] = `
<View
  style={
    Object {
      "flex": 1,
    }
  }
>
  <View
    style={
      Object {
        "backgroundColor": "#fff",
        "flex": 1,
      }
    }
    testID="onboardView"
  >
    <View />
  </View>
</View>
`;
