// Jest Snapshot v1, https://goo.gl/fbAQLP

exports[`Feed matches snapshot 1`] = `
<View
  style={
    Object {
      "flex": 1,
    }
  }
>
  <View
    style={
      Object {
        "flex": 1,
      }
    }
  >
    <RCTScrollView
      data={
        Array [
          Object {
            "_reactKey": "",
            "author": Object {
              "avatar": "",
              "declaration": Object {
                "actorType": "",
                "cid": "",
              },
              "did": "",
              "handle": "",
            },
            "cid": "",
            "indexedAt": "",
            "isRead": false,
            "reason": "",
            "uri": "",
          },
        ]
      }
      getItem={[Function]}
      getItemCount={[Function]}
      keyExtractor={[Function]}
      onContentSizeChange={[Function]}
      onEndReached={[Function]}
      onLayout={[Function]}
      onMomentumScrollBegin={[Function]}
      onMomentumScrollEnd={[Function]}
      onRefresh={[Function]}
      onScroll={[Function]}
      onScrollBeginDrag={[Function]}
      onScrollEndDrag={[Function]}
      refreshControl={
        <RefreshControlMock
          onRefresh={[Function]}
          refreshing={false}
        />
      }
      refreshing={false}
      removeClippedSubviews={false}
      renderItem={[Function]}
      scrollEventThrottle={50}
      stickyHeaderIndices={Array []}
      testID="feedFlatList"
      viewabilityConfigCallbackPairs={Array []}
    >
      <RCTRefreshControl />
      <View>
        <View
          onLayout={[Function]}
          style={null}
        />
      </View>
    </RCTScrollView>
  </View>
</View>
`;
