// Jest Snapshot v1, https://goo.gl/fbAQLP

exports[`Feed matches snapshot 1`] = `
<View
  style={
    Object {
      "flex": 1,
    }
  }
>
  <View>
    <RCTScrollView
      ListFooterComponent={[Function]}
      contentContainerStyle={
        Object {
          "paddingBottom": 100,
        }
      }
      data={
        Array [
          Object {
            "_reactKey": "__prompt__",
          },
        ]
      }
      getItem={[Function]}
      getItemCount={[Function]}
      keyExtractor={[Function]}
      onContentSizeChange={[Function]}
      onEndReached={[Function]}
      onLayout={[Function]}
      onMomentumScrollBegin={[Function]}
      onMomentumScrollEnd={[Function]}
      onRefresh={[Function]}
      onScroll={[Function]}
      onScrollBeginDrag={[Function]}
      onScrollEndDrag={[Function]}
      refreshControl={
        <RefreshControlMock
          onRefresh={[Function]}
          refreshing={false}
        />
      }
      refreshing={false}
      removeClippedSubviews={false}
      renderItem={[Function]}
      scrollEventThrottle={50}
      stickyHeaderIndices={Array []}
      testID="feedFlatList"
      viewabilityConfigCallbackPairs={Array []}
    >
      <RCTRefreshControl />
      <View>
        <View
          onLayout={[Function]}
          style={null}
        >
          <View
            accessible={true}
            collapsable={false}
            focusable={true}
            onClick={[Function]}
            onResponderGrant={[Function]}
            onResponderMove={[Function]}
            onResponderRelease={[Function]}
            onResponderTerminate={[Function]}
            onResponderTerminationRequest={[Function]}
            onStartShouldSetResponder={[Function]}
            style={
              Object {
                "alignItems": "center",
                "backgroundColor": "#ffffff",
                "borderColor": "#e4e2e2",
                "borderTopWidth": 1,
                "flexDirection": "row",
                "opacity": 1,
                "paddingLeft": 4,
                "paddingRight": 10,
                "paddingVertical": 14,
              }
            }
            testID="composePromptButton"
          >
            <View
              style={
                Object {
                  "flex": 1,
                  "marginLeft": 10,
                }
              }
            >
              <Text
                style={
                  Array [
                    Object {
                      "color": "#000000",
                    },
                    Object {
                      "fontSize": 17,
                      "fontWeight": "bold",
                      "letterSpacing": 0.15,
                    },
                    Array [
                      Object {
                        "color": "#645454",
                      },
                      Object {
                        "fontWeight": "normal",
                      },
                    ],
                  ]
                }
              >
                New message
              </Text>
            </View>
            <View
              style={
                Array [
                  Object {
                    "borderRadius": 30,
                    "paddingHorizontal": 14,
                    "paddingVertical": 6,
                  },
                  Object {
                    "backgroundColor": "#f8f3f3",
                  },
                ]
              }
            >
              <Text
                style={
                  Array [
                    Object {
                      "color": "#000000",
                    },
                    Object {
                      "fontSize": 14,
                      "fontWeight": "500",
                      "letterSpacing": 0.5,
                    },
                    Object {
                      "color": "#645454",
                    },
                  ]
                }
              >
                Post
              </Text>
            </View>
          </View>
        </View>
        <View
          onLayout={[Function]}
        >
          <View />
        </View>
      </View>
    </RCTScrollView>
  </View>
</View>
`;
